Copyright 1986-2020 Xilinx, Inc. All Rights Reserved.
-------------------------------------------------------------------------------------------------------------------------
| Tool Version : Vivado v.2020.1 (win64) Build 2902540 Wed May 27 19:54:49 MDT 2020
| Date         : Mon Sep 28 16:54:48 2026
| Host         : LAPTOP-JC5LPK9T running 64-bit major release  (build 9200)
| Command      : report_bus_skew -file F:/zju/dasanshangkecheng/HDL/mjpeg/reports/ddr3/full_20260928_164542/bus_skew.rpt
| Design       : davinci_mjpeg_ddr3_top
| Device       : 7a35t-fgg484
| Speed File   : -2  PRODUCTION 1.23 2018-06-13
-------------------------------------------------------------------------------------------------------------------------

Bus Skew Report

Table of Contents
-----------------
1. Bus Skew Report Summary
2. Bus Skew Report Per Constraint

1. Bus Skew Report Summary
--------------------------

Id  Position  From                            To                              Corner  Requirement(ns)  Actual(ns)  Slack(ns)
--  --------  ------------------------------  ------------------------------  ------  ---------------  ----------  ---------
1   27        [get_cells -hier -filter {IS_SEQUENTIAL == 1 && (NAME =~ *tx_fifo/wgray_reg* || NAME =~ *tx_fifo/wbin_reg*)}]
                                              [get_cells -hier -filter {IS_SEQUENTIAL == 1 && NAME =~ *tx_fifo/wgray_r1_reg*}]
                                                                              Slow             10.000       0.858      9.142
2   29        [get_cells -hier -filter {IS_SEQUENTIAL == 1 && (NAME =~ *tx_fifo/rgray_reg* || NAME =~ *tx_fifo/rbin_reg*)}]
                                              [get_cells -hier -filter {IS_SEQUENTIAL == 1 && NAME =~ *tx_fifo/rgray_w1_reg*}]
                                                                              Slow             16.667       0.990     15.677
3   31        [get_cells -hier -filter {IS_SEQUENTIAL == 1 && (NAME =~ *rx_fifo/wgray_reg* || NAME =~ *rx_fifo/wbin_reg*)}]
                                              [get_cells -hier -filter {IS_SEQUENTIAL == 1 && NAME =~ *rx_fifo/wgray_r1_reg*}]
                                                                              Slow             16.667       0.949     15.718
4   33        [get_cells -hier -filter {IS_SEQUENTIAL == 1 && (NAME =~ *rx_fifo/rgray_reg* || NAME =~ *rx_fifo/rbin_reg*)}]
                                              [get_cells -hier -filter {IS_SEQUENTIAL == 1 && NAME =~ *rx_fifo/rgray_w1_reg*}]
                                                                              Slow             10.000       0.722      9.278
5   40        [get_cells -hier -filter {IS_SEQUENTIAL == 1 && (NAME =~ *pixel_fifo/wgray_reg* || NAME =~ *pixel_fifo/wbin_reg*)}]
                                              [get_cells -hier -filter {IS_SEQUENTIAL == 1 && NAME =~ *pixel_fifo/wgray_r1_reg*}]
                                                                              Slow             13.250       1.133     12.117
6   42        [get_cells -hier -filter {IS_SEQUENTIAL == 1 && (NAME =~ *pixel_fifo/rgray_reg* || NAME =~ *pixel_fifo/rbin_reg*)}]
                                              [get_cells -hier -filter {IS_SEQUENTIAL == 1 && NAME =~ *pixel_fifo/rgray_w1_reg*}]
                                                                              Slow             10.000       1.374      8.626
7   44        [get_cells -hier -filter {IS_SEQUENTIAL == 1 && (NAME =~ *capture/*_gray_reg* || NAME =~ *capture/*_bin_reg*)}]
                                              [get_cells -hier -filter {IS_SEQUENTIAL == 1 && NAME =~ *capture/*_c1_reg*}]
                                                                              Slow             13.250       1.347     11.903


2. Bus Skew Report Per Constraint
---------------------------------

Id: 1
set_bus_skew -from [get_cells -hier -filter {IS_SEQUENTIAL == 1 && (NAME =~ *tx_fifo/wgray_reg* || NAME =~ *tx_fifo/wbin_reg*)}] -to [get_cells -hier -filter {IS_SEQUENTIAL == 1 && NAME =~ *tx_fifo/wgray_r1_reg*}] 10.000
Requirement: 10.000ns
Endpoints: 14

From Clock            To Clock              Endpoint Pin                    Reference Pin                   Corner  Actual(ns)  Slack(ns)
--------------------  --------------------  ------------------------------  ------------------------------  ------  ----------  ---------
core_raw              usb_clk               synchronous.tx_fifo/wgray_r1_reg[8]/D
                                                                            synchronous.tx_fifo/wgray_r1_reg[2]/D
                                                                                                            Slow         0.858      9.142


Slack (MET) :             9.142ns  (requirement - actual skew)
  Endpoint Source:        synchronous.tx_fifo/wgray_reg[8]/C
                            (rising edge-triggered cell FDCE clocked by core_raw)
  Endpoint Destination:   synchronous.tx_fifo/wgray_r1_reg[8]/D
                            (rising edge-triggered cell FDCE clocked by usb_clk)
  Reference Source:       synchronous.tx_fifo/wgray_reg[2]/C
                            (rising edge-triggered cell FDCE clocked by core_raw)
  Reference Destination:  synchronous.tx_fifo/wgray_r1_reg[2]/D
                            (rising edge-triggered cell FDCE clocked by usb_clk)
  Path Type:              Bus Skew (Max at Slow Process Corner)
  Requirement:            10.000ns
  Endpoint Relative Delay:   -3.839ns
  Reference Relative Delay:  -5.210ns
  Relative CRPR:              0.643ns
  Uncertainty:                0.131ns
  Actual Bus Skew:            0.858ns  (Endpoint Relative Delay - Reference Relative Delay - Relative CRPR + Uncertainty)

Endpoint path:
    Location             Delay type                Incr(ns)  Path(ns)    Netlist Resource(s)
  -------------------------------------------------------------------    -------------------
                         (clock core_raw rise edge)
                                                      0.000     0.000 r  
    R4                                                0.000     0.000 r  sys_clk (IN)
                         net (fo=0)                   0.000     0.000    sys_clk
    R4                   IBUF (Prop_ibuf_I_O)         1.432     1.432 r  sys_clk_IBUF_inst/O
                         net (fo=1, routed)           1.065     2.497    multiplied_clock.clock_generator/sys_clk_IBUF
    MMCME2_ADV_X1Y0      MMCME2_ADV (Prop_mmcme2_adv_CLKIN1_CLKOUT0)
                                                     -5.921    -3.424 r  multiplied_clock.clock_generator/mmcm/CLKOUT0
                         net (fo=1, routed)           1.421    -2.004    multiplied_clock.clock_generator/core_raw
    BUFGCTRL_X0Y2        BUFG (Prop_bufg_I_O)         0.081    -1.923 r  multiplied_clock.clock_generator/core_buffer/O
                         net (fo=17800, routed)       1.441    -0.482    synchronous.tx_fifo/core_clk
    SLICE_X63Y3          FDCE                                         r  synchronous.tx_fifo/wgray_reg[8]/C
  -------------------------------------------------------------------    -------------------
    SLICE_X63Y3          FDCE (Prop_fdce_C_Q)         0.379    -0.103 r  synchronous.tx_fifo/wgray_reg[8]/Q
                         net (fo=1, routed)           0.614     0.511    synchronous.tx_fifo/wgray[8]
    SLICE_X64Y4          FDCE                                         r  synchronous.tx_fifo/wgray_r1_reg[8]/D
  -------------------------------------------------------------------    -------------------

                         (clock usb_clk rise edge)    0.000     0.000 r  
    Y4                                                0.000     0.000 r  usb_clk_60m (IN)
                         net (fo=0)                   0.000     0.000    usb_clk_60m
    Y4                   IBUF (Prop_ibuf_I_O)         1.372     1.372 r  usb_clk_60m_IBUF_inst/O
                         net (fo=1, routed)           1.599     2.972    usb_clk_60m_IBUF
    BUFGCTRL_X0Y0        BUFG (Prop_bufg_I_O)         0.077     3.049 r  synchronous.usb_clock_buffer/O
                         net (fo=1013, routed)        1.331     4.379    synchronous.tx_fifo/synchronous.usb_clk
    SLICE_X64Y4          FDCE                                         r  synchronous.tx_fifo/wgray_r1_reg[8]/C
                         clock pessimism              0.000     4.379    
    SLICE_X64Y4          FDCE (Setup_fdce_C_D)       -0.029     4.350    synchronous.tx_fifo/wgray_r1_reg[8]
  -------------------------------------------------------------------
                         data arrival                           0.511    
                         clock arrival                          4.350    
  -------------------------------------------------------------------
                         relative delay                        -3.839    

Reference path:
    Location             Delay type                Incr(ns)  Path(ns)    Netlist Resource(s)
  -------------------------------------------------------------------    -------------------
                         (clock core_raw rise edge)
                                                      0.000     0.000 r  
    R4                                                0.000     0.000 r  sys_clk (IN)
                         net (fo=0)                   0.000     0.000    sys_clk
    R4                   IBUF (Prop_ibuf_I_O)         1.366     1.366 r  sys_clk_IBUF_inst/O
                         net (fo=1, routed)           1.004     2.369    multiplied_clock.clock_generator/sys_clk_IBUF
    MMCME2_ADV_X1Y0      MMCME2_ADV (Prop_mmcme2_adv_CLKIN1_CLKOUT0)
                                                     -6.057    -3.688 r  multiplied_clock.clock_generator/mmcm/CLKOUT0
                         net (fo=1, routed)           1.352    -2.335    multiplied_clock.clock_generator/core_raw
    BUFGCTRL_X0Y2        BUFG (Prop_bufg_I_O)         0.077    -2.258 r  multiplied_clock.clock_generator/core_buffer/O
                         net (fo=17800, routed)       1.330    -0.929    synchronous.tx_fifo/core_clk
    SLICE_X61Y2          FDCE                                         r  synchronous.tx_fifo/wgray_reg[2]/C
  -------------------------------------------------------------------    -------------------
    SLICE_X61Y2          FDCE (Prop_fdce_C_Q)         0.304    -0.625 r  synchronous.tx_fifo/wgray_reg[2]/Q
                         net (fo=1, routed)           0.202    -0.422    synchronous.tx_fifo/wgray[2]
    SLICE_X63Y2          FDCE                                         r  synchronous.tx_fifo/wgray_r1_reg[2]/D
  -------------------------------------------------------------------    -------------------

                         (clock usb_clk rise edge)    0.000     0.000 r  
    Y4                                                0.000     0.000 r  usb_clk_60m (IN)
                         net (fo=0)                   0.000     0.000    usb_clk_60m
    Y4                   IBUF (Prop_ibuf_I_O)         1.439     1.439 r  usb_clk_60m_IBUF_inst/O
                         net (fo=1, routed)           1.689     3.127    usb_clk_60m_IBUF
    BUFGCTRL_X0Y0        BUFG (Prop_bufg_I_O)         0.081     3.208 r  synchronous.usb_clock_buffer/O
                         net (fo=1013, routed)        1.441     4.649    synchronous.tx_fifo/synchronous.usb_clk
    SLICE_X63Y2          FDCE                                         r  synchronous.tx_fifo/wgray_r1_reg[2]/C
                         clock pessimism              0.000     4.649    
    SLICE_X63Y2          FDCE (Hold_fdce_C_D)         0.138     4.787    synchronous.tx_fifo/wgray_r1_reg[2]
  -------------------------------------------------------------------
                         data arrival                          -0.422    
                         clock arrival                          4.787    
  -------------------------------------------------------------------
                         relative delay                        -5.210    



Id: 2
set_bus_skew -from [get_cells -hier -filter {IS_SEQUENTIAL == 1 && (NAME =~ *tx_fifo/rgray_reg* || NAME =~ *tx_fifo/rbin_reg*)}] -to [get_cells -hier -filter {IS_SEQUENTIAL == 1 && NAME =~ *tx_fifo/rgray_w1_reg*}] 16.667
Requirement: 16.667ns
Endpoints: 14

From Clock            To Clock              Endpoint Pin                    Reference Pin                   Corner  Actual(ns)  Slack(ns)
--------------------  --------------------  ------------------------------  ------------------------------  ------  ----------  ---------
usb_clk               core_raw              synchronous.tx_fifo/rgray_w1_reg[5]/D
                                                                            synchronous.tx_fifo/rgray_w1_reg[0]/D
                                                                                                            Slow         0.990     15.677


Slack (MET) :             15.677ns  (requirement - actual skew)
  Endpoint Source:        synchronous.tx_fifo/rgray_reg[5]/C
                            (rising edge-triggered cell FDCE clocked by usb_clk)
  Endpoint Destination:   synchronous.tx_fifo/rgray_w1_reg[5]/D
                            (rising edge-triggered cell FDCE clocked by core_raw)
  Reference Source:       synchronous.tx_fifo/rgray_reg[0]/C
                            (rising edge-triggered cell FDCE clocked by usb_clk)
  Reference Destination:  synchronous.tx_fifo/rgray_w1_reg[0]/D
                            (rising edge-triggered cell FDCE clocked by core_raw)
  Path Type:              Bus Skew (Max at Slow Process Corner)
  Requirement:            16.667ns
  Endpoint Relative Delay:    6.680ns
  Reference Relative Delay:   5.178ns
  Relative CRPR:              0.643ns
  Uncertainty:                0.131ns
  Actual Bus Skew:            0.990ns  (Endpoint Relative Delay - Reference Relative Delay - Relative CRPR + Uncertainty)

Endpoint path:
    Location             Delay type                Incr(ns)  Path(ns)    Netlist Resource(s)
  -------------------------------------------------------------------    -------------------
                         (clock usb_clk rise edge)    0.000     0.000 r  
    Y4                                                0.000     0.000 r  usb_clk_60m (IN)
                         net (fo=0)                   0.000     0.000    usb_clk_60m
    Y4                   IBUF (Prop_ibuf_I_O)         1.439     1.439 r  usb_clk_60m_IBUF_inst/O
                         net (fo=1, routed)           1.689     3.127    usb_clk_60m_IBUF
    BUFGCTRL_X0Y0        BUFG (Prop_bufg_I_O)         0.081     3.208 r  synchronous.usb_clock_buffer/O
                         net (fo=1013, routed)        1.439     4.647    synchronous.tx_fifo/synchronous.usb_clk
    SLICE_X60Y3          FDCE                                         r  synchronous.tx_fifo/rgray_reg[5]/C
  -------------------------------------------------------------------    -------------------
    SLICE_X60Y3          FDCE (Prop_fdce_C_Q)         0.398     5.045 r  synchronous.tx_fifo/rgray_reg[5]/Q
                         net (fo=1, routed)           0.508     5.553    synchronous.tx_fifo/rgray[5]
    SLICE_X62Y1          FDCE                                         r  synchronous.tx_fifo/rgray_w1_reg[5]/D
  -------------------------------------------------------------------    -------------------

                         (clock core_raw rise edge)
                                                      0.000     0.000 r  
    R4                                                0.000     0.000 r  sys_clk (IN)
                         net (fo=0)                   0.000     0.000    sys_clk
    R4                   IBUF (Prop_ibuf_I_O)         1.366     1.366 r  sys_clk_IBUF_inst/O
                         net (fo=1, routed)           1.004     2.369    multiplied_clock.clock_generator/sys_clk_IBUF
    MMCME2_ADV_X1Y0      MMCME2_ADV (Prop_mmcme2_adv_CLKIN1_CLKOUT0)
                                                     -6.057    -3.688 r  multiplied_clock.clock_generator/mmcm/CLKOUT0
                         net (fo=1, routed)           1.352    -2.335    multiplied_clock.clock_generator/core_raw
    BUFGCTRL_X0Y2        BUFG (Prop_bufg_I_O)         0.077    -2.258 r  multiplied_clock.clock_generator/core_buffer/O
                         net (fo=17800, routed)       1.331    -0.928    synchronous.tx_fifo/core_clk
    SLICE_X62Y1          FDCE                                         r  synchronous.tx_fifo/rgray_w1_reg[5]/C
                         clock pessimism              0.000    -0.928    
    SLICE_X62Y1          FDCE (Setup_fdce_C_D)       -0.200    -1.128    synchronous.tx_fifo/rgray_w1_reg[5]
  -------------------------------------------------------------------
                         data arrival                           5.553    
                         clock arrival                         -1.128    
  -------------------------------------------------------------------
                         relative delay                         6.680    

Reference path:
    Location             Delay type                Incr(ns)  Path(ns)    Netlist Resource(s)
  -------------------------------------------------------------------    -------------------
                         (clock usb_clk rise edge)    0.000     0.000 r  
    Y4                                                0.000     0.000 r  usb_clk_60m (IN)
                         net (fo=0)                   0.000     0.000    usb_clk_60m
    Y4                   IBUF (Prop_ibuf_I_O)         1.372     1.372 r  usb_clk_60m_IBUF_inst/O
                         net (fo=1, routed)           1.599     2.972    usb_clk_60m_IBUF
    BUFGCTRL_X0Y0        BUFG (Prop_bufg_I_O)         0.077     3.049 r  synchronous.usb_clock_buffer/O
                         net (fo=1013, routed)        1.331     4.379    synchronous.tx_fifo/synchronous.usb_clk
    SLICE_X63Y2          FDCE                                         r  synchronous.tx_fifo/rgray_reg[0]/C
  -------------------------------------------------------------------    -------------------
    SLICE_X63Y2          FDCE (Prop_fdce_C_Q)         0.304     4.683 r  synchronous.tx_fifo/rgray_reg[0]/Q
                         net (fo=1, routed)           0.200     4.883    synchronous.tx_fifo/rgray[0]
    SLICE_X64Y2          FDCE                                         r  synchronous.tx_fifo/rgray_w1_reg[0]/D
  -------------------------------------------------------------------    -------------------

                         (clock core_raw rise edge)
                                                      0.000     0.000 r  
    R4                                                0.000     0.000 r  sys_clk (IN)
                         net (fo=0)                   0.000     0.000    sys_clk
    R4                   IBUF (Prop_ibuf_I_O)         1.432     1.432 r  sys_clk_IBUF_inst/O
                         net (fo=1, routed)           1.065     2.497    multiplied_clock.clock_generator/sys_clk_IBUF
    MMCME2_ADV_X1Y0      MMCME2_ADV (Prop_mmcme2_adv_CLKIN1_CLKOUT0)
                                                     -5.921    -3.424 r  multiplied_clock.clock_generator/mmcm/CLKOUT0
                         net (fo=1, routed)           1.421    -2.004    multiplied_clock.clock_generator/core_raw
    BUFGCTRL_X0Y2        BUFG (Prop_bufg_I_O)         0.081    -1.923 r  multiplied_clock.clock_generator/core_buffer/O
                         net (fo=17800, routed)       1.441    -0.482    synchronous.tx_fifo/core_clk
    SLICE_X64Y2          FDCE                                         r  synchronous.tx_fifo/rgray_w1_reg[0]/C
                         clock pessimism              0.000    -0.482    
    SLICE_X64Y2          FDCE (Hold_fdce_C_D)         0.187    -0.295    synchronous.tx_fifo/rgray_w1_reg[0]
  -------------------------------------------------------------------
                         data arrival                           4.883    
                         clock arrival                         -0.295    
  -------------------------------------------------------------------
                         relative delay                         5.178    



Id: 3
set_bus_skew -from [get_cells -hier -filter {IS_SEQUENTIAL == 1 && (NAME =~ *rx_fifo/wgray_reg* || NAME =~ *rx_fifo/wbin_reg*)}] -to [get_cells -hier -filter {IS_SEQUENTIAL == 1 && NAME =~ *rx_fifo/wgray_r1_reg*}] 16.667
Requirement: 16.667ns
Endpoints: 9

From Clock            To Clock              Endpoint Pin                    Reference Pin                   Corner  Actual(ns)  Slack(ns)
--------------------  --------------------  ------------------------------  ------------------------------  ------  ----------  ---------
usb_clk               core_raw              synchronous.rx_fifo/wgray_r1_reg[8]/D
                                                                            synchronous.rx_fifo/wgray_r1_reg[3]/D
                                                                                                            Slow         0.949     15.718


Slack (MET) :             15.718ns  (requirement - actual skew)
  Endpoint Source:        synchronous.rx_fifo/wbin_reg[8]/C
                            (rising edge-triggered cell FDCE clocked by usb_clk)
  Endpoint Destination:   synchronous.rx_fifo/wgray_r1_reg[8]/D
                            (rising edge-triggered cell FDCE clocked by core_raw)
  Reference Source:       synchronous.rx_fifo/wgray_reg[3]/C
                            (rising edge-triggered cell FDCE clocked by usb_clk)
  Reference Destination:  synchronous.rx_fifo/wgray_r1_reg[3]/D
                            (rising edge-triggered cell FDCE clocked by core_raw)
  Path Type:              Bus Skew (Max at Slow Process Corner)
  Requirement:            16.667ns
  Endpoint Relative Delay:    6.697ns
  Reference Relative Delay:   5.222ns
  Relative CRPR:              0.657ns
  Uncertainty:                0.131ns
  Actual Bus Skew:            0.949ns  (Endpoint Relative Delay - Reference Relative Delay - Relative CRPR + Uncertainty)

Endpoint path:
    Location             Delay type                Incr(ns)  Path(ns)    Netlist Resource(s)
  -------------------------------------------------------------------    -------------------
                         (clock usb_clk rise edge)    0.000     0.000 r  
    Y4                                                0.000     0.000 r  usb_clk_60m (IN)
                         net (fo=0)                   0.000     0.000    usb_clk_60m
    Y4                   IBUF (Prop_ibuf_I_O)         1.439     1.439 r  usb_clk_60m_IBUF_inst/O
                         net (fo=1, routed)           1.689     3.127    usb_clk_60m_IBUF
    BUFGCTRL_X0Y0        BUFG (Prop_bufg_I_O)         0.081     3.208 r  synchronous.usb_clock_buffer/O
                         net (fo=1013, routed)        1.421     4.629    synchronous.rx_fifo/synchronous.usb_clk
    SLICE_X59Y26         FDCE                                         r  synchronous.rx_fifo/wbin_reg[8]/C
  -------------------------------------------------------------------    -------------------
    SLICE_X59Y26         FDCE (Prop_fdce_C_Q)         0.379     5.008 r  synchronous.rx_fifo/wbin_reg[8]/Q
                         net (fo=4, routed)           0.673     5.681    synchronous.rx_fifo/wbin_reg_n_0_[8]
    SLICE_X61Y26         FDCE                                         r  synchronous.rx_fifo/wgray_r1_reg[8]/D
  -------------------------------------------------------------------    -------------------

                         (clock core_raw rise edge)
                                                      0.000     0.000 r  
    R4                                                0.000     0.000 r  sys_clk (IN)
                         net (fo=0)                   0.000     0.000    sys_clk
    R4                   IBUF (Prop_ibuf_I_O)         1.366     1.366 r  sys_clk_IBUF_inst/O
                         net (fo=1, routed)           1.004     2.369    multiplied_clock.clock_generator/sys_clk_IBUF
    MMCME2_ADV_X1Y0      MMCME2_ADV (Prop_mmcme2_adv_CLKIN1_CLKOUT0)
                                                     -6.057    -3.688 r  multiplied_clock.clock_generator/mmcm/CLKOUT0
                         net (fo=1, routed)           1.352    -2.335    multiplied_clock.clock_generator/core_raw
    BUFGCTRL_X0Y2        BUFG (Prop_bufg_I_O)         0.077    -2.258 r  multiplied_clock.clock_generator/core_buffer/O
                         net (fo=17800, routed)       1.316    -0.943    synchronous.rx_fifo/core_clk
    SLICE_X61Y26         FDCE                                         r  synchronous.rx_fifo/wgray_r1_reg[8]/C
                         clock pessimism              0.000    -0.943    
    SLICE_X61Y26         FDCE (Setup_fdce_C_D)       -0.073    -1.016    synchronous.rx_fifo/wgray_r1_reg[8]
  -------------------------------------------------------------------
                         data arrival                           5.681    
                         clock arrival                         -1.016    
  -------------------------------------------------------------------
                         relative delay                         6.697    

Reference path:
    Location             Delay type                Incr(ns)  Path(ns)    Netlist Resource(s)
  -------------------------------------------------------------------    -------------------
                         (clock usb_clk rise edge)    0.000     0.000 r  
    Y4                                                0.000     0.000 r  usb_clk_60m (IN)
                         net (fo=0)                   0.000     0.000    usb_clk_60m
    Y4                   IBUF (Prop_ibuf_I_O)         1.372     1.372 r  usb_clk_60m_IBUF_inst/O
                         net (fo=1, routed)           1.599     2.972    usb_clk_60m_IBUF
    BUFGCTRL_X0Y0        BUFG (Prop_bufg_I_O)         0.077     3.049 r  synchronous.usb_clock_buffer/O
                         net (fo=1013, routed)        1.318     4.366    synchronous.rx_fifo/synchronous.usb_clk
    SLICE_X58Y28         FDCE                                         r  synchronous.rx_fifo/wgray_reg[3]/C
  -------------------------------------------------------------------    -------------------
    SLICE_X58Y28         FDCE (Prop_fdce_C_Q)         0.304     4.670 r  synchronous.rx_fifo/wgray_reg[3]/Q
                         net (fo=1, routed)           0.191     4.861    synchronous.rx_fifo/wgray[3]
    SLICE_X59Y28         FDCE                                         r  synchronous.rx_fifo/wgray_r1_reg[3]/D
  -------------------------------------------------------------------    -------------------

                         (clock core_raw rise edge)
                                                      0.000     0.000 r  
    R4                                                0.000     0.000 r  sys_clk (IN)
                         net (fo=0)                   0.000     0.000    sys_clk
    R4                   IBUF (Prop_ibuf_I_O)         1.432     1.432 r  sys_clk_IBUF_inst/O
                         net (fo=1, routed)           1.065     2.497    multiplied_clock.clock_generator/sys_clk_IBUF
    MMCME2_ADV_X1Y0      MMCME2_ADV (Prop_mmcme2_adv_CLKIN1_CLKOUT0)
                                                     -5.921    -3.424 r  multiplied_clock.clock_generator/mmcm/CLKOUT0
                         net (fo=1, routed)           1.421    -2.004    multiplied_clock.clock_generator/core_raw
    BUFGCTRL_X0Y2        BUFG (Prop_bufg_I_O)         0.081    -1.923 r  multiplied_clock.clock_generator/core_buffer/O
                         net (fo=17800, routed)       1.424    -0.499    synchronous.rx_fifo/core_clk
    SLICE_X59Y28         FDCE                                         r  synchronous.rx_fifo/wgray_r1_reg[3]/C
                         clock pessimism              0.000    -0.499    
    SLICE_X59Y28         FDCE (Hold_fdce_C_D)         0.138    -0.361    synchronous.rx_fifo/wgray_r1_reg[3]
  -------------------------------------------------------------------
                         data arrival                           4.861    
                         clock arrival                         -0.361    
  -------------------------------------------------------------------
                         relative delay                         5.222    



Id: 4
set_bus_skew -from [get_cells -hier -filter {IS_SEQUENTIAL == 1 && (NAME =~ *rx_fifo/rgray_reg* || NAME =~ *rx_fifo/rbin_reg*)}] -to [get_cells -hier -filter {IS_SEQUENTIAL == 1 && NAME =~ *rx_fifo/rgray_w1_reg*}] 10.000
Requirement: 10.000ns
Endpoints: 9

From Clock            To Clock              Endpoint Pin                    Reference Pin                   Corner  Actual(ns)  Slack(ns)
--------------------  --------------------  ------------------------------  ------------------------------  ------  ----------  ---------
core_raw              usb_clk               synchronous.rx_fifo/rgray_w1_reg[8]/D
                                                                            synchronous.rx_fifo/rgray_w1_reg[1]/D
                                                                                                            Slow         0.722      9.278


Slack (MET) :             9.278ns  (requirement - actual skew)
  Endpoint Source:        synchronous.rx_fifo/rbin_reg[8]/C
                            (rising edge-triggered cell FDCE clocked by core_raw)
  Endpoint Destination:   synchronous.rx_fifo/rgray_w1_reg[8]/D
                            (rising edge-triggered cell FDCE clocked by usb_clk)
  Reference Source:       synchronous.rx_fifo/rgray_reg[1]/C
                            (rising edge-triggered cell FDCE clocked by core_raw)
  Reference Destination:  synchronous.rx_fifo/rgray_w1_reg[1]/D
                            (rising edge-triggered cell FDCE clocked by usb_clk)
  Path Type:              Bus Skew (Max at Slow Process Corner)
  Requirement:            10.000ns
  Endpoint Relative Delay:   -3.870ns
  Reference Relative Delay:  -5.088ns
  Relative CRPR:              0.627ns
  Uncertainty:                0.131ns
  Actual Bus Skew:            0.722ns  (Endpoint Relative Delay - Reference Relative Delay - Relative CRPR + Uncertainty)

Endpoint path:
    Location             Delay type                Incr(ns)  Path(ns)    Netlist Resource(s)
  -------------------------------------------------------------------    -------------------
                         (clock core_raw rise edge)
                                                      0.000     0.000 r  
    R4                                                0.000     0.000 r  sys_clk (IN)
                         net (fo=0)                   0.000     0.000    sys_clk
    R4                   IBUF (Prop_ibuf_I_O)         1.432     1.432 r  sys_clk_IBUF_inst/O
                         net (fo=1, routed)           1.065     2.497    multiplied_clock.clock_generator/sys_clk_IBUF
    MMCME2_ADV_X1Y0      MMCME2_ADV (Prop_mmcme2_adv_CLKIN1_CLKOUT0)
                                                     -5.921    -3.424 r  multiplied_clock.clock_generator/mmcm/CLKOUT0
                         net (fo=1, routed)           1.421    -2.004    multiplied_clock.clock_generator/core_raw
    BUFGCTRL_X0Y2        BUFG (Prop_bufg_I_O)         0.081    -1.923 r  multiplied_clock.clock_generator/core_buffer/O
                         net (fo=17800, routed)       1.425    -0.498    synchronous.rx_fifo/core_clk
    SLICE_X63Y27         FDCE                                         r  synchronous.rx_fifo/rbin_reg[8]/C
  -------------------------------------------------------------------    -------------------
    SLICE_X63Y27         FDCE (Prop_fdce_C_Q)         0.379    -0.119 r  synchronous.rx_fifo/rbin_reg[8]/Q
                         net (fo=4, routed)           0.542     0.423    synchronous.rx_fifo/rbin_reg[8]
    SLICE_X58Y27         FDCE                                         r  synchronous.rx_fifo/rgray_w1_reg[8]/D
  -------------------------------------------------------------------    -------------------

                         (clock usb_clk rise edge)    0.000     0.000 r  
    Y4                                                0.000     0.000 r  usb_clk_60m (IN)
                         net (fo=0)                   0.000     0.000    usb_clk_60m
    Y4                   IBUF (Prop_ibuf_I_O)         1.372     1.372 r  usb_clk_60m_IBUF_inst/O
                         net (fo=1, routed)           1.599     2.972    usb_clk_60m_IBUF
    BUFGCTRL_X0Y0        BUFG (Prop_bufg_I_O)         0.077     3.049 r  synchronous.usb_clock_buffer/O
                         net (fo=1013, routed)        1.318     4.366    synchronous.rx_fifo/synchronous.usb_clk
    SLICE_X58Y27         FDCE                                         r  synchronous.rx_fifo/rgray_w1_reg[8]/C
                         clock pessimism              0.000     4.366    
    SLICE_X58Y27         FDCE (Setup_fdce_C_D)       -0.073     4.293    synchronous.rx_fifo/rgray_w1_reg[8]
  -------------------------------------------------------------------
                         data arrival                           0.423    
                         clock arrival                          4.293    
  -------------------------------------------------------------------
                         relative delay                        -3.870    

Reference path:
    Location             Delay type                Incr(ns)  Path(ns)    Netlist Resource(s)
  -------------------------------------------------------------------    -------------------
                         (clock core_raw rise edge)
                                                      0.000     0.000 r  
    R4                                                0.000     0.000 r  sys_clk (IN)
                         net (fo=0)                   0.000     0.000    sys_clk
    R4                   IBUF (Prop_ibuf_I_O)         1.366     1.366 r  sys_clk_IBUF_inst/O
                         net (fo=1, routed)           1.004     2.369    multiplied_clock.clock_generator/sys_clk_IBUF
    MMCME2_ADV_X1Y0      MMCME2_ADV (Prop_mmcme2_adv_CLKIN1_CLKOUT0)
                                                     -6.057    -3.688 r  multiplied_clock.clock_generator/mmcm/CLKOUT0
                         net (fo=1, routed)           1.352    -2.335    multiplied_clock.clock_generator/core_raw
    BUFGCTRL_X0Y2        BUFG (Prop_bufg_I_O)         0.077    -2.258 r  multiplied_clock.clock_generator/core_buffer/O
                         net (fo=17800, routed)       1.318    -0.941    synchronous.rx_fifo/core_clk
    SLICE_X59Y27         FDCE                                         r  synchronous.rx_fifo/rgray_reg[1]/C
  -------------------------------------------------------------------    -------------------
    SLICE_X59Y27         FDCE (Prop_fdce_C_Q)         0.304    -0.637 r  synchronous.rx_fifo/rgray_reg[1]/Q
                         net (fo=1, routed)           0.315    -0.321    synchronous.rx_fifo/rgray[1]
    SLICE_X62Y26         FDCE                                         r  synchronous.rx_fifo/rgray_w1_reg[1]/D
  -------------------------------------------------------------------    -------------------

                         (clock usb_clk rise edge)    0.000     0.000 r  
    Y4                                                0.000     0.000 r  usb_clk_60m (IN)
                         net (fo=0)                   0.000     0.000    usb_clk_60m
    Y4                   IBUF (Prop_ibuf_I_O)         1.439     1.439 r  usb_clk_60m_IBUF_inst/O
                         net (fo=1, routed)           1.689     3.127    usb_clk_60m_IBUF
    BUFGCTRL_X0Y0        BUFG (Prop_bufg_I_O)         0.081     3.208 r  synchronous.usb_clock_buffer/O
                         net (fo=1013, routed)        1.423     4.631    synchronous.rx_fifo/synchronous.usb_clk
    SLICE_X62Y26         FDCE                                         r  synchronous.rx_fifo/rgray_w1_reg[1]/C
                         clock pessimism              0.000     4.631    
    SLICE_X62Y26         FDCE (Hold_fdce_C_D)         0.136     4.767    synchronous.rx_fifo/rgray_w1_reg[1]
  -------------------------------------------------------------------
                         data arrival                          -0.321    
                         clock arrival                          4.767    
  -------------------------------------------------------------------
                         relative delay                        -5.088    



Id: 5
set_bus_skew -from [get_cells -hier -filter {IS_SEQUENTIAL == 1 && (NAME =~ *pixel_fifo/wgray_reg* || NAME =~ *pixel_fifo/wbin_reg*)}] -to [get_cells -hier -filter {IS_SEQUENTIAL == 1 && NAME =~ *pixel_fifo/wgray_r1_reg*}] 13.250
Requirement: 13.250ns
Endpoints: 13

From Clock            To Clock              Endpoint Pin                    Reference Pin                   Corner  Actual(ns)  Slack(ns)
--------------------  --------------------  ------------------------------  ------------------------------  ------  ----------  ---------
clock_raw             core_raw              real_camera.capture/pixel_fifo/wgray_r1_reg[6]/D
                                                                            real_camera.capture/pixel_fifo/wgray_r1_reg[4]/D
                                                                                                            Slow         1.133     12.117


Slack (MET) :             12.117ns  (requirement - actual skew)
  Endpoint Source:        real_camera.capture/pixel_fifo/wgray_reg[6]/C
                            (falling edge-triggered cell FDCE clocked by clock_raw)
  Endpoint Destination:   real_camera.capture/pixel_fifo/wgray_r1_reg[6]/D
                            (rising edge-triggered cell FDCE clocked by core_raw)
  Reference Source:       real_camera.capture/pixel_fifo/wgray_reg[4]/C
                            (falling edge-triggered cell FDCE clocked by clock_raw)
  Reference Destination:  real_camera.capture/pixel_fifo/wgray_r1_reg[4]/D
                            (rising edge-triggered cell FDCE clocked by core_raw)
  Path Type:              Bus Skew (Max at Slow Process Corner)
  Requirement:            13.250ns
  Endpoint Relative Delay:    3.646ns
  Reference Relative Delay:   1.455ns
  Relative CRPR:              1.275ns
  Uncertainty:                0.217ns
  Actual Bus Skew:            1.133ns  (Endpoint Relative Delay - Reference Relative Delay - Relative CRPR + Uncertainty)

Endpoint path:
    Location             Delay type                Incr(ns)  Path(ns)    Netlist Resource(s)
  -------------------------------------------------------------------    -------------------
                         (clock clock_raw fall edge)
                                                      0.000     0.000 f  
    F14                                               0.000     0.000 f  cam_pclk (IN)
                         net (fo=0)                   0.000     0.000    cam_pclk
    F14                  IBUF (Prop_ibuf_I_O)         1.392     1.392 f  cam_pclk_IBUF_inst/O
                         net (fo=1, routed)           3.115     4.507    real_camera.phase_clock.sampling_clock/pclk
    MMCME2_ADV_X0Y0      MMCME2_ADV (Prop_mmcme2_adv_CLKIN1_CLKOUT0)
                                                     -5.924    -1.417 f  real_camera.phase_clock.sampling_clock/camera_mmcm/CLKOUT0
                         net (fo=1, routed)           1.425     0.007    real_camera.phase_clock.sampling_clock/clock_raw
    BUFGCTRL_X0Y3        BUFG (Prop_bufg_I_O)         0.081     0.088 f  real_camera.phase_clock.sampling_clock/sample_buffer/O
                         net (fo=496, routed)         1.371     1.459    real_camera.capture/pixel_fifo/sample_clk
    SLICE_X8Y41          FDCE                                         r  real_camera.capture/pixel_fifo/wgray_reg[6]/C  (IS_INVERTED)
  -------------------------------------------------------------------    -------------------
    SLICE_X8Y41          FDCE (Prop_fdce_C_Q)         0.437     1.896 r  real_camera.capture/pixel_fifo/wgray_reg[6]/Q
                         net (fo=1, routed)           0.788     2.684    real_camera.capture/pixel_fifo/wgray[6]
    SLICE_X6Y36          FDCE                                         r  real_camera.capture/pixel_fifo/wgray_r1_reg[6]/D
  -------------------------------------------------------------------    -------------------

                         (clock core_raw rise edge)
                                                      0.000     0.000 r  
    R4                                                0.000     0.000 r  sys_clk (IN)
                         net (fo=0)                   0.000     0.000    sys_clk
    R4                   IBUF (Prop_ibuf_I_O)         1.366     1.366 r  sys_clk_IBUF_inst/O
                         net (fo=1, routed)           1.004     2.369    multiplied_clock.clock_generator/sys_clk_IBUF
    MMCME2_ADV_X1Y0      MMCME2_ADV (Prop_mmcme2_adv_CLKIN1_CLKOUT0)
                                                     -6.057    -3.688 r  multiplied_clock.clock_generator/mmcm/CLKOUT0
                         net (fo=1, routed)           1.352    -2.335    multiplied_clock.clock_generator/core_raw
    BUFGCTRL_X0Y2        BUFG (Prop_bufg_I_O)         0.077    -2.258 r  multiplied_clock.clock_generator/core_buffer/O
                         net (fo=17800, routed)       1.325    -0.934    real_camera.capture/pixel_fifo/core_clk
    SLICE_X6Y36          FDCE                                         r  real_camera.capture/pixel_fifo/wgray_r1_reg[6]/C
                         clock pessimism              0.000    -0.934    
    SLICE_X6Y36          FDCE (Setup_fdce_C_D)       -0.029    -0.963    real_camera.capture/pixel_fifo/wgray_r1_reg[6]
  -------------------------------------------------------------------
                         data arrival                           2.684    
                         clock arrival                         -0.963    
  -------------------------------------------------------------------
                         relative delay                         3.646    

Reference path:
    Location             Delay type                Incr(ns)  Path(ns)    Netlist Resource(s)
  -------------------------------------------------------------------    -------------------
                         (clock clock_raw fall edge)
                                                      0.000     0.000 f  
    F14                                               0.000     0.000 f  cam_pclk (IN)
                         net (fo=0)                   0.000     0.000    cam_pclk
    F14                  IBUF (Prop_ibuf_I_O)         1.327     1.327 f  cam_pclk_IBUF_inst/O
                         net (fo=1, routed)           2.581     3.908    real_camera.phase_clock.sampling_clock/pclk
    MMCME2_ADV_X0Y0      MMCME2_ADV (Prop_mmcme2_adv_CLKIN1_CLKOUT0)
                                                     -6.061    -2.154 f  real_camera.phase_clock.sampling_clock/camera_mmcm/CLKOUT0
                         net (fo=1, routed)           1.357    -0.796    real_camera.phase_clock.sampling_clock/clock_raw
    BUFGCTRL_X0Y3        BUFG (Prop_bufg_I_O)         0.077    -0.719 f  real_camera.phase_clock.sampling_clock/sample_buffer/O
                         net (fo=496, routed)         1.261     0.542    real_camera.capture/pixel_fifo/sample_clk
    SLICE_X11Y40         FDCE                                         r  real_camera.capture/pixel_fifo/wgray_reg[4]/C  (IS_INVERTED)
  -------------------------------------------------------------------    -------------------
    SLICE_X11Y40         FDCE (Prop_fdce_C_Q)         0.308     0.850 r  real_camera.capture/pixel_fifo/wgray_reg[4]/Q
                         net (fo=1, routed)           0.189     1.038    real_camera.capture/pixel_fifo/wgray[4]
    SLICE_X11Y39         FDCE                                         r  real_camera.capture/pixel_fifo/wgray_r1_reg[4]/D
  -------------------------------------------------------------------    -------------------

                         (clock core_raw rise edge)
                                                      0.000     0.000 r  
    R4                                                0.000     0.000 r  sys_clk (IN)
                         net (fo=0)                   0.000     0.000    sys_clk
    R4                   IBUF (Prop_ibuf_I_O)         1.432     1.432 r  sys_clk_IBUF_inst/O
                         net (fo=1, routed)           1.065     2.497    multiplied_clock.clock_generator/sys_clk_IBUF
    MMCME2_ADV_X1Y0      MMCME2_ADV (Prop_mmcme2_adv_CLKIN1_CLKOUT0)
                                                     -5.921    -3.424 r  multiplied_clock.clock_generator/mmcm/CLKOUT0
                         net (fo=1, routed)           1.421    -2.004    multiplied_clock.clock_generator/core_raw
    BUFGCTRL_X0Y2        BUFG (Prop_bufg_I_O)         0.081    -1.923 r  multiplied_clock.clock_generator/core_buffer/O
                         net (fo=17800, routed)       1.370    -0.553    real_camera.capture/pixel_fifo/core_clk
    SLICE_X11Y39         FDCE                                         r  real_camera.capture/pixel_fifo/wgray_r1_reg[4]/C
                         clock pessimism              0.000    -0.553    
    SLICE_X11Y39         FDCE (Hold_fdce_C_D)         0.136    -0.417    real_camera.capture/pixel_fifo/wgray_r1_reg[4]
  -------------------------------------------------------------------
                         data arrival                           1.038    
                         clock arrival                         -0.417    
  -------------------------------------------------------------------
                         relative delay                         1.455    



Id: 6
set_bus_skew -from [get_cells -hier -filter {IS_SEQUENTIAL == 1 && (NAME =~ *pixel_fifo/rgray_reg* || NAME =~ *pixel_fifo/rbin_reg*)}] -to [get_cells -hier -filter {IS_SEQUENTIAL == 1 && NAME =~ *pixel_fifo/rgray_w1_reg*}] 10.000
Requirement: 10.000ns
Endpoints: 13

From Clock            To Clock              Endpoint Pin                    Reference Pin                   Corner  Actual(ns)  Slack(ns)
--------------------  --------------------  ------------------------------  ------------------------------  ------  ----------  ---------
core_raw              clock_raw             real_camera.capture/pixel_fifo/rgray_w1_reg[3]/D
                                                                            real_camera.capture/pixel_fifo/rgray_w1_reg[4]/D
                                                                                                            Slow         1.374      8.626


Slack (MET) :             8.626ns  (requirement - actual skew)
  Endpoint Source:        real_camera.capture/pixel_fifo/rgray_reg[3]/C
                            (rising edge-triggered cell FDCE clocked by core_raw)
  Endpoint Destination:   real_camera.capture/pixel_fifo/rgray_w1_reg[3]/D
                            (falling edge-triggered cell FDCE clocked by clock_raw)
  Reference Source:       real_camera.capture/pixel_fifo/rgray_reg[4]/C
                            (rising edge-triggered cell FDCE clocked by core_raw)
  Reference Destination:  real_camera.capture/pixel_fifo/rgray_w1_reg[4]/D
                            (falling edge-triggered cell FDCE clocked by clock_raw)
  Path Type:              Bus Skew (Max at Slow Process Corner)
  Requirement:            10.000ns
  Endpoint Relative Delay:    0.372ns
  Reference Relative Delay:  -2.061ns
  Relative CRPR:              1.275ns
  Uncertainty:                0.217ns
  Actual Bus Skew:            1.374ns  (Endpoint Relative Delay - Reference Relative Delay - Relative CRPR + Uncertainty)

Endpoint path:
    Location             Delay type                Incr(ns)  Path(ns)    Netlist Resource(s)
  -------------------------------------------------------------------    -------------------
                         (clock core_raw rise edge)
                                                      0.000     0.000 r  
    R4                                                0.000     0.000 r  sys_clk (IN)
                         net (fo=0)                   0.000     0.000    sys_clk
    R4                   IBUF (Prop_ibuf_I_O)         1.432     1.432 r  sys_clk_IBUF_inst/O
                         net (fo=1, routed)           1.065     2.497    multiplied_clock.clock_generator/sys_clk_IBUF
    MMCME2_ADV_X1Y0      MMCME2_ADV (Prop_mmcme2_adv_CLKIN1_CLKOUT0)
                                                     -5.921    -3.424 r  multiplied_clock.clock_generator/mmcm/CLKOUT0
                         net (fo=1, routed)           1.421    -2.004    multiplied_clock.clock_generator/core_raw
    BUFGCTRL_X0Y2        BUFG (Prop_bufg_I_O)         0.081    -1.923 r  multiplied_clock.clock_generator/core_buffer/O
                         net (fo=17800, routed)       1.371    -0.552    real_camera.capture/pixel_fifo/core_clk
    SLICE_X9Y41          FDCE                                         r  real_camera.capture/pixel_fifo/rgray_reg[3]/C
  -------------------------------------------------------------------    -------------------
    SLICE_X9Y41          FDCE (Prop_fdce_C_Q)         0.348    -0.204 r  real_camera.capture/pixel_fifo/rgray_reg[3]/Q
                         net (fo=1, routed)           0.979     0.775    real_camera.capture/pixel_fifo/rgray[3]
    SLICE_X7Y39          FDCE                                         r  real_camera.capture/pixel_fifo/rgray_w1_reg[3]/D
  -------------------------------------------------------------------    -------------------

                         (clock clock_raw fall edge)
                                                      0.000     0.000 f  
    F14                                               0.000     0.000 f  cam_pclk (IN)
                         net (fo=0)                   0.000     0.000    cam_pclk
    F14                  IBUF (Prop_ibuf_I_O)         1.327     1.327 f  cam_pclk_IBUF_inst/O
                         net (fo=1, routed)           2.581     3.908    real_camera.phase_clock.sampling_clock/pclk
    MMCME2_ADV_X0Y0      MMCME2_ADV (Prop_mmcme2_adv_CLKIN1_CLKOUT0)
                                                     -6.061    -2.154 f  real_camera.phase_clock.sampling_clock/camera_mmcm/CLKOUT0
                         net (fo=1, routed)           1.357    -0.796    real_camera.phase_clock.sampling_clock/clock_raw
    BUFGCTRL_X0Y3        BUFG (Prop_bufg_I_O)         0.077    -0.719 f  real_camera.phase_clock.sampling_clock/sample_buffer/O
                         net (fo=496, routed)         1.327     0.608    real_camera.capture/pixel_fifo/sample_clk
    SLICE_X7Y39          FDCE                                         r  real_camera.capture/pixel_fifo/rgray_w1_reg[3]/C  (IS_INVERTED)
                         clock pessimism              0.000     0.608    
    SLICE_X7Y39          FDCE (Setup_fdce_C_D)       -0.204     0.404    real_camera.capture/pixel_fifo/rgray_w1_reg[3]
  -------------------------------------------------------------------
                         data arrival                           0.775    
                         clock arrival                          0.404    
  -------------------------------------------------------------------
                         relative delay                         0.372    

Reference path:
    Location             Delay type                Incr(ns)  Path(ns)    Netlist Resource(s)
  -------------------------------------------------------------------    -------------------
                         (clock core_raw rise edge)
                                                      0.000     0.000 r  
    R4                                                0.000     0.000 r  sys_clk (IN)
                         net (fo=0)                   0.000     0.000    sys_clk
    R4                   IBUF (Prop_ibuf_I_O)         1.366     1.366 r  sys_clk_IBUF_inst/O
                         net (fo=1, routed)           1.004     2.369    multiplied_clock.clock_generator/sys_clk_IBUF
    MMCME2_ADV_X1Y0      MMCME2_ADV (Prop_mmcme2_adv_CLKIN1_CLKOUT0)
                                                     -6.057    -3.688 r  multiplied_clock.clock_generator/mmcm/CLKOUT0
                         net (fo=1, routed)           1.352    -2.335    multiplied_clock.clock_generator/core_raw
    BUFGCTRL_X0Y2        BUFG (Prop_bufg_I_O)         0.077    -2.258 r  multiplied_clock.clock_generator/core_buffer/O
                         net (fo=17800, routed)       1.261    -0.998    real_camera.capture/pixel_fifo/core_clk
    SLICE_X10Y40         FDCE                                         r  real_camera.capture/pixel_fifo/rgray_reg[4]/C
  -------------------------------------------------------------------    -------------------
    SLICE_X10Y40         FDCE (Prop_fdce_C_Q)         0.347    -0.651 r  real_camera.capture/pixel_fifo/rgray_reg[4]/Q
                         net (fo=1, routed)           0.190    -0.461    real_camera.capture/pixel_fifo/rgray[4]
    SLICE_X11Y40         FDCE                                         r  real_camera.capture/pixel_fifo/rgray_w1_reg[4]/D
  -------------------------------------------------------------------    -------------------

                         (clock clock_raw fall edge)
                                                      0.000     0.000 f  
    F14                                               0.000     0.000 f  cam_pclk (IN)
                         net (fo=0)                   0.000     0.000    cam_pclk
    F14                  IBUF (Prop_ibuf_I_O)         1.392     1.392 f  cam_pclk_IBUF_inst/O
                         net (fo=1, routed)           3.115     4.507    real_camera.phase_clock.sampling_clock/pclk
    MMCME2_ADV_X0Y0      MMCME2_ADV (Prop_mmcme2_adv_CLKIN1_CLKOUT0)
                                                     -5.924    -1.417 f  real_camera.phase_clock.sampling_clock/camera_mmcm/CLKOUT0
                         net (fo=1, routed)           1.425     0.007    real_camera.phase_clock.sampling_clock/clock_raw
    BUFGCTRL_X0Y3        BUFG (Prop_bufg_I_O)         0.081     0.088 f  real_camera.phase_clock.sampling_clock/sample_buffer/O
                         net (fo=496, routed)         1.371     1.459    real_camera.capture/pixel_fifo/sample_clk
    SLICE_X11Y40         FDCE                                         r  real_camera.capture/pixel_fifo/rgray_w1_reg[4]/C  (IS_INVERTED)
                         clock pessimism              0.000     1.459    
    SLICE_X11Y40         FDCE (Hold_fdce_C_D)         0.141     1.600    real_camera.capture/pixel_fifo/rgray_w1_reg[4]
  -------------------------------------------------------------------
                         data arrival                          -0.461    
                         clock arrival                          1.600    
  -------------------------------------------------------------------
                         relative delay                        -2.061    



Id: 7
set_bus_skew -from [get_cells -hier -filter {IS_SEQUENTIAL == 1 && (NAME =~ *capture/*_gray_reg* || NAME =~ *capture/*_bin_reg*)}] -to [get_cells -hier -filter {IS_SEQUENTIAL == 1 && NAME =~ *capture/*_c1_reg*}] 13.250
Requirement: 13.250ns
Endpoints: 192

From Clock            To Clock              Endpoint Pin                    Reference Pin                   Corner  Actual(ns)  Slack(ns)
--------------------  --------------------  ------------------------------  ------------------------------  ------  ----------  ---------
clock_raw             core_raw              real_camera.capture/ticks_c1_reg[24]/D
                                                                            real_camera.capture/received_c1_reg[19]/D
                                                                                                            Slow         1.347     11.903


Slack (MET) :             11.903ns  (requirement - actual skew)
  Endpoint Source:        real_camera.capture/ticks_gray_reg[24]/C
                            (falling edge-triggered cell FDCE clocked by clock_raw)
  Endpoint Destination:   real_camera.capture/ticks_c1_reg[24]/D
                            (rising edge-triggered cell FDCE clocked by core_raw)
  Reference Source:       real_camera.capture/received_gray_reg[19]/C
                            (falling edge-triggered cell FDCE clocked by clock_raw)
  Reference Destination:  real_camera.capture/received_c1_reg[19]/D
                            (rising edge-triggered cell FDCE clocked by core_raw)
  Path Type:              Bus Skew (Max at Slow Process Corner)
  Requirement:            13.250ns
  Endpoint Relative Delay:    3.719ns
  Reference Relative Delay:   1.432ns
  Relative CRPR:              1.157ns
  Uncertainty:                0.217ns
  Actual Bus Skew:            1.347ns  (Endpoint Relative Delay - Reference Relative Delay - Relative CRPR + Uncertainty)

Endpoint path:
    Location             Delay type                Incr(ns)  Path(ns)    Netlist Resource(s)
  -------------------------------------------------------------------    -------------------
                         (clock clock_raw fall edge)
                                                      0.000     0.000 f  
    F14                                               0.000     0.000 f  cam_pclk (IN)
                         net (fo=0)                   0.000     0.000    cam_pclk
    F14                  IBUF (Prop_ibuf_I_O)         1.392     1.392 f  cam_pclk_IBUF_inst/O
                         net (fo=1, routed)           3.115     4.507    real_camera.phase_clock.sampling_clock/pclk
    MMCME2_ADV_X0Y0      MMCME2_ADV (Prop_mmcme2_adv_CLKIN1_CLKOUT0)
                                                     -5.924    -1.417 f  real_camera.phase_clock.sampling_clock/camera_mmcm/CLKOUT0
                         net (fo=1, routed)           1.425     0.007    real_camera.phase_clock.sampling_clock/clock_raw
    BUFGCTRL_X0Y3        BUFG (Prop_bufg_I_O)         0.081     0.088 f  real_camera.phase_clock.sampling_clock/sample_buffer/O
                         net (fo=496, routed)         1.517     1.605    real_camera.capture/sample_clk
    SLICE_X31Y100        FDCE                                         r  real_camera.capture/ticks_gray_reg[24]/C  (IS_INVERTED)
  -------------------------------------------------------------------    -------------------
    SLICE_X31Y100        FDCE (Prop_fdce_C_Q)         0.353     1.958 r  real_camera.capture/ticks_gray_reg[24]/Q
                         net (fo=1, routed)           0.579     2.537    real_camera.capture/ticks_gray[24]
    SLICE_X30Y98         FDCE                                         r  real_camera.capture/ticks_c1_reg[24]/D
  -------------------------------------------------------------------    -------------------

                         (clock core_raw rise edge)
                                                      0.000     0.000 r  
    R4                                                0.000     0.000 r  sys_clk (IN)
                         net (fo=0)                   0.000     0.000    sys_clk
    R4                   IBUF (Prop_ibuf_I_O)         1.366     1.366 r  sys_clk_IBUF_inst/O
                         net (fo=1, routed)           1.004     2.369    multiplied_clock.clock_generator/sys_clk_IBUF
    MMCME2_ADV_X1Y0      MMCME2_ADV (Prop_mmcme2_adv_CLKIN1_CLKOUT0)
                                                     -6.057    -3.688 r  multiplied_clock.clock_generator/mmcm/CLKOUT0
                         net (fo=1, routed)           1.352    -2.335    multiplied_clock.clock_generator/core_raw
    BUFGCTRL_X0Y2        BUFG (Prop_bufg_I_O)         0.077    -2.258 r  multiplied_clock.clock_generator/core_buffer/O
                         net (fo=17800, routed)       1.244    -1.014    real_camera.capture/core_clk
    SLICE_X30Y98         FDCE                                         r  real_camera.capture/ticks_c1_reg[24]/C
                         clock pessimism              0.000    -1.014    
    SLICE_X30Y98         FDCE (Setup_fdce_C_D)       -0.168    -1.182    real_camera.capture/ticks_c1_reg[24]
  -------------------------------------------------------------------
                         data arrival                           2.537    
                         clock arrival                         -1.182    
  -------------------------------------------------------------------
                         relative delay                         3.719    

Reference path:
    Location             Delay type                Incr(ns)  Path(ns)    Netlist Resource(s)
  -------------------------------------------------------------------    -------------------
                         (clock clock_raw fall edge)
                                                      0.000     0.000 f  
    F14                                               0.000     0.000 f  cam_pclk (IN)
                         net (fo=0)                   0.000     0.000    cam_pclk
    F14                  IBUF (Prop_ibuf_I_O)         1.327     1.327 f  cam_pclk_IBUF_inst/O
                         net (fo=1, routed)           2.581     3.908    real_camera.phase_clock.sampling_clock/pclk
    MMCME2_ADV_X0Y0      MMCME2_ADV (Prop_mmcme2_adv_CLKIN1_CLKOUT0)
                                                     -6.061    -2.154 f  real_camera.phase_clock.sampling_clock/camera_mmcm/CLKOUT0
                         net (fo=1, routed)           1.357    -0.796    real_camera.phase_clock.sampling_clock/clock_raw
    BUFGCTRL_X0Y3        BUFG (Prop_bufg_I_O)         0.077    -0.719 f  real_camera.phase_clock.sampling_clock/sample_buffer/O
                         net (fo=496, routed)         1.248     0.529    real_camera.capture/sample_clk
    SLICE_X13Y97         FDCE                                         r  real_camera.capture/received_gray_reg[19]/C  (IS_INVERTED)
  -------------------------------------------------------------------    -------------------
    SLICE_X13Y97         FDCE (Prop_fdce_C_Q)         0.308     0.837 r  real_camera.capture/received_gray_reg[19]/Q
                         net (fo=1, routed)           0.333     1.169    real_camera.capture/received_gray[19]
    SLICE_X19Y100        FDCE                                         r  real_camera.capture/received_c1_reg[19]/D
  -------------------------------------------------------------------    -------------------

                         (clock core_raw rise edge)
                                                      0.000     0.000 r  
    R4                                                0.000     0.000 r  sys_clk (IN)
                         net (fo=0)                   0.000     0.000    sys_clk
    R4                   IBUF (Prop_ibuf_I_O)         1.432     1.432 r  sys_clk_IBUF_inst/O
                         net (fo=1, routed)           1.065     2.497    multiplied_clock.clock_generator/sys_clk_IBUF
    MMCME2_ADV_X1Y0      MMCME2_ADV (Prop_mmcme2_adv_CLKIN1_CLKOUT0)
                                                     -5.921    -3.424 r  multiplied_clock.clock_generator/mmcm/CLKOUT0
                         net (fo=1, routed)           1.421    -2.004    multiplied_clock.clock_generator/core_raw
    BUFGCTRL_X0Y2        BUFG (Prop_bufg_I_O)         0.081    -1.923 r  multiplied_clock.clock_generator/core_buffer/O
                         net (fo=17800, routed)       1.522    -0.401    real_camera.capture/core_clk
    SLICE_X19Y100        FDCE                                         r  real_camera.capture/received_c1_reg[19]/C
                         clock pessimism              0.000    -0.401    
    SLICE_X19Y100        FDCE (Hold_fdce_C_D)         0.138    -0.263    real_camera.capture/received_c1_reg[19]
  -------------------------------------------------------------------
                         data arrival                           1.169    
                         clock arrival                         -0.263    
  -------------------------------------------------------------------
                         relative delay                         1.432    



