Copyright 1986-2020 Xilinx, Inc. All Rights Reserved.
--------------------------------------------------------------------------------------------------------------------------------------------------
| Tool Version : Vivado v.2020.1 (win64) Build 2902540 Wed May 27 19:54:49 MDT 2020
| Date         : Mon Sep 28 16:49:14 2026
| Host         : LAPTOP-JC5LPK9T running 64-bit major release  (build 9200)
| Command      : report_utilization -hierarchical -file F:/zju/dasanshangkecheng/HDL/mjpeg/reports/ddr3/full_20260928_164542/utilization_hier.rpt
| Design       : davinci_mjpeg_ddr3_top
| Device       : 7a35tfgg484-2
| Design State : Synthesized
--------------------------------------------------------------------------------------------------------------------------------------------------

Utilization Design Information

Table of Contents
-----------------
1. Utilization by Hierarchy

1. Utilization by Hierarchy
---------------------------

+--------------------------------------------------------------------------------+----------------------------------------------------+------------+------------+---------+------+-------+--------+--------+------------+
|                                    Instance                                    |                       Module                       | Total LUTs | Logic LUTs | LUTRAMs | SRLs |  FFs  | RAMB36 | RAMB18 | DSP Blocks |
+--------------------------------------------------------------------------------+----------------------------------------------------+------------+------------+---------+------+-------+--------+--------+------------+
| davinci_mjpeg_ddr3_top                                                         |                                              (top) |      19879 |      19096 |     732 |   51 | 22872 |     28 |     12 |         49 |
|   (davinci_mjpeg_ddr3_top)                                                     |                                              (top) |         44 |         44 |       0 |    0 |    14 |      0 |      0 |          0 |
|   blocks                                                                       |                         board_test_block_transport |       1017 |       1014 |       0 |    3 |  1234 |      0 |      1 |          0 |
|   display                                                                      |                                davinci_fps_display |        103 |        103 |       0 |    0 |   122 |      0 |      0 |          0 |
|   engine                                                                       |                            mjpeg_board_test_engine |       9583 |       9298 |     272 |   13 | 12081 |     19 |      2 |         42 |
|     (engine)                                                                   |                            mjpeg_board_test_engine |        371 |        371 |       0 |    0 |  1312 |      0 |      1 |          0 |
|     codec                                                                      |                                    mjpeg_synth_top |       9045 |       8760 |     272 |   13 | 10448 |     19 |      1 |         42 |
|       (codec)                                                                  |                                    mjpeg_synth_top |          4 |          4 |       0 |    0 |   102 |      0 |      0 |          0 |
|       aggregate.collector                                                      |                            mjpeg_payload_coalescer |       1082 |       1082 |       0 |    0 |   299 |      0 |      0 |          0 |
|       encoder                                                                  |                                      mjpeg_encoder |       7649 |       7364 |     272 |   13 |  9735 |     19 |      1 |         42 |
|         (encoder)                                                              |                                      mjpeg_encoder |          7 |          7 |       0 |    0 |     9 |      0 |      0 |          0 |
|         channels[0].channel                                                    |                                      mjpeg_channel |       6655 |       6370 |     272 |   13 |  8654 |     19 |      1 |         42 |
|           (channels[0].channel)                                                |                                      mjpeg_channel |         77 |         77 |       0 |    0 |   329 |      0 |      1 |          0 |
|           core                                                                 |                                       jpeg_encoder |       6578 |       6293 |     272 |   13 |  8325 |     19 |      0 |         42 |
|             (core)                                                             |                                       jpeg_encoder |        165 |        165 |       0 |    0 |    25 |      0 |      0 |          0 |
|             dct                                                                |                                             dct8x8 |       2001 |       1997 |       0 |    4 |  4523 |      0 |      0 |         38 |
|               (dct)                                                            |                                             dct8x8 |        724 |        724 |       0 |    0 |  4511 |      0 |      0 |          0 |
|               engine                                                           |                                              dct1d |       1277 |       1273 |       0 |    4 |    12 |      0 |      0 |         38 |
|             format                                                             |                                     jpeg_formatter |        372 |        372 |       0 |    0 |   287 |      0 |      0 |          0 |
|             formatter_input_buffer                                             |                 jpeg_stream_buffer__parameterized2 |        187 |        187 |       0 |    0 |   254 |      0 |      0 |          0 |
|             front                                                              |                                   raster_to_mcu422 |        369 |        369 |       0 |    0 |   167 |     16 |      0 |          0 |
|               (front)                                                          |                                   raster_to_mcu422 |        250 |        250 |       0 |    0 |   167 |      0 |      0 |          0 |
|               banks[0].lanes[0].ram                                            |                                     line_group_ram |          9 |          9 |       0 |    0 |     0 |      2 |      0 |          0 |
|               banks[0].lanes[1].ram                                            |                                   line_group_ram_3 |         10 |         10 |       0 |    0 |     0 |      2 |      0 |          0 |
|               banks[0].lanes[2].ram                                            |                     line_group_ram__parameterized0 |         14 |         14 |       0 |    0 |     0 |      1 |      0 |          0 |
|               banks[0].lanes[3].ram                                            |                   line_group_ram__parameterized0_4 |          1 |          1 |       0 |    0 |     0 |      1 |      0 |          0 |
|               banks[0].lanes[4].ram                                            |                   line_group_ram__parameterized0_5 |          1 |          1 |       0 |    0 |     0 |      1 |      0 |          0 |
|               banks[0].lanes[5].ram                                            |                   line_group_ram__parameterized0_6 |          1 |          1 |       0 |    0 |     0 |      1 |      0 |          0 |
|               banks[1].lanes[0].ram                                            |                                   line_group_ram_7 |         18 |         18 |       0 |    0 |     0 |      2 |      0 |          0 |
|               banks[1].lanes[1].ram                                            |                                   line_group_ram_8 |         42 |         42 |       0 |    0 |     0 |      2 |      0 |          0 |
|               banks[1].lanes[2].ram                                            |                   line_group_ram__parameterized0_9 |          2 |          2 |       0 |    0 |     0 |      1 |      0 |          0 |
|               banks[1].lanes[3].ram                                            |                  line_group_ram__parameterized0_10 |          1 |          1 |       0 |    0 |     0 |      1 |      0 |          0 |
|               banks[1].lanes[4].ram                                            |                  line_group_ram__parameterized0_11 |          1 |          1 |       0 |    0 |     0 |      1 |      0 |          0 |
|               banks[1].lanes[5].ram                                            |                  line_group_ram__parameterized0_12 |         19 |         19 |       0 |    0 |     0 |      1 |      0 |          0 |
|             huff                                                               |                                    huffman_encoder |       1014 |       1014 |       0 |    0 |   847 |      3 |      0 |          0 |
|             huff_input_buffer                                                  |                 jpeg_stream_buffer__parameterized0 |        122 |        122 |       0 |    0 |   196 |      0 |      0 |          0 |
|             huff_output_buffer                                                 |                 jpeg_stream_buffer__parameterized1 |        314 |        314 |       0 |    0 |   308 |      0 |      0 |          0 |
|             packer                                                             |                                     entropy_packer |        953 |        953 |       0 |    0 |   795 |      0 |      0 |          0 |
|             quant                                                              |                                           quantize |        589 |        396 |     184 |    9 |   582 |      0 |      0 |          4 |
|             scan_order                                                         |                                      zigzag_buffer |        199 |        111 |      88 |    0 |   102 |      0 |      0 |          0 |
|             symbols_core                                                       |                                     symbol_encoder |        294 |        294 |       0 |    0 |   239 |      0 |      0 |          0 |
|         channels[0].channel_output                                             |                                 jpeg_stream_buffer |        259 |        259 |       0 |    0 |   337 |      0 |      0 |          0 |
|         descriptor_arbiter                                                     |                      mjpeg_arbiter__parameterized0 |        216 |        216 |       0 |    0 |   362 |      0 |      0 |          0 |
|           (descriptor_arbiter)                                                 |                      mjpeg_arbiter__parameterized0 |        159 |        159 |       0 |    0 |    18 |      0 |      0 |          0 |
|           output_buffer                                                        |                 jpeg_stream_buffer__parameterized4 |         57 |         57 |       0 |    0 |   344 |      0 |      0 |          0 |
|         payload_arbiter                                                        |                                      mjpeg_arbiter |        512 |        512 |       0 |    0 |   373 |      0 |      0 |          0 |
|           (payload_arbiter)                                                    |                                      mjpeg_arbiter |          0 |          0 |       0 |    0 |    28 |      0 |      0 |          0 |
|           output_buffer                                                        |                 jpeg_stream_buffer__parameterized3 |        512 |        512 |       0 |    0 |   345 |      0 |      0 |          0 |
|       transport                                                                |                                   mjpeg_packetizer |        310 |        310 |       0 |    0 |   312 |      0 |      0 |          0 |
|     meter                                                                      |                                   frame_rate_meter |        167 |        167 |       0 |    0 |   321 |      0 |      0 |          0 |
|   memory                                                                       |                                  mjpeg_ddr3_memory |       4341 |       3912 |     412 |   17 |  3928 |      0 |      0 |          0 |
|     (memory)                                                                   |                                  mjpeg_ddr3_memory |          0 |          0 |       0 |    0 |     0 |      0 |      0 |          0 |
|     bridge                                                                     |                                  ddr3_burst_bridge |         16 |         16 |       0 |    0 |    86 |      0 |      0 |          0 |
|       (bridge)                                                                 |                                  ddr3_burst_bridge |         14 |         14 |       0 |    0 |    30 |      0 |      0 |          0 |
|       read_fifo                                                                |             ddr3_bridge_async_fifo__parameterized0 |          0 |          0 |       0 |    0 |    28 |      0 |      0 |          0 |
|       write_fifo                                                               |                             ddr3_bridge_async_fifo |          2 |          2 |       0 |    0 |    28 |      0 |      0 |          0 |
|     controller                                                                 |                                   davinci_ddr3_mig |       4325 |       3896 |     412 |   17 |  3842 |      0 |      0 |          0 |
|       (controller)                                                             |                                   davinci_ddr3_mig |        252 |          0 |     252 |    0 |     0 |      0 |      0 |          0 |
|       u_davinci_ddr3_mig_mig                                                   |                               davinci_ddr3_mig_mig |       4073 |       3896 |     160 |   17 |  3842 |      0 |      0 |          0 |
|         temp_mon_enabled.u_tempmon                                             |                           mig_7series_v4_2_tempmon |         39 |         39 |       0 |    0 |   122 |      0 |      0 |          0 |
|         u_ddr3_clk_ibuf                                                        |                          mig_7series_v4_2_clk_ibuf |          0 |          0 |       0 |    0 |     0 |      0 |      0 |          0 |
|         u_ddr3_infrastructure                                                  |                    mig_7series_v4_2_infrastructure |         28 |         28 |       0 |    0 |    59 |      0 |      0 |          0 |
|         u_iodelay_ctrl                                                         |                      mig_7series_v4_2_iodelay_ctrl |          2 |          2 |       0 |    0 |    15 |      0 |      0 |          0 |
|         u_memc_ui_top_std                                                      |                   mig_7series_v4_2_memc_ui_top_std |       4004 |       3827 |     160 |   17 |  3646 |      0 |      0 |          0 |
|           (u_memc_ui_top_std)                                                  |                   mig_7series_v4_2_memc_ui_top_std |          0 |          0 |       0 |    0 |     1 |      0 |      0 |          0 |
|           mem_intfc0                                                           |                         mig_7series_v4_2_mem_intfc |       3672 |       3599 |      56 |   17 |  3241 |      0 |      0 |          0 |
|             ddr_phy_top0                                                       |                       mig_7series_v4_2_ddr_phy_top |       3467 |       3399 |      52 |   16 |  2979 |      0 |      0 |          0 |
|               (ddr_phy_top0)                                                   |                       mig_7series_v4_2_ddr_phy_top |          4 |          4 |       0 |    0 |     0 |      0 |      0 |          0 |
|               u_ddr_calib_top                                                  |                     mig_7series_v4_2_ddr_calib_top |       2951 |       2937 |       0 |   14 |  2592 |      0 |      0 |          0 |
|                 (u_ddr_calib_top)                                              |                     mig_7series_v4_2_ddr_calib_top |         56 |         55 |       0 |    1 |    29 |      0 |      0 |          0 |
|                 ddr_phy_prbs_rdlvl_gen.u_ddr_phy_prbs_rdlvl                    |                mig_7series_v4_2_ddr_phy_prbs_rdlvl |        350 |        350 |       0 |    0 |   499 |      0 |      0 |          0 |
|                 ddr_phy_rdlvl_gen.u_ddr_phy_rdlvl                              |                     mig_7series_v4_2_ddr_phy_rdlvl |        538 |        538 |       0 |    0 |   873 |      0 |      0 |          0 |
|                 ddr_phy_tempmon_0                                              |                   mig_7series_v4_2_ddr_phy_tempmon |        258 |        258 |       0 |    0 |   229 |      0 |      0 |          0 |
|                 dqsfind_calib_left.u_ddr_phy_dqs_found_cal_hr                  |          mig_7series_v4_2_ddr_phy_dqs_found_cal_hr |        159 |        158 |       0 |    1 |    97 |      0 |      0 |          0 |
|                 mb_wrlvl_inst.u_ddr_phy_ck_addr_cmd_delay                      |         mig_7series_v4_2_ddr_phy_ck_addr_cmd_delay |         19 |         18 |       0 |    1 |    16 |      0 |      0 |          0 |
|                 mb_wrlvl_inst.u_ddr_phy_wrlvl                                  |                     mig_7series_v4_2_ddr_phy_wrlvl |        259 |        258 |       0 |    1 |   160 |      0 |      0 |          0 |
|                 u_ddr_phy_init                                                 |                      mig_7series_v4_2_ddr_phy_init |       1016 |       1012 |       0 |    4 |   352 |      0 |      0 |          0 |
|                 u_ddr_phy_wrcal                                                |                     mig_7series_v4_2_ddr_phy_wrcal |        167 |        161 |       0 |    6 |   304 |      0 |      0 |          0 |
|                 u_ddr_prbs_gen                                                 |                      mig_7series_v4_2_ddr_prbs_gen |        129 |        129 |       0 |    0 |    33 |      0 |      0 |          0 |
|               u_ddr_mc_phy_wrapper                                             |                mig_7series_v4_2_ddr_mc_phy_wrapper |        512 |        458 |      52 |    2 |   387 |      0 |      0 |          0 |
|                 (u_ddr_mc_phy_wrapper)                                         |                mig_7series_v4_2_ddr_mc_phy_wrapper |          0 |          0 |       0 |    0 |    24 |      0 |      0 |          0 |
|                 gen_dqs_iobuf_HR.gen_dqs_iobuf[0].gen_dqs_diff.u_iddr_edge_det |                            mig_7series_v4_2_poc_pd |          0 |          0 |       0 |    0 |     0 |      0 |      0 |          0 |
|                 gen_dqs_iobuf_HR.gen_dqs_iobuf[1].gen_dqs_diff.u_iddr_edge_det |                          mig_7series_v4_2_poc_pd_2 |          0 |          0 |       0 |    0 |     0 |      0 |      0 |          0 |
|                 genblk24.phy_ctl_pre_fifo_0                                    |                   mig_7series_v4_2_ddr_of_pre_fifo |         18 |         18 |       0 |    0 |    21 |      0 |      0 |          0 |
|                 genblk24.phy_ctl_pre_fifo_1                                    |   mig_7series_v4_2_ddr_of_pre_fifo__parameterized0 |         18 |         18 |       0 |    0 |    21 |      0 |      0 |          0 |
|                 genblk24.phy_ctl_pre_fifo_2                                    | mig_7series_v4_2_ddr_of_pre_fifo__parameterized0_3 |         18 |         18 |       0 |    0 |    21 |      0 |      0 |          0 |
|                 u_ddr_mc_phy                                                   |                        mig_7series_v4_2_ddr_mc_phy |        458 |        404 |      52 |    2 |   300 |      0 |      0 |          0 |
|                   (u_ddr_mc_phy)                                               |                        mig_7series_v4_2_ddr_mc_phy |          0 |          0 |       0 |    0 |    16 |      0 |      0 |          0 |
|                   ddr_phy_4lanes_0.u_ddr_phy_4lanes                            |                    mig_7series_v4_2_ddr_phy_4lanes |        458 |        404 |      52 |    2 |   284 |      0 |      0 |          0 |
|                     (ddr_phy_4lanes_0.u_ddr_phy_4lanes)                        |                    mig_7series_v4_2_ddr_phy_4lanes |          9 |          8 |       0 |    1 |    20 |      0 |      0 |          0 |
|                     ddr_byte_lane_A.ddr_byte_lane_A                            |                     mig_7series_v4_2_ddr_byte_lane |         72 |         20 |      52 |    0 |    19 |      0 |      0 |          0 |
|                       (ddr_byte_lane_A.ddr_byte_lane_A)                        |                     mig_7series_v4_2_ddr_byte_lane |          1 |          1 |       0 |    0 |     0 |      0 |      0 |          0 |
|                       ddr_byte_group_io                                        |                 mig_7series_v4_2_ddr_byte_group_io |          0 |          0 |       0 |    0 |     0 |      0 |      0 |          0 |
|                       of_pre_fifo_gen.u_ddr_of_pre_fifo                        | mig_7series_v4_2_ddr_of_pre_fifo__parameterized1_7 |         71 |         19 |      52 |    0 |    19 |      0 |      0 |          0 |
|                     ddr_byte_lane_B.ddr_byte_lane_B                            |     mig_7series_v4_2_ddr_byte_lane__parameterized0 |         25 |         25 |       0 |    0 |    20 |      0 |      0 |          0 |
|                       (ddr_byte_lane_B.ddr_byte_lane_B)                        |     mig_7series_v4_2_ddr_byte_lane__parameterized0 |          9 |          9 |       0 |    0 |     1 |      0 |      0 |          0 |
|                       ddr_byte_group_io                                        | mig_7series_v4_2_ddr_byte_group_io__parameterized0 |          0 |          0 |       0 |    0 |     0 |      0 |      0 |          0 |
|                       of_pre_fifo_gen.u_ddr_of_pre_fifo                        | mig_7series_v4_2_ddr_of_pre_fifo__parameterized1_6 |         16 |         16 |       0 |    0 |    19 |      0 |      0 |          0 |
|                     ddr_byte_lane_C.ddr_byte_lane_C                            |     mig_7series_v4_2_ddr_byte_lane__parameterized1 |        149 |        148 |       0 |    1 |   113 |      0 |      0 |          0 |
|                       (ddr_byte_lane_C.ddr_byte_lane_C)                        |     mig_7series_v4_2_ddr_byte_lane__parameterized1 |          7 |          7 |       0 |    0 |    71 |      0 |      0 |          0 |
|                       ddr_byte_group_io                                        | mig_7series_v4_2_ddr_byte_group_io__parameterized1 |          2 |          1 |       0 |    1 |     2 |      0 |      0 |          0 |
|                       dq_gen_40.if_post_fifo_gen.u_ddr_if_post_fifo            |                mig_7series_v4_2_ddr_if_post_fifo_4 |        118 |        118 |       0 |    0 |    16 |      0 |      0 |          0 |
|                       of_pre_fifo_gen.u_ddr_of_pre_fifo                        | mig_7series_v4_2_ddr_of_pre_fifo__parameterized1_5 |         22 |         22 |       0 |    0 |    24 |      0 |      0 |          0 |
|                     ddr_byte_lane_D.ddr_byte_lane_D                            |     mig_7series_v4_2_ddr_byte_lane__parameterized2 |        203 |        203 |       0 |    0 |   112 |      0 |      0 |          0 |
|                       (ddr_byte_lane_D.ddr_byte_lane_D)                        |     mig_7series_v4_2_ddr_byte_lane__parameterized2 |          0 |          0 |       0 |    0 |    71 |      0 |      0 |          0 |
|                       ddr_byte_group_io                                        | mig_7series_v4_2_ddr_byte_group_io__parameterized2 |          0 |          0 |       0 |    0 |     0 |      0 |      0 |          0 |
|                       dq_gen_40.if_post_fifo_gen.u_ddr_if_post_fifo            |                  mig_7series_v4_2_ddr_if_post_fifo |        182 |        182 |       0 |    0 |    17 |      0 |      0 |          0 |
|                       of_pre_fifo_gen.u_ddr_of_pre_fifo                        |   mig_7series_v4_2_ddr_of_pre_fifo__parameterized1 |         21 |         21 |       0 |    0 |    24 |      0 |      0 |          0 |
|             mc0                                                                |                                mig_7series_v4_2_mc |        205 |        200 |       4 |    1 |   262 |      0 |      0 |          0 |
|               (mc0)                                                            |                                mig_7series_v4_2_mc |          8 |          8 |       0 |    0 |    78 |      0 |      0 |          0 |
|               bank_mach0                                                       |                         mig_7series_v4_2_bank_mach |         99 |         99 |       0 |    0 |    93 |      0 |      0 |          0 |
|                 arb_mux0                                                       |                           mig_7series_v4_2_arb_mux |         42 |         42 |       0 |    0 |    15 |      0 |      0 |          0 |
|                   arb_row_col0                                                 |                       mig_7series_v4_2_arb_row_col |         40 |         40 |       0 |    0 |    11 |      0 |      0 |          0 |
|                     (arb_row_col0)                                             |                       mig_7series_v4_2_arb_row_col |         13 |         13 |       0 |    0 |     8 |      0 |      0 |          0 |
|                     col_arb0                                                   |   mig_7series_v4_2_round_robin_arb__parameterized0 |         14 |         14 |       0 |    0 |     1 |      0 |      0 |          0 |
|                     config_arb0                                                | mig_7series_v4_2_round_robin_arb__parameterized0_0 |          4 |          4 |       0 |    0 |     1 |      0 |      0 |          0 |
|                     pre_4_1_1T_arb.pre_arb0                                    | mig_7series_v4_2_round_robin_arb__parameterized0_1 |          9 |          9 |       0 |    0 |     1 |      0 |      0 |          0 |
|                   arb_select0                                                  |                        mig_7series_v4_2_arb_select |          2 |          2 |       0 |    0 |     4 |      0 |      0 |          0 |
|                 bank_cntrl[0].bank0                                            |                        mig_7series_v4_2_bank_cntrl |         39 |         39 |       0 |    0 |    61 |      0 |      0 |          0 |
|                   bank_compare0                                                |                      mig_7series_v4_2_bank_compare |         10 |         10 |       0 |    0 |    37 |      0 |      0 |          0 |
|                   bank_queue0                                                  |                        mig_7series_v4_2_bank_queue |         12 |         12 |       0 |    0 |     9 |      0 |      0 |          0 |
|                   bank_state0                                                  |                        mig_7series_v4_2_bank_state |         17 |         17 |       0 |    0 |    15 |      0 |      0 |          0 |
|                 bank_common0                                                   |                       mig_7series_v4_2_bank_common |         18 |         18 |       0 |    0 |    17 |      0 |      0 |          0 |
|               col_mach0                                                        |                          mig_7series_v4_2_col_mach |         16 |         12 |       4 |    0 |    18 |      0 |      0 |          0 |
|               rank_mach0                                                       |                         mig_7series_v4_2_rank_mach |         82 |         81 |       0 |    1 |    73 |      0 |      0 |          0 |
|                 rank_cntrl[0].rank_cntrl0                                      |                        mig_7series_v4_2_rank_cntrl |         13 |         12 |       0 |    1 |    15 |      0 |      0 |          0 |
|                 rank_common0                                                   |                       mig_7series_v4_2_rank_common |         69 |         69 |       0 |    0 |    58 |      0 |      0 |          0 |
|                   (rank_common0)                                               |                       mig_7series_v4_2_rank_common |         57 |         57 |       0 |    0 |    52 |      0 |      0 |          0 |
|                   maintenance_request.maint_arb0                               |                   mig_7series_v4_2_round_robin_arb |         12 |         12 |       0 |    0 |     6 |      0 |      0 |          0 |
|           u_ui_top                                                             |                            mig_7series_v4_2_ui_top |        332 |        228 |     104 |    0 |   404 |      0 |      0 |          0 |
|             ui_cmd0                                                            |                            mig_7series_v4_2_ui_cmd |         32 |         32 |       0 |    0 |    61 |      0 |      0 |          0 |
|             ui_rd_data0                                                        |                        mig_7series_v4_2_ui_rd_data |         14 |         14 |       0 |    0 |    10 |      0 |      0 |          0 |
|             ui_wr_data0                                                        |                        mig_7series_v4_2_ui_wr_data |        286 |        182 |     104 |    0 |   333 |      0 |      0 |          0 |
|   multiplied_clock.clock_generator                                             |                              board_test_core_clock |          2 |          2 |       0 |    0 |     0 |      0 |      0 |          0 |
|   real_camera.capture                                                          |                                 ov5640_dvp_capture |        469 |        469 |       0 |    0 |  1063 |      1 |      1 |          0 |
|     (real_camera.capture)                                                      |                                 ov5640_dvp_capture |        376 |        376 |       0 |    0 |   945 |      0 |      0 |          0 |
|     pixel_fifo                                                                 |                                  camera_pixel_fifo |         93 |         93 |       0 |    0 |   118 |      1 |      1 |          0 |
|   real_camera.controls                                                         |                              camera_board_controls |        147 |        147 |       0 |    0 |   180 |      0 |      0 |          0 |
|   real_camera.initialization                                                   |                                        ov5640_init |        600 |        600 |       0 |    0 |   232 |      0 |      0 |          1 |
|     (real_camera.initialization)                                               |                                        ov5640_init |        269 |        269 |       0 |    0 |   141 |      0 |      0 |          1 |
|     u_sccb                                                                     |                                 ov5640_sccb_master |        331 |        331 |       0 |    0 |    91 |      0 |      0 |          0 |
|   real_camera.phase_clock.sampling_clock                                       |                                ov5640_sample_clock |          1 |          1 |       0 |    0 |     0 |      0 |      0 |          0 |
|   real_camera.raw_processing.demosaic                                          |                               bayer_bggr_to_yuv422 |       3129 |       3111 |       0 |   18 |  2755 |      6 |      8 |          6 |
|     (real_camera.raw_processing.demosaic)                                      |                               bayer_bggr_to_yuv422 |        564 |        564 |       0 |    0 |   283 |      0 |      2 |          0 |
|     denoising.filter                                                           |                                spatial_denoise_yuv |       2565 |       2547 |       0 |   18 |  2472 |      6 |      6 |          6 |
|       chroma_first                                                             |                             spatial_chroma_yuv_3x3 |        620 |        612 |       0 |    8 |   781 |      2 |      2 |          0 |
|         (chroma_first)                                                         |                             spatial_chroma_yuv_3x3 |        120 |        112 |       0 |    8 |   261 |      0 |      0 |          0 |
|         windows                                                                |                               spatial_window_3x3_2 |        500 |        500 |       0 |    0 |   520 |      2 |      2 |          0 |
|       chroma_second                                                            |                           spatial_chroma_yuv_3x3_0 |        629 |        621 |       0 |    8 |   757 |      2 |      2 |          0 |
|         (chroma_second)                                                        |                           spatial_chroma_yuv_3x3_0 |        128 |        120 |       0 |    8 |   235 |      0 |      0 |          0 |
|         windows                                                                |                               spatial_window_3x3_1 |        501 |        501 |       0 |    0 |   522 |      2 |      2 |          0 |
|       median_filter                                                            |                             spatial_median_yuv_3x3 |       1316 |       1314 |       0 |    2 |   934 |      2 |      2 |          6 |
|         (median_filter)                                                        |                             spatial_median_yuv_3x3 |        321 |        319 |       0 |    2 |   414 |      0 |      0 |          6 |
|         windows                                                                |                                 spatial_window_3x3 |        995 |        995 |       0 |    0 |   520 |      2 |      2 |          0 |
|   synchronous.clock_guard                                                      |                         board_test_usb_clock_guard |         30 |         30 |       0 |    0 |    34 |      0 |      0 |          0 |
|   synchronous.link                                                             |                              board_test_ft245_sync |        237 |        237 |       0 |    0 |   448 |      0 |      0 |          0 |
|   synchronous.rx_fifo                                                          |              board_test_async_fifo__parameterized0 |        139 |         91 |      48 |    0 |    80 |      0 |      0 |          0 |
|   synchronous.stats_mailbox                                                    |                            board_test_cdc_snapshot |          4 |          4 |       0 |    0 |   587 |      0 |      0 |          0 |
|   synchronous.tx_fifo                                                          |                              board_test_async_fifo |         38 |         38 |       0 |    0 |   114 |      2 |      0 |          0 |
+--------------------------------------------------------------------------------+----------------------------------------------------+------------+------------+---------+------+-------+--------+--------+------------+


