Copyright 1986-2020 Xilinx, Inc. All Rights Reserved.
------------------------------------------------------------------------------------
| Tool Version : Vivado v.2020.1 (win64) Build 2902540 Wed May 27 19:54:49 MDT 2020
| Date         : Thu Sep 17 21:58:21 2026
| Host         : LAPTOP-JC5LPK9T running 64-bit major release  (build 9200)
| Command      : report_timing_summary -file timing_synthesis.rpt
| Design       : mjpeg_synth_top
| Device       : 7a35t-fgg484
| Speed File   : -2  PRODUCTION 1.23 2018-06-13
------------------------------------------------------------------------------------

Timing Summary Report

------------------------------------------------------------------------------------------------
| Timer Settings
| --------------
------------------------------------------------------------------------------------------------

  Enable Multi Corner Analysis               :  Yes
  Enable Pessimism Removal                   :  Yes
  Pessimism Removal Resolution               :  Nearest Common Node
  Enable Input Delay Default Clock           :  No
  Enable Preset / Clear Arcs                 :  No
  Disable Flight Delays                      :  No
  Ignore I/O Paths                           :  No
  Timing Early Launch at Borrowing Latches   :  No
  Borrow Time for Max Delay Exceptions       :  Yes
  Merge Timing Exceptions                    :  Yes

  Corner  Analyze    Analyze    
  Name    Max Paths  Min Paths  
  ------  ---------  ---------  
  Slow    Yes        Yes        
  Fast    Yes        Yes        



check_timing report

Table of Contents
-----------------
1. checking no_clock (0)
2. checking constant_clock (0)
3. checking pulse_width_clock (0)
4. checking unconstrained_internal_endpoints (0)
5. checking no_input_delay (61)
6. checking no_output_delay (42)
7. checking multiple_clock (0)
8. checking generated_clocks (0)
9. checking loops (0)
10. checking partial_input_delay (0)
11. checking partial_output_delay (0)
12. checking latch_loops (0)

1. checking no_clock (0)
------------------------
 There are 0 register/latch pins with no clock.


2. checking constant_clock (0)
------------------------------
 There are 0 register/latch pins with constant_clock.


3. checking pulse_width_clock (0)
---------------------------------
 There are 0 register/latch pins which need pulse_width check


4. checking unconstrained_internal_endpoints (0)
------------------------------------------------
 There are 0 pins that are not constrained for maximum delay.

 There are 0 pins that are not constrained for maximum delay due to constant clock.


5. checking no_input_delay (61)
-------------------------------
 There are 61 input ports with no input delay specified. (HIGH)

 There are 0 input ports with no input delay but user has a false path constraint.


6. checking no_output_delay (42)
--------------------------------
 There are 42 ports with no output delay specified. (HIGH)

 There are 0 ports with no output delay but user has a false path constraint

 There are 0 ports with no output delay but with a timing clock defined on it or propagating through it


7. checking multiple_clock (0)
------------------------------
 There are 0 register/latch pins with multiple clocks.


8. checking generated_clocks (0)
--------------------------------
 There are 0 generated clocks that are not connected to a clock source.


9. checking loops (0)
---------------------
 There are 0 combinational loops in the design.


10. checking partial_input_delay (0)
------------------------------------
 There are 0 input ports with partial input delay specified.


11. checking partial_output_delay (0)
-------------------------------------
 There are 0 ports with partial output delay specified.


12. checking latch_loops (0)
----------------------------
 There are 0 combinational latch loops in the design through latch input



------------------------------------------------------------------------------------------------
| Design Timing Summary
| ---------------------
------------------------------------------------------------------------------------------------

    WNS(ns)      TNS(ns)  TNS Failing Endpoints  TNS Total Endpoints      WHS(ns)      THS(ns)  THS Failing Endpoints  THS Total Endpoints     WPWS(ns)     TPWS(ns)  TPWS Failing Endpoints  TPWS Total Endpoints  
    -------      -------  ---------------------  -------------------      -------      -------  ---------------------  -------------------     --------     --------  ----------------------  --------------------  
     -1.347    -5118.560                   4007                38900        0.183        0.000                      0                38900        1.646        0.000                       0                 16309  


Timing constraints are not met.


------------------------------------------------------------------------------------------------
| Clock Summary
| -------------
------------------------------------------------------------------------------------------------

Clock     Waveform(ns)         Period(ns)      Frequency(MHz)
-----     ------------         ----------      --------------
core_clk  {0.000 2.500}        5.000           200.000         


------------------------------------------------------------------------------------------------
| Intra Clock Table
| -----------------
------------------------------------------------------------------------------------------------

Clock             WNS(ns)      TNS(ns)  TNS Failing Endpoints  TNS Total Endpoints      WHS(ns)      THS(ns)  THS Failing Endpoints  THS Total Endpoints     WPWS(ns)     TPWS(ns)  TPWS Failing Endpoints  TPWS Total Endpoints  
-----             -------      -------  ---------------------  -------------------      -------      -------  ---------------------  -------------------     --------     --------  ----------------------  --------------------  
core_clk           -1.347    -5118.560                   4007                35996        0.183        0.000                      0                35996        1.646        0.000                       0                 16309  


------------------------------------------------------------------------------------------------
| Inter Clock Table
| -----------------
------------------------------------------------------------------------------------------------

From Clock    To Clock          WNS(ns)      TNS(ns)  TNS Failing Endpoints  TNS Total Endpoints      WHS(ns)      THS(ns)  THS Failing Endpoints  THS Total Endpoints  
----------    --------          -------      -------  ---------------------  -------------------      -------      -------  ---------------------  -------------------  


------------------------------------------------------------------------------------------------
| Other Path Groups Table
| -----------------------
------------------------------------------------------------------------------------------------

Path Group         From Clock         To Clock               WNS(ns)      TNS(ns)  TNS Failing Endpoints  TNS Total Endpoints      WHS(ns)      THS(ns)  THS Failing Endpoints  THS Total Endpoints  
----------         ----------         --------               -------      -------  ---------------------  -------------------      -------      -------  ---------------------  -------------------  
**async_default**  core_clk           core_clk                 2.020        0.000                      0                 2904        1.162        0.000                      0                 2904  


------------------------------------------------------------------------------------------------
| Timing Details
| --------------
------------------------------------------------------------------------------------------------


---------------------------------------------------------------------------------------------------
From Clock:  core_clk
  To Clock:  core_clk

Setup :         4007  Failing Endpoints,  Worst Slack       -1.347ns,  Total Violation    -5118.560ns
Hold  :            0  Failing Endpoints,  Worst Slack        0.183ns,  Total Violation        0.000ns
PW    :            0  Failing Endpoints,  Worst Slack        1.646ns,  Total Violation        0.000ns
---------------------------------------------------------------------------------------------------


Max Delay Paths
--------------------------------------------------------------------------------------
Slack (VIOLATED) :        -1.347ns  (required time - arrival time)
  Source:                 encoder/channels[0].channel/table_cache_reg/CLKARDCLK
                            (rising edge-triggered cell RAMB18E1 clocked by core_clk  {rise@0.000ns fall@2.500ns period=5.000ns})
  Destination:            encoder/channels[0].channel/core/quant/qt_reg[100][0]/CE
                            (rising edge-triggered cell FDRE clocked by core_clk  {rise@0.000ns fall@2.500ns period=5.000ns})
  Path Group:             core_clk
  Path Type:              Setup (Max at Slow Process Corner)
  Requirement:            5.000ns  (core_clk rise@5.000ns - core_clk rise@0.000ns)
  Data Path Delay:        6.108ns  (logic 2.650ns (43.389%)  route 3.458ns (56.611%))
  Logic Levels:           5  (LUT4=2 LUT6=3)
  Clock Path Skew:        -0.039ns (DCD - SCD + CPR)
    Destination Clock Delay (DCD):    0.748ns = ( 5.748 - 5.000 ) 
    Source Clock Delay      (SCD):    0.787ns
    Clock Pessimism Removal (CPR):    0.000ns
  Clock Uncertainty:      0.035ns  ((TSJ^2 + TIJ^2)^1/2 + DJ) / 2 + PE
    Total System Jitter     (TSJ):    0.071ns
    Total Input Jitter      (TIJ):    0.000ns
    Discrete Jitter          (DJ):    0.000ns
    Phase Error              (PE):    0.000ns

    Location             Delay type                Incr(ns)  Path(ns)    Netlist Resource(s)
  -------------------------------------------------------------------    -------------------
                         (clock core_clk rise edge)
                                                      0.000     0.000 r  
                                                      0.000     0.000 r  clk (IN)
                         net (fo=16308, unset)        0.787     0.787    encoder/channels[0].channel/clk
                         RAMB18E1                                     r  encoder/channels[0].channel/table_cache_reg/CLKARDCLK
  -------------------------------------------------------------------    -------------------
                         RAMB18E1 (Prop_ramb18e1_CLKARDCLK_DOADO[14])
                                                      2.125     2.912 r  encoder/channels[0].channel/table_cache_reg/DOADO[14]
                         net (fo=1, unplaced)         0.646     3.558    encoder/channels[0].channel/core/quant/restore_data[14]
                         LUT4 (Prop_lut4_I0_O)        0.105     3.663 r  encoder/channels[0].channel/core/quant/rt[127][6]_i_1/O
                         net (fo=129, unplaced)       0.688     4.351    encoder/channels[0].channel/core/quant/rt[127][6]_i_1_n_0
                         LUT4 (Prop_lut4_I1_O)        0.105     4.456 r  encoder/channels[0].channel/core/quant/config_error_i_8/O
                         net (fo=2, unplaced)         0.593     5.049    encoder/channels[0].channel/core/quant/config_error_i_8_n_0
                         LUT6 (Prop_lut6_I0_O)        0.105     5.154 r  encoder/channels[0].channel/core/quant/config_error_i_3/O
                         net (fo=22, unplaced)        0.644     5.798    encoder/channels[0].channel/core/quant/config_error_i_3_n_0
                         LUT6 (Prop_lut6_I0_O)        0.105     5.903 r  encoder/channels[0].channel/core/quant/qt[127][7]_i_3/O
                         net (fo=126, unplaced)       0.452     6.355    encoder/channels[0].channel/core/quant/qt[127][7]_i_3_n_0
                         LUT6 (Prop_lut6_I0_O)        0.105     6.460 r  encoder/channels[0].channel/core/quant/qt[100][7]_i_1/O
                         net (fo=29, unplaced)        0.435     6.895    encoder/channels[0].channel/core/quant/qt[100][7]_i_1_n_0
                         FDRE                                         r  encoder/channels[0].channel/core/quant/qt_reg[100][0]/CE
  -------------------------------------------------------------------    -------------------

                         (clock core_clk rise edge)
                                                      5.000     5.000 r  
                                                      0.000     5.000 r  clk (IN)
                         net (fo=16308, unset)        0.748     5.748    encoder/channels[0].channel/core/quant/clk
                         FDRE                                         r  encoder/channels[0].channel/core/quant/qt_reg[100][0]/C
                         clock pessimism              0.000     5.748    
                         clock uncertainty           -0.035     5.712    
                         FDRE (Setup_fdre_C_CE)      -0.165     5.547    encoder/channels[0].channel/core/quant/qt_reg[100][0]
  -------------------------------------------------------------------
                         required time                          5.547    
                         arrival time                          -6.895    
  -------------------------------------------------------------------
                         slack                                 -1.347    





Min Delay Paths
--------------------------------------------------------------------------------------
Slack (MET) :             0.183ns  (arrival time - required time)
  Source:                 encoder/channels[0].channel/core/dct/selected_tag_reg[0]/C
                            (rising edge-triggered cell FDRE clocked by core_clk  {rise@0.000ns fall@2.500ns period=5.000ns})
  Destination:            encoder/channels[0].channel/core/dct/engine/t2_reg[0]_srl2_encoder_channels_c_0/D
                            (rising edge-triggered cell SRL16E clocked by core_clk  {rise@0.000ns fall@2.500ns period=5.000ns})
  Path Group:             core_clk
  Path Type:              Hold (Min at Fast Process Corner)
  Requirement:            0.000ns  (core_clk rise@0.000ns - core_clk rise@0.000ns)
  Data Path Delay:        0.268ns  (logic 0.141ns (52.621%)  route 0.127ns (47.379%))
  Logic Levels:           0  
  Clock Path Skew:        0.021ns (DCD - SCD - CPR)
    Destination Clock Delay (DCD):    0.411ns
    Source Clock Delay      (SCD):    0.390ns
    Clock Pessimism Removal (CPR):    -0.000ns

    Location             Delay type                Incr(ns)  Path(ns)    Netlist Resource(s)
  -------------------------------------------------------------------    -------------------
                         (clock core_clk rise edge)
                                                      0.000     0.000 r  
                                                      0.000     0.000 r  clk (IN)
                         net (fo=16308, unset)        0.390     0.390    encoder/channels[0].channel/core/dct/clk
                         FDRE                                         r  encoder/channels[0].channel/core/dct/selected_tag_reg[0]/C
  -------------------------------------------------------------------    -------------------
                         FDRE (Prop_fdre_C_Q)         0.141     0.531 r  encoder/channels[0].channel/core/dct/selected_tag_reg[0]/Q
                         net (fo=1, unplaced)         0.127     0.658    encoder/channels[0].channel/core/dct/engine/Q[0]
                         SRL16E                                       r  encoder/channels[0].channel/core/dct/engine/t2_reg[0]_srl2_encoder_channels_c_0/D
  -------------------------------------------------------------------    -------------------

                         (clock core_clk rise edge)
                                                      0.000     0.000 r  
                                                      0.000     0.000 r  clk (IN)
                         net (fo=16308, unset)        0.411     0.411    encoder/channels[0].channel/core/dct/engine/clk
                         SRL16E                                       r  encoder/channels[0].channel/core/dct/engine/t2_reg[0]_srl2_encoder_channels_c_0/CLK
                         clock pessimism              0.000     0.411    
                         SRL16E (Hold_srl16e_CLK_D)
                                                      0.064     0.475    encoder/channels[0].channel/core/dct/engine/t2_reg[0]_srl2_encoder_channels_c_0
  -------------------------------------------------------------------
                         required time                         -0.475    
                         arrival time                           0.658    
  -------------------------------------------------------------------
                         slack                                  0.183    





Pulse Width Checks
--------------------------------------------------------------------------------------
Clock Name:         core_clk
Waveform(ns):       { 0.000 2.500 }
Period(ns):         5.000
Sources:            { clk }

Check Type        Corner  Lib Pin      Reference Pin  Required(ns)  Actual(ns)  Slack(ns)  Location  Pin
Min Period        n/a     DSP48E1/CLK  n/a            3.272         5.000       1.728                encoder/channels[0].channel/core/quant/p_0_out__1/CLK
Low Pulse Width   Slow    SRL16E/CLK   n/a            0.854         2.500       1.646                encoder/channels[0].channel/core/dct/engine/t2_reg[0]_srl2_encoder_channels_c_0/CLK
High Pulse Width  Slow    SRL16E/CLK   n/a            0.854         2.500       1.646                encoder/channels[0].channel/core/dct/engine/t2_reg[0]_srl2_encoder_channels_c_0/CLK



---------------------------------------------------------------------------------------------------
Path Group:  **async_default**
From Clock:  core_clk
  To Clock:  core_clk

Setup :            0  Failing Endpoints,  Worst Slack        2.020ns,  Total Violation        0.000ns
Hold  :            0  Failing Endpoints,  Worst Slack        1.162ns,  Total Violation        0.000ns
---------------------------------------------------------------------------------------------------


Max Delay Paths
--------------------------------------------------------------------------------------
Slack (MET) :             2.020ns  (required time - arrival time)
  Source:                 encoder/channels[0].channel/recovery_reg[0]/C
                            (rising edge-triggered cell FDCE clocked by core_clk  {rise@0.000ns fall@2.500ns period=5.000ns})
  Destination:            chosen_reg[0][20]_i_3/CLR
                            (recovery check against rising-edge clock core_clk  {rise@0.000ns fall@2.500ns period=5.000ns})
  Path Group:             **async_default**
  Path Type:              Recovery (Max at Slow Process Corner)
  Requirement:            5.000ns  (core_clk rise@5.000ns - core_clk rise@0.000ns)
  Data Path Delay:        2.571ns  (logic 0.716ns (27.849%)  route 1.855ns (72.151%))
  Logic Levels:           2  (LUT1=1 LUT3=1)
  Clock Path Skew:        -0.039ns (DCD - SCD + CPR)
    Destination Clock Delay (DCD):    0.748ns = ( 5.748 - 5.000 ) 
    Source Clock Delay      (SCD):    0.787ns
    Clock Pessimism Removal (CPR):    0.000ns
  Clock Uncertainty:      0.035ns  ((TSJ^2 + TIJ^2)^1/2 + DJ) / 2 + PE
    Total System Jitter     (TSJ):    0.071ns
    Total Input Jitter      (TIJ):    0.000ns
    Discrete Jitter          (DJ):    0.000ns
    Phase Error              (PE):    0.000ns

    Location             Delay type                Incr(ns)  Path(ns)    Netlist Resource(s)
  -------------------------------------------------------------------    -------------------
                         (clock core_clk rise edge)
                                                      0.000     0.000 r  
                                                      0.000     0.000 r  clk (IN)
                         net (fo=16308, unset)        0.787     0.787    encoder/channels[0].channel/clk
                         FDCE                                         r  encoder/channels[0].channel/recovery_reg[0]/C
  -------------------------------------------------------------------    -------------------
                         FDCE (Prop_fdce_C_Q)         0.379     1.166 f  encoder/channels[0].channel/recovery_reg[0]/Q
                         net (fo=49, unplaced)        0.681     1.847    encoder/channels[0].channel/core/quant/recovery[0]
                         LUT3 (Prop_lut3_I0_O)        0.232     2.079 r  encoder/channels[0].channel/core/quant/config_error_i_7/O
                         net (fo=10, unplaced)        0.390     2.469    encoder/channels[0].channel/core/huff/core_rst_n
                         LUT1 (Prop_lut1_I0_O)        0.105     2.574 f  encoder/channels[0].channel/core/huff/config_error_i_2/O
                         net (fo=2904, unplaced)      0.784     3.358    encoder_n_1
                         FDCE                                         f  chosen_reg[0][20]_i_3/CLR
  -------------------------------------------------------------------    -------------------

                         (clock core_clk rise edge)
                                                      5.000     5.000 r  
                                                      0.000     5.000 r  clk (IN)
                         net (fo=16308, unset)        0.748     5.748    clk
                         FDCE                                         r  chosen_reg[0][20]_i_3/C
                         clock pessimism              0.000     5.748    
                         clock uncertainty           -0.035     5.712    
                         FDCE (Recov_fdce_C_CLR)     -0.334     5.378    chosen_reg[0][20]_i_3
  -------------------------------------------------------------------
                         required time                          5.378    
                         arrival time                          -3.358    
  -------------------------------------------------------------------
                         slack                                  2.020    





Min Delay Paths
--------------------------------------------------------------------------------------
Slack (MET) :             1.162ns  (arrival time - required time)
  Source:                 encoder/channels[0].channel/recovery_reg[1]/C
                            (rising edge-triggered cell FDCE clocked by core_clk  {rise@0.000ns fall@2.500ns period=5.000ns})
  Destination:            chosen_reg[0][20]_i_3/CLR
                            (removal check against rising-edge clock core_clk  {rise@0.000ns fall@2.500ns period=5.000ns})
  Path Group:             **async_default**
  Path Type:              Removal (Min at Fast Process Corner)
  Requirement:            0.000ns  (core_clk rise@0.000ns - core_clk rise@0.000ns)
  Data Path Delay:        1.088ns  (logic 0.284ns (26.094%)  route 0.804ns (73.906%))
  Logic Levels:           2  (LUT1=1 LUT3=1)
  Clock Path Skew:        0.021ns (DCD - SCD - CPR)
    Destination Clock Delay (DCD):    0.411ns
    Source Clock Delay      (SCD):    0.390ns
    Clock Pessimism Removal (CPR):    -0.000ns

    Location             Delay type                Incr(ns)  Path(ns)    Netlist Resource(s)
  -------------------------------------------------------------------    -------------------
                         (clock core_clk rise edge)
                                                      0.000     0.000 r  
                                                      0.000     0.000 r  clk (IN)
                         net (fo=16308, unset)        0.390     0.390    encoder/channels[0].channel/clk
                         FDCE                                         r  encoder/channels[0].channel/recovery_reg[1]/C
  -------------------------------------------------------------------    -------------------
                         FDCE (Prop_fdce_C_Q)         0.141     0.531 r  encoder/channels[0].channel/recovery_reg[1]/Q
                         net (fo=57, unplaced)        0.222     0.753    encoder/channels[0].channel/core/quant/recovery[1]
                         LUT3 (Prop_lut3_I1_O)        0.098     0.851 r  encoder/channels[0].channel/core/quant/config_error_i_7/O
                         net (fo=10, unplaced)        0.193     1.045    encoder/channels[0].channel/core/huff/core_rst_n
                         LUT1 (Prop_lut1_I0_O)        0.045     1.090 f  encoder/channels[0].channel/core/huff/config_error_i_2/O
                         net (fo=2904, unplaced)      0.389     1.479    encoder_n_1
                         FDCE                                         f  chosen_reg[0][20]_i_3/CLR
  -------------------------------------------------------------------    -------------------

                         (clock core_clk rise edge)
                                                      0.000     0.000 r  
                                                      0.000     0.000 r  clk (IN)
                         net (fo=16308, unset)        0.411     0.411    clk
                         FDCE                                         r  chosen_reg[0][20]_i_3/C
                         clock pessimism              0.000     0.411    
                         FDCE (Remov_fdce_C_CLR)     -0.094     0.317    chosen_reg[0][20]_i_3
  -------------------------------------------------------------------
                         required time                         -0.317    
                         arrival time                           1.479    
  -------------------------------------------------------------------
                         slack                                  1.162    





