Copyright 1986-2020 Xilinx, Inc. All Rights Reserved.
-------------------------------------------------------------------------------------------------------------------------
| Tool Version : Vivado v.2020.1 (win64) Build 2902540 Wed May 27 19:54:49 MDT 2020
| Date         : Mon Sep 28 15:38:51 2026
| Host         : LAPTOP-JC5LPK9T running 64-bit major release  (build 9200)
| Command      : report_bus_skew -file F:/zju/dasanshangkecheng/HDL/mjpeg/reports/ddr3/full_20260928_152815/bus_skew.rpt
| Design       : davinci_mjpeg_ddr3_top
| Device       : 7a35t-fgg484
| Speed File   : -2  PRODUCTION 1.23 2018-06-13
-------------------------------------------------------------------------------------------------------------------------

Bus Skew Report

Table of Contents
-----------------
1. Bus Skew Report Summary
2. Bus Skew Report Per Constraint

1. Bus Skew Report Summary
--------------------------

Id  Position  From                            To                              Corner  Requirement(ns)  Actual(ns)  Slack(ns)
--  --------  ------------------------------  ------------------------------  ------  ---------------  ----------  ---------
1   27        [get_cells -hier -filter {IS_SEQUENTIAL == 1 && (NAME =~ *tx_fifo/wgray_reg* || NAME =~ *tx_fifo/wbin_reg*)}]
                                              [get_cells -hier -filter {IS_SEQUENTIAL == 1 && NAME =~ *tx_fifo/wgray_r1_reg*}]
                                                                              Slow             10.000       1.040      8.960
2   29        [get_cells -hier -filter {IS_SEQUENTIAL == 1 && (NAME =~ *tx_fifo/rgray_reg* || NAME =~ *tx_fifo/rbin_reg*)}]
                                              [get_cells -hier -filter {IS_SEQUENTIAL == 1 && NAME =~ *tx_fifo/rgray_w1_reg*}]
                                                                              Slow             16.667       0.875     15.792
3   31        [get_cells -hier -filter {IS_SEQUENTIAL == 1 && (NAME =~ *rx_fifo/wgray_reg* || NAME =~ *rx_fifo/wbin_reg*)}]
                                              [get_cells -hier -filter {IS_SEQUENTIAL == 1 && NAME =~ *rx_fifo/wgray_r1_reg*}]
                                                                              Slow             16.667       0.905     15.762
4   33        [get_cells -hier -filter {IS_SEQUENTIAL == 1 && (NAME =~ *rx_fifo/rgray_reg* || NAME =~ *rx_fifo/rbin_reg*)}]
                                              [get_cells -hier -filter {IS_SEQUENTIAL == 1 && NAME =~ *rx_fifo/rgray_w1_reg*}]
                                                                              Slow             10.000       1.093      8.907
5   40        [get_cells -hier -filter {IS_SEQUENTIAL == 1 && (NAME =~ *pixel_fifo/wgray_reg* || NAME =~ *pixel_fifo/wbin_reg*)}]
                                              [get_cells -hier -filter {IS_SEQUENTIAL == 1 && NAME =~ *pixel_fifo/wgray_r1_reg*}]
                                                                              Slow             13.250       0.963     12.287
6   42        [get_cells -hier -filter {IS_SEQUENTIAL == 1 && (NAME =~ *pixel_fifo/rgray_reg* || NAME =~ *pixel_fifo/rbin_reg*)}]
                                              [get_cells -hier -filter {IS_SEQUENTIAL == 1 && NAME =~ *pixel_fifo/rgray_w1_reg*}]
                                                                              Slow             10.000       0.876      9.124
7   44        [get_cells -hier -filter {IS_SEQUENTIAL == 1 && (NAME =~ *capture/*_gray_reg* || NAME =~ *capture/*_bin_reg*)}]
                                              [get_cells -hier -filter {IS_SEQUENTIAL == 1 && NAME =~ *capture/*_c1_reg*}]
                                                                              Slow             13.250       1.254     11.996


2. Bus Skew Report Per Constraint
---------------------------------

Id: 1
set_bus_skew -from [get_cells -hier -filter {IS_SEQUENTIAL == 1 && (NAME =~ *tx_fifo/wgray_reg* || NAME =~ *tx_fifo/wbin_reg*)}] -to [get_cells -hier -filter {IS_SEQUENTIAL == 1 && NAME =~ *tx_fifo/wgray_r1_reg*}] 10.000
Requirement: 10.000ns
Endpoints: 14

From Clock            To Clock              Endpoint Pin                    Reference Pin                   Corner  Actual(ns)  Slack(ns)
--------------------  --------------------  ------------------------------  ------------------------------  ------  ----------  ---------
core_raw              usb_clk               synchronous.tx_fifo/wgray_r1_reg[12]/D
                                                                            synchronous.tx_fifo/wgray_r1_reg[1]/D
                                                                                                            Slow         1.040      8.960


Slack (MET) :             8.960ns  (requirement - actual skew)
  Endpoint Source:        synchronous.tx_fifo/wgray_reg[12]/C
                            (rising edge-triggered cell FDCE clocked by core_raw)
  Endpoint Destination:   synchronous.tx_fifo/wgray_r1_reg[12]/D
                            (rising edge-triggered cell FDCE clocked by usb_clk)
  Reference Source:       synchronous.tx_fifo/wgray_reg[1]/C
                            (rising edge-triggered cell FDCE clocked by core_raw)
  Reference Destination:  synchronous.tx_fifo/wgray_r1_reg[1]/D
                            (rising edge-triggered cell FDCE clocked by usb_clk)
  Path Type:              Bus Skew (Max at Slow Process Corner)
  Requirement:            10.000ns
  Endpoint Relative Delay:   -3.694ns
  Reference Relative Delay:  -5.259ns
  Relative CRPR:              0.657ns
  Uncertainty:                0.131ns
  Actual Bus Skew:            1.040ns  (Endpoint Relative Delay - Reference Relative Delay - Relative CRPR + Uncertainty)

Endpoint path:
    Location             Delay type                Incr(ns)  Path(ns)    Netlist Resource(s)
  -------------------------------------------------------------------    -------------------
                         (clock core_raw rise edge)
                                                      0.000     0.000 r  
    R4                                                0.000     0.000 r  sys_clk (IN)
                         net (fo=0)                   0.000     0.000    sys_clk
    R4                   IBUF (Prop_ibuf_I_O)         1.432     1.432 r  sys_clk_IBUF_inst/O
                         net (fo=1, routed)           1.065     2.497    multiplied_clock.clock_generator/sys_clk_IBUF
    MMCME2_ADV_X1Y0      MMCME2_ADV (Prop_mmcme2_adv_CLKIN1_CLKOUT0)
                                                     -5.921    -3.424 r  multiplied_clock.clock_generator/mmcm/CLKOUT0
                         net (fo=1, routed)           1.421    -2.004    multiplied_clock.clock_generator/core_raw
    BUFGCTRL_X0Y2        BUFG (Prop_bufg_I_O)         0.081    -1.923 r  multiplied_clock.clock_generator/core_buffer/O
                         net (fo=14731, routed)       1.439    -0.484    synchronous.tx_fifo/core_clk
    SLICE_X59Y4          FDCE                                         r  synchronous.tx_fifo/wgray_reg[12]/C
  -------------------------------------------------------------------    -------------------
    SLICE_X59Y4          FDCE (Prop_fdce_C_Q)         0.348    -0.136 r  synchronous.tx_fifo/wgray_reg[12]/Q
                         net (fo=1, routed)           0.649     0.513    synchronous.tx_fifo/wgray[12]
    SLICE_X60Y6          FDCE                                         r  synchronous.tx_fifo/wgray_r1_reg[12]/D
  -------------------------------------------------------------------    -------------------

                         (clock usb_clk rise edge)    0.000     0.000 r  
    Y4                                                0.000     0.000 r  usb_clk_60m (IN)
                         net (fo=0)                   0.000     0.000    usb_clk_60m
    Y4                   IBUF (Prop_ibuf_I_O)         1.372     1.372 r  usb_clk_60m_IBUF_inst/O
                         net (fo=1, routed)           1.599     2.972    usb_clk_60m_IBUF
    BUFGCTRL_X0Y0        BUFG (Prop_bufg_I_O)         0.077     3.049 r  synchronous.usb_clock_buffer/O
                         net (fo=1013, routed)        1.330     4.378    synchronous.tx_fifo/synchronous.usb_clk
    SLICE_X60Y6          FDCE                                         r  synchronous.tx_fifo/wgray_r1_reg[12]/C
                         clock pessimism              0.000     4.378    
    SLICE_X60Y6          FDCE (Setup_fdce_C_D)       -0.172     4.206    synchronous.tx_fifo/wgray_r1_reg[12]
  -------------------------------------------------------------------
                         data arrival                           0.513    
                         clock arrival                          4.206    
  -------------------------------------------------------------------
                         relative delay                        -3.694    

Reference path:
    Location             Delay type                Incr(ns)  Path(ns)    Netlist Resource(s)
  -------------------------------------------------------------------    -------------------
                         (clock core_raw rise edge)
                                                      0.000     0.000 r  
    R4                                                0.000     0.000 r  sys_clk (IN)
                         net (fo=0)                   0.000     0.000    sys_clk
    R4                   IBUF (Prop_ibuf_I_O)         1.366     1.366 r  sys_clk_IBUF_inst/O
                         net (fo=1, routed)           1.004     2.369    multiplied_clock.clock_generator/sys_clk_IBUF
    MMCME2_ADV_X1Y0      MMCME2_ADV (Prop_mmcme2_adv_CLKIN1_CLKOUT0)
                                                     -6.057    -3.688 r  multiplied_clock.clock_generator/mmcm/CLKOUT0
                         net (fo=1, routed)           1.352    -2.335    multiplied_clock.clock_generator/core_raw
    BUFGCTRL_X0Y2        BUFG (Prop_bufg_I_O)         0.077    -2.258 r  multiplied_clock.clock_generator/core_buffer/O
                         net (fo=14731, routed)       1.330    -0.929    synchronous.tx_fifo/core_clk
    SLICE_X59Y0          FDCE                                         r  synchronous.tx_fifo/wgray_reg[1]/C
  -------------------------------------------------------------------    -------------------
    SLICE_X59Y0          FDCE (Prop_fdce_C_Q)         0.304    -0.625 r  synchronous.tx_fifo/wgray_reg[1]/Q
                         net (fo=1, routed)           0.200    -0.425    synchronous.tx_fifo/wgray[1]
    SLICE_X60Y0          FDCE                                         r  synchronous.tx_fifo/wgray_r1_reg[1]/D
  -------------------------------------------------------------------    -------------------

                         (clock usb_clk rise edge)    0.000     0.000 r  
    Y4                                                0.000     0.000 r  usb_clk_60m (IN)
                         net (fo=0)                   0.000     0.000    usb_clk_60m
    Y4                   IBUF (Prop_ibuf_I_O)         1.439     1.439 r  usb_clk_60m_IBUF_inst/O
                         net (fo=1, routed)           1.689     3.127    usb_clk_60m_IBUF
    BUFGCTRL_X0Y0        BUFG (Prop_bufg_I_O)         0.081     3.208 r  synchronous.usb_clock_buffer/O
                         net (fo=1013, routed)        1.439     4.647    synchronous.tx_fifo/synchronous.usb_clk
    SLICE_X60Y0          FDCE                                         r  synchronous.tx_fifo/wgray_r1_reg[1]/C
                         clock pessimism              0.000     4.647    
    SLICE_X60Y0          FDCE (Hold_fdce_C_D)         0.187     4.834    synchronous.tx_fifo/wgray_r1_reg[1]
  -------------------------------------------------------------------
                         data arrival                          -0.425    
                         clock arrival                          4.834    
  -------------------------------------------------------------------
                         relative delay                        -5.259    



Id: 2
set_bus_skew -from [get_cells -hier -filter {IS_SEQUENTIAL == 1 && (NAME =~ *tx_fifo/rgray_reg* || NAME =~ *tx_fifo/rbin_reg*)}] -to [get_cells -hier -filter {IS_SEQUENTIAL == 1 && NAME =~ *tx_fifo/rgray_w1_reg*}] 16.667
Requirement: 16.667ns
Endpoints: 14

From Clock            To Clock              Endpoint Pin                    Reference Pin                   Corner  Actual(ns)  Slack(ns)
--------------------  --------------------  ------------------------------  ------------------------------  ------  ----------  ---------
usb_clk               core_raw              synchronous.tx_fifo/rgray_w1_reg[6]/D
                                                                            synchronous.tx_fifo/rgray_w1_reg[13]/D
                                                                                                            Slow         0.875     15.792


Slack (MET) :             15.792ns  (requirement - actual skew)
  Endpoint Source:        synchronous.tx_fifo/rgray_reg[6]/C
                            (rising edge-triggered cell FDCE clocked by usb_clk)
  Endpoint Destination:   synchronous.tx_fifo/rgray_w1_reg[6]/D
                            (rising edge-triggered cell FDCE clocked by core_raw)
  Reference Source:       synchronous.tx_fifo/rgray_reg[13]/C
                            (rising edge-triggered cell FDCE clocked by usb_clk)
  Reference Destination:  synchronous.tx_fifo/rgray_w1_reg[13]/D
                            (rising edge-triggered cell FDCE clocked by core_raw)
  Path Type:              Bus Skew (Max at Slow Process Corner)
  Requirement:            16.667ns
  Endpoint Relative Delay:    6.624ns
  Reference Relative Delay:   5.238ns
  Relative CRPR:              0.642ns
  Uncertainty:                0.131ns
  Actual Bus Skew:            0.875ns  (Endpoint Relative Delay - Reference Relative Delay - Relative CRPR + Uncertainty)

Endpoint path:
    Location             Delay type                Incr(ns)  Path(ns)    Netlist Resource(s)
  -------------------------------------------------------------------    -------------------
                         (clock usb_clk rise edge)    0.000     0.000 r  
    Y4                                                0.000     0.000 r  usb_clk_60m (IN)
                         net (fo=0)                   0.000     0.000    usb_clk_60m
    Y4                   IBUF (Prop_ibuf_I_O)         1.439     1.439 r  usb_clk_60m_IBUF_inst/O
                         net (fo=1, routed)           1.689     3.127    usb_clk_60m_IBUF
    BUFGCTRL_X0Y0        BUFG (Prop_bufg_I_O)         0.081     3.208 r  synchronous.usb_clock_buffer/O
                         net (fo=1013, routed)        1.439     4.647    synchronous.tx_fifo/synchronous.usb_clk
    SLICE_X59Y1          FDCE                                         r  synchronous.tx_fifo/rgray_reg[6]/C
  -------------------------------------------------------------------    -------------------
    SLICE_X59Y1          FDCE (Prop_fdce_C_Q)         0.348     4.995 r  synchronous.tx_fifo/rgray_reg[6]/Q
                         net (fo=1, routed)           0.427     5.422    synchronous.tx_fifo/rgray[6]
    SLICE_X57Y1          FDCE                                         r  synchronous.tx_fifo/rgray_w1_reg[6]/D
  -------------------------------------------------------------------    -------------------

                         (clock core_raw rise edge)
                                                      0.000     0.000 r  
    R4                                                0.000     0.000 r  sys_clk (IN)
                         net (fo=0)                   0.000     0.000    sys_clk
    R4                   IBUF (Prop_ibuf_I_O)         1.366     1.366 r  sys_clk_IBUF_inst/O
                         net (fo=1, routed)           1.004     2.369    multiplied_clock.clock_generator/sys_clk_IBUF
    MMCME2_ADV_X1Y0      MMCME2_ADV (Prop_mmcme2_adv_CLKIN1_CLKOUT0)
                                                     -6.057    -3.688 r  multiplied_clock.clock_generator/mmcm/CLKOUT0
                         net (fo=1, routed)           1.352    -2.335    multiplied_clock.clock_generator/core_raw
    BUFGCTRL_X0Y2        BUFG (Prop_bufg_I_O)         0.077    -2.258 r  multiplied_clock.clock_generator/core_buffer/O
                         net (fo=14731, routed)       1.264    -0.995    synchronous.tx_fifo/core_clk
    SLICE_X57Y1          FDCE                                         r  synchronous.tx_fifo/rgray_w1_reg[6]/C
                         clock pessimism              0.000    -0.995    
    SLICE_X57Y1          FDCE (Setup_fdce_C_D)       -0.208    -1.203    synchronous.tx_fifo/rgray_w1_reg[6]
  -------------------------------------------------------------------
                         data arrival                           5.422    
                         clock arrival                         -1.203    
  -------------------------------------------------------------------
                         relative delay                         6.624    

Reference path:
    Location             Delay type                Incr(ns)  Path(ns)    Netlist Resource(s)
  -------------------------------------------------------------------    -------------------
                         (clock usb_clk rise edge)    0.000     0.000 r  
    Y4                                                0.000     0.000 r  usb_clk_60m (IN)
                         net (fo=0)                   0.000     0.000    usb_clk_60m
    Y4                   IBUF (Prop_ibuf_I_O)         1.372     1.372 r  usb_clk_60m_IBUF_inst/O
                         net (fo=1, routed)           1.599     2.972    usb_clk_60m_IBUF
    BUFGCTRL_X0Y0        BUFG (Prop_bufg_I_O)         0.077     3.049 r  synchronous.usb_clock_buffer/O
                         net (fo=1013, routed)        1.330     4.378    synchronous.tx_fifo/synchronous.usb_clk
    SLICE_X61Y3          FDCE                                         r  synchronous.tx_fifo/rgray_reg[13]/C
  -------------------------------------------------------------------    -------------------
    SLICE_X61Y3          FDCE (Prop_fdce_C_Q)         0.304     4.682 r  synchronous.tx_fifo/rgray_reg[13]/Q
                         net (fo=1, routed)           0.212     4.894    synchronous.tx_fifo/rgray[13]
    SLICE_X63Y2          FDCE                                         r  synchronous.tx_fifo/rgray_w1_reg[13]/D
  -------------------------------------------------------------------    -------------------

                         (clock core_raw rise edge)
                                                      0.000     0.000 r  
    R4                                                0.000     0.000 r  sys_clk (IN)
                         net (fo=0)                   0.000     0.000    sys_clk
    R4                   IBUF (Prop_ibuf_I_O)         1.432     1.432 r  sys_clk_IBUF_inst/O
                         net (fo=1, routed)           1.065     2.497    multiplied_clock.clock_generator/sys_clk_IBUF
    MMCME2_ADV_X1Y0      MMCME2_ADV (Prop_mmcme2_adv_CLKIN1_CLKOUT0)
                                                     -5.921    -3.424 r  multiplied_clock.clock_generator/mmcm/CLKOUT0
                         net (fo=1, routed)           1.421    -2.004    multiplied_clock.clock_generator/core_raw
    BUFGCTRL_X0Y2        BUFG (Prop_bufg_I_O)         0.081    -1.923 r  multiplied_clock.clock_generator/core_buffer/O
                         net (fo=14731, routed)       1.441    -0.482    synchronous.tx_fifo/core_clk
    SLICE_X63Y2          FDCE                                         r  synchronous.tx_fifo/rgray_w1_reg[13]/C
                         clock pessimism              0.000    -0.482    
    SLICE_X63Y2          FDCE (Hold_fdce_C_D)         0.138    -0.344    synchronous.tx_fifo/rgray_w1_reg[13]
  -------------------------------------------------------------------
                         data arrival                           4.894    
                         clock arrival                         -0.344    
  -------------------------------------------------------------------
                         relative delay                         5.238    



Id: 3
set_bus_skew -from [get_cells -hier -filter {IS_SEQUENTIAL == 1 && (NAME =~ *rx_fifo/wgray_reg* || NAME =~ *rx_fifo/wbin_reg*)}] -to [get_cells -hier -filter {IS_SEQUENTIAL == 1 && NAME =~ *rx_fifo/wgray_r1_reg*}] 16.667
Requirement: 16.667ns
Endpoints: 9

From Clock            To Clock              Endpoint Pin                    Reference Pin                   Corner  Actual(ns)  Slack(ns)
--------------------  --------------------  ------------------------------  ------------------------------  ------  ----------  ---------
usb_clk               core_raw              synchronous.rx_fifo/wgray_r1_reg[8]/D
                                                                            synchronous.rx_fifo/wgray_r1_reg[2]/D
                                                                                                            Slow         0.905     15.762


Slack (MET) :             15.762ns  (requirement - actual skew)
  Endpoint Source:        synchronous.rx_fifo/wbin_reg[8]/C
                            (rising edge-triggered cell FDCE clocked by usb_clk)
  Endpoint Destination:   synchronous.rx_fifo/wgray_r1_reg[8]/D
                            (rising edge-triggered cell FDCE clocked by core_raw)
  Reference Source:       synchronous.rx_fifo/wgray_reg[2]/C
                            (rising edge-triggered cell FDCE clocked by usb_clk)
  Reference Destination:  synchronous.rx_fifo/wgray_r1_reg[2]/D
                            (rising edge-triggered cell FDCE clocked by core_raw)
  Path Type:              Bus Skew (Max at Slow Process Corner)
  Requirement:            16.667ns
  Endpoint Relative Delay:    6.681ns
  Reference Relative Delay:   5.240ns
  Relative CRPR:              0.667ns
  Uncertainty:                0.131ns
  Actual Bus Skew:            0.905ns  (Endpoint Relative Delay - Reference Relative Delay - Relative CRPR + Uncertainty)

Endpoint path:
    Location             Delay type                Incr(ns)  Path(ns)    Netlist Resource(s)
  -------------------------------------------------------------------    -------------------
                         (clock usb_clk rise edge)    0.000     0.000 r  
    Y4                                                0.000     0.000 r  usb_clk_60m (IN)
                         net (fo=0)                   0.000     0.000    usb_clk_60m
    Y4                   IBUF (Prop_ibuf_I_O)         1.439     1.439 r  usb_clk_60m_IBUF_inst/O
                         net (fo=1, routed)           1.689     3.127    usb_clk_60m_IBUF
    BUFGCTRL_X0Y0        BUFG (Prop_bufg_I_O)         0.081     3.208 r  synchronous.usb_clock_buffer/O
                         net (fo=1013, routed)        1.425     4.633    synchronous.rx_fifo/synchronous.usb_clk
    SLICE_X62Y27         FDCE                                         r  synchronous.rx_fifo/wbin_reg[8]/C
  -------------------------------------------------------------------    -------------------
    SLICE_X62Y27         FDCE (Prop_fdce_C_Q)         0.379     5.012 r  synchronous.rx_fifo/wbin_reg[8]/Q
                         net (fo=4, routed)           0.655     5.667    synchronous.rx_fifo/wbin_reg_n_0_[8]
    SLICE_X58Y28         FDCE                                         r  synchronous.rx_fifo/wgray_r1_reg[8]/D
  -------------------------------------------------------------------    -------------------

                         (clock core_raw rise edge)
                                                      0.000     0.000 r  
    R4                                                0.000     0.000 r  sys_clk (IN)
                         net (fo=0)                   0.000     0.000    sys_clk
    R4                   IBUF (Prop_ibuf_I_O)         1.366     1.366 r  sys_clk_IBUF_inst/O
                         net (fo=1, routed)           1.004     2.369    multiplied_clock.clock_generator/sys_clk_IBUF
    MMCME2_ADV_X1Y0      MMCME2_ADV (Prop_mmcme2_adv_CLKIN1_CLKOUT0)
                                                     -6.057    -3.688 r  multiplied_clock.clock_generator/mmcm/CLKOUT0
                         net (fo=1, routed)           1.352    -2.335    multiplied_clock.clock_generator/core_raw
    BUFGCTRL_X0Y2        BUFG (Prop_bufg_I_O)         0.077    -2.258 r  multiplied_clock.clock_generator/core_buffer/O
                         net (fo=14731, routed)       1.318    -0.941    synchronous.rx_fifo/core_clk
    SLICE_X58Y28         FDCE                                         r  synchronous.rx_fifo/wgray_r1_reg[8]/C
                         clock pessimism              0.000    -0.941    
    SLICE_X58Y28         FDCE (Setup_fdce_C_D)       -0.073    -1.014    synchronous.rx_fifo/wgray_r1_reg[8]
  -------------------------------------------------------------------
                         data arrival                           5.667    
                         clock arrival                         -1.014    
  -------------------------------------------------------------------
                         relative delay                         6.681    

Reference path:
    Location             Delay type                Incr(ns)  Path(ns)    Netlist Resource(s)
  -------------------------------------------------------------------    -------------------
                         (clock usb_clk rise edge)    0.000     0.000 r  
    Y4                                                0.000     0.000 r  usb_clk_60m (IN)
                         net (fo=0)                   0.000     0.000    usb_clk_60m
    Y4                   IBUF (Prop_ibuf_I_O)         1.372     1.372 r  usb_clk_60m_IBUF_inst/O
                         net (fo=1, routed)           1.599     2.972    usb_clk_60m_IBUF
    BUFGCTRL_X0Y0        BUFG (Prop_bufg_I_O)         0.077     3.049 r  synchronous.usb_clock_buffer/O
                         net (fo=1013, routed)        1.318     4.366    synchronous.rx_fifo/synchronous.usb_clk
    SLICE_X61Y27         FDCE                                         r  synchronous.rx_fifo/wgray_reg[2]/C
  -------------------------------------------------------------------    -------------------
    SLICE_X61Y27         FDCE (Prop_fdce_C_Q)         0.304     4.670 r  synchronous.rx_fifo/wgray_reg[2]/Q
                         net (fo=1, routed)           0.207     4.877    synchronous.rx_fifo/wgray[2]
    SLICE_X58Y28         FDCE                                         r  synchronous.rx_fifo/wgray_r1_reg[2]/D
  -------------------------------------------------------------------    -------------------

                         (clock core_raw rise edge)
                                                      0.000     0.000 r  
    R4                                                0.000     0.000 r  sys_clk (IN)
                         net (fo=0)                   0.000     0.000    sys_clk
    R4                   IBUF (Prop_ibuf_I_O)         1.432     1.432 r  sys_clk_IBUF_inst/O
                         net (fo=1, routed)           1.065     2.497    multiplied_clock.clock_generator/sys_clk_IBUF
    MMCME2_ADV_X1Y0      MMCME2_ADV (Prop_mmcme2_adv_CLKIN1_CLKOUT0)
                                                     -5.921    -3.424 r  multiplied_clock.clock_generator/mmcm/CLKOUT0
                         net (fo=1, routed)           1.421    -2.004    multiplied_clock.clock_generator/core_raw
    BUFGCTRL_X0Y2        BUFG (Prop_bufg_I_O)         0.081    -1.923 r  multiplied_clock.clock_generator/core_buffer/O
                         net (fo=14731, routed)       1.424    -0.499    synchronous.rx_fifo/core_clk
    SLICE_X58Y28         FDCE                                         r  synchronous.rx_fifo/wgray_r1_reg[2]/C
                         clock pessimism              0.000    -0.499    
    SLICE_X58Y28         FDCE (Hold_fdce_C_D)         0.136    -0.363    synchronous.rx_fifo/wgray_r1_reg[2]
  -------------------------------------------------------------------
                         data arrival                           4.877    
                         clock arrival                         -0.363    
  -------------------------------------------------------------------
                         relative delay                         5.240    



Id: 4
set_bus_skew -from [get_cells -hier -filter {IS_SEQUENTIAL == 1 && (NAME =~ *rx_fifo/rgray_reg* || NAME =~ *rx_fifo/rbin_reg*)}] -to [get_cells -hier -filter {IS_SEQUENTIAL == 1 && NAME =~ *rx_fifo/rgray_w1_reg*}] 10.000
Requirement: 10.000ns
Endpoints: 9

From Clock            To Clock              Endpoint Pin                    Reference Pin                   Corner  Actual(ns)  Slack(ns)
--------------------  --------------------  ------------------------------  ------------------------------  ------  ----------  ---------
core_raw              usb_clk               synchronous.rx_fifo/rgray_w1_reg[2]/D
                                                                            synchronous.rx_fifo/rgray_w1_reg[6]/D
                                                                                                            Slow         1.093      8.907


Slack (MET) :             8.907ns  (requirement - actual skew)
  Endpoint Source:        synchronous.rx_fifo/rgray_reg[2]/C
                            (rising edge-triggered cell FDCE clocked by core_raw)
  Endpoint Destination:   synchronous.rx_fifo/rgray_w1_reg[2]/D
                            (rising edge-triggered cell FDCE clocked by usb_clk)
  Reference Source:       synchronous.rx_fifo/rgray_reg[6]/C
                            (rising edge-triggered cell FDCE clocked by core_raw)
  Reference Destination:  synchronous.rx_fifo/rgray_w1_reg[6]/D
                            (rising edge-triggered cell FDCE clocked by usb_clk)
  Path Type:              Bus Skew (Max at Slow Process Corner)
  Requirement:            10.000ns
  Endpoint Relative Delay:   -3.631ns
  Reference Relative Delay:  -5.220ns
  Relative CRPR:              0.627ns
  Uncertainty:                0.131ns
  Actual Bus Skew:            1.093ns  (Endpoint Relative Delay - Reference Relative Delay - Relative CRPR + Uncertainty)

Endpoint path:
    Location             Delay type                Incr(ns)  Path(ns)    Netlist Resource(s)
  -------------------------------------------------------------------    -------------------
                         (clock core_raw rise edge)
                                                      0.000     0.000 r  
    R4                                                0.000     0.000 r  sys_clk (IN)
                         net (fo=0)                   0.000     0.000    sys_clk
    R4                   IBUF (Prop_ibuf_I_O)         1.432     1.432 r  sys_clk_IBUF_inst/O
                         net (fo=1, routed)           1.065     2.497    multiplied_clock.clock_generator/sys_clk_IBUF
    MMCME2_ADV_X1Y0      MMCME2_ADV (Prop_mmcme2_adv_CLKIN1_CLKOUT0)
                                                     -5.921    -3.424 r  multiplied_clock.clock_generator/mmcm/CLKOUT0
                         net (fo=1, routed)           1.421    -2.004    multiplied_clock.clock_generator/core_raw
    BUFGCTRL_X0Y2        BUFG (Prop_bufg_I_O)         0.081    -1.923 r  multiplied_clock.clock_generator/core_buffer/O
                         net (fo=14731, routed)       1.426    -0.497    synchronous.rx_fifo/core_clk
    SLICE_X58Y29         FDCE                                         r  synchronous.rx_fifo/rgray_reg[2]/C
  -------------------------------------------------------------------    -------------------
    SLICE_X58Y29         FDCE (Prop_fdce_C_Q)         0.379    -0.118 r  synchronous.rx_fifo/rgray_reg[2]/Q
                         net (fo=1, routed)           0.780     0.662    synchronous.rx_fifo/rgray[2]
    SLICE_X59Y29         FDCE                                         r  synchronous.rx_fifo/rgray_w1_reg[2]/D
  -------------------------------------------------------------------    -------------------

                         (clock usb_clk rise edge)    0.000     0.000 r  
    Y4                                                0.000     0.000 r  usb_clk_60m (IN)
                         net (fo=0)                   0.000     0.000    usb_clk_60m
    Y4                   IBUF (Prop_ibuf_I_O)         1.372     1.372 r  usb_clk_60m_IBUF_inst/O
                         net (fo=1, routed)           1.599     2.972    usb_clk_60m_IBUF
    BUFGCTRL_X0Y0        BUFG (Prop_bufg_I_O)         0.077     3.049 r  synchronous.usb_clock_buffer/O
                         net (fo=1013, routed)        1.320     4.368    synchronous.rx_fifo/synchronous.usb_clk
    SLICE_X59Y29         FDCE                                         r  synchronous.rx_fifo/rgray_w1_reg[2]/C
                         clock pessimism              0.000     4.368    
    SLICE_X59Y29         FDCE (Setup_fdce_C_D)       -0.075     4.293    synchronous.rx_fifo/rgray_w1_reg[2]
  -------------------------------------------------------------------
                         data arrival                           0.662    
                         clock arrival                          4.293    
  -------------------------------------------------------------------
                         relative delay                        -3.631    

Reference path:
    Location             Delay type                Incr(ns)  Path(ns)    Netlist Resource(s)
  -------------------------------------------------------------------    -------------------
                         (clock core_raw rise edge)
                                                      0.000     0.000 r  
    R4                                                0.000     0.000 r  sys_clk (IN)
                         net (fo=0)                   0.000     0.000    sys_clk
    R4                   IBUF (Prop_ibuf_I_O)         1.366     1.366 r  sys_clk_IBUF_inst/O
                         net (fo=1, routed)           1.004     2.369    multiplied_clock.clock_generator/sys_clk_IBUF
    MMCME2_ADV_X1Y0      MMCME2_ADV (Prop_mmcme2_adv_CLKIN1_CLKOUT0)
                                                     -6.057    -3.688 r  multiplied_clock.clock_generator/mmcm/CLKOUT0
                         net (fo=1, routed)           1.352    -2.335    multiplied_clock.clock_generator/core_raw
    BUFGCTRL_X0Y2        BUFG (Prop_bufg_I_O)         0.077    -2.258 r  multiplied_clock.clock_generator/core_buffer/O
                         net (fo=14731, routed)       1.317    -0.942    synchronous.rx_fifo/core_clk
    SLICE_X63Y26         FDCE                                         r  synchronous.rx_fifo/rgray_reg[6]/C
  -------------------------------------------------------------------    -------------------
    SLICE_X63Y26         FDCE (Prop_fdce_C_Q)         0.304    -0.638 r  synchronous.rx_fifo/rgray_reg[6]/Q
                         net (fo=1, routed)           0.189    -0.449    synchronous.rx_fifo/rgray[6]
    SLICE_X63Y27         FDCE                                         r  synchronous.rx_fifo/rgray_w1_reg[6]/D
  -------------------------------------------------------------------    -------------------

                         (clock usb_clk rise edge)    0.000     0.000 r  
    Y4                                                0.000     0.000 r  usb_clk_60m (IN)
                         net (fo=0)                   0.000     0.000    usb_clk_60m
    Y4                   IBUF (Prop_ibuf_I_O)         1.439     1.439 r  usb_clk_60m_IBUF_inst/O
                         net (fo=1, routed)           1.689     3.127    usb_clk_60m_IBUF
    BUFGCTRL_X0Y0        BUFG (Prop_bufg_I_O)         0.081     3.208 r  synchronous.usb_clock_buffer/O
                         net (fo=1013, routed)        1.425     4.633    synchronous.rx_fifo/synchronous.usb_clk
    SLICE_X63Y27         FDCE                                         r  synchronous.rx_fifo/rgray_w1_reg[6]/C
                         clock pessimism              0.000     4.633    
    SLICE_X63Y27         FDCE (Hold_fdce_C_D)         0.138     4.771    synchronous.rx_fifo/rgray_w1_reg[6]
  -------------------------------------------------------------------
                         data arrival                          -0.449    
                         clock arrival                          4.771    
  -------------------------------------------------------------------
                         relative delay                        -5.220    



Id: 5
set_bus_skew -from [get_cells -hier -filter {IS_SEQUENTIAL == 1 && (NAME =~ *pixel_fifo/wgray_reg* || NAME =~ *pixel_fifo/wbin_reg*)}] -to [get_cells -hier -filter {IS_SEQUENTIAL == 1 && NAME =~ *pixel_fifo/wgray_r1_reg*}] 13.250
Requirement: 13.250ns
Endpoints: 13

From Clock            To Clock              Endpoint Pin                    Reference Pin                   Corner  Actual(ns)  Slack(ns)
--------------------  --------------------  ------------------------------  ------------------------------  ------  ----------  ---------
clock_raw             core_raw              real_camera.capture/pixel_fifo/wgray_r1_reg[5]/D
                                                                            real_camera.capture/pixel_fifo/wgray_r1_reg[10]/D
                                                                                                            Slow         0.963     12.287


Slack (MET) :             12.287ns  (requirement - actual skew)
  Endpoint Source:        real_camera.capture/pixel_fifo/wgray_reg[5]/C
                            (falling edge-triggered cell FDCE clocked by clock_raw)
  Endpoint Destination:   real_camera.capture/pixel_fifo/wgray_r1_reg[5]/D
                            (rising edge-triggered cell FDCE clocked by core_raw)
  Reference Source:       real_camera.capture/pixel_fifo/wgray_reg[10]/C
                            (falling edge-triggered cell FDCE clocked by clock_raw)
  Reference Destination:  real_camera.capture/pixel_fifo/wgray_r1_reg[10]/D
                            (rising edge-triggered cell FDCE clocked by core_raw)
  Path Type:              Bus Skew (Max at Slow Process Corner)
  Requirement:            13.250ns
  Endpoint Relative Delay:    3.492ns
  Reference Relative Delay:   1.454ns
  Relative CRPR:              1.292ns
  Uncertainty:                0.217ns
  Actual Bus Skew:            0.963ns  (Endpoint Relative Delay - Reference Relative Delay - Relative CRPR + Uncertainty)

Endpoint path:
    Location             Delay type                Incr(ns)  Path(ns)    Netlist Resource(s)
  -------------------------------------------------------------------    -------------------
                         (clock clock_raw fall edge)
                                                      0.000     0.000 f  
    F14                                               0.000     0.000 f  cam_pclk (IN)
                         net (fo=0)                   0.000     0.000    cam_pclk
    F14                  IBUF (Prop_ibuf_I_O)         1.392     1.392 f  cam_pclk_IBUF_inst/O
                         net (fo=1, routed)           3.115     4.507    real_camera.phase_clock.sampling_clock/pclk
    MMCME2_ADV_X0Y0      MMCME2_ADV (Prop_mmcme2_adv_CLKIN1_CLKOUT0)
                                                     -5.924    -1.417 f  real_camera.phase_clock.sampling_clock/camera_mmcm/CLKOUT0
                         net (fo=1, routed)           1.425     0.007    real_camera.phase_clock.sampling_clock/clock_raw
    BUFGCTRL_X0Y3        BUFG (Prop_bufg_I_O)         0.081     0.088 f  real_camera.phase_clock.sampling_clock/sample_buffer/O
                         net (fo=496, routed)         1.354     1.443    real_camera.capture/pixel_fifo/sample_clk
    SLICE_X39Y55         FDCE                                         r  real_camera.capture/pixel_fifo/wgray_reg[5]/C  (IS_INVERTED)
  -------------------------------------------------------------------    -------------------
    SLICE_X39Y55         FDCE (Prop_fdce_C_Q)         0.353     1.796 r  real_camera.capture/pixel_fifo/wgray_reg[5]/Q
                         net (fo=1, routed)           0.475     2.271    real_camera.capture/pixel_fifo/wgray[5]
    SLICE_X43Y55         FDCE                                         r  real_camera.capture/pixel_fifo/wgray_r1_reg[5]/D
  -------------------------------------------------------------------    -------------------

                         (clock core_raw rise edge)
                                                      0.000     0.000 r  
    R4                                                0.000     0.000 r  sys_clk (IN)
                         net (fo=0)                   0.000     0.000    sys_clk
    R4                   IBUF (Prop_ibuf_I_O)         1.366     1.366 r  sys_clk_IBUF_inst/O
                         net (fo=1, routed)           1.004     2.369    multiplied_clock.clock_generator/sys_clk_IBUF
    MMCME2_ADV_X1Y0      MMCME2_ADV (Prop_mmcme2_adv_CLKIN1_CLKOUT0)
                                                     -6.057    -3.688 r  multiplied_clock.clock_generator/mmcm/CLKOUT0
                         net (fo=1, routed)           1.352    -2.335    multiplied_clock.clock_generator/core_raw
    BUFGCTRL_X0Y2        BUFG (Prop_bufg_I_O)         0.077    -2.258 r  multiplied_clock.clock_generator/core_buffer/O
                         net (fo=14731, routed)       1.245    -1.013    real_camera.capture/pixel_fifo/core_clk
    SLICE_X43Y55         FDCE                                         r  real_camera.capture/pixel_fifo/wgray_r1_reg[5]/C
                         clock pessimism              0.000    -1.013    
    SLICE_X43Y55         FDCE (Setup_fdce_C_D)       -0.208    -1.221    real_camera.capture/pixel_fifo/wgray_r1_reg[5]
  -------------------------------------------------------------------
                         data arrival                           2.271    
                         clock arrival                         -1.221    
  -------------------------------------------------------------------
                         relative delay                         3.492    

Reference path:
    Location             Delay type                Incr(ns)  Path(ns)    Netlist Resource(s)
  -------------------------------------------------------------------    -------------------
                         (clock clock_raw fall edge)
                                                      0.000     0.000 f  
    F14                                               0.000     0.000 f  cam_pclk (IN)
                         net (fo=0)                   0.000     0.000    cam_pclk
    F14                  IBUF (Prop_ibuf_I_O)         1.327     1.327 f  cam_pclk_IBUF_inst/O
                         net (fo=1, routed)           2.581     3.908    real_camera.phase_clock.sampling_clock/pclk
    MMCME2_ADV_X0Y0      MMCME2_ADV (Prop_mmcme2_adv_CLKIN1_CLKOUT0)
                                                     -6.061    -2.154 f  real_camera.phase_clock.sampling_clock/camera_mmcm/CLKOUT0
                         net (fo=1, routed)           1.357    -0.796    real_camera.phase_clock.sampling_clock/clock_raw
    BUFGCTRL_X0Y3        BUFG (Prop_bufg_I_O)         0.077    -0.719 f  real_camera.phase_clock.sampling_clock/sample_buffer/O
                         net (fo=496, routed)         1.243     0.524    real_camera.capture/pixel_fifo/sample_clk
    SLICE_X39Y58         FDCE                                         r  real_camera.capture/pixel_fifo/wgray_reg[10]/C  (IS_INVERTED)
  -------------------------------------------------------------------    -------------------
    SLICE_X39Y58         FDCE (Prop_fdce_C_Q)         0.308     0.832 r  real_camera.capture/pixel_fifo/wgray_reg[10]/Q
                         net (fo=1, routed)           0.189     1.020    real_camera.capture/pixel_fifo/wgray[10]
    SLICE_X39Y57         FDCE                                         r  real_camera.capture/pixel_fifo/wgray_r1_reg[10]/D
  -------------------------------------------------------------------    -------------------

                         (clock core_raw rise edge)
                                                      0.000     0.000 r  
    R4                                                0.000     0.000 r  sys_clk (IN)
                         net (fo=0)                   0.000     0.000    sys_clk
    R4                   IBUF (Prop_ibuf_I_O)         1.432     1.432 r  sys_clk_IBUF_inst/O
                         net (fo=1, routed)           1.065     2.497    multiplied_clock.clock_generator/sys_clk_IBUF
    MMCME2_ADV_X1Y0      MMCME2_ADV (Prop_mmcme2_adv_CLKIN1_CLKOUT0)
                                                     -5.921    -3.424 r  multiplied_clock.clock_generator/mmcm/CLKOUT0
                         net (fo=1, routed)           1.421    -2.004    multiplied_clock.clock_generator/core_raw
    BUFGCTRL_X0Y2        BUFG (Prop_bufg_I_O)         0.081    -1.923 r  multiplied_clock.clock_generator/core_buffer/O
                         net (fo=14731, routed)       1.353    -0.569    real_camera.capture/pixel_fifo/core_clk
    SLICE_X39Y57         FDCE                                         r  real_camera.capture/pixel_fifo/wgray_r1_reg[10]/C
                         clock pessimism              0.000    -0.569    
    SLICE_X39Y57         FDCE (Hold_fdce_C_D)         0.136    -0.433    real_camera.capture/pixel_fifo/wgray_r1_reg[10]
  -------------------------------------------------------------------
                         data arrival                           1.020    
                         clock arrival                         -0.433    
  -------------------------------------------------------------------
                         relative delay                         1.454    



Id: 6
set_bus_skew -from [get_cells -hier -filter {IS_SEQUENTIAL == 1 && (NAME =~ *pixel_fifo/rgray_reg* || NAME =~ *pixel_fifo/rbin_reg*)}] -to [get_cells -hier -filter {IS_SEQUENTIAL == 1 && NAME =~ *pixel_fifo/rgray_w1_reg*}] 10.000
Requirement: 10.000ns
Endpoints: 13

From Clock            To Clock              Endpoint Pin                    Reference Pin                   Corner  Actual(ns)  Slack(ns)
--------------------  --------------------  ------------------------------  ------------------------------  ------  ----------  ---------
core_raw              clock_raw             real_camera.capture/pixel_fifo/rgray_w1_reg[8]/D
                                                                            real_camera.capture/pixel_fifo/rgray_w1_reg[5]/D
                                                                                                            Slow         0.876      9.124


Slack (MET) :             9.124ns  (requirement - actual skew)
  Endpoint Source:        real_camera.capture/pixel_fifo/rgray_reg[8]/C
                            (rising edge-triggered cell FDCE clocked by core_raw)
  Endpoint Destination:   real_camera.capture/pixel_fifo/rgray_w1_reg[8]/D
                            (falling edge-triggered cell FDCE clocked by clock_raw)
  Reference Source:       real_camera.capture/pixel_fifo/rgray_reg[5]/C
                            (rising edge-triggered cell FDCE clocked by core_raw)
  Reference Destination:  real_camera.capture/pixel_fifo/rgray_w1_reg[5]/D
                            (falling edge-triggered cell FDCE clocked by clock_raw)
  Path Type:              Bus Skew (Max at Slow Process Corner)
  Requirement:            10.000ns
  Endpoint Relative Delay:   -0.040ns
  Reference Relative Delay:  -2.007ns
  Relative CRPR:              1.308ns
  Uncertainty:                0.217ns
  Actual Bus Skew:            0.876ns  (Endpoint Relative Delay - Reference Relative Delay - Relative CRPR + Uncertainty)

Endpoint path:
    Location             Delay type                Incr(ns)  Path(ns)    Netlist Resource(s)
  -------------------------------------------------------------------    -------------------
                         (clock core_raw rise edge)
                                                      0.000     0.000 r  
    R4                                                0.000     0.000 r  sys_clk (IN)
                         net (fo=0)                   0.000     0.000    sys_clk
    R4                   IBUF (Prop_ibuf_I_O)         1.432     1.432 r  sys_clk_IBUF_inst/O
                         net (fo=1, routed)           1.065     2.497    multiplied_clock.clock_generator/sys_clk_IBUF
    MMCME2_ADV_X1Y0      MMCME2_ADV (Prop_mmcme2_adv_CLKIN1_CLKOUT0)
                                                     -5.921    -3.424 r  multiplied_clock.clock_generator/mmcm/CLKOUT0
                         net (fo=1, routed)           1.421    -2.004    multiplied_clock.clock_generator/core_raw
    BUFGCTRL_X0Y2        BUFG (Prop_bufg_I_O)         0.081    -1.923 r  multiplied_clock.clock_generator/core_buffer/O
                         net (fo=14731, routed)       1.355    -0.567    real_camera.capture/pixel_fifo/core_clk
    SLICE_X43Y55         FDCE                                         r  real_camera.capture/pixel_fifo/rgray_reg[8]/C
  -------------------------------------------------------------------    -------------------
    SLICE_X43Y55         FDCE (Prop_fdce_C_Q)         0.379    -0.188 r  real_camera.capture/pixel_fifo/rgray_reg[8]/Q
                         net (fo=1, routed)           0.604     0.416    real_camera.capture/pixel_fifo/rgray[8]
    SLICE_X36Y56         FDCE                                         r  real_camera.capture/pixel_fifo/rgray_w1_reg[8]/D
  -------------------------------------------------------------------    -------------------

                         (clock clock_raw fall edge)
                                                      0.000     0.000 f  
    F14                                               0.000     0.000 f  cam_pclk (IN)
                         net (fo=0)                   0.000     0.000    cam_pclk
    F14                  IBUF (Prop_ibuf_I_O)         1.327     1.327 f  cam_pclk_IBUF_inst/O
                         net (fo=1, routed)           2.581     3.908    real_camera.phase_clock.sampling_clock/pclk
    MMCME2_ADV_X0Y0      MMCME2_ADV (Prop_mmcme2_adv_CLKIN1_CLKOUT0)
                                                     -6.061    -2.154 f  real_camera.phase_clock.sampling_clock/camera_mmcm/CLKOUT0
                         net (fo=1, routed)           1.357    -0.796    real_camera.phase_clock.sampling_clock/clock_raw
    BUFGCTRL_X0Y3        BUFG (Prop_bufg_I_O)         0.077    -0.719 f  real_camera.phase_clock.sampling_clock/sample_buffer/O
                         net (fo=496, routed)         1.244     0.525    real_camera.capture/pixel_fifo/sample_clk
    SLICE_X36Y56         FDCE                                         r  real_camera.capture/pixel_fifo/rgray_w1_reg[8]/C  (IS_INVERTED)
                         clock pessimism              0.000     0.525    
    SLICE_X36Y56         FDCE (Setup_fdce_C_D)       -0.069     0.456    real_camera.capture/pixel_fifo/rgray_w1_reg[8]
  -------------------------------------------------------------------
                         data arrival                           0.416    
                         clock arrival                          0.456    
  -------------------------------------------------------------------
                         relative delay                        -0.040    

Reference path:
    Location             Delay type                Incr(ns)  Path(ns)    Netlist Resource(s)
  -------------------------------------------------------------------    -------------------
                         (clock core_raw rise edge)
                                                      0.000     0.000 r  
    R4                                                0.000     0.000 r  sys_clk (IN)
                         net (fo=0)                   0.000     0.000    sys_clk
    R4                   IBUF (Prop_ibuf_I_O)         1.366     1.366 r  sys_clk_IBUF_inst/O
                         net (fo=1, routed)           1.004     2.369    multiplied_clock.clock_generator/sys_clk_IBUF
    MMCME2_ADV_X1Y0      MMCME2_ADV (Prop_mmcme2_adv_CLKIN1_CLKOUT0)
                                                     -6.057    -3.688 r  multiplied_clock.clock_generator/mmcm/CLKOUT0
                         net (fo=1, routed)           1.352    -2.335    multiplied_clock.clock_generator/core_raw
    BUFGCTRL_X0Y2        BUFG (Prop_bufg_I_O)         0.077    -2.258 r  multiplied_clock.clock_generator/core_buffer/O
                         net (fo=14731, routed)       1.245    -1.013    real_camera.capture/pixel_fifo/core_clk
    SLICE_X43Y56         FDCE                                         r  real_camera.capture/pixel_fifo/rgray_reg[5]/C
  -------------------------------------------------------------------    -------------------
    SLICE_X43Y56         FDCE (Prop_fdce_C_Q)         0.279    -0.734 r  real_camera.capture/pixel_fifo/rgray_reg[5]/Q
                         net (fo=1, routed)           0.202    -0.532    real_camera.capture/pixel_fifo/rgray[5]
    SLICE_X39Y56         FDCE                                         r  real_camera.capture/pixel_fifo/rgray_w1_reg[5]/D
  -------------------------------------------------------------------    -------------------

                         (clock clock_raw fall edge)
                                                      0.000     0.000 f  
    F14                                               0.000     0.000 f  cam_pclk (IN)
                         net (fo=0)                   0.000     0.000    cam_pclk
    F14                  IBUF (Prop_ibuf_I_O)         1.392     1.392 f  cam_pclk_IBUF_inst/O
                         net (fo=1, routed)           3.115     4.507    real_camera.phase_clock.sampling_clock/pclk
    MMCME2_ADV_X0Y0      MMCME2_ADV (Prop_mmcme2_adv_CLKIN1_CLKOUT0)
                                                     -5.924    -1.417 f  real_camera.phase_clock.sampling_clock/camera_mmcm/CLKOUT0
                         net (fo=1, routed)           1.425     0.007    real_camera.phase_clock.sampling_clock/clock_raw
    BUFGCTRL_X0Y3        BUFG (Prop_bufg_I_O)         0.081     0.088 f  real_camera.phase_clock.sampling_clock/sample_buffer/O
                         net (fo=496, routed)         1.353     1.442    real_camera.capture/pixel_fifo/sample_clk
    SLICE_X39Y56         FDCE                                         r  real_camera.capture/pixel_fifo/rgray_w1_reg[5]/C  (IS_INVERTED)
                         clock pessimism              0.000     1.442    
    SLICE_X39Y56         FDCE (Hold_fdce_C_D)         0.033     1.475    real_camera.capture/pixel_fifo/rgray_w1_reg[5]
  -------------------------------------------------------------------
                         data arrival                          -0.532    
                         clock arrival                          1.475    
  -------------------------------------------------------------------
                         relative delay                        -2.007    



Id: 7
set_bus_skew -from [get_cells -hier -filter {IS_SEQUENTIAL == 1 && (NAME =~ *capture/*_gray_reg* || NAME =~ *capture/*_bin_reg*)}] -to [get_cells -hier -filter {IS_SEQUENTIAL == 1 && NAME =~ *capture/*_c1_reg*}] 13.250
Requirement: 13.250ns
Endpoints: 192

From Clock            To Clock              Endpoint Pin                    Reference Pin                   Corner  Actual(ns)  Slack(ns)
--------------------  --------------------  ------------------------------  ------------------------------  ------  ----------  ---------
clock_raw             core_raw              real_camera.capture/bytes_c1_reg[20]/D
                                                                            real_camera.capture/ticks_c1_reg[1]/D
                                                                                                            Slow         1.254     11.996


Slack (MET) :             11.996ns  (requirement - actual skew)
  Endpoint Source:        real_camera.capture/bytes_gray_reg[20]/C
                            (falling edge-triggered cell FDCE clocked by clock_raw)
  Endpoint Destination:   real_camera.capture/bytes_c1_reg[20]/D
                            (rising edge-triggered cell FDCE clocked by core_raw)
  Reference Source:       real_camera.capture/ticks_gray_reg[1]/C
                            (falling edge-triggered cell FDCE clocked by clock_raw)
  Reference Destination:  real_camera.capture/ticks_c1_reg[1]/D
                            (rising edge-triggered cell FDCE clocked by core_raw)
  Path Type:              Bus Skew (Max at Slow Process Corner)
  Requirement:            13.250ns
  Endpoint Relative Delay:    3.729ns
  Reference Relative Delay:   1.416ns
  Relative CRPR:              1.276ns
  Uncertainty:                0.217ns
  Actual Bus Skew:            1.254ns  (Endpoint Relative Delay - Reference Relative Delay - Relative CRPR + Uncertainty)

Endpoint path:
    Location             Delay type                Incr(ns)  Path(ns)    Netlist Resource(s)
  -------------------------------------------------------------------    -------------------
                         (clock clock_raw fall edge)
                                                      0.000     0.000 f  
    F14                                               0.000     0.000 f  cam_pclk (IN)
                         net (fo=0)                   0.000     0.000    cam_pclk
    F14                  IBUF (Prop_ibuf_I_O)         1.392     1.392 f  cam_pclk_IBUF_inst/O
                         net (fo=1, routed)           3.115     4.507    real_camera.phase_clock.sampling_clock/pclk
    MMCME2_ADV_X0Y0      MMCME2_ADV (Prop_mmcme2_adv_CLKIN1_CLKOUT0)
                                                     -5.924    -1.417 f  real_camera.phase_clock.sampling_clock/camera_mmcm/CLKOUT0
                         net (fo=1, routed)           1.425     0.007    real_camera.phase_clock.sampling_clock/clock_raw
    BUFGCTRL_X0Y3        BUFG (Prop_bufg_I_O)         0.081     0.088 f  real_camera.phase_clock.sampling_clock/sample_buffer/O
                         net (fo=496, routed)         1.350     1.439    real_camera.capture/sample_clk
    SLICE_X43Y63         FDCE                                         r  real_camera.capture/bytes_gray_reg[20]/C  (IS_INVERTED)
  -------------------------------------------------------------------    -------------------
    SLICE_X43Y63         FDCE (Prop_fdce_C_Q)         0.353     1.792 r  real_camera.capture/bytes_gray_reg[20]/Q
                         net (fo=1, routed)           0.710     2.502    real_camera.capture/bytes_gray[20]
    SLICE_X49Y69         FDCE                                         r  real_camera.capture/bytes_c1_reg[20]/D
  -------------------------------------------------------------------    -------------------

                         (clock core_raw rise edge)
                                                      0.000     0.000 r  
    R4                                                0.000     0.000 r  sys_clk (IN)
                         net (fo=0)                   0.000     0.000    sys_clk
    R4                   IBUF (Prop_ibuf_I_O)         1.366     1.366 r  sys_clk_IBUF_inst/O
                         net (fo=1, routed)           1.004     2.369    multiplied_clock.clock_generator/sys_clk_IBUF
    MMCME2_ADV_X1Y0      MMCME2_ADV (Prop_mmcme2_adv_CLKIN1_CLKOUT0)
                                                     -6.057    -3.688 r  multiplied_clock.clock_generator/mmcm/CLKOUT0
                         net (fo=1, routed)           1.352    -2.335    multiplied_clock.clock_generator/core_raw
    BUFGCTRL_X0Y2        BUFG (Prop_bufg_I_O)         0.077    -2.258 r  multiplied_clock.clock_generator/core_buffer/O
                         net (fo=14731, routed)       1.240    -1.018    real_camera.capture/core_clk
    SLICE_X49Y69         FDCE                                         r  real_camera.capture/bytes_c1_reg[20]/C
                         clock pessimism              0.000    -1.018    
    SLICE_X49Y69         FDCE (Setup_fdce_C_D)       -0.209    -1.227    real_camera.capture/bytes_c1_reg[20]
  -------------------------------------------------------------------
                         data arrival                           2.502    
                         clock arrival                         -1.227    
  -------------------------------------------------------------------
                         relative delay                         3.729    

Reference path:
    Location             Delay type                Incr(ns)  Path(ns)    Netlist Resource(s)
  -------------------------------------------------------------------    -------------------
                         (clock clock_raw fall edge)
                                                      0.000     0.000 f  
    F14                                               0.000     0.000 f  cam_pclk (IN)
                         net (fo=0)                   0.000     0.000    cam_pclk
    F14                  IBUF (Prop_ibuf_I_O)         1.327     1.327 f  cam_pclk_IBUF_inst/O
                         net (fo=1, routed)           2.581     3.908    real_camera.phase_clock.sampling_clock/pclk
    MMCME2_ADV_X0Y0      MMCME2_ADV (Prop_mmcme2_adv_CLKIN1_CLKOUT0)
                                                     -6.061    -2.154 f  real_camera.phase_clock.sampling_clock/camera_mmcm/CLKOUT0
                         net (fo=1, routed)           1.357    -0.796    real_camera.phase_clock.sampling_clock/clock_raw
    BUFGCTRL_X0Y3        BUFG (Prop_bufg_I_O)         0.077    -0.719 f  real_camera.phase_clock.sampling_clock/sample_buffer/O
                         net (fo=496, routed)         1.313     0.594    real_camera.capture/sample_clk
    SLICE_X59Y61         FDCE                                         r  real_camera.capture/ticks_gray_reg[1]/C  (IS_INVERTED)
  -------------------------------------------------------------------    -------------------
    SLICE_X59Y61         FDCE (Prop_fdce_C_Q)         0.308     0.902 r  real_camera.capture/ticks_gray_reg[1]/Q
                         net (fo=1, routed)           0.200     1.101    real_camera.capture/ticks_gray[1]
    SLICE_X60Y61         FDCE                                         r  real_camera.capture/ticks_c1_reg[1]/D
  -------------------------------------------------------------------    -------------------

                         (clock core_raw rise edge)
                                                      0.000     0.000 r  
    R4                                                0.000     0.000 r  sys_clk (IN)
                         net (fo=0)                   0.000     0.000    sys_clk
    R4                   IBUF (Prop_ibuf_I_O)         1.432     1.432 r  sys_clk_IBUF_inst/O
                         net (fo=1, routed)           1.065     2.497    multiplied_clock.clock_generator/sys_clk_IBUF
    MMCME2_ADV_X1Y0      MMCME2_ADV (Prop_mmcme2_adv_CLKIN1_CLKOUT0)
                                                     -5.921    -3.424 r  multiplied_clock.clock_generator/mmcm/CLKOUT0
                         net (fo=1, routed)           1.421    -2.004    multiplied_clock.clock_generator/core_raw
    BUFGCTRL_X0Y2        BUFG (Prop_bufg_I_O)         0.081    -1.923 r  multiplied_clock.clock_generator/core_buffer/O
                         net (fo=14731, routed)       1.421    -0.501    real_camera.capture/core_clk
    SLICE_X60Y61         FDCE                                         r  real_camera.capture/ticks_c1_reg[1]/C
                         clock pessimism              0.000    -0.501    
    SLICE_X60Y61         FDCE (Hold_fdce_C_D)         0.187    -0.314    real_camera.capture/ticks_c1_reg[1]
  -------------------------------------------------------------------
                         data arrival                           1.101    
                         clock arrival                         -0.314    
  -------------------------------------------------------------------
                         relative delay                         1.416    



