Copyright 1986-2020 Xilinx, Inc. All Rights Reserved.
-------------------------------------------------------------------------------------------------------------------------
| Tool Version : Vivado v.2020.1 (win64) Build 2902540 Wed May 27 19:54:49 MDT 2020
| Date         : Mon Sep 28 15:52:57 2026
| Host         : LAPTOP-JC5LPK9T running 64-bit major release  (build 9200)
| Command      : report_bus_skew -file F:/zju/dasanshangkecheng/HDL/mjpeg/reports/ddr3/full_20260928_154712/bus_skew.rpt
| Design       : davinci_mjpeg_ddr3_top
| Device       : 7a35t-fgg484
| Speed File   : -2  PRODUCTION 1.23 2018-06-13
-------------------------------------------------------------------------------------------------------------------------

Bus Skew Report

Table of Contents
-----------------
1. Bus Skew Report Summary
2. Bus Skew Report Per Constraint

1. Bus Skew Report Summary
--------------------------

Id  Position  From                            To                              Corner  Requirement(ns)  Actual(ns)  Slack(ns)
--  --------  ------------------------------  ------------------------------  ------  ---------------  ----------  ---------
1   27        [get_cells -hier -filter {IS_SEQUENTIAL == 1 && (NAME =~ *tx_fifo/wgray_reg* || NAME =~ *tx_fifo/wbin_reg*)}]
                                              [get_cells -hier -filter {IS_SEQUENTIAL == 1 && NAME =~ *tx_fifo/wgray_r1_reg*}]
                                                                              Slow             10.000       1.057      8.943
2   29        [get_cells -hier -filter {IS_SEQUENTIAL == 1 && (NAME =~ *tx_fifo/rgray_reg* || NAME =~ *tx_fifo/rbin_reg*)}]
                                              [get_cells -hier -filter {IS_SEQUENTIAL == 1 && NAME =~ *tx_fifo/rgray_w1_reg*}]
                                                                              Slow             16.667       0.962     15.705
3   31        [get_cells -hier -filter {IS_SEQUENTIAL == 1 && (NAME =~ *rx_fifo/wgray_reg* || NAME =~ *rx_fifo/wbin_reg*)}]
                                              [get_cells -hier -filter {IS_SEQUENTIAL == 1 && NAME =~ *rx_fifo/wgray_r1_reg*}]
                                                                              Slow             16.667       1.274     15.393
4   33        [get_cells -hier -filter {IS_SEQUENTIAL == 1 && (NAME =~ *rx_fifo/rgray_reg* || NAME =~ *rx_fifo/rbin_reg*)}]
                                              [get_cells -hier -filter {IS_SEQUENTIAL == 1 && NAME =~ *rx_fifo/rgray_w1_reg*}]
                                                                              Slow             10.000       1.084      8.916
5   40        [get_cells -hier -filter {IS_SEQUENTIAL == 1 && (NAME =~ *pixel_fifo/wgray_reg* || NAME =~ *pixel_fifo/wbin_reg*)}]
                                              [get_cells -hier -filter {IS_SEQUENTIAL == 1 && NAME =~ *pixel_fifo/wgray_r1_reg*}]
                                                                              Slow             13.250       1.029     12.221
6   42        [get_cells -hier -filter {IS_SEQUENTIAL == 1 && (NAME =~ *pixel_fifo/rgray_reg* || NAME =~ *pixel_fifo/rbin_reg*)}]
                                              [get_cells -hier -filter {IS_SEQUENTIAL == 1 && NAME =~ *pixel_fifo/rgray_w1_reg*}]
                                                                              Slow             10.000       1.105      8.895
7   44        [get_cells -hier -filter {IS_SEQUENTIAL == 1 && (NAME =~ *capture/*_gray_reg* || NAME =~ *capture/*_bin_reg*)}]
                                              [get_cells -hier -filter {IS_SEQUENTIAL == 1 && NAME =~ *capture/*_c1_reg*}]
                                                                              Slow             13.250       1.402     11.848


2. Bus Skew Report Per Constraint
---------------------------------

Id: 1
set_bus_skew -from [get_cells -hier -filter {IS_SEQUENTIAL == 1 && (NAME =~ *tx_fifo/wgray_reg* || NAME =~ *tx_fifo/wbin_reg*)}] -to [get_cells -hier -filter {IS_SEQUENTIAL == 1 && NAME =~ *tx_fifo/wgray_r1_reg*}] 10.000
Requirement: 10.000ns
Endpoints: 14

From Clock            To Clock              Endpoint Pin                    Reference Pin                   Corner  Actual(ns)  Slack(ns)
--------------------  --------------------  ------------------------------  ------------------------------  ------  ----------  ---------
core_raw              usb_clk               synchronous.tx_fifo/wgray_r1_reg[8]/D
                                                                            synchronous.tx_fifo/wgray_r1_reg[1]/D
                                                                                                            Slow         1.057      8.943


Slack (MET) :             8.943ns  (requirement - actual skew)
  Endpoint Source:        synchronous.tx_fifo/wgray_reg[8]/C
                            (rising edge-triggered cell FDCE clocked by core_raw)
  Endpoint Destination:   synchronous.tx_fifo/wgray_r1_reg[8]/D
                            (rising edge-triggered cell FDCE clocked by usb_clk)
  Reference Source:       synchronous.tx_fifo/wgray_reg[1]/C
                            (rising edge-triggered cell FDCE clocked by core_raw)
  Reference Destination:  synchronous.tx_fifo/wgray_r1_reg[1]/D
                            (rising edge-triggered cell FDCE clocked by usb_clk)
  Path Type:              Bus Skew (Max at Slow Process Corner)
  Requirement:            10.000ns
  Endpoint Relative Delay:   -3.647ns
  Reference Relative Delay:  -5.217ns
  Relative CRPR:              0.644ns
  Uncertainty:                0.131ns
  Actual Bus Skew:            1.057ns  (Endpoint Relative Delay - Reference Relative Delay - Relative CRPR + Uncertainty)

Endpoint path:
    Location             Delay type                Incr(ns)  Path(ns)    Netlist Resource(s)
  -------------------------------------------------------------------    -------------------
                         (clock core_raw rise edge)
                                                      0.000     0.000 r  
    R4                                                0.000     0.000 r  sys_clk (IN)
                         net (fo=0)                   0.000     0.000    sys_clk
    R4                   IBUF (Prop_ibuf_I_O)         1.432     1.432 r  sys_clk_IBUF_inst/O
                         net (fo=1, routed)           1.065     2.497    multiplied_clock.clock_generator/sys_clk_IBUF
    MMCME2_ADV_X1Y0      MMCME2_ADV (Prop_mmcme2_adv_CLKIN1_CLKOUT0)
                                                     -5.921    -3.424 r  multiplied_clock.clock_generator/mmcm/CLKOUT0
                         net (fo=1, routed)           1.421    -2.004    multiplied_clock.clock_generator/core_raw
    BUFGCTRL_X0Y2        BUFG (Prop_bufg_I_O)         0.081    -1.923 r  multiplied_clock.clock_generator/core_buffer/O
                         net (fo=14953, routed)       1.363    -0.560    synchronous.tx_fifo/core_clk
    SLICE_X47Y14         FDCE                                         r  synchronous.tx_fifo/wgray_reg[8]/C
  -------------------------------------------------------------------    -------------------
    SLICE_X47Y14         FDCE (Prop_fdce_C_Q)         0.348    -0.212 r  synchronous.tx_fifo/wgray_reg[8]/Q
                         net (fo=1, routed)           0.663     0.451    synchronous.tx_fifo/wgray[8]
    SLICE_X53Y14         FDCE                                         r  synchronous.tx_fifo/wgray_r1_reg[8]/D
  -------------------------------------------------------------------    -------------------

                         (clock usb_clk rise edge)    0.000     0.000 r  
    Y4                                                0.000     0.000 r  usb_clk_60m (IN)
                         net (fo=0)                   0.000     0.000    usb_clk_60m
    Y4                   IBUF (Prop_ibuf_I_O)         1.372     1.372 r  usb_clk_60m_IBUF_inst/O
                         net (fo=1, routed)           1.599     2.972    usb_clk_60m_IBUF
    BUFGCTRL_X0Y0        BUFG (Prop_bufg_I_O)         0.077     3.049 r  synchronous.usb_clock_buffer/O
                         net (fo=1013, routed)        1.258     4.306    synchronous.tx_fifo/synchronous.usb_clk
    SLICE_X53Y14         FDCE                                         r  synchronous.tx_fifo/wgray_r1_reg[8]/C
                         clock pessimism              0.000     4.306    
    SLICE_X53Y14         FDCE (Setup_fdce_C_D)       -0.208     4.098    synchronous.tx_fifo/wgray_r1_reg[8]
  -------------------------------------------------------------------
                         data arrival                           0.451    
                         clock arrival                          4.098    
  -------------------------------------------------------------------
                         relative delay                        -3.647    

Reference path:
    Location             Delay type                Incr(ns)  Path(ns)    Netlist Resource(s)
  -------------------------------------------------------------------    -------------------
                         (clock core_raw rise edge)
                                                      0.000     0.000 r  
    R4                                                0.000     0.000 r  sys_clk (IN)
                         net (fo=0)                   0.000     0.000    sys_clk
    R4                   IBUF (Prop_ibuf_I_O)         1.366     1.366 r  sys_clk_IBUF_inst/O
                         net (fo=1, routed)           1.004     2.369    multiplied_clock.clock_generator/sys_clk_IBUF
    MMCME2_ADV_X1Y0      MMCME2_ADV (Prop_mmcme2_adv_CLKIN1_CLKOUT0)
                                                     -6.057    -3.688 r  multiplied_clock.clock_generator/mmcm/CLKOUT0
                         net (fo=1, routed)           1.352    -2.335    multiplied_clock.clock_generator/core_raw
    BUFGCTRL_X0Y2        BUFG (Prop_bufg_I_O)         0.077    -2.258 r  multiplied_clock.clock_generator/core_buffer/O
                         net (fo=14953, routed)       1.260    -0.999    synchronous.tx_fifo/core_clk
    SLICE_X51Y12         FDCE                                         r  synchronous.tx_fifo/wgray_reg[1]/C
  -------------------------------------------------------------------    -------------------
    SLICE_X51Y12         FDCE (Prop_fdce_C_Q)         0.304    -0.695 r  synchronous.tx_fifo/wgray_reg[1]/Q
                         net (fo=1, routed)           0.191    -0.504    synchronous.tx_fifo/wgray[1]
    SLICE_X51Y13         FDCE                                         r  synchronous.tx_fifo/wgray_r1_reg[1]/D
  -------------------------------------------------------------------    -------------------

                         (clock usb_clk rise edge)    0.000     0.000 r  
    Y4                                                0.000     0.000 r  usb_clk_60m (IN)
                         net (fo=0)                   0.000     0.000    usb_clk_60m
    Y4                   IBUF (Prop_ibuf_I_O)         1.439     1.439 r  usb_clk_60m_IBUF_inst/O
                         net (fo=1, routed)           1.689     3.127    usb_clk_60m_IBUF
    BUFGCTRL_X0Y0        BUFG (Prop_bufg_I_O)         0.081     3.208 r  synchronous.usb_clock_buffer/O
                         net (fo=1013, routed)        1.369     4.577    synchronous.tx_fifo/synchronous.usb_clk
    SLICE_X51Y13         FDCE                                         r  synchronous.tx_fifo/wgray_r1_reg[1]/C
                         clock pessimism              0.000     4.577    
    SLICE_X51Y13         FDCE (Hold_fdce_C_D)         0.136     4.713    synchronous.tx_fifo/wgray_r1_reg[1]
  -------------------------------------------------------------------
                         data arrival                          -0.504    
                         clock arrival                          4.713    
  -------------------------------------------------------------------
                         relative delay                        -5.217    



Id: 2
set_bus_skew -from [get_cells -hier -filter {IS_SEQUENTIAL == 1 && (NAME =~ *tx_fifo/rgray_reg* || NAME =~ *tx_fifo/rbin_reg*)}] -to [get_cells -hier -filter {IS_SEQUENTIAL == 1 && NAME =~ *tx_fifo/rgray_w1_reg*}] 16.667
Requirement: 16.667ns
Endpoints: 14

From Clock            To Clock              Endpoint Pin                    Reference Pin                   Corner  Actual(ns)  Slack(ns)
--------------------  --------------------  ------------------------------  ------------------------------  ------  ----------  ---------
usb_clk               core_raw              synchronous.tx_fifo/rgray_w1_reg[13]/D
                                                                            synchronous.tx_fifo/rgray_w1_reg[7]/D
                                                                                                            Slow         0.962     15.705


Slack (MET) :             15.705ns  (requirement - actual skew)
  Endpoint Source:        synchronous.tx_fifo/rgray_reg[13]/C
                            (rising edge-triggered cell FDCE clocked by usb_clk)
  Endpoint Destination:   synchronous.tx_fifo/rgray_w1_reg[13]/D
                            (rising edge-triggered cell FDCE clocked by core_raw)
  Reference Source:       synchronous.tx_fifo/rgray_reg[7]/C
                            (rising edge-triggered cell FDCE clocked by usb_clk)
  Reference Destination:  synchronous.tx_fifo/rgray_w1_reg[7]/D
                            (rising edge-triggered cell FDCE clocked by core_raw)
  Path Type:              Bus Skew (Max at Slow Process Corner)
  Requirement:            16.667ns
  Endpoint Relative Delay:    6.645ns
  Reference Relative Delay:   5.187ns
  Relative CRPR:              0.627ns
  Uncertainty:                0.131ns
  Actual Bus Skew:            0.962ns  (Endpoint Relative Delay - Reference Relative Delay - Relative CRPR + Uncertainty)

Endpoint path:
    Location             Delay type                Incr(ns)  Path(ns)    Netlist Resource(s)
  -------------------------------------------------------------------    -------------------
                         (clock usb_clk rise edge)    0.000     0.000 r  
    Y4                                                0.000     0.000 r  usb_clk_60m (IN)
                         net (fo=0)                   0.000     0.000    usb_clk_60m
    Y4                   IBUF (Prop_ibuf_I_O)         1.439     1.439 r  usb_clk_60m_IBUF_inst/O
                         net (fo=1, routed)           1.689     3.127    usb_clk_60m_IBUF
    BUFGCTRL_X0Y0        BUFG (Prop_bufg_I_O)         0.081     3.208 r  synchronous.usb_clock_buffer/O
                         net (fo=1013, routed)        1.366     4.574    synchronous.tx_fifo/synchronous.usb_clk
    SLICE_X50Y15         FDCE                                         r  synchronous.tx_fifo/rgray_reg[13]/C
  -------------------------------------------------------------------    -------------------
    SLICE_X50Y15         FDCE (Prop_fdce_C_Q)         0.433     5.007 r  synchronous.tx_fifo/rgray_reg[13]/Q
                         net (fo=1, routed)           0.562     5.569    synchronous.tx_fifo/rgray[13]
    SLICE_X45Y14         FDCE                                         r  synchronous.tx_fifo/rgray_w1_reg[13]/D
  -------------------------------------------------------------------    -------------------

                         (clock core_raw rise edge)
                                                      0.000     0.000 r  
    R4                                                0.000     0.000 r  sys_clk (IN)
                         net (fo=0)                   0.000     0.000    sys_clk
    R4                   IBUF (Prop_ibuf_I_O)         1.366     1.366 r  sys_clk_IBUF_inst/O
                         net (fo=1, routed)           1.004     2.369    multiplied_clock.clock_generator/sys_clk_IBUF
    MMCME2_ADV_X1Y0      MMCME2_ADV (Prop_mmcme2_adv_CLKIN1_CLKOUT0)
                                                     -6.057    -3.688 r  multiplied_clock.clock_generator/mmcm/CLKOUT0
                         net (fo=1, routed)           1.352    -2.335    multiplied_clock.clock_generator/core_raw
    BUFGCTRL_X0Y2        BUFG (Prop_bufg_I_O)         0.077    -2.258 r  multiplied_clock.clock_generator/core_buffer/O
                         net (fo=14953, routed)       1.255    -1.004    synchronous.tx_fifo/core_clk
    SLICE_X45Y14         FDCE                                         r  synchronous.tx_fifo/rgray_w1_reg[13]/C
                         clock pessimism              0.000    -1.004    
    SLICE_X45Y14         FDCE (Setup_fdce_C_D)       -0.072    -1.076    synchronous.tx_fifo/rgray_w1_reg[13]
  -------------------------------------------------------------------
                         data arrival                           5.569    
                         clock arrival                         -1.076    
  -------------------------------------------------------------------
                         relative delay                         6.645    

Reference path:
    Location             Delay type                Incr(ns)  Path(ns)    Netlist Resource(s)
  -------------------------------------------------------------------    -------------------
                         (clock usb_clk rise edge)    0.000     0.000 r  
    Y4                                                0.000     0.000 r  usb_clk_60m (IN)
                         net (fo=0)                   0.000     0.000    usb_clk_60m
    Y4                   IBUF (Prop_ibuf_I_O)         1.372     1.372 r  usb_clk_60m_IBUF_inst/O
                         net (fo=1, routed)           1.599     2.972    usb_clk_60m_IBUF
    BUFGCTRL_X0Y0        BUFG (Prop_bufg_I_O)         0.077     3.049 r  synchronous.usb_clock_buffer/O
                         net (fo=1013, routed)        1.260     4.308    synchronous.tx_fifo/synchronous.usb_clk
    SLICE_X49Y11         FDCE                                         r  synchronous.tx_fifo/rgray_reg[7]/C
  -------------------------------------------------------------------    -------------------
    SLICE_X49Y11         FDCE (Prop_fdce_C_Q)         0.304     4.612 r  synchronous.tx_fifo/rgray_reg[7]/Q
                         net (fo=1, routed)           0.211     4.823    synchronous.tx_fifo/rgray[7]
    SLICE_X50Y11         FDCE                                         r  synchronous.tx_fifo/rgray_w1_reg[7]/D
  -------------------------------------------------------------------    -------------------

                         (clock core_raw rise edge)
                                                      0.000     0.000 r  
    R4                                                0.000     0.000 r  sys_clk (IN)
                         net (fo=0)                   0.000     0.000    sys_clk
    R4                   IBUF (Prop_ibuf_I_O)         1.432     1.432 r  sys_clk_IBUF_inst/O
                         net (fo=1, routed)           1.065     2.497    multiplied_clock.clock_generator/sys_clk_IBUF
    MMCME2_ADV_X1Y0      MMCME2_ADV (Prop_mmcme2_adv_CLKIN1_CLKOUT0)
                                                     -5.921    -3.424 r  multiplied_clock.clock_generator/mmcm/CLKOUT0
                         net (fo=1, routed)           1.421    -2.004    multiplied_clock.clock_generator/core_raw
    BUFGCTRL_X0Y2        BUFG (Prop_bufg_I_O)         0.081    -1.923 r  multiplied_clock.clock_generator/core_buffer/O
                         net (fo=14953, routed)       1.370    -0.553    synchronous.tx_fifo/core_clk
    SLICE_X50Y11         FDCE                                         r  synchronous.tx_fifo/rgray_w1_reg[7]/C
                         clock pessimism              0.000    -0.553    
    SLICE_X50Y11         FDCE (Hold_fdce_C_D)         0.189    -0.364    synchronous.tx_fifo/rgray_w1_reg[7]
  -------------------------------------------------------------------
                         data arrival                           4.823    
                         clock arrival                         -0.364    
  -------------------------------------------------------------------
                         relative delay                         5.187    



Id: 3
set_bus_skew -from [get_cells -hier -filter {IS_SEQUENTIAL == 1 && (NAME =~ *rx_fifo/wgray_reg* || NAME =~ *rx_fifo/wbin_reg*)}] -to [get_cells -hier -filter {IS_SEQUENTIAL == 1 && NAME =~ *rx_fifo/wgray_r1_reg*}] 16.667
Requirement: 16.667ns
Endpoints: 9

From Clock            To Clock              Endpoint Pin                    Reference Pin                   Corner  Actual(ns)  Slack(ns)
--------------------  --------------------  ------------------------------  ------------------------------  ------  ----------  ---------
usb_clk               core_raw              synchronous.rx_fifo/wgray_r1_reg[4]/D
                                                                            synchronous.rx_fifo/wgray_r1_reg[3]/D
                                                                                                            Slow         1.274     15.393


Slack (MET) :             15.393ns  (requirement - actual skew)
  Endpoint Source:        synchronous.rx_fifo/wgray_reg[4]/C
                            (rising edge-triggered cell FDCE clocked by usb_clk)
  Endpoint Destination:   synchronous.rx_fifo/wgray_r1_reg[4]/D
                            (rising edge-triggered cell FDCE clocked by core_raw)
  Reference Source:       synchronous.rx_fifo/wgray_reg[3]/C
                            (rising edge-triggered cell FDCE clocked by usb_clk)
  Reference Destination:  synchronous.rx_fifo/wgray_r1_reg[3]/D
                            (rising edge-triggered cell FDCE clocked by core_raw)
  Path Type:              Bus Skew (Max at Slow Process Corner)
  Requirement:            16.667ns
  Endpoint Relative Delay:    7.004ns
  Reference Relative Delay:   5.219ns
  Relative CRPR:              0.642ns
  Uncertainty:                0.131ns
  Actual Bus Skew:            1.274ns  (Endpoint Relative Delay - Reference Relative Delay - Relative CRPR + Uncertainty)

Endpoint path:
    Location             Delay type                Incr(ns)  Path(ns)    Netlist Resource(s)
  -------------------------------------------------------------------    -------------------
                         (clock usb_clk rise edge)    0.000     0.000 r  
    Y4                                                0.000     0.000 r  usb_clk_60m (IN)
                         net (fo=0)                   0.000     0.000    usb_clk_60m
    Y4                   IBUF (Prop_ibuf_I_O)         1.439     1.439 r  usb_clk_60m_IBUF_inst/O
                         net (fo=1, routed)           1.689     3.127    usb_clk_60m_IBUF
    BUFGCTRL_X0Y0        BUFG (Prop_bufg_I_O)         0.081     3.208 r  synchronous.usb_clock_buffer/O
                         net (fo=1013, routed)        1.426     4.634    synchronous.rx_fifo/synchronous.usb_clk
    SLICE_X62Y28         FDCE                                         r  synchronous.rx_fifo/wgray_reg[4]/C
  -------------------------------------------------------------------    -------------------
    SLICE_X62Y28         FDCE (Prop_fdce_C_Q)         0.348     4.982 r  synchronous.rx_fifo/wgray_reg[4]/Q
                         net (fo=1, routed)           0.897     5.879    synchronous.rx_fifo/wgray[4]
    SLICE_X61Y28         FDCE                                         r  synchronous.rx_fifo/wgray_r1_reg[4]/D
  -------------------------------------------------------------------    -------------------

                         (clock core_raw rise edge)
                                                      0.000     0.000 r  
    R4                                                0.000     0.000 r  sys_clk (IN)
                         net (fo=0)                   0.000     0.000    sys_clk
    R4                   IBUF (Prop_ibuf_I_O)         1.366     1.366 r  sys_clk_IBUF_inst/O
                         net (fo=1, routed)           1.004     2.369    multiplied_clock.clock_generator/sys_clk_IBUF
    MMCME2_ADV_X1Y0      MMCME2_ADV (Prop_mmcme2_adv_CLKIN1_CLKOUT0)
                                                     -6.057    -3.688 r  multiplied_clock.clock_generator/mmcm/CLKOUT0
                         net (fo=1, routed)           1.352    -2.335    multiplied_clock.clock_generator/core_raw
    BUFGCTRL_X0Y2        BUFG (Prop_bufg_I_O)         0.077    -2.258 r  multiplied_clock.clock_generator/core_buffer/O
                         net (fo=14953, routed)       1.318    -0.941    synchronous.rx_fifo/core_clk
    SLICE_X61Y28         FDCE                                         r  synchronous.rx_fifo/wgray_r1_reg[4]/C
                         clock pessimism              0.000    -0.941    
    SLICE_X61Y28         FDCE (Setup_fdce_C_D)       -0.184    -1.125    synchronous.rx_fifo/wgray_r1_reg[4]
  -------------------------------------------------------------------
                         data arrival                           5.879    
                         clock arrival                         -1.125    
  -------------------------------------------------------------------
                         relative delay                         7.004    

Reference path:
    Location             Delay type                Incr(ns)  Path(ns)    Netlist Resource(s)
  -------------------------------------------------------------------    -------------------
                         (clock usb_clk rise edge)    0.000     0.000 r  
    Y4                                                0.000     0.000 r  usb_clk_60m (IN)
                         net (fo=0)                   0.000     0.000    usb_clk_60m
    Y4                   IBUF (Prop_ibuf_I_O)         1.372     1.372 r  usb_clk_60m_IBUF_inst/O
                         net (fo=1, routed)           1.599     2.972    usb_clk_60m_IBUF
    BUFGCTRL_X0Y0        BUFG (Prop_bufg_I_O)         0.077     3.049 r  synchronous.usb_clock_buffer/O
                         net (fo=1013, routed)        1.316     4.364    synchronous.rx_fifo/synchronous.usb_clk
    SLICE_X61Y26         FDCE                                         r  synchronous.rx_fifo/wgray_reg[3]/C
  -------------------------------------------------------------------    -------------------
    SLICE_X61Y26         FDCE (Prop_fdce_C_Q)         0.304     4.668 r  synchronous.rx_fifo/wgray_reg[3]/Q
                         net (fo=1, routed)           0.189     4.857    synchronous.rx_fifo/wgray[3]
    SLICE_X61Y27         FDCE                                         r  synchronous.rx_fifo/wgray_r1_reg[3]/D
  -------------------------------------------------------------------    -------------------

                         (clock core_raw rise edge)
                                                      0.000     0.000 r  
    R4                                                0.000     0.000 r  sys_clk (IN)
                         net (fo=0)                   0.000     0.000    sys_clk
    R4                   IBUF (Prop_ibuf_I_O)         1.432     1.432 r  sys_clk_IBUF_inst/O
                         net (fo=1, routed)           1.065     2.497    multiplied_clock.clock_generator/sys_clk_IBUF
    MMCME2_ADV_X1Y0      MMCME2_ADV (Prop_mmcme2_adv_CLKIN1_CLKOUT0)
                                                     -5.921    -3.424 r  multiplied_clock.clock_generator/mmcm/CLKOUT0
                         net (fo=1, routed)           1.421    -2.004    multiplied_clock.clock_generator/core_raw
    BUFGCTRL_X0Y2        BUFG (Prop_bufg_I_O)         0.081    -1.923 r  multiplied_clock.clock_generator/core_buffer/O
                         net (fo=14953, routed)       1.423    -0.500    synchronous.rx_fifo/core_clk
    SLICE_X61Y27         FDCE                                         r  synchronous.rx_fifo/wgray_r1_reg[3]/C
                         clock pessimism              0.000    -0.500    
    SLICE_X61Y27         FDCE (Hold_fdce_C_D)         0.138    -0.362    synchronous.rx_fifo/wgray_r1_reg[3]
  -------------------------------------------------------------------
                         data arrival                           4.857    
                         clock arrival                         -0.362    
  -------------------------------------------------------------------
                         relative delay                         5.219    



Id: 4
set_bus_skew -from [get_cells -hier -filter {IS_SEQUENTIAL == 1 && (NAME =~ *rx_fifo/rgray_reg* || NAME =~ *rx_fifo/rbin_reg*)}] -to [get_cells -hier -filter {IS_SEQUENTIAL == 1 && NAME =~ *rx_fifo/rgray_w1_reg*}] 10.000
Requirement: 10.000ns
Endpoints: 9

From Clock            To Clock              Endpoint Pin                    Reference Pin                   Corner  Actual(ns)  Slack(ns)
--------------------  --------------------  ------------------------------  ------------------------------  ------  ----------  ---------
core_raw              usb_clk               synchronous.rx_fifo/rgray_w1_reg[1]/D
                                                                            synchronous.rx_fifo/rgray_w1_reg[7]/D
                                                                                                            Slow         1.084      8.916


Slack (MET) :             8.916ns  (requirement - actual skew)
  Endpoint Source:        synchronous.rx_fifo/rgray_reg[1]/C
                            (rising edge-triggered cell FDCE clocked by core_raw)
  Endpoint Destination:   synchronous.rx_fifo/rgray_w1_reg[1]/D
                            (rising edge-triggered cell FDCE clocked by usb_clk)
  Reference Source:       synchronous.rx_fifo/rgray_reg[7]/C
                            (rising edge-triggered cell FDCE clocked by core_raw)
  Reference Destination:  synchronous.rx_fifo/rgray_w1_reg[7]/D
                            (rising edge-triggered cell FDCE clocked by usb_clk)
  Path Type:              Bus Skew (Max at Slow Process Corner)
  Requirement:            10.000ns
  Endpoint Relative Delay:   -3.610ns
  Reference Relative Delay:  -5.220ns
  Relative CRPR:              0.657ns
  Uncertainty:                0.131ns
  Actual Bus Skew:            1.084ns  (Endpoint Relative Delay - Reference Relative Delay - Relative CRPR + Uncertainty)

Endpoint path:
    Location             Delay type                Incr(ns)  Path(ns)    Netlist Resource(s)
  -------------------------------------------------------------------    -------------------
                         (clock core_raw rise edge)
                                                      0.000     0.000 r  
    R4                                                0.000     0.000 r  sys_clk (IN)
                         net (fo=0)                   0.000     0.000    sys_clk
    R4                   IBUF (Prop_ibuf_I_O)         1.432     1.432 r  sys_clk_IBUF_inst/O
                         net (fo=1, routed)           1.065     2.497    multiplied_clock.clock_generator/sys_clk_IBUF
    MMCME2_ADV_X1Y0      MMCME2_ADV (Prop_mmcme2_adv_CLKIN1_CLKOUT0)
                                                     -5.921    -3.424 r  multiplied_clock.clock_generator/mmcm/CLKOUT0
                         net (fo=1, routed)           1.421    -2.004    multiplied_clock.clock_generator/core_raw
    BUFGCTRL_X0Y2        BUFG (Prop_bufg_I_O)         0.081    -1.923 r  multiplied_clock.clock_generator/core_buffer/O
                         net (fo=14953, routed)       1.421    -0.502    synchronous.rx_fifo/core_clk
    SLICE_X60Y26         FDCE                                         r  synchronous.rx_fifo/rgray_reg[1]/C
  -------------------------------------------------------------------    -------------------
    SLICE_X60Y26         FDCE (Prop_fdce_C_Q)         0.398    -0.104 r  synchronous.rx_fifo/rgray_reg[1]/Q
                         net (fo=1, routed)           0.656     0.552    synchronous.rx_fifo/rgray[1]
    SLICE_X61Y26         FDCE                                         r  synchronous.rx_fifo/rgray_w1_reg[1]/D
  -------------------------------------------------------------------    -------------------

                         (clock usb_clk rise edge)    0.000     0.000 r  
    Y4                                                0.000     0.000 r  usb_clk_60m (IN)
                         net (fo=0)                   0.000     0.000    usb_clk_60m
    Y4                   IBUF (Prop_ibuf_I_O)         1.372     1.372 r  usb_clk_60m_IBUF_inst/O
                         net (fo=1, routed)           1.599     2.972    usb_clk_60m_IBUF
    BUFGCTRL_X0Y0        BUFG (Prop_bufg_I_O)         0.077     3.049 r  synchronous.usb_clock_buffer/O
                         net (fo=1013, routed)        1.316     4.364    synchronous.rx_fifo/synchronous.usb_clk
    SLICE_X61Y26         FDCE                                         r  synchronous.rx_fifo/rgray_w1_reg[1]/C
                         clock pessimism              0.000     4.364    
    SLICE_X61Y26         FDCE (Setup_fdce_C_D)       -0.202     4.162    synchronous.rx_fifo/rgray_w1_reg[1]
  -------------------------------------------------------------------
                         data arrival                           0.552    
                         clock arrival                          4.162    
  -------------------------------------------------------------------
                         relative delay                        -3.610    

Reference path:
    Location             Delay type                Incr(ns)  Path(ns)    Netlist Resource(s)
  -------------------------------------------------------------------    -------------------
                         (clock core_raw rise edge)
                                                      0.000     0.000 r  
    R4                                                0.000     0.000 r  sys_clk (IN)
                         net (fo=0)                   0.000     0.000    sys_clk
    R4                   IBUF (Prop_ibuf_I_O)         1.366     1.366 r  sys_clk_IBUF_inst/O
                         net (fo=1, routed)           1.004     2.369    multiplied_clock.clock_generator/sys_clk_IBUF
    MMCME2_ADV_X1Y0      MMCME2_ADV (Prop_mmcme2_adv_CLKIN1_CLKOUT0)
                                                     -6.057    -3.688 r  multiplied_clock.clock_generator/mmcm/CLKOUT0
                         net (fo=1, routed)           1.352    -2.335    multiplied_clock.clock_generator/core_raw
    BUFGCTRL_X0Y2        BUFG (Prop_bufg_I_O)         0.077    -2.258 r  multiplied_clock.clock_generator/core_buffer/O
                         net (fo=14953, routed)       1.318    -0.941    synchronous.rx_fifo/core_clk
    SLICE_X61Y28         FDCE                                         r  synchronous.rx_fifo/rgray_reg[7]/C
  -------------------------------------------------------------------    -------------------
    SLICE_X61Y28         FDCE (Prop_fdce_C_Q)         0.304    -0.637 r  synchronous.rx_fifo/rgray_reg[7]/Q
                         net (fo=1, routed)           0.189    -0.448    synchronous.rx_fifo/rgray[7]
    SLICE_X61Y29         FDCE                                         r  synchronous.rx_fifo/rgray_w1_reg[7]/D
  -------------------------------------------------------------------    -------------------

                         (clock usb_clk rise edge)    0.000     0.000 r  
    Y4                                                0.000     0.000 r  usb_clk_60m (IN)
                         net (fo=0)                   0.000     0.000    usb_clk_60m
    Y4                   IBUF (Prop_ibuf_I_O)         1.439     1.439 r  usb_clk_60m_IBUF_inst/O
                         net (fo=1, routed)           1.689     3.127    usb_clk_60m_IBUF
    BUFGCTRL_X0Y0        BUFG (Prop_bufg_I_O)         0.081     3.208 r  synchronous.usb_clock_buffer/O
                         net (fo=1013, routed)        1.426     4.634    synchronous.rx_fifo/synchronous.usb_clk
    SLICE_X61Y29         FDCE                                         r  synchronous.rx_fifo/rgray_w1_reg[7]/C
                         clock pessimism              0.000     4.634    
    SLICE_X61Y29         FDCE (Hold_fdce_C_D)         0.138     4.772    synchronous.rx_fifo/rgray_w1_reg[7]
  -------------------------------------------------------------------
                         data arrival                          -0.448    
                         clock arrival                          4.772    
  -------------------------------------------------------------------
                         relative delay                        -5.220    



Id: 5
set_bus_skew -from [get_cells -hier -filter {IS_SEQUENTIAL == 1 && (NAME =~ *pixel_fifo/wgray_reg* || NAME =~ *pixel_fifo/wbin_reg*)}] -to [get_cells -hier -filter {IS_SEQUENTIAL == 1 && NAME =~ *pixel_fifo/wgray_r1_reg*}] 13.250
Requirement: 13.250ns
Endpoints: 13

From Clock            To Clock              Endpoint Pin                    Reference Pin                   Corner  Actual(ns)  Slack(ns)
--------------------  --------------------  ------------------------------  ------------------------------  ------  ----------  ---------
clock_raw             core_raw              real_camera.capture/pixel_fifo/wgray_r1_reg[3]/D
                                                                            real_camera.capture/pixel_fifo/wgray_r1_reg[6]/D
                                                                                                            Slow         1.029     12.221


Slack (MET) :             12.221ns  (requirement - actual skew)
  Endpoint Source:        real_camera.capture/pixel_fifo/wgray_reg[3]/C
                            (falling edge-triggered cell FDCE clocked by clock_raw)
  Endpoint Destination:   real_camera.capture/pixel_fifo/wgray_r1_reg[3]/D
                            (rising edge-triggered cell FDCE clocked by core_raw)
  Reference Source:       real_camera.capture/pixel_fifo/wgray_reg[6]/C
                            (falling edge-triggered cell FDCE clocked by clock_raw)
  Reference Destination:  real_camera.capture/pixel_fifo/wgray_r1_reg[6]/D
                            (rising edge-triggered cell FDCE clocked by core_raw)
  Path Type:              Bus Skew (Max at Slow Process Corner)
  Requirement:            13.250ns
  Endpoint Relative Delay:    3.669ns
  Reference Relative Delay:   1.549ns
  Relative CRPR:              1.308ns
  Uncertainty:                0.217ns
  Actual Bus Skew:            1.029ns  (Endpoint Relative Delay - Reference Relative Delay - Relative CRPR + Uncertainty)

Endpoint path:
    Location             Delay type                Incr(ns)  Path(ns)    Netlist Resource(s)
  -------------------------------------------------------------------    -------------------
                         (clock clock_raw fall edge)
                                                      0.000     0.000 f  
    F14                                               0.000     0.000 f  cam_pclk (IN)
                         net (fo=0)                   0.000     0.000    cam_pclk
    F14                  IBUF (Prop_ibuf_I_O)         1.392     1.392 f  cam_pclk_IBUF_inst/O
                         net (fo=1, routed)           3.115     4.507    real_camera.phase_clock.sampling_clock/pclk
    MMCME2_ADV_X0Y0      MMCME2_ADV (Prop_mmcme2_adv_CLKIN1_CLKOUT0)
                                                     -5.924    -1.417 f  real_camera.phase_clock.sampling_clock/camera_mmcm/CLKOUT0
                         net (fo=1, routed)           1.425     0.007    real_camera.phase_clock.sampling_clock/clock_raw
    BUFGCTRL_X0Y3        BUFG (Prop_bufg_I_O)         0.081     0.088 f  real_camera.phase_clock.sampling_clock/sample_buffer/O
                         net (fo=496, routed)         1.426     1.515    real_camera.capture/pixel_fifo/sample_clk
    SLICE_X3Y52          FDCE                                         r  real_camera.capture/pixel_fifo/wgray_reg[3]/C  (IS_INVERTED)
  -------------------------------------------------------------------    -------------------
    SLICE_X3Y52          FDCE (Prop_fdce_C_Q)         0.353     1.868 r  real_camera.capture/pixel_fifo/wgray_reg[3]/Q
                         net (fo=1, routed)           0.647     2.515    real_camera.capture/pixel_fifo/wgray[3]
    SLICE_X3Y55          FDCE                                         r  real_camera.capture/pixel_fifo/wgray_r1_reg[3]/D
  -------------------------------------------------------------------    -------------------

                         (clock core_raw rise edge)
                                                      0.000     0.000 r  
    R4                                                0.000     0.000 r  sys_clk (IN)
                         net (fo=0)                   0.000     0.000    sys_clk
    R4                   IBUF (Prop_ibuf_I_O)         1.366     1.366 r  sys_clk_IBUF_inst/O
                         net (fo=1, routed)           1.004     2.369    multiplied_clock.clock_generator/sys_clk_IBUF
    MMCME2_ADV_X1Y0      MMCME2_ADV (Prop_mmcme2_adv_CLKIN1_CLKOUT0)
                                                     -6.057    -3.688 r  multiplied_clock.clock_generator/mmcm/CLKOUT0
                         net (fo=1, routed)           1.352    -2.335    multiplied_clock.clock_generator/core_raw
    BUFGCTRL_X0Y2        BUFG (Prop_bufg_I_O)         0.077    -2.258 r  multiplied_clock.clock_generator/core_buffer/O
                         net (fo=14953, routed)       1.316    -0.942    real_camera.capture/pixel_fifo/core_clk
    SLICE_X3Y55          FDCE                                         r  real_camera.capture/pixel_fifo/wgray_r1_reg[3]/C
                         clock pessimism              0.000    -0.942    
    SLICE_X3Y55          FDCE (Setup_fdce_C_D)       -0.212    -1.154    real_camera.capture/pixel_fifo/wgray_r1_reg[3]
  -------------------------------------------------------------------
                         data arrival                           2.515    
                         clock arrival                         -1.154    
  -------------------------------------------------------------------
                         relative delay                         3.669    

Reference path:
    Location             Delay type                Incr(ns)  Path(ns)    Netlist Resource(s)
  -------------------------------------------------------------------    -------------------
                         (clock clock_raw fall edge)
                                                      0.000     0.000 f  
    F14                                               0.000     0.000 f  cam_pclk (IN)
                         net (fo=0)                   0.000     0.000    cam_pclk
    F14                  IBUF (Prop_ibuf_I_O)         1.327     1.327 f  cam_pclk_IBUF_inst/O
                         net (fo=1, routed)           2.581     3.908    real_camera.phase_clock.sampling_clock/pclk
    MMCME2_ADV_X0Y0      MMCME2_ADV (Prop_mmcme2_adv_CLKIN1_CLKOUT0)
                                                     -6.061    -2.154 f  real_camera.phase_clock.sampling_clock/camera_mmcm/CLKOUT0
                         net (fo=1, routed)           1.357    -0.796    real_camera.phase_clock.sampling_clock/clock_raw
    BUFGCTRL_X0Y3        BUFG (Prop_bufg_I_O)         0.077    -0.719 f  real_camera.phase_clock.sampling_clock/sample_buffer/O
                         net (fo=496, routed)         1.316     0.597    real_camera.capture/pixel_fifo/sample_clk
    SLICE_X3Y54          FDCE                                         r  real_camera.capture/pixel_fifo/wgray_reg[6]/C  (IS_INVERTED)
  -------------------------------------------------------------------    -------------------
    SLICE_X3Y54          FDCE (Prop_fdce_C_Q)         0.308     0.905 r  real_camera.capture/pixel_fifo/wgray_reg[6]/Q
                         net (fo=1, routed)           0.285     1.190    real_camera.capture/pixel_fifo/wgray[6]
    SLICE_X3Y57          FDCE                                         r  real_camera.capture/pixel_fifo/wgray_r1_reg[6]/D
  -------------------------------------------------------------------    -------------------

                         (clock core_raw rise edge)
                                                      0.000     0.000 r  
    R4                                                0.000     0.000 r  sys_clk (IN)
                         net (fo=0)                   0.000     0.000    sys_clk
    R4                   IBUF (Prop_ibuf_I_O)         1.432     1.432 r  sys_clk_IBUF_inst/O
                         net (fo=1, routed)           1.065     2.497    multiplied_clock.clock_generator/sys_clk_IBUF
    MMCME2_ADV_X1Y0      MMCME2_ADV (Prop_mmcme2_adv_CLKIN1_CLKOUT0)
                                                     -5.921    -3.424 r  multiplied_clock.clock_generator/mmcm/CLKOUT0
                         net (fo=1, routed)           1.421    -2.004    multiplied_clock.clock_generator/core_raw
    BUFGCTRL_X0Y2        BUFG (Prop_bufg_I_O)         0.081    -1.923 r  multiplied_clock.clock_generator/core_buffer/O
                         net (fo=14953, routed)       1.425    -0.497    real_camera.capture/pixel_fifo/core_clk
    SLICE_X3Y57          FDCE                                         r  real_camera.capture/pixel_fifo/wgray_r1_reg[6]/C
                         clock pessimism              0.000    -0.497    
    SLICE_X3Y57          FDCE (Hold_fdce_C_D)         0.138    -0.359    real_camera.capture/pixel_fifo/wgray_r1_reg[6]
  -------------------------------------------------------------------
                         data arrival                           1.190    
                         clock arrival                         -0.359    
  -------------------------------------------------------------------
                         relative delay                         1.549    



Id: 6
set_bus_skew -from [get_cells -hier -filter {IS_SEQUENTIAL == 1 && (NAME =~ *pixel_fifo/rgray_reg* || NAME =~ *pixel_fifo/rbin_reg*)}] -to [get_cells -hier -filter {IS_SEQUENTIAL == 1 && NAME =~ *pixel_fifo/rgray_w1_reg*}] 10.000
Requirement: 10.000ns
Endpoints: 13

From Clock            To Clock              Endpoint Pin                    Reference Pin                   Corner  Actual(ns)  Slack(ns)
--------------------  --------------------  ------------------------------  ------------------------------  ------  ----------  ---------
core_raw              clock_raw             real_camera.capture/pixel_fifo/rgray_w1_reg[12]/D
                                                                            real_camera.capture/pixel_fifo/rgray_w1_reg[8]/D
                                                                                                            Slow         1.105      8.895


Slack (MET) :             8.895ns  (requirement - actual skew)
  Endpoint Source:        real_camera.capture/pixel_fifo/rgray_reg[12]/C
                            (rising edge-triggered cell FDCE clocked by core_raw)
  Endpoint Destination:   real_camera.capture/pixel_fifo/rgray_w1_reg[12]/D
                            (falling edge-triggered cell FDCE clocked by clock_raw)
  Reference Source:       real_camera.capture/pixel_fifo/rgray_reg[8]/C
                            (rising edge-triggered cell FDCE clocked by core_raw)
  Reference Destination:  real_camera.capture/pixel_fifo/rgray_w1_reg[8]/D
                            (falling edge-triggered cell FDCE clocked by clock_raw)
  Path Type:              Bus Skew (Max at Slow Process Corner)
  Requirement:            10.000ns
  Endpoint Relative Delay:    0.118ns
  Reference Relative Delay:  -2.078ns
  Relative CRPR:              1.308ns
  Uncertainty:                0.217ns
  Actual Bus Skew:            1.105ns  (Endpoint Relative Delay - Reference Relative Delay - Relative CRPR + Uncertainty)

Endpoint path:
    Location             Delay type                Incr(ns)  Path(ns)    Netlist Resource(s)
  -------------------------------------------------------------------    -------------------
                         (clock core_raw rise edge)
                                                      0.000     0.000 r  
    R4                                                0.000     0.000 r  sys_clk (IN)
                         net (fo=0)                   0.000     0.000    sys_clk
    R4                   IBUF (Prop_ibuf_I_O)         1.432     1.432 r  sys_clk_IBUF_inst/O
                         net (fo=1, routed)           1.065     2.497    multiplied_clock.clock_generator/sys_clk_IBUF
    MMCME2_ADV_X1Y0      MMCME2_ADV (Prop_mmcme2_adv_CLKIN1_CLKOUT0)
                                                     -5.921    -3.424 r  multiplied_clock.clock_generator/mmcm/CLKOUT0
                         net (fo=1, routed)           1.421    -2.004    multiplied_clock.clock_generator/core_raw
    BUFGCTRL_X0Y2        BUFG (Prop_bufg_I_O)         0.081    -1.923 r  multiplied_clock.clock_generator/core_buffer/O
                         net (fo=14953, routed)       1.422    -0.500    real_camera.capture/pixel_fifo/core_clk
    SLICE_X6Y60          FDCE                                         r  real_camera.capture/pixel_fifo/rgray_reg[12]/C
  -------------------------------------------------------------------    -------------------
    SLICE_X6Y60          FDCE (Prop_fdce_C_Q)         0.433    -0.067 r  real_camera.capture/pixel_fifo/rgray_reg[12]/Q
                         net (fo=1, routed)           0.712     0.644    real_camera.capture/pixel_fifo/rgray[12]
    SLICE_X0Y52          FDCE                                         r  real_camera.capture/pixel_fifo/rgray_w1_reg[12]/D
  -------------------------------------------------------------------    -------------------

                         (clock clock_raw fall edge)
                                                      0.000     0.000 f  
    F14                                               0.000     0.000 f  cam_pclk (IN)
                         net (fo=0)                   0.000     0.000    cam_pclk
    F14                  IBUF (Prop_ibuf_I_O)         1.327     1.327 f  cam_pclk_IBUF_inst/O
                         net (fo=1, routed)           2.581     3.908    real_camera.phase_clock.sampling_clock/pclk
    MMCME2_ADV_X0Y0      MMCME2_ADV (Prop_mmcme2_adv_CLKIN1_CLKOUT0)
                                                     -6.061    -2.154 f  real_camera.phase_clock.sampling_clock/camera_mmcm/CLKOUT0
                         net (fo=1, routed)           1.357    -0.796    real_camera.phase_clock.sampling_clock/clock_raw
    BUFGCTRL_X0Y3        BUFG (Prop_bufg_I_O)         0.077    -0.719 f  real_camera.phase_clock.sampling_clock/sample_buffer/O
                         net (fo=496, routed)         1.316     0.597    real_camera.capture/pixel_fifo/sample_clk
    SLICE_X0Y52          FDCE                                         r  real_camera.capture/pixel_fifo/rgray_w1_reg[12]/C  (IS_INVERTED)
                         clock pessimism              0.000     0.597    
    SLICE_X0Y52          FDCE (Setup_fdce_C_D)       -0.071     0.526    real_camera.capture/pixel_fifo/rgray_w1_reg[12]
  -------------------------------------------------------------------
                         data arrival                           0.644    
                         clock arrival                          0.526    
  -------------------------------------------------------------------
                         relative delay                         0.118    

Reference path:
    Location             Delay type                Incr(ns)  Path(ns)    Netlist Resource(s)
  -------------------------------------------------------------------    -------------------
                         (clock core_raw rise edge)
                                                      0.000     0.000 r  
    R4                                                0.000     0.000 r  sys_clk (IN)
                         net (fo=0)                   0.000     0.000    sys_clk
    R4                   IBUF (Prop_ibuf_I_O)         1.366     1.366 r  sys_clk_IBUF_inst/O
                         net (fo=1, routed)           1.004     2.369    multiplied_clock.clock_generator/sys_clk_IBUF
    MMCME2_ADV_X1Y0      MMCME2_ADV (Prop_mmcme2_adv_CLKIN1_CLKOUT0)
                                                     -6.057    -3.688 r  multiplied_clock.clock_generator/mmcm/CLKOUT0
                         net (fo=1, routed)           1.352    -2.335    multiplied_clock.clock_generator/core_raw
    BUFGCTRL_X0Y2        BUFG (Prop_bufg_I_O)         0.077    -2.258 r  multiplied_clock.clock_generator/core_buffer/O
                         net (fo=14953, routed)       1.315    -0.943    real_camera.capture/pixel_fifo/core_clk
    SLICE_X5Y55          FDCE                                         r  real_camera.capture/pixel_fifo/rgray_reg[8]/C
  -------------------------------------------------------------------    -------------------
    SLICE_X5Y55          FDCE (Prop_fdce_C_Q)         0.304    -0.639 r  real_camera.capture/pixel_fifo/rgray_reg[8]/Q
                         net (fo=1, routed)           0.217    -0.422    real_camera.capture/pixel_fifo/rgray[8]
    SLICE_X3Y54          FDCE                                         r  real_camera.capture/pixel_fifo/rgray_w1_reg[8]/D
  -------------------------------------------------------------------    -------------------

                         (clock clock_raw fall edge)
                                                      0.000     0.000 f  
    F14                                               0.000     0.000 f  cam_pclk (IN)
                         net (fo=0)                   0.000     0.000    cam_pclk
    F14                  IBUF (Prop_ibuf_I_O)         1.392     1.392 f  cam_pclk_IBUF_inst/O
                         net (fo=1, routed)           3.115     4.507    real_camera.phase_clock.sampling_clock/pclk
    MMCME2_ADV_X0Y0      MMCME2_ADV (Prop_mmcme2_adv_CLKIN1_CLKOUT0)
                                                     -5.924    -1.417 f  real_camera.phase_clock.sampling_clock/camera_mmcm/CLKOUT0
                         net (fo=1, routed)           1.425     0.007    real_camera.phase_clock.sampling_clock/clock_raw
    BUFGCTRL_X0Y3        BUFG (Prop_bufg_I_O)         0.081     0.088 f  real_camera.phase_clock.sampling_clock/sample_buffer/O
                         net (fo=496, routed)         1.426     1.515    real_camera.capture/pixel_fifo/sample_clk
    SLICE_X3Y54          FDCE                                         r  real_camera.capture/pixel_fifo/rgray_w1_reg[8]/C  (IS_INVERTED)
                         clock pessimism              0.000     1.515    
    SLICE_X3Y54          FDCE (Hold_fdce_C_D)         0.141     1.656    real_camera.capture/pixel_fifo/rgray_w1_reg[8]
  -------------------------------------------------------------------
                         data arrival                          -0.422    
                         clock arrival                          1.656    
  -------------------------------------------------------------------
                         relative delay                        -2.078    



Id: 7
set_bus_skew -from [get_cells -hier -filter {IS_SEQUENTIAL == 1 && (NAME =~ *capture/*_gray_reg* || NAME =~ *capture/*_bin_reg*)}] -to [get_cells -hier -filter {IS_SEQUENTIAL == 1 && NAME =~ *capture/*_c1_reg*}] 13.250
Requirement: 13.250ns
Endpoints: 192

From Clock            To Clock              Endpoint Pin                    Reference Pin                   Corner  Actual(ns)  Slack(ns)
--------------------  --------------------  ------------------------------  ------------------------------  ------  ----------  ---------
clock_raw             core_raw              real_camera.capture/bytes_c1_reg[28]/D
                                                                            real_camera.capture/bytes_c1_reg[1]/D
                                                                                                            Slow         1.402     11.848


Slack (MET) :             11.848ns  (requirement - actual skew)
  Endpoint Source:        real_camera.capture/bytes_gray_reg[28]/C
                            (falling edge-triggered cell FDCE clocked by clock_raw)
  Endpoint Destination:   real_camera.capture/bytes_c1_reg[28]/D
                            (rising edge-triggered cell FDCE clocked by core_raw)
  Reference Source:       real_camera.capture/bytes_gray_reg[1]/C
                            (falling edge-triggered cell FDCE clocked by clock_raw)
  Reference Destination:  real_camera.capture/bytes_c1_reg[1]/D
                            (rising edge-triggered cell FDCE clocked by core_raw)
  Path Type:              Bus Skew (Max at Slow Process Corner)
  Requirement:            13.250ns
  Endpoint Relative Delay:    3.787ns
  Reference Relative Delay:   1.459ns
  Relative CRPR:              1.143ns
  Uncertainty:                0.217ns
  Actual Bus Skew:            1.402ns  (Endpoint Relative Delay - Reference Relative Delay - Relative CRPR + Uncertainty)

Endpoint path:
    Location             Delay type                Incr(ns)  Path(ns)    Netlist Resource(s)
  -------------------------------------------------------------------    -------------------
                         (clock clock_raw fall edge)
                                                      0.000     0.000 f  
    F14                                               0.000     0.000 f  cam_pclk (IN)
                         net (fo=0)                   0.000     0.000    cam_pclk
    F14                  IBUF (Prop_ibuf_I_O)         1.392     1.392 f  cam_pclk_IBUF_inst/O
                         net (fo=1, routed)           3.115     4.507    real_camera.phase_clock.sampling_clock/pclk
    MMCME2_ADV_X0Y0      MMCME2_ADV (Prop_mmcme2_adv_CLKIN1_CLKOUT0)
                                                     -5.924    -1.417 f  real_camera.phase_clock.sampling_clock/camera_mmcm/CLKOUT0
                         net (fo=1, routed)           1.425     0.007    real_camera.phase_clock.sampling_clock/clock_raw
    BUFGCTRL_X0Y3        BUFG (Prop_bufg_I_O)         0.081     0.088 f  real_camera.phase_clock.sampling_clock/sample_buffer/O
                         net (fo=496, routed)         1.355     1.444    real_camera.capture/sample_clk
    SLICE_X47Y56         FDCE                                         r  real_camera.capture/bytes_gray_reg[28]/C  (IS_INVERTED)
  -------------------------------------------------------------------    -------------------
    SLICE_X47Y56         FDCE (Prop_fdce_C_Q)         0.353     1.797 r  real_camera.capture/bytes_gray_reg[28]/Q
                         net (fo=1, routed)           0.825     2.622    real_camera.capture/bytes_gray[28]
    SLICE_X46Y62         FDCE                                         r  real_camera.capture/bytes_c1_reg[28]/D
  -------------------------------------------------------------------    -------------------

                         (clock core_raw rise edge)
                                                      0.000     0.000 r  
    R4                                                0.000     0.000 r  sys_clk (IN)
                         net (fo=0)                   0.000     0.000    sys_clk
    R4                   IBUF (Prop_ibuf_I_O)         1.366     1.366 r  sys_clk_IBUF_inst/O
                         net (fo=1, routed)           1.004     2.369    multiplied_clock.clock_generator/sys_clk_IBUF
    MMCME2_ADV_X1Y0      MMCME2_ADV (Prop_mmcme2_adv_CLKIN1_CLKOUT0)
                                                     -6.057    -3.688 r  multiplied_clock.clock_generator/mmcm/CLKOUT0
                         net (fo=1, routed)           1.352    -2.335    multiplied_clock.clock_generator/core_raw
    BUFGCTRL_X0Y2        BUFG (Prop_bufg_I_O)         0.077    -2.258 r  multiplied_clock.clock_generator/core_buffer/O
                         net (fo=14953, routed)       1.243    -1.015    real_camera.capture/core_clk
    SLICE_X46Y62         FDCE                                         r  real_camera.capture/bytes_c1_reg[28]/C
                         clock pessimism              0.000    -1.015    
    SLICE_X46Y62         FDCE (Setup_fdce_C_D)       -0.150    -1.165    real_camera.capture/bytes_c1_reg[28]
  -------------------------------------------------------------------
                         data arrival                           2.622    
                         clock arrival                         -1.165    
  -------------------------------------------------------------------
                         relative delay                         3.787    

Reference path:
    Location             Delay type                Incr(ns)  Path(ns)    Netlist Resource(s)
  -------------------------------------------------------------------    -------------------
                         (clock clock_raw fall edge)
                                                      0.000     0.000 f  
    F14                                               0.000     0.000 f  cam_pclk (IN)
                         net (fo=0)                   0.000     0.000    cam_pclk
    F14                  IBUF (Prop_ibuf_I_O)         1.327     1.327 f  cam_pclk_IBUF_inst/O
                         net (fo=1, routed)           2.581     3.908    real_camera.phase_clock.sampling_clock/pclk
    MMCME2_ADV_X0Y0      MMCME2_ADV (Prop_mmcme2_adv_CLKIN1_CLKOUT0)
                                                     -6.061    -2.154 f  real_camera.phase_clock.sampling_clock/camera_mmcm/CLKOUT0
                         net (fo=1, routed)           1.357    -0.796    real_camera.phase_clock.sampling_clock/clock_raw
    BUFGCTRL_X0Y3        BUFG (Prop_bufg_I_O)         0.077    -0.719 f  real_camera.phase_clock.sampling_clock/sample_buffer/O
                         net (fo=496, routed)         1.260     0.541    real_camera.capture/sample_clk
    SLICE_X47Y49         FDCE                                         r  real_camera.capture/bytes_gray_reg[1]/C  (IS_INVERTED)
  -------------------------------------------------------------------    -------------------
    SLICE_X47Y49         FDCE (Prop_fdce_C_Q)         0.308     0.849 r  real_camera.capture/bytes_gray_reg[1]/Q
                         net (fo=1, routed)           0.195     1.044    real_camera.capture/bytes_gray[1]
    SLICE_X44Y49         FDCE                                         r  real_camera.capture/bytes_c1_reg[1]/D
  -------------------------------------------------------------------    -------------------

                         (clock core_raw rise edge)
                                                      0.000     0.000 r  
    R4                                                0.000     0.000 r  sys_clk (IN)
                         net (fo=0)                   0.000     0.000    sys_clk
    R4                   IBUF (Prop_ibuf_I_O)         1.432     1.432 r  sys_clk_IBUF_inst/O
                         net (fo=1, routed)           1.065     2.497    multiplied_clock.clock_generator/sys_clk_IBUF
    MMCME2_ADV_X1Y0      MMCME2_ADV (Prop_mmcme2_adv_CLKIN1_CLKOUT0)
                                                     -5.921    -3.424 r  multiplied_clock.clock_generator/mmcm/CLKOUT0
                         net (fo=1, routed)           1.421    -2.004    multiplied_clock.clock_generator/core_raw
    BUFGCTRL_X0Y2        BUFG (Prop_bufg_I_O)         0.081    -1.923 r  multiplied_clock.clock_generator/core_buffer/O
                         net (fo=14953, routed)       1.370    -0.553    real_camera.capture/core_clk
    SLICE_X44Y49         FDCE                                         r  real_camera.capture/bytes_c1_reg[1]/C
                         clock pessimism              0.000    -0.553    
    SLICE_X44Y49         FDCE (Hold_fdce_C_D)         0.138    -0.415    real_camera.capture/bytes_c1_reg[1]
  -------------------------------------------------------------------
                         data arrival                           1.044    
                         clock arrival                         -0.415    
  -------------------------------------------------------------------
                         relative delay                         1.459    



