Copyright 1986-2020 Xilinx, Inc. All Rights Reserved.
-------------------------------------------------------------------------------------------------------------------------------------------
| Tool Version : Vivado v.2020.1 (win64) Build 2902540 Wed May 27 19:54:49 MDT 2020
| Date         : Mon Sep 28 15:52:57 2026
| Host         : LAPTOP-JC5LPK9T running 64-bit major release  (build 9200)
| Command      : report_timing -max_paths 20 -file F:/zju/dasanshangkecheng/HDL/mjpeg/reports/ddr3/full_20260928_154712/critical_setup.rpt
| Design       : davinci_mjpeg_ddr3_top
| Device       : 7a35t-fgg484
| Speed File   : -2  PRODUCTION 1.23 2018-06-13
-------------------------------------------------------------------------------------------------------------------------------------------

Timing Report

Slack (MET) :             0.052ns  (required time - arrival time)
  Source:                 cam_href
                            (input port clocked by cam_clk  {rise@0.000ns fall@6.625ns period=13.250ns})
  Destination:            real_camera.pin_href_reg/D
                            (falling edge-triggered cell FDRE clocked by clock_raw  {rise@-1.104ns fall@5.521ns period=13.250ns})
  Path Group:             clock_raw
  Path Type:              Setup (Max at Slow Process Corner)
  Requirement:            12.146ns  (clock_raw fall@18.771ns - cam_clk fall@6.625ns)
  Data Path Delay:        2.373ns  (logic 1.421ns (59.901%)  route 0.952ns (40.099%))
  Logic Levels:           1  (IBUF=1)
  Input Delay:            10.000ns
  Clock Path Skew:        0.739ns (DCD - SCD + CPR)
    Destination Clock Delay (DCD):    0.739ns = ( 19.509 - 18.771 ) 
    Source Clock Delay      (SCD):    0.000ns = ( 6.625 - 6.625 ) 
    Clock Pessimism Removal (CPR):    0.000ns
  Clock Uncertainty:      0.404ns  ((TSJ^2 + DJ^2)^1/2) / 2 + PE + UU
    Total System Jitter     (TSJ):    0.071ns
    Discrete Jitter          (DJ):    0.114ns
    Phase Error              (PE):    0.087ns
    User Uncertainty         (UU):    0.250ns

    Location             Delay type                Incr(ns)  Path(ns)    Netlist Resource(s)
  -------------------------------------------------------------------    -------------------
                         (clock cam_clk fall edge)    6.625     6.625 f  
                         input delay                 10.000    16.625    
    B15                                               0.000    16.625 r  cam_href (IN)
                         net (fo=0)                   0.000    16.625    cam_href
    B15                  IBUF (Prop_ibuf_I_O)         1.421    18.046 r  cam_href_IBUF_inst/O
                         net (fo=1, routed)           0.952    18.998    cam_href_IBUF
    SLICE_X0Y126         FDRE                                         r  real_camera.pin_href_reg/D
  -------------------------------------------------------------------    -------------------

                         (clock clock_raw fall edge)
                                                     18.771    18.771 f  
    F14                                               0.000    18.771 f  cam_pclk (IN)
                         net (fo=0)                   0.000    18.771    cam_pclk
    F14                  IBUF (Prop_ibuf_I_O)         1.327    20.097 f  cam_pclk_IBUF_inst/O
                         net (fo=1, routed)           2.581    22.678    real_camera.phase_clock.sampling_clock/pclk
    MMCME2_ADV_X0Y0      MMCME2_ADV (Prop_mmcme2_adv_CLKIN1_CLKOUT0)
                                                     -6.061    16.617 f  real_camera.phase_clock.sampling_clock/camera_mmcm/CLKOUT0
                         net (fo=1, routed)           1.357    17.975    real_camera.phase_clock.sampling_clock/clock_raw
    BUFGCTRL_X0Y3        BUFG (Prop_bufg_I_O)         0.077    18.052 f  real_camera.phase_clock.sampling_clock/sample_buffer/O
                         net (fo=496, routed)         1.458    19.509    real_camera.pclk
    SLICE_X0Y126         FDRE                                         r  real_camera.pin_href_reg/C  (IS_INVERTED)
                         clock pessimism              0.000    19.509    
                         clock uncertainty           -0.404    19.105    
    SLICE_X0Y126         FDRE (Setup_fdre_C_D)       -0.055    19.050    real_camera.pin_href_reg
  -------------------------------------------------------------------
                         required time                         19.050    
                         arrival time                         -18.998    
  -------------------------------------------------------------------
                         slack                                  0.052    

Slack (MET) :             0.064ns  (required time - arrival time)
  Source:                 synchronous.link/held_data_reg[5]/C
                            (rising edge-triggered cell FDCE clocked by usb_clk  {rise@0.000ns fall@8.333ns period=16.667ns})
  Destination:            usb_data[5]
                            (output port clocked by usb_clk  {rise@0.000ns fall@8.333ns period=16.667ns})
  Path Group:             usb_clk
  Path Type:              Max at Slow Process Corner
  Requirement:            16.667ns  (usb_clk rise@16.667ns - usb_clk rise@0.000ns)
  Data Path Delay:        3.757ns  (logic 3.756ns (99.973%)  route 0.001ns (0.027%))
  Logic Levels:           1  (OBUFT=1)
  Output Delay:           8.000ns
  Clock Path Skew:        -4.660ns (DCD - SCD + CPR)
    Destination Clock Delay (DCD):    0.000ns = ( 16.667 - 16.667 ) 
    Source Clock Delay      (SCD):    4.660ns
    Clock Pessimism Removal (CPR):    0.000ns
  Clock Uncertainty:      0.185ns  ((TSJ^2 + TIJ^2)^1/2 + DJ) / 2 + PE + UU
    Total System Jitter     (TSJ):    0.071ns
    Total Input Jitter      (TIJ):    0.000ns
    Discrete Jitter          (DJ):    0.000ns
    Phase Error              (PE):    0.000ns
    User Uncertainty         (UU):    0.150ns

    Location             Delay type                Incr(ns)  Path(ns)    Netlist Resource(s)
  -------------------------------------------------------------------    -------------------
                         (clock usb_clk rise edge)    0.000     0.000 r  
    Y4                                                0.000     0.000 r  usb_clk_60m (IN)
                         net (fo=0)                   0.000     0.000    usb_clk_60m
    Y4                   IBUF (Prop_ibuf_I_O)         1.439     1.439 r  usb_clk_60m_IBUF_inst/O
                         net (fo=1, routed)           1.689     3.127    usb_clk_60m_IBUF
    BUFGCTRL_X0Y0        BUFG (Prop_bufg_I_O)         0.081     3.208 r  synchronous.usb_clock_buffer/O
                         net (fo=1013, routed)        1.452     4.660    synchronous.link/synchronous.usb_clk
    OLOGIC_X1Y35         FDCE                                         r  synchronous.link/held_data_reg[5]/C
  -------------------------------------------------------------------    -------------------
    OLOGIC_X1Y35         FDCE (Prop_fdce_C_Q)         0.418     5.078 r  synchronous.link/held_data_reg[5]/Q
                         net (fo=1, routed)           0.001     5.079    usb_data_IOBUF[5]_inst/I
    AB1                  OBUFT (Prop_obuft_I_O)       3.338     8.417 r  usb_data_IOBUF[5]_inst/OBUFT/O
                         net (fo=1, unset)            0.000     8.417    usb_data[5]
    AB1                                                               r  usb_data[5] (INOUT)
  -------------------------------------------------------------------    -------------------

                         (clock usb_clk rise edge)   16.667    16.667 r  
                         clock pessimism              0.000    16.667    
                         clock uncertainty           -0.185    16.482    
                         output delay                -8.000     8.482    
  -------------------------------------------------------------------
                         required time                          8.482    
                         arrival time                          -8.417    
  -------------------------------------------------------------------
                         slack                                  0.064    

Slack (MET) :             0.065ns  (required time - arrival time)
  Source:                 synchronous.link/held_data_reg[7]/C
                            (rising edge-triggered cell FDCE clocked by usb_clk  {rise@0.000ns fall@8.333ns period=16.667ns})
  Destination:            usb_data[7]
                            (output port clocked by usb_clk  {rise@0.000ns fall@8.333ns period=16.667ns})
  Path Group:             usb_clk
  Path Type:              Max at Slow Process Corner
  Requirement:            16.667ns  (usb_clk rise@16.667ns - usb_clk rise@0.000ns)
  Data Path Delay:        3.752ns  (logic 3.751ns (99.973%)  route 0.001ns (0.027%))
  Logic Levels:           1  (OBUFT=1)
  Output Delay:           8.000ns
  Clock Path Skew:        -4.665ns (DCD - SCD + CPR)
    Destination Clock Delay (DCD):    0.000ns = ( 16.667 - 16.667 ) 
    Source Clock Delay      (SCD):    4.665ns
    Clock Pessimism Removal (CPR):    0.000ns
  Clock Uncertainty:      0.185ns  ((TSJ^2 + TIJ^2)^1/2 + DJ) / 2 + PE + UU
    Total System Jitter     (TSJ):    0.071ns
    Total Input Jitter      (TIJ):    0.000ns
    Discrete Jitter          (DJ):    0.000ns
    Phase Error              (PE):    0.000ns
    User Uncertainty         (UU):    0.150ns

    Location             Delay type                Incr(ns)  Path(ns)    Netlist Resource(s)
  -------------------------------------------------------------------    -------------------
                         (clock usb_clk rise edge)    0.000     0.000 r  
    Y4                                                0.000     0.000 r  usb_clk_60m (IN)
                         net (fo=0)                   0.000     0.000    usb_clk_60m
    Y4                   IBUF (Prop_ibuf_I_O)         1.439     1.439 r  usb_clk_60m_IBUF_inst/O
                         net (fo=1, routed)           1.689     3.127    usb_clk_60m_IBUF
    BUFGCTRL_X0Y0        BUFG (Prop_bufg_I_O)         0.081     3.208 r  synchronous.usb_clock_buffer/O
                         net (fo=1013, routed)        1.457     4.665    synchronous.link/synchronous.usb_clk
    OLOGIC_X1Y39         FDCE                                         r  synchronous.link/held_data_reg[7]/C
  -------------------------------------------------------------------    -------------------
    OLOGIC_X1Y39         FDCE (Prop_fdce_C_Q)         0.418     5.083 r  synchronous.link/held_data_reg[7]/Q
                         net (fo=1, routed)           0.001     5.084    usb_data_IOBUF[7]_inst/I
    Y1                   OBUFT (Prop_obuft_I_O)       3.333     8.417 r  usb_data_IOBUF[7]_inst/OBUFT/O
                         net (fo=1, unset)            0.000     8.417    usb_data[7]
    Y1                                                                r  usb_data[7] (INOUT)
  -------------------------------------------------------------------    -------------------

                         (clock usb_clk rise edge)   16.667    16.667 r  
                         clock pessimism              0.000    16.667    
                         clock uncertainty           -0.185    16.482    
                         output delay                -8.000     8.482    
  -------------------------------------------------------------------
                         required time                          8.482    
                         arrival time                          -8.417    
  -------------------------------------------------------------------
                         slack                                  0.065    

Slack (MET) :             0.066ns  (required time - arrival time)
  Source:                 synchronous.link/held_data_reg[6]/C
                            (rising edge-triggered cell FDCE clocked by usb_clk  {rise@0.000ns fall@8.333ns period=16.667ns})
  Destination:            usb_data[6]
                            (output port clocked by usb_clk  {rise@0.000ns fall@8.333ns period=16.667ns})
  Path Group:             usb_clk
  Path Type:              Max at Slow Process Corner
  Requirement:            16.667ns  (usb_clk rise@16.667ns - usb_clk rise@0.000ns)
  Data Path Delay:        3.755ns  (logic 3.754ns (99.973%)  route 0.001ns (0.027%))
  Logic Levels:           1  (OBUFT=1)
  Output Delay:           8.000ns
  Clock Path Skew:        -4.660ns (DCD - SCD + CPR)
    Destination Clock Delay (DCD):    0.000ns = ( 16.667 - 16.667 ) 
    Source Clock Delay      (SCD):    4.660ns
    Clock Pessimism Removal (CPR):    0.000ns
  Clock Uncertainty:      0.185ns  ((TSJ^2 + TIJ^2)^1/2 + DJ) / 2 + PE + UU
    Total System Jitter     (TSJ):    0.071ns
    Total Input Jitter      (TIJ):    0.000ns
    Discrete Jitter          (DJ):    0.000ns
    Phase Error              (PE):    0.000ns
    User Uncertainty         (UU):    0.150ns

    Location             Delay type                Incr(ns)  Path(ns)    Netlist Resource(s)
  -------------------------------------------------------------------    -------------------
                         (clock usb_clk rise edge)    0.000     0.000 r  
    Y4                                                0.000     0.000 r  usb_clk_60m (IN)
                         net (fo=0)                   0.000     0.000    usb_clk_60m
    Y4                   IBUF (Prop_ibuf_I_O)         1.439     1.439 r  usb_clk_60m_IBUF_inst/O
                         net (fo=1, routed)           1.689     3.127    usb_clk_60m_IBUF
    BUFGCTRL_X0Y0        BUFG (Prop_bufg_I_O)         0.081     3.208 r  synchronous.usb_clock_buffer/O
                         net (fo=1013, routed)        1.452     4.660    synchronous.link/synchronous.usb_clk
    OLOGIC_X1Y36         FDCE                                         r  synchronous.link/held_data_reg[6]/C
  -------------------------------------------------------------------    -------------------
    OLOGIC_X1Y36         FDCE (Prop_fdce_C_Q)         0.418     5.078 r  synchronous.link/held_data_reg[6]/Q
                         net (fo=1, routed)           0.001     5.079    usb_data_IOBUF[6]_inst/I
    AA1                  OBUFT (Prop_obuft_I_O)       3.336     8.415 r  usb_data_IOBUF[6]_inst/OBUFT/O
                         net (fo=1, unset)            0.000     8.415    usb_data[6]
    AA1                                                               r  usb_data[6] (INOUT)
  -------------------------------------------------------------------    -------------------

                         (clock usb_clk rise edge)   16.667    16.667 r  
                         clock pessimism              0.000    16.667    
                         clock uncertainty           -0.185    16.482    
                         output delay                -8.000     8.482    
  -------------------------------------------------------------------
                         required time                          8.482    
                         arrival time                          -8.415    
  -------------------------------------------------------------------
                         slack                                  0.066    

Slack (MET) :             0.068ns  (required time - arrival time)
  Source:                 synchronous.link/held_data_reg[2]/C
                            (rising edge-triggered cell FDCE clocked by usb_clk  {rise@0.000ns fall@8.333ns period=16.667ns})
  Destination:            usb_data[2]
                            (output port clocked by usb_clk  {rise@0.000ns fall@8.333ns period=16.667ns})
  Path Group:             usb_clk
  Path Type:              Max at Slow Process Corner
  Requirement:            16.667ns  (usb_clk rise@16.667ns - usb_clk rise@0.000ns)
  Data Path Delay:        3.754ns  (logic 3.753ns (99.973%)  route 0.001ns (0.027%))
  Logic Levels:           1  (OBUFT=1)
  Output Delay:           8.000ns
  Clock Path Skew:        -4.660ns (DCD - SCD + CPR)
    Destination Clock Delay (DCD):    0.000ns = ( 16.667 - 16.667 ) 
    Source Clock Delay      (SCD):    4.660ns
    Clock Pessimism Removal (CPR):    0.000ns
  Clock Uncertainty:      0.185ns  ((TSJ^2 + TIJ^2)^1/2 + DJ) / 2 + PE + UU
    Total System Jitter     (TSJ):    0.071ns
    Total Input Jitter      (TIJ):    0.000ns
    Discrete Jitter          (DJ):    0.000ns
    Phase Error              (PE):    0.000ns
    User Uncertainty         (UU):    0.150ns

    Location             Delay type                Incr(ns)  Path(ns)    Netlist Resource(s)
  -------------------------------------------------------------------    -------------------
                         (clock usb_clk rise edge)    0.000     0.000 r  
    Y4                                                0.000     0.000 r  usb_clk_60m (IN)
                         net (fo=0)                   0.000     0.000    usb_clk_60m
    Y4                   IBUF (Prop_ibuf_I_O)         1.439     1.439 r  usb_clk_60m_IBUF_inst/O
                         net (fo=1, routed)           1.689     3.127    usb_clk_60m_IBUF
    BUFGCTRL_X0Y0        BUFG (Prop_bufg_I_O)         0.081     3.208 r  synchronous.usb_clock_buffer/O
                         net (fo=1013, routed)        1.452     4.660    synchronous.link/synchronous.usb_clk
    OLOGIC_X1Y34         FDCE                                         r  synchronous.link/held_data_reg[2]/C
  -------------------------------------------------------------------    -------------------
    OLOGIC_X1Y34         FDCE (Prop_fdce_C_Q)         0.418     5.078 r  synchronous.link/held_data_reg[2]/Q
                         net (fo=1, routed)           0.001     5.079    usb_data_IOBUF[2]_inst/I
    AB3                  OBUFT (Prop_obuft_I_O)       3.335     8.414 r  usb_data_IOBUF[2]_inst/OBUFT/O
                         net (fo=1, unset)            0.000     8.414    usb_data[2]
    AB3                                                               r  usb_data[2] (INOUT)
  -------------------------------------------------------------------    -------------------

                         (clock usb_clk rise edge)   16.667    16.667 r  
                         clock pessimism              0.000    16.667    
                         clock uncertainty           -0.185    16.482    
                         output delay                -8.000     8.482    
  -------------------------------------------------------------------
                         required time                          8.482    
                         arrival time                          -8.414    
  -------------------------------------------------------------------
                         slack                                  0.068    

Slack (MET) :             0.068ns  (required time - arrival time)
  Source:                 synchronous.link/held_data_reg[4]/C
                            (rising edge-triggered cell FDCE clocked by usb_clk  {rise@0.000ns fall@8.333ns period=16.667ns})
  Destination:            usb_data[4]
                            (output port clocked by usb_clk  {rise@0.000ns fall@8.333ns period=16.667ns})
  Path Group:             usb_clk
  Path Type:              Max at Slow Process Corner
  Requirement:            16.667ns  (usb_clk rise@16.667ns - usb_clk rise@0.000ns)
  Data Path Delay:        3.754ns  (logic 3.753ns (99.973%)  route 0.001ns (0.027%))
  Logic Levels:           1  (OBUFT=1)
  Output Delay:           8.000ns
  Clock Path Skew:        -4.660ns (DCD - SCD + CPR)
    Destination Clock Delay (DCD):    0.000ns = ( 16.667 - 16.667 ) 
    Source Clock Delay      (SCD):    4.660ns
    Clock Pessimism Removal (CPR):    0.000ns
  Clock Uncertainty:      0.185ns  ((TSJ^2 + TIJ^2)^1/2 + DJ) / 2 + PE + UU
    Total System Jitter     (TSJ):    0.071ns
    Total Input Jitter      (TIJ):    0.000ns
    Discrete Jitter          (DJ):    0.000ns
    Phase Error              (PE):    0.000ns
    User Uncertainty         (UU):    0.150ns

    Location             Delay type                Incr(ns)  Path(ns)    Netlist Resource(s)
  -------------------------------------------------------------------    -------------------
                         (clock usb_clk rise edge)    0.000     0.000 r  
    Y4                                                0.000     0.000 r  usb_clk_60m (IN)
                         net (fo=0)                   0.000     0.000    usb_clk_60m
    Y4                   IBUF (Prop_ibuf_I_O)         1.439     1.439 r  usb_clk_60m_IBUF_inst/O
                         net (fo=1, routed)           1.689     3.127    usb_clk_60m_IBUF
    BUFGCTRL_X0Y0        BUFG (Prop_bufg_I_O)         0.081     3.208 r  synchronous.usb_clock_buffer/O
                         net (fo=1013, routed)        1.452     4.660    synchronous.link/synchronous.usb_clk
    OLOGIC_X1Y33         FDCE                                         r  synchronous.link/held_data_reg[4]/C
  -------------------------------------------------------------------    -------------------
    OLOGIC_X1Y33         FDCE (Prop_fdce_C_Q)         0.418     5.078 r  synchronous.link/held_data_reg[4]/Q
                         net (fo=1, routed)           0.001     5.079    usb_data_IOBUF[4]_inst/I
    AB2                  OBUFT (Prop_obuft_I_O)       3.335     8.414 r  usb_data_IOBUF[4]_inst/OBUFT/O
                         net (fo=1, unset)            0.000     8.414    usb_data[4]
    AB2                                                               r  usb_data[4] (INOUT)
  -------------------------------------------------------------------    -------------------

                         (clock usb_clk rise edge)   16.667    16.667 r  
                         clock pessimism              0.000    16.667    
                         clock uncertainty           -0.185    16.482    
                         output delay                -8.000     8.482    
  -------------------------------------------------------------------
                         required time                          8.482    
                         arrival time                          -8.414    
  -------------------------------------------------------------------
                         slack                                  0.068    

Slack (MET) :             0.082ns  (required time - arrival time)
  Source:                 synchronous.link/held_data_reg[0]/C
                            (rising edge-triggered cell FDCE clocked by usb_clk  {rise@0.000ns fall@8.333ns period=16.667ns})
  Destination:            usb_data[0]
                            (output port clocked by usb_clk  {rise@0.000ns fall@8.333ns period=16.667ns})
  Path Group:             usb_clk
  Path Type:              Max at Slow Process Corner
  Requirement:            16.667ns  (usb_clk rise@16.667ns - usb_clk rise@0.000ns)
  Data Path Delay:        3.746ns  (logic 3.745ns (99.973%)  route 0.001ns (0.027%))
  Logic Levels:           1  (OBUFT=1)
  Output Delay:           8.000ns
  Clock Path Skew:        -4.654ns (DCD - SCD + CPR)
    Destination Clock Delay (DCD):    0.000ns = ( 16.667 - 16.667 ) 
    Source Clock Delay      (SCD):    4.654ns
    Clock Pessimism Removal (CPR):    0.000ns
  Clock Uncertainty:      0.185ns  ((TSJ^2 + TIJ^2)^1/2 + DJ) / 2 + PE + UU
    Total System Jitter     (TSJ):    0.071ns
    Total Input Jitter      (TIJ):    0.000ns
    Discrete Jitter          (DJ):    0.000ns
    Phase Error              (PE):    0.000ns
    User Uncertainty         (UU):    0.150ns

    Location             Delay type                Incr(ns)  Path(ns)    Netlist Resource(s)
  -------------------------------------------------------------------    -------------------
                         (clock usb_clk rise edge)    0.000     0.000 r  
    Y4                                                0.000     0.000 r  usb_clk_60m (IN)
                         net (fo=0)                   0.000     0.000    usb_clk_60m
    Y4                   IBUF (Prop_ibuf_I_O)         1.439     1.439 r  usb_clk_60m_IBUF_inst/O
                         net (fo=1, routed)           1.689     3.127    usb_clk_60m_IBUF
    BUFGCTRL_X0Y0        BUFG (Prop_bufg_I_O)         0.081     3.208 r  synchronous.usb_clock_buffer/O
                         net (fo=1013, routed)        1.446     4.654    synchronous.link/synchronous.usb_clk
    OLOGIC_X1Y29         FDCE                                         r  synchronous.link/held_data_reg[0]/C
  -------------------------------------------------------------------    -------------------
    OLOGIC_X1Y29         FDCE (Prop_fdce_C_Q)         0.418     5.072 r  synchronous.link/held_data_reg[0]/Q
                         net (fo=1, routed)           0.001     5.073    usb_data_IOBUF[0]_inst/I
    AB5                  OBUFT (Prop_obuft_I_O)       3.327     8.400 r  usb_data_IOBUF[0]_inst/OBUFT/O
                         net (fo=1, unset)            0.000     8.400    usb_data[0]
    AB5                                                               r  usb_data[0] (INOUT)
  -------------------------------------------------------------------    -------------------

                         (clock usb_clk rise edge)   16.667    16.667 r  
                         clock pessimism              0.000    16.667    
                         clock uncertainty           -0.185    16.482    
                         output delay                -8.000     8.482    
  -------------------------------------------------------------------
                         required time                          8.482    
                         arrival time                          -8.400    
  -------------------------------------------------------------------
                         slack                                  0.082    

Slack (MET) :             0.090ns  (required time - arrival time)
  Source:                 synchronous.link/held_data_reg[3]/C
                            (rising edge-triggered cell FDCE clocked by usb_clk  {rise@0.000ns fall@8.333ns period=16.667ns})
  Destination:            usb_data[3]
                            (output port clocked by usb_clk  {rise@0.000ns fall@8.333ns period=16.667ns})
  Path Group:             usb_clk
  Path Type:              Max at Slow Process Corner
  Requirement:            16.667ns  (usb_clk rise@16.667ns - usb_clk rise@0.000ns)
  Data Path Delay:        3.735ns  (logic 3.734ns (99.973%)  route 0.001ns (0.027%))
  Logic Levels:           1  (OBUFT=1)
  Output Delay:           8.000ns
  Clock Path Skew:        -4.657ns (DCD - SCD + CPR)
    Destination Clock Delay (DCD):    0.000ns = ( 16.667 - 16.667 ) 
    Source Clock Delay      (SCD):    4.657ns
    Clock Pessimism Removal (CPR):    0.000ns
  Clock Uncertainty:      0.185ns  ((TSJ^2 + TIJ^2)^1/2 + DJ) / 2 + PE + UU
    Total System Jitter     (TSJ):    0.071ns
    Total Input Jitter      (TIJ):    0.000ns
    Discrete Jitter          (DJ):    0.000ns
    Phase Error              (PE):    0.000ns
    User Uncertainty         (UU):    0.150ns

    Location             Delay type                Incr(ns)  Path(ns)    Netlist Resource(s)
  -------------------------------------------------------------------    -------------------
                         (clock usb_clk rise edge)    0.000     0.000 r  
    Y4                                                0.000     0.000 r  usb_clk_60m (IN)
                         net (fo=0)                   0.000     0.000    usb_clk_60m
    Y4                   IBUF (Prop_ibuf_I_O)         1.439     1.439 r  usb_clk_60m_IBUF_inst/O
                         net (fo=1, routed)           1.689     3.127    usb_clk_60m_IBUF
    BUFGCTRL_X0Y0        BUFG (Prop_bufg_I_O)         0.081     3.208 r  synchronous.usb_clock_buffer/O
                         net (fo=1013, routed)        1.449     4.657    synchronous.link/synchronous.usb_clk
    OLOGIC_X1Y31         FDCE                                         r  synchronous.link/held_data_reg[3]/C
  -------------------------------------------------------------------    -------------------
    OLOGIC_X1Y31         FDCE (Prop_fdce_C_Q)         0.418     5.075 r  synchronous.link/held_data_reg[3]/Q
                         net (fo=1, routed)           0.001     5.076    usb_data_IOBUF[3]_inst/I
    AA3                  OBUFT (Prop_obuft_I_O)       3.316     8.392 r  usb_data_IOBUF[3]_inst/OBUFT/O
                         net (fo=1, unset)            0.000     8.392    usb_data[3]
    AA3                                                               r  usb_data[3] (INOUT)
  -------------------------------------------------------------------    -------------------

                         (clock usb_clk rise edge)   16.667    16.667 r  
                         clock pessimism              0.000    16.667    
                         clock uncertainty           -0.185    16.482    
                         output delay                -8.000     8.482    
  -------------------------------------------------------------------
                         required time                          8.482    
                         arrival time                          -8.392    
  -------------------------------------------------------------------
                         slack                                  0.090    

Slack (MET) :             0.092ns  (required time - arrival time)
  Source:                 synchronous.link/wr_n_reg_rep/C
                            (rising edge-triggered cell FDPE clocked by usb_clk  {rise@0.000ns fall@8.333ns period=16.667ns})
  Destination:            usb_wr_n
                            (output port clocked by usb_clk  {rise@0.000ns fall@8.333ns period=16.667ns})
  Path Group:             usb_clk
  Path Type:              Max at Slow Process Corner
  Requirement:            16.667ns  (usb_clk rise@16.667ns - usb_clk rise@0.000ns)
  Data Path Delay:        3.732ns  (logic 3.731ns (99.973%)  route 0.001ns (0.027%))
  Logic Levels:           1  (OBUF=1)
  Output Delay:           8.000ns
  Clock Path Skew:        -4.657ns (DCD - SCD + CPR)
    Destination Clock Delay (DCD):    0.000ns = ( 16.667 - 16.667 ) 
    Source Clock Delay      (SCD):    4.657ns
    Clock Pessimism Removal (CPR):    0.000ns
  Clock Uncertainty:      0.185ns  ((TSJ^2 + TIJ^2)^1/2 + DJ) / 2 + PE + UU
    Total System Jitter     (TSJ):    0.071ns
    Total Input Jitter      (TIJ):    0.000ns
    Discrete Jitter          (DJ):    0.000ns
    Phase Error              (PE):    0.000ns
    User Uncertainty         (UU):    0.150ns

    Location             Delay type                Incr(ns)  Path(ns)    Netlist Resource(s)
  -------------------------------------------------------------------    -------------------
                         (clock usb_clk rise edge)    0.000     0.000 r  
    Y4                                                0.000     0.000 r  usb_clk_60m (IN)
                         net (fo=0)                   0.000     0.000    usb_clk_60m
    Y4                   IBUF (Prop_ibuf_I_O)         1.439     1.439 r  usb_clk_60m_IBUF_inst/O
                         net (fo=1, routed)           1.689     3.127    usb_clk_60m_IBUF
    BUFGCTRL_X0Y0        BUFG (Prop_bufg_I_O)         0.081     3.208 r  synchronous.usb_clock_buffer/O
                         net (fo=1013, routed)        1.449     4.657    synchronous.link/synchronous.usb_clk
    OLOGIC_X1Y32         FDPE                                         r  synchronous.link/wr_n_reg_rep/C
  -------------------------------------------------------------------    -------------------
    OLOGIC_X1Y32         FDPE (Prop_fdpe_C_Q)         0.418     5.075 r  synchronous.link/wr_n_reg_rep/Q
                         net (fo=1, routed)           0.001     5.076    usb_wr_n_OBUF
    Y3                   OBUF (Prop_obuf_I_O)         3.313     8.389 r  usb_wr_n_OBUF_inst/O
                         net (fo=0)                   0.000     8.389    usb_wr_n
    Y3                                                                r  usb_wr_n (OUT)
  -------------------------------------------------------------------    -------------------

                         (clock usb_clk rise edge)   16.667    16.667 r  
                         clock pessimism              0.000    16.667    
                         clock uncertainty           -0.185    16.482    
                         output delay                -8.000     8.482    
  -------------------------------------------------------------------
                         required time                          8.482    
                         arrival time                          -8.389    
  -------------------------------------------------------------------
                         slack                                  0.092    

Slack (MET) :             0.094ns  (required time - arrival time)
  Source:                 synchronous.link/oe_n_reg/C
                            (rising edge-triggered cell FDPE clocked by usb_clk  {rise@0.000ns fall@8.333ns period=16.667ns})
  Destination:            usb_oe_n
                            (output port clocked by usb_clk  {rise@0.000ns fall@8.333ns period=16.667ns})
  Path Group:             usb_clk
  Path Type:              Max at Slow Process Corner
  Requirement:            16.667ns  (usb_clk rise@16.667ns - usb_clk rise@0.000ns)
  Data Path Delay:        3.724ns  (logic 3.723ns (99.973%)  route 0.001ns (0.027%))
  Logic Levels:           1  (OBUF=1)
  Output Delay:           8.000ns
  Clock Path Skew:        -4.663ns (DCD - SCD + CPR)
    Destination Clock Delay (DCD):    0.000ns = ( 16.667 - 16.667 ) 
    Source Clock Delay      (SCD):    4.663ns
    Clock Pessimism Removal (CPR):    0.000ns
  Clock Uncertainty:      0.185ns  ((TSJ^2 + TIJ^2)^1/2 + DJ) / 2 + PE + UU
    Total System Jitter     (TSJ):    0.071ns
    Total Input Jitter      (TIJ):    0.000ns
    Discrete Jitter          (DJ):    0.000ns
    Phase Error              (PE):    0.000ns
    User Uncertainty         (UU):    0.150ns

    Location             Delay type                Incr(ns)  Path(ns)    Netlist Resource(s)
  -------------------------------------------------------------------    -------------------
                         (clock usb_clk rise edge)    0.000     0.000 r  
    Y4                                                0.000     0.000 r  usb_clk_60m (IN)
                         net (fo=0)                   0.000     0.000    usb_clk_60m
    Y4                   IBUF (Prop_ibuf_I_O)         1.439     1.439 r  usb_clk_60m_IBUF_inst/O
                         net (fo=1, routed)           1.689     3.127    usb_clk_60m_IBUF
    BUFGCTRL_X0Y0        BUFG (Prop_bufg_I_O)         0.081     3.208 r  synchronous.usb_clock_buffer/O
                         net (fo=1013, routed)        1.455     4.663    synchronous.link/synchronous.usb_clk
    OLOGIC_X1Y38         FDPE                                         r  synchronous.link/oe_n_reg/C
  -------------------------------------------------------------------    -------------------
    OLOGIC_X1Y38         FDPE (Prop_fdpe_C_Q)         0.418     5.081 r  synchronous.link/oe_n_reg/Q
                         net (fo=1, routed)           0.001     5.082    usb_oe_n_OBUF
    U3                   OBUF (Prop_obuf_I_O)         3.305     8.387 r  usb_oe_n_OBUF_inst/O
                         net (fo=0)                   0.000     8.387    usb_oe_n
    U3                                                                r  usb_oe_n (OUT)
  -------------------------------------------------------------------    -------------------

                         (clock usb_clk rise edge)   16.667    16.667 r  
                         clock pessimism              0.000    16.667    
                         clock uncertainty           -0.185    16.482    
                         output delay                -8.000     8.482    
  -------------------------------------------------------------------
                         required time                          8.482    
                         arrival time                          -8.387    
  -------------------------------------------------------------------
                         slack                                  0.094    

Slack (MET) :             0.101ns  (required time - arrival time)
  Source:                 synchronous.link/held_data_reg[1]/C
                            (rising edge-triggered cell FDCE clocked by usb_clk  {rise@0.000ns fall@8.333ns period=16.667ns})
  Destination:            usb_data[1]
                            (output port clocked by usb_clk  {rise@0.000ns fall@8.333ns period=16.667ns})
  Path Group:             usb_clk
  Path Type:              Max at Slow Process Corner
  Requirement:            16.667ns  (usb_clk rise@16.667ns - usb_clk rise@0.000ns)
  Data Path Delay:        3.728ns  (logic 3.727ns (99.973%)  route 0.001ns (0.027%))
  Logic Levels:           1  (OBUFT=1)
  Output Delay:           8.000ns
  Clock Path Skew:        -4.653ns (DCD - SCD + CPR)
    Destination Clock Delay (DCD):    0.000ns = ( 16.667 - 16.667 ) 
    Source Clock Delay      (SCD):    4.653ns
    Clock Pessimism Removal (CPR):    0.000ns
  Clock Uncertainty:      0.185ns  ((TSJ^2 + TIJ^2)^1/2 + DJ) / 2 + PE + UU
    Total System Jitter     (TSJ):    0.071ns
    Total Input Jitter      (TIJ):    0.000ns
    Discrete Jitter          (DJ):    0.000ns
    Phase Error              (PE):    0.000ns
    User Uncertainty         (UU):    0.150ns

    Location             Delay type                Incr(ns)  Path(ns)    Netlist Resource(s)
  -------------------------------------------------------------------    -------------------
                         (clock usb_clk rise edge)    0.000     0.000 r  
    Y4                                                0.000     0.000 r  usb_clk_60m (IN)
                         net (fo=0)                   0.000     0.000    usb_clk_60m
    Y4                   IBUF (Prop_ibuf_I_O)         1.439     1.439 r  usb_clk_60m_IBUF_inst/O
                         net (fo=1, routed)           1.689     3.127    usb_clk_60m_IBUF
    BUFGCTRL_X0Y0        BUFG (Prop_bufg_I_O)         0.081     3.208 r  synchronous.usb_clock_buffer/O
                         net (fo=1013, routed)        1.445     4.653    synchronous.link/synchronous.usb_clk
    OLOGIC_X1Y27         FDCE                                         r  synchronous.link/held_data_reg[1]/C
  -------------------------------------------------------------------    -------------------
    OLOGIC_X1Y27         FDCE (Prop_fdce_C_Q)         0.418     5.071 r  synchronous.link/held_data_reg[1]/Q
                         net (fo=1, routed)           0.001     5.072    usb_data_IOBUF[1]_inst/I
    AA4                  OBUFT (Prop_obuft_I_O)       3.309     8.381 r  usb_data_IOBUF[1]_inst/OBUFT/O
                         net (fo=1, unset)            0.000     8.381    usb_data[1]
    AA4                                                               r  usb_data[1] (INOUT)
  -------------------------------------------------------------------    -------------------

                         (clock usb_clk rise edge)   16.667    16.667 r  
                         clock pessimism              0.000    16.667    
                         clock uncertainty           -0.185    16.482    
                         output delay                -8.000     8.482    
  -------------------------------------------------------------------
                         required time                          8.482    
                         arrival time                          -8.381    
  -------------------------------------------------------------------
                         slack                                  0.101    

Slack (MET) :             0.105ns  (required time - arrival time)
  Source:                 cam_data[2]
                            (input port clocked by cam_clk  {rise@0.000ns fall@6.625ns period=13.250ns})
  Destination:            real_camera.pin_data_reg[2]/D
                            (falling edge-triggered cell FDRE clocked by clock_raw  {rise@-1.104ns fall@5.521ns period=13.250ns})
  Path Group:             clock_raw
  Path Type:              Setup (Max at Slow Process Corner)
  Requirement:            12.146ns  (clock_raw fall@18.771ns - cam_clk fall@6.625ns)
  Data Path Delay:        2.332ns  (logic 1.433ns (61.456%)  route 0.899ns (38.544%))
  Logic Levels:           1  (IBUF=1)
  Input Delay:            10.000ns
  Clock Path Skew:        0.739ns (DCD - SCD + CPR)
    Destination Clock Delay (DCD):    0.739ns = ( 19.509 - 18.771 ) 
    Source Clock Delay      (SCD):    0.000ns = ( 6.625 - 6.625 ) 
    Clock Pessimism Removal (CPR):    0.000ns
  Clock Uncertainty:      0.404ns  ((TSJ^2 + DJ^2)^1/2) / 2 + PE + UU
    Total System Jitter     (TSJ):    0.071ns
    Discrete Jitter          (DJ):    0.114ns
    Phase Error              (PE):    0.087ns
    User Uncertainty         (UU):    0.250ns

    Location             Delay type                Incr(ns)  Path(ns)    Netlist Resource(s)
  -------------------------------------------------------------------    -------------------
                         (clock cam_clk fall edge)    6.625     6.625 f  
                         input delay                 10.000    16.625    
    C13                                               0.000    16.625 r  cam_data[2] (IN)
                         net (fo=0)                   0.000    16.625    cam_data[2]
    C13                  IBUF (Prop_ibuf_I_O)         1.433    18.058 r  cam_data_IBUF[2]_inst/O
                         net (fo=1, routed)           0.899    18.957    cam_data_IBUF[2]
    SLICE_X0Y126         FDRE                                         r  real_camera.pin_data_reg[2]/D
  -------------------------------------------------------------------    -------------------

                         (clock clock_raw fall edge)
                                                     18.771    18.771 f  
    F14                                               0.000    18.771 f  cam_pclk (IN)
                         net (fo=0)                   0.000    18.771    cam_pclk
    F14                  IBUF (Prop_ibuf_I_O)         1.327    20.097 f  cam_pclk_IBUF_inst/O
                         net (fo=1, routed)           2.581    22.678    real_camera.phase_clock.sampling_clock/pclk
    MMCME2_ADV_X0Y0      MMCME2_ADV (Prop_mmcme2_adv_CLKIN1_CLKOUT0)
                                                     -6.061    16.617 f  real_camera.phase_clock.sampling_clock/camera_mmcm/CLKOUT0
                         net (fo=1, routed)           1.357    17.975    real_camera.phase_clock.sampling_clock/clock_raw
    BUFGCTRL_X0Y3        BUFG (Prop_bufg_I_O)         0.077    18.052 f  real_camera.phase_clock.sampling_clock/sample_buffer/O
                         net (fo=496, routed)         1.458    19.509    real_camera.pclk
    SLICE_X0Y126         FDRE                                         r  real_camera.pin_data_reg[2]/C  (IS_INVERTED)
                         clock pessimism              0.000    19.509    
                         clock uncertainty           -0.404    19.105    
    SLICE_X0Y126         FDRE (Setup_fdre_C_D)       -0.043    19.062    real_camera.pin_data_reg[2]
  -------------------------------------------------------------------
                         required time                         19.062    
                         arrival time                         -18.957    
  -------------------------------------------------------------------
                         slack                                  0.105    

Slack (MET) :             0.111ns  (required time - arrival time)
  Source:                 synchronous.link/rd_n_reg_rep/C
                            (rising edge-triggered cell FDPE clocked by usb_clk  {rise@0.000ns fall@8.333ns period=16.667ns})
  Destination:            usb_rd_n
                            (output port clocked by usb_clk  {rise@0.000ns fall@8.333ns period=16.667ns})
  Path Group:             usb_clk
  Path Type:              Max at Slow Process Corner
  Requirement:            16.667ns  (usb_clk rise@16.667ns - usb_clk rise@0.000ns)
  Data Path Delay:        3.719ns  (logic 3.718ns (99.973%)  route 0.001ns (0.027%))
  Logic Levels:           1  (OBUF=1)
  Output Delay:           8.000ns
  Clock Path Skew:        -4.651ns (DCD - SCD + CPR)
    Destination Clock Delay (DCD):    0.000ns = ( 16.667 - 16.667 ) 
    Source Clock Delay      (SCD):    4.651ns
    Clock Pessimism Removal (CPR):    0.000ns
  Clock Uncertainty:      0.185ns  ((TSJ^2 + TIJ^2)^1/2 + DJ) / 2 + PE + UU
    Total System Jitter     (TSJ):    0.071ns
    Total Input Jitter      (TIJ):    0.000ns
    Discrete Jitter          (DJ):    0.000ns
    Phase Error              (PE):    0.000ns
    User Uncertainty         (UU):    0.150ns

    Location             Delay type                Incr(ns)  Path(ns)    Netlist Resource(s)
  -------------------------------------------------------------------    -------------------
                         (clock usb_clk rise edge)    0.000     0.000 r  
    Y4                                                0.000     0.000 r  usb_clk_60m (IN)
                         net (fo=0)                   0.000     0.000    usb_clk_60m
    Y4                   IBUF (Prop_ibuf_I_O)         1.439     1.439 r  usb_clk_60m_IBUF_inst/O
                         net (fo=1, routed)           1.689     3.127    usb_clk_60m_IBUF
    BUFGCTRL_X0Y0        BUFG (Prop_bufg_I_O)         0.081     3.208 r  synchronous.usb_clock_buffer/O
                         net (fo=1013, routed)        1.443     4.651    synchronous.link/synchronous.usb_clk
    OLOGIC_X1Y26         FDPE                                         r  synchronous.link/rd_n_reg_rep/C
  -------------------------------------------------------------------    -------------------
    OLOGIC_X1Y26         FDPE (Prop_fdpe_C_Q)         0.418     5.069 r  synchronous.link/rd_n_reg_rep/Q
                         net (fo=1, routed)           0.001     5.070    usb_rd_n_OBUF
    V4                   OBUF (Prop_obuf_I_O)         3.300     8.371 r  usb_rd_n_OBUF_inst/O
                         net (fo=0)                   0.000     8.371    usb_rd_n
    V4                                                                r  usb_rd_n (OUT)
  -------------------------------------------------------------------    -------------------

                         (clock usb_clk rise edge)   16.667    16.667 r  
                         clock pessimism              0.000    16.667    
                         clock uncertainty           -0.185    16.482    
                         output delay                -8.000     8.482    
  -------------------------------------------------------------------
                         required time                          8.482    
                         arrival time                          -8.371    
  -------------------------------------------------------------------
                         slack                                  0.111    

Slack (MET) :             0.204ns  (required time - arrival time)
  Source:                 cam_vsync
                            (input port clocked by cam_clk  {rise@0.000ns fall@6.625ns period=13.250ns})
  Destination:            real_camera.pin_vsync_reg/D
                            (falling edge-triggered cell FDRE clocked by clock_raw  {rise@-1.104ns fall@5.521ns period=13.250ns})
  Path Group:             clock_raw
  Path Type:              Setup (Max at Slow Process Corner)
  Requirement:            12.146ns  (clock_raw fall@18.771ns - cam_clk fall@6.625ns)
  Data Path Delay:        2.232ns  (logic 1.396ns (62.563%)  route 0.835ns (37.437%))
  Logic Levels:           1  (IBUF=1)
  Input Delay:            10.000ns
  Clock Path Skew:        0.750ns (DCD - SCD + CPR)
    Destination Clock Delay (DCD):    0.750ns = ( 19.520 - 18.771 ) 
    Source Clock Delay      (SCD):    0.000ns = ( 6.625 - 6.625 ) 
    Clock Pessimism Removal (CPR):    0.000ns
  Clock Uncertainty:      0.404ns  ((TSJ^2 + DJ^2)^1/2) / 2 + PE + UU
    Total System Jitter     (TSJ):    0.071ns
    Discrete Jitter          (DJ):    0.114ns
    Phase Error              (PE):    0.087ns
    User Uncertainty         (UU):    0.250ns

    Location             Delay type                Incr(ns)  Path(ns)    Netlist Resource(s)
  -------------------------------------------------------------------    -------------------
                         (clock cam_clk fall edge)    6.625     6.625 f  
                         input delay                 10.000    16.625    
    E16                                               0.000    16.625 r  cam_vsync (IN)
                         net (fo=0)                   0.000    16.625    cam_vsync
    E16                  IBUF (Prop_ibuf_I_O)         1.396    18.021 r  cam_vsync_IBUF_inst/O
                         net (fo=1, routed)           0.835    18.857    cam_vsync_IBUF
    SLICE_X0Y138         FDRE                                         r  real_camera.pin_vsync_reg/D
  -------------------------------------------------------------------    -------------------

                         (clock clock_raw fall edge)
                                                     18.771    18.771 f  
    F14                                               0.000    18.771 f  cam_pclk (IN)
                         net (fo=0)                   0.000    18.771    cam_pclk
    F14                  IBUF (Prop_ibuf_I_O)         1.327    20.097 f  cam_pclk_IBUF_inst/O
                         net (fo=1, routed)           2.581    22.678    real_camera.phase_clock.sampling_clock/pclk
    MMCME2_ADV_X0Y0      MMCME2_ADV (Prop_mmcme2_adv_CLKIN1_CLKOUT0)
                                                     -6.061    16.617 f  real_camera.phase_clock.sampling_clock/camera_mmcm/CLKOUT0
                         net (fo=1, routed)           1.357    17.975    real_camera.phase_clock.sampling_clock/clock_raw
    BUFGCTRL_X0Y3        BUFG (Prop_bufg_I_O)         0.077    18.052 f  real_camera.phase_clock.sampling_clock/sample_buffer/O
                         net (fo=496, routed)         1.469    19.520    real_camera.pclk
    SLICE_X0Y138         FDRE                                         r  real_camera.pin_vsync_reg/C  (IS_INVERTED)
                         clock pessimism              0.000    19.520    
                         clock uncertainty           -0.404    19.116    
    SLICE_X0Y138         FDRE (Setup_fdre_C_D)       -0.055    19.061    real_camera.pin_vsync_reg
  -------------------------------------------------------------------
                         required time                         19.061    
                         arrival time                         -18.857    
  -------------------------------------------------------------------
                         slack                                  0.204    

Slack (MET) :             0.292ns  (required time - arrival time)
  Source:                 cam_data[1]
                            (input port clocked by cam_clk  {rise@0.000ns fall@6.625ns period=13.250ns})
  Destination:            real_camera.pin_data_reg[1]/D
                            (falling edge-triggered cell FDRE clocked by clock_raw  {rise@-1.104ns fall@5.521ns period=13.250ns})
  Path Group:             clock_raw
  Path Type:              Setup (Max at Slow Process Corner)
  Requirement:            12.146ns  (clock_raw fall@18.771ns - cam_clk fall@6.625ns)
  Data Path Delay:        2.152ns  (logic 1.436ns (66.733%)  route 0.716ns (33.267%))
  Logic Levels:           1  (IBUF=1)
  Input Delay:            10.000ns
  Clock Path Skew:        0.746ns (DCD - SCD + CPR)
    Destination Clock Delay (DCD):    0.746ns = ( 19.516 - 18.771 ) 
    Source Clock Delay      (SCD):    0.000ns = ( 6.625 - 6.625 ) 
    Clock Pessimism Removal (CPR):    0.000ns
  Clock Uncertainty:      0.404ns  ((TSJ^2 + DJ^2)^1/2) / 2 + PE + UU
    Total System Jitter     (TSJ):    0.071ns
    Discrete Jitter          (DJ):    0.114ns
    Phase Error              (PE):    0.087ns
    User Uncertainty         (UU):    0.250ns

    Location             Delay type                Incr(ns)  Path(ns)    Netlist Resource(s)
  -------------------------------------------------------------------    -------------------
                         (clock cam_clk fall edge)    6.625     6.625 f  
                         input delay                 10.000    16.625    
    B13                                               0.000    16.625 r  cam_data[1] (IN)
                         net (fo=0)                   0.000    16.625    cam_data[1]
    B13                  IBUF (Prop_ibuf_I_O)         1.436    18.061 r  cam_data_IBUF[1]_inst/O
                         net (fo=1, routed)           0.716    18.777    cam_data_IBUF[1]
    SLICE_X0Y132         FDRE                                         r  real_camera.pin_data_reg[1]/D
  -------------------------------------------------------------------    -------------------

                         (clock clock_raw fall edge)
                                                     18.771    18.771 f  
    F14                                               0.000    18.771 f  cam_pclk (IN)
                         net (fo=0)                   0.000    18.771    cam_pclk
    F14                  IBUF (Prop_ibuf_I_O)         1.327    20.097 f  cam_pclk_IBUF_inst/O
                         net (fo=1, routed)           2.581    22.678    real_camera.phase_clock.sampling_clock/pclk
    MMCME2_ADV_X0Y0      MMCME2_ADV (Prop_mmcme2_adv_CLKIN1_CLKOUT0)
                                                     -6.061    16.617 f  real_camera.phase_clock.sampling_clock/camera_mmcm/CLKOUT0
                         net (fo=1, routed)           1.357    17.975    real_camera.phase_clock.sampling_clock/clock_raw
    BUFGCTRL_X0Y3        BUFG (Prop_bufg_I_O)         0.077    18.052 f  real_camera.phase_clock.sampling_clock/sample_buffer/O
                         net (fo=496, routed)         1.465    19.516    real_camera.pclk
    SLICE_X0Y132         FDRE                                         r  real_camera.pin_data_reg[1]/C  (IS_INVERTED)
                         clock pessimism              0.000    19.516    
                         clock uncertainty           -0.404    19.112    
    SLICE_X0Y132         FDRE (Setup_fdre_C_D)       -0.043    19.069    real_camera.pin_data_reg[1]
  -------------------------------------------------------------------
                         required time                         19.069    
                         arrival time                         -18.777    
  -------------------------------------------------------------------
                         slack                                  0.292    

Slack (MET) :             0.310ns  (required time - arrival time)
  Source:                 cam_data[6]
                            (input port clocked by cam_clk  {rise@0.000ns fall@6.625ns period=13.250ns})
  Destination:            real_camera.pin_data_reg[6]/D
                            (falling edge-triggered cell FDRE clocked by clock_raw  {rise@-1.104ns fall@5.521ns period=13.250ns})
  Path Group:             clock_raw
  Path Type:              Setup (Max at Slow Process Corner)
  Requirement:            12.146ns  (clock_raw fall@18.771ns - cam_clk fall@6.625ns)
  Data Path Delay:        2.129ns  (logic 1.410ns (66.246%)  route 0.719ns (33.754%))
  Logic Levels:           1  (IBUF=1)
  Input Delay:            10.000ns
  Clock Path Skew:        0.753ns (DCD - SCD + CPR)
    Destination Clock Delay (DCD):    0.753ns = ( 19.523 - 18.771 ) 
    Source Clock Delay      (SCD):    0.000ns = ( 6.625 - 6.625 ) 
    Clock Pessimism Removal (CPR):    0.000ns
  Clock Uncertainty:      0.404ns  ((TSJ^2 + DJ^2)^1/2) / 2 + PE + UU
    Total System Jitter     (TSJ):    0.071ns
    Discrete Jitter          (DJ):    0.114ns
    Phase Error              (PE):    0.087ns
    User Uncertainty         (UU):    0.250ns

    Location             Delay type                Incr(ns)  Path(ns)    Netlist Resource(s)
  -------------------------------------------------------------------    -------------------
                         (clock cam_clk fall edge)    6.625     6.625 f  
                         input delay                 10.000    16.625    
    E13                                               0.000    16.625 r  cam_data[6] (IN)
                         net (fo=0)                   0.000    16.625    cam_data[6]
    E13                  IBUF (Prop_ibuf_I_O)         1.410    18.035 r  cam_data_IBUF[6]_inst/O
                         net (fo=1, routed)           0.719    18.754    cam_data_IBUF[6]
    SLICE_X0Y142         FDRE                                         r  real_camera.pin_data_reg[6]/D
  -------------------------------------------------------------------    -------------------

                         (clock clock_raw fall edge)
                                                     18.771    18.771 f  
    F14                                               0.000    18.771 f  cam_pclk (IN)
                         net (fo=0)                   0.000    18.771    cam_pclk
    F14                  IBUF (Prop_ibuf_I_O)         1.327    20.097 f  cam_pclk_IBUF_inst/O
                         net (fo=1, routed)           2.581    22.678    real_camera.phase_clock.sampling_clock/pclk
    MMCME2_ADV_X0Y0      MMCME2_ADV (Prop_mmcme2_adv_CLKIN1_CLKOUT0)
                                                     -6.061    16.617 f  real_camera.phase_clock.sampling_clock/camera_mmcm/CLKOUT0
                         net (fo=1, routed)           1.357    17.975    real_camera.phase_clock.sampling_clock/clock_raw
    BUFGCTRL_X0Y3        BUFG (Prop_bufg_I_O)         0.077    18.052 f  real_camera.phase_clock.sampling_clock/sample_buffer/O
                         net (fo=496, routed)         1.472    19.523    real_camera.pclk
    SLICE_X0Y142         FDRE                                         r  real_camera.pin_data_reg[6]/C  (IS_INVERTED)
                         clock pessimism              0.000    19.523    
                         clock uncertainty           -0.404    19.119    
    SLICE_X0Y142         FDRE (Setup_fdre_C_D)       -0.055    19.064    real_camera.pin_data_reg[6]
  -------------------------------------------------------------------
                         required time                         19.064    
                         arrival time                         -18.754    
  -------------------------------------------------------------------
                         slack                                  0.310    

Slack (MET) :             0.318ns  (required time - arrival time)
  Source:                 cam_data[0]
                            (input port clocked by cam_clk  {rise@0.000ns fall@6.625ns period=13.250ns})
  Destination:            real_camera.pin_data_reg[0]/D
                            (falling edge-triggered cell FDRE clocked by clock_raw  {rise@-1.104ns fall@5.521ns period=13.250ns})
  Path Group:             clock_raw
  Path Type:              Setup (Max at Slow Process Corner)
  Requirement:            12.146ns  (clock_raw fall@18.771ns - cam_clk fall@6.625ns)
  Data Path Delay:        2.133ns  (logic 1.405ns (65.873%)  route 0.728ns (34.127%))
  Logic Levels:           1  (IBUF=1)
  Input Delay:            10.000ns
  Clock Path Skew:        0.753ns (DCD - SCD + CPR)
    Destination Clock Delay (DCD):    0.753ns = ( 19.523 - 18.771 ) 
    Source Clock Delay      (SCD):    0.000ns = ( 6.625 - 6.625 ) 
    Clock Pessimism Removal (CPR):    0.000ns
  Clock Uncertainty:      0.404ns  ((TSJ^2 + DJ^2)^1/2) / 2 + PE + UU
    Total System Jitter     (TSJ):    0.071ns
    Discrete Jitter          (DJ):    0.114ns
    Phase Error              (PE):    0.087ns
    User Uncertainty         (UU):    0.250ns

    Location             Delay type                Incr(ns)  Path(ns)    Netlist Resource(s)
  -------------------------------------------------------------------    -------------------
                         (clock cam_clk fall edge)    6.625     6.625 f  
                         input delay                 10.000    16.625    
    C14                                               0.000    16.625 r  cam_data[0] (IN)
                         net (fo=0)                   0.000    16.625    cam_data[0]
    C14                  IBUF (Prop_ibuf_I_O)         1.405    18.030 r  cam_data_IBUF[0]_inst/O
                         net (fo=1, routed)           0.728    18.758    cam_data_IBUF[0]
    SLICE_X0Y142         FDRE                                         r  real_camera.pin_data_reg[0]/D
  -------------------------------------------------------------------    -------------------

                         (clock clock_raw fall edge)
                                                     18.771    18.771 f  
    F14                                               0.000    18.771 f  cam_pclk (IN)
                         net (fo=0)                   0.000    18.771    cam_pclk
    F14                  IBUF (Prop_ibuf_I_O)         1.327    20.097 f  cam_pclk_IBUF_inst/O
                         net (fo=1, routed)           2.581    22.678    real_camera.phase_clock.sampling_clock/pclk
    MMCME2_ADV_X0Y0      MMCME2_ADV (Prop_mmcme2_adv_CLKIN1_CLKOUT0)
                                                     -6.061    16.617 f  real_camera.phase_clock.sampling_clock/camera_mmcm/CLKOUT0
                         net (fo=1, routed)           1.357    17.975    real_camera.phase_clock.sampling_clock/clock_raw
    BUFGCTRL_X0Y3        BUFG (Prop_bufg_I_O)         0.077    18.052 f  real_camera.phase_clock.sampling_clock/sample_buffer/O
                         net (fo=496, routed)         1.472    19.523    real_camera.pclk
    SLICE_X0Y142         FDRE                                         r  real_camera.pin_data_reg[0]/C  (IS_INVERTED)
                         clock pessimism              0.000    19.523    
                         clock uncertainty           -0.404    19.119    
    SLICE_X0Y142         FDRE (Setup_fdre_C_D)       -0.043    19.076    real_camera.pin_data_reg[0]
  -------------------------------------------------------------------
                         required time                         19.076    
                         arrival time                         -18.758    
  -------------------------------------------------------------------
                         slack                                  0.318    

Slack (MET) :             0.327ns  (required time - arrival time)
  Source:                 cam_data[5]
                            (input port clocked by cam_clk  {rise@0.000ns fall@6.625ns period=13.250ns})
  Destination:            real_camera.pin_data_reg[5]/D
                            (falling edge-triggered cell FDRE clocked by clock_raw  {rise@-1.104ns fall@5.521ns period=13.250ns})
  Path Group:             clock_raw
  Path Type:              Setup (Max at Slow Process Corner)
  Requirement:            12.146ns  (clock_raw fall@18.771ns - cam_clk fall@6.625ns)
  Data Path Delay:        2.123ns  (logic 1.407ns (66.277%)  route 0.716ns (33.723%))
  Logic Levels:           1  (IBUF=1)
  Input Delay:            10.000ns
  Clock Path Skew:        0.752ns (DCD - SCD + CPR)
    Destination Clock Delay (DCD):    0.752ns = ( 19.522 - 18.771 ) 
    Source Clock Delay      (SCD):    0.000ns = ( 6.625 - 6.625 ) 
    Clock Pessimism Removal (CPR):    0.000ns
  Clock Uncertainty:      0.404ns  ((TSJ^2 + DJ^2)^1/2) / 2 + PE + UU
    Total System Jitter     (TSJ):    0.071ns
    Discrete Jitter          (DJ):    0.114ns
    Phase Error              (PE):    0.087ns
    User Uncertainty         (UU):    0.250ns

    Location             Delay type                Incr(ns)  Path(ns)    Netlist Resource(s)
  -------------------------------------------------------------------    -------------------
                         (clock cam_clk fall edge)    6.625     6.625 f  
                         input delay                 10.000    16.625    
    E14                                               0.000    16.625 r  cam_data[5] (IN)
                         net (fo=0)                   0.000    16.625    cam_data[5]
    E14                  IBUF (Prop_ibuf_I_O)         1.407    18.032 r  cam_data_IBUF[5]_inst/O
                         net (fo=1, routed)           0.716    18.748    cam_data_IBUF[5]
    SLICE_X0Y140         FDRE                                         r  real_camera.pin_data_reg[5]/D
  -------------------------------------------------------------------    -------------------

                         (clock clock_raw fall edge)
                                                     18.771    18.771 f  
    F14                                               0.000    18.771 f  cam_pclk (IN)
                         net (fo=0)                   0.000    18.771    cam_pclk
    F14                  IBUF (Prop_ibuf_I_O)         1.327    20.097 f  cam_pclk_IBUF_inst/O
                         net (fo=1, routed)           2.581    22.678    real_camera.phase_clock.sampling_clock/pclk
    MMCME2_ADV_X0Y0      MMCME2_ADV (Prop_mmcme2_adv_CLKIN1_CLKOUT0)
                                                     -6.061    16.617 f  real_camera.phase_clock.sampling_clock/camera_mmcm/CLKOUT0
                         net (fo=1, routed)           1.357    17.975    real_camera.phase_clock.sampling_clock/clock_raw
    BUFGCTRL_X0Y3        BUFG (Prop_bufg_I_O)         0.077    18.052 f  real_camera.phase_clock.sampling_clock/sample_buffer/O
                         net (fo=496, routed)         1.471    19.522    real_camera.pclk
    SLICE_X0Y140         FDRE                                         r  real_camera.pin_data_reg[5]/C  (IS_INVERTED)
                         clock pessimism              0.000    19.522    
                         clock uncertainty           -0.404    19.118    
    SLICE_X0Y140         FDRE (Setup_fdre_C_D)       -0.043    19.075    real_camera.pin_data_reg[5]
  -------------------------------------------------------------------
                         required time                         19.075    
                         arrival time                         -18.748    
  -------------------------------------------------------------------
                         slack                                  0.327    

Slack (MET) :             0.336ns  (required time - arrival time)
  Source:                 cam_data[3]
                            (input port clocked by cam_clk  {rise@0.000ns fall@6.625ns period=13.250ns})
  Destination:            real_camera.pin_data_reg[3]/D
                            (falling edge-triggered cell FDRE clocked by clock_raw  {rise@-1.104ns fall@5.521ns period=13.250ns})
  Path Group:             clock_raw
  Path Type:              Setup (Max at Slow Process Corner)
  Requirement:            12.146ns  (clock_raw fall@18.771ns - cam_clk fall@6.625ns)
  Data Path Delay:        2.111ns  (logic 1.395ns (66.087%)  route 0.716ns (33.913%))
  Logic Levels:           1  (IBUF=1)
  Input Delay:            10.000ns
  Clock Path Skew:        0.749ns (DCD - SCD + CPR)
    Destination Clock Delay (DCD):    0.749ns = ( 19.519 - 18.771 ) 
    Source Clock Delay      (SCD):    0.000ns = ( 6.625 - 6.625 ) 
    Clock Pessimism Removal (CPR):    0.000ns
  Clock Uncertainty:      0.404ns  ((TSJ^2 + DJ^2)^1/2) / 2 + PE + UU
    Total System Jitter     (TSJ):    0.071ns
    Discrete Jitter          (DJ):    0.114ns
    Phase Error              (PE):    0.087ns
    User Uncertainty         (UU):    0.250ns

    Location             Delay type                Incr(ns)  Path(ns)    Netlist Resource(s)
  -------------------------------------------------------------------    -------------------
                         (clock cam_clk fall edge)    6.625     6.625 f  
                         input delay                 10.000    16.625    
    D15                                               0.000    16.625 r  cam_data[3] (IN)
                         net (fo=0)                   0.000    16.625    cam_data[3]
    D15                  IBUF (Prop_ibuf_I_O)         1.395    18.020 r  cam_data_IBUF[3]_inst/O
                         net (fo=1, routed)           0.716    18.736    cam_data_IBUF[3]
    SLICE_X0Y136         FDRE                                         r  real_camera.pin_data_reg[3]/D
  -------------------------------------------------------------------    -------------------

                         (clock clock_raw fall edge)
                                                     18.771    18.771 f  
    F14                                               0.000    18.771 f  cam_pclk (IN)
                         net (fo=0)                   0.000    18.771    cam_pclk
    F14                  IBUF (Prop_ibuf_I_O)         1.327    20.097 f  cam_pclk_IBUF_inst/O
                         net (fo=1, routed)           2.581    22.678    real_camera.phase_clock.sampling_clock/pclk
    MMCME2_ADV_X0Y0      MMCME2_ADV (Prop_mmcme2_adv_CLKIN1_CLKOUT0)
                                                     -6.061    16.617 f  real_camera.phase_clock.sampling_clock/camera_mmcm/CLKOUT0
                         net (fo=1, routed)           1.357    17.975    real_camera.phase_clock.sampling_clock/clock_raw
    BUFGCTRL_X0Y3        BUFG (Prop_bufg_I_O)         0.077    18.052 f  real_camera.phase_clock.sampling_clock/sample_buffer/O
                         net (fo=496, routed)         1.468    19.519    real_camera.pclk
    SLICE_X0Y136         FDRE                                         r  real_camera.pin_data_reg[3]/C  (IS_INVERTED)
                         clock pessimism              0.000    19.519    
                         clock uncertainty           -0.404    19.115    
    SLICE_X0Y136         FDRE (Setup_fdre_C_D)       -0.043    19.072    real_camera.pin_data_reg[3]
  -------------------------------------------------------------------
                         required time                         19.072    
                         arrival time                         -18.736    
  -------------------------------------------------------------------
                         slack                                  0.336    

Slack (MET) :             0.436ns  (required time - arrival time)
  Source:                 cam_data[4]
                            (input port clocked by cam_clk  {rise@0.000ns fall@6.625ns period=13.250ns})
  Destination:            real_camera.pin_data_reg[4]/D
                            (falling edge-triggered cell FDRE clocked by clock_raw  {rise@-1.104ns fall@5.521ns period=13.250ns})
  Path Group:             clock_raw
  Path Type:              Setup (Max at Slow Process Corner)
  Requirement:            12.146ns  (clock_raw fall@18.771ns - cam_clk fall@6.625ns)
  Data Path Delay:        2.012ns  (logic 1.405ns (69.842%)  route 0.607ns (30.158%))
  Logic Levels:           1  (IBUF=1)
  Input Delay:            10.000ns
  Clock Path Skew:        0.750ns (DCD - SCD + CPR)
    Destination Clock Delay (DCD):    0.750ns = ( 19.520 - 18.771 ) 
    Source Clock Delay      (SCD):    0.000ns = ( 6.625 - 6.625 ) 
    Clock Pessimism Removal (CPR):    0.000ns
  Clock Uncertainty:      0.404ns  ((TSJ^2 + DJ^2)^1/2) / 2 + PE + UU
    Total System Jitter     (TSJ):    0.071ns
    Discrete Jitter          (DJ):    0.114ns
    Phase Error              (PE):    0.087ns
    User Uncertainty         (UU):    0.250ns

    Location             Delay type                Incr(ns)  Path(ns)    Netlist Resource(s)
  -------------------------------------------------------------------    -------------------
                         (clock cam_clk fall edge)    6.625     6.625 f  
                         input delay                 10.000    16.625    
    D14                                               0.000    16.625 r  cam_data[4] (IN)
                         net (fo=0)                   0.000    16.625    cam_data[4]
    D14                  IBUF (Prop_ibuf_I_O)         1.405    18.030 r  cam_data_IBUF[4]_inst/O
                         net (fo=1, routed)           0.607    18.637    cam_data_IBUF[4]
    SLICE_X0Y138         FDRE                                         r  real_camera.pin_data_reg[4]/D
  -------------------------------------------------------------------    -------------------

                         (clock clock_raw fall edge)
                                                     18.771    18.771 f  
    F14                                               0.000    18.771 f  cam_pclk (IN)
                         net (fo=0)                   0.000    18.771    cam_pclk
    F14                  IBUF (Prop_ibuf_I_O)         1.327    20.097 f  cam_pclk_IBUF_inst/O
                         net (fo=1, routed)           2.581    22.678    real_camera.phase_clock.sampling_clock/pclk
    MMCME2_ADV_X0Y0      MMCME2_ADV (Prop_mmcme2_adv_CLKIN1_CLKOUT0)
                                                     -6.061    16.617 f  real_camera.phase_clock.sampling_clock/camera_mmcm/CLKOUT0
                         net (fo=1, routed)           1.357    17.975    real_camera.phase_clock.sampling_clock/clock_raw
    BUFGCTRL_X0Y3        BUFG (Prop_bufg_I_O)         0.077    18.052 f  real_camera.phase_clock.sampling_clock/sample_buffer/O
                         net (fo=496, routed)         1.469    19.520    real_camera.pclk
    SLICE_X0Y138         FDRE                                         r  real_camera.pin_data_reg[4]/C  (IS_INVERTED)
                         clock pessimism              0.000    19.520    
                         clock uncertainty           -0.404    19.116    
    SLICE_X0Y138         FDRE (Setup_fdre_C_D)       -0.043    19.073    real_camera.pin_data_reg[4]
  -------------------------------------------------------------------
                         required time                         19.073    
                         arrival time                         -18.637    
  -------------------------------------------------------------------
                         slack                                  0.436    




