Copyright 1986-2020 Xilinx, Inc. All Rights Reserved.
-------------------------------------------------------------------------------------------------------------------------------------------
| Tool Version : Vivado v.2020.1 (win64) Build 2902540 Wed May 27 19:54:49 MDT 2020
| Date         : Mon Sep 28 12:55:13 2026
| Host         : LAPTOP-JC5LPK9T running 64-bit major release  (build 9200)
| Command      : report_timing -max_paths 20 -file F:/zju/dasanshangkecheng/HDL/mjpeg/reports/ddr3/full_20260928_124800/critical_setup.rpt
| Design       : davinci_mjpeg_ddr3_top
| Device       : 7a35t-fgg484
| Speed File   : -2  PRODUCTION 1.23 2018-06-13
-------------------------------------------------------------------------------------------------------------------------------------------

Timing Report

Slack (MET) :             0.064ns  (required time - arrival time)
  Source:                 synchronous.link/held_data_reg[5]/C
                            (rising edge-triggered cell FDCE clocked by usb_clk  {rise@0.000ns fall@8.333ns period=16.667ns})
  Destination:            usb_data[5]
                            (output port clocked by usb_clk  {rise@0.000ns fall@8.333ns period=16.667ns})
  Path Group:             usb_clk
  Path Type:              Max at Slow Process Corner
  Requirement:            16.667ns  (usb_clk rise@16.667ns - usb_clk rise@0.000ns)
  Data Path Delay:        3.757ns  (logic 3.756ns (99.973%)  route 0.001ns (0.027%))
  Logic Levels:           1  (OBUFT=1)
  Output Delay:           8.000ns
  Clock Path Skew:        -4.660ns (DCD - SCD + CPR)
    Destination Clock Delay (DCD):    0.000ns = ( 16.667 - 16.667 ) 
    Source Clock Delay      (SCD):    4.660ns
    Clock Pessimism Removal (CPR):    0.000ns
  Clock Uncertainty:      0.185ns  ((TSJ^2 + TIJ^2)^1/2 + DJ) / 2 + PE + UU
    Total System Jitter     (TSJ):    0.071ns
    Total Input Jitter      (TIJ):    0.000ns
    Discrete Jitter          (DJ):    0.000ns
    Phase Error              (PE):    0.000ns
    User Uncertainty         (UU):    0.150ns

    Location             Delay type                Incr(ns)  Path(ns)    Netlist Resource(s)
  -------------------------------------------------------------------    -------------------
                         (clock usb_clk rise edge)    0.000     0.000 r  
    Y4                                                0.000     0.000 r  usb_clk_60m (IN)
                         net (fo=0)                   0.000     0.000    usb_clk_60m
    Y4                   IBUF (Prop_ibuf_I_O)         1.439     1.439 r  usb_clk_60m_IBUF_inst/O
                         net (fo=1, routed)           1.689     3.127    usb_clk_60m_IBUF
    BUFGCTRL_X0Y0        BUFG (Prop_bufg_I_O)         0.081     3.208 r  synchronous.usb_clock_buffer/O
                         net (fo=1013, routed)        1.452     4.660    synchronous.link/synchronous.usb_clk
    OLOGIC_X1Y35         FDCE                                         r  synchronous.link/held_data_reg[5]/C
  -------------------------------------------------------------------    -------------------
    OLOGIC_X1Y35         FDCE (Prop_fdce_C_Q)         0.418     5.078 r  synchronous.link/held_data_reg[5]/Q
                         net (fo=1, routed)           0.001     5.079    usb_data_IOBUF[5]_inst/I
    AB1                  OBUFT (Prop_obuft_I_O)       3.338     8.417 r  usb_data_IOBUF[5]_inst/OBUFT/O
                         net (fo=1, unset)            0.000     8.417    usb_data[5]
    AB1                                                               r  usb_data[5] (INOUT)
  -------------------------------------------------------------------    -------------------

                         (clock usb_clk rise edge)   16.667    16.667 r  
                         clock pessimism              0.000    16.667    
                         clock uncertainty           -0.185    16.482    
                         output delay                -8.000     8.482    
  -------------------------------------------------------------------
                         required time                          8.482    
                         arrival time                          -8.417    
  -------------------------------------------------------------------
                         slack                                  0.064    

Slack (MET) :             0.065ns  (required time - arrival time)
  Source:                 synchronous.link/held_data_reg[7]/C
                            (rising edge-triggered cell FDCE clocked by usb_clk  {rise@0.000ns fall@8.333ns period=16.667ns})
  Destination:            usb_data[7]
                            (output port clocked by usb_clk  {rise@0.000ns fall@8.333ns period=16.667ns})
  Path Group:             usb_clk
  Path Type:              Max at Slow Process Corner
  Requirement:            16.667ns  (usb_clk rise@16.667ns - usb_clk rise@0.000ns)
  Data Path Delay:        3.752ns  (logic 3.751ns (99.973%)  route 0.001ns (0.027%))
  Logic Levels:           1  (OBUFT=1)
  Output Delay:           8.000ns
  Clock Path Skew:        -4.665ns (DCD - SCD + CPR)
    Destination Clock Delay (DCD):    0.000ns = ( 16.667 - 16.667 ) 
    Source Clock Delay      (SCD):    4.665ns
    Clock Pessimism Removal (CPR):    0.000ns
  Clock Uncertainty:      0.185ns  ((TSJ^2 + TIJ^2)^1/2 + DJ) / 2 + PE + UU
    Total System Jitter     (TSJ):    0.071ns
    Total Input Jitter      (TIJ):    0.000ns
    Discrete Jitter          (DJ):    0.000ns
    Phase Error              (PE):    0.000ns
    User Uncertainty         (UU):    0.150ns

    Location             Delay type                Incr(ns)  Path(ns)    Netlist Resource(s)
  -------------------------------------------------------------------    -------------------
                         (clock usb_clk rise edge)    0.000     0.000 r  
    Y4                                                0.000     0.000 r  usb_clk_60m (IN)
                         net (fo=0)                   0.000     0.000    usb_clk_60m
    Y4                   IBUF (Prop_ibuf_I_O)         1.439     1.439 r  usb_clk_60m_IBUF_inst/O
                         net (fo=1, routed)           1.689     3.127    usb_clk_60m_IBUF
    BUFGCTRL_X0Y0        BUFG (Prop_bufg_I_O)         0.081     3.208 r  synchronous.usb_clock_buffer/O
                         net (fo=1013, routed)        1.457     4.665    synchronous.link/synchronous.usb_clk
    OLOGIC_X1Y39         FDCE                                         r  synchronous.link/held_data_reg[7]/C
  -------------------------------------------------------------------    -------------------
    OLOGIC_X1Y39         FDCE (Prop_fdce_C_Q)         0.418     5.083 r  synchronous.link/held_data_reg[7]/Q
                         net (fo=1, routed)           0.001     5.084    usb_data_IOBUF[7]_inst/I
    Y1                   OBUFT (Prop_obuft_I_O)       3.333     8.417 r  usb_data_IOBUF[7]_inst/OBUFT/O
                         net (fo=1, unset)            0.000     8.417    usb_data[7]
    Y1                                                                r  usb_data[7] (INOUT)
  -------------------------------------------------------------------    -------------------

                         (clock usb_clk rise edge)   16.667    16.667 r  
                         clock pessimism              0.000    16.667    
                         clock uncertainty           -0.185    16.482    
                         output delay                -8.000     8.482    
  -------------------------------------------------------------------
                         required time                          8.482    
                         arrival time                          -8.417    
  -------------------------------------------------------------------
                         slack                                  0.065    

Slack (MET) :             0.066ns  (required time - arrival time)
  Source:                 synchronous.link/held_data_reg[6]/C
                            (rising edge-triggered cell FDCE clocked by usb_clk  {rise@0.000ns fall@8.333ns period=16.667ns})
  Destination:            usb_data[6]
                            (output port clocked by usb_clk  {rise@0.000ns fall@8.333ns period=16.667ns})
  Path Group:             usb_clk
  Path Type:              Max at Slow Process Corner
  Requirement:            16.667ns  (usb_clk rise@16.667ns - usb_clk rise@0.000ns)
  Data Path Delay:        3.755ns  (logic 3.754ns (99.973%)  route 0.001ns (0.027%))
  Logic Levels:           1  (OBUFT=1)
  Output Delay:           8.000ns
  Clock Path Skew:        -4.660ns (DCD - SCD + CPR)
    Destination Clock Delay (DCD):    0.000ns = ( 16.667 - 16.667 ) 
    Source Clock Delay      (SCD):    4.660ns
    Clock Pessimism Removal (CPR):    0.000ns
  Clock Uncertainty:      0.185ns  ((TSJ^2 + TIJ^2)^1/2 + DJ) / 2 + PE + UU
    Total System Jitter     (TSJ):    0.071ns
    Total Input Jitter      (TIJ):    0.000ns
    Discrete Jitter          (DJ):    0.000ns
    Phase Error              (PE):    0.000ns
    User Uncertainty         (UU):    0.150ns

    Location             Delay type                Incr(ns)  Path(ns)    Netlist Resource(s)
  -------------------------------------------------------------------    -------------------
                         (clock usb_clk rise edge)    0.000     0.000 r  
    Y4                                                0.000     0.000 r  usb_clk_60m (IN)
                         net (fo=0)                   0.000     0.000    usb_clk_60m
    Y4                   IBUF (Prop_ibuf_I_O)         1.439     1.439 r  usb_clk_60m_IBUF_inst/O
                         net (fo=1, routed)           1.689     3.127    usb_clk_60m_IBUF
    BUFGCTRL_X0Y0        BUFG (Prop_bufg_I_O)         0.081     3.208 r  synchronous.usb_clock_buffer/O
                         net (fo=1013, routed)        1.452     4.660    synchronous.link/synchronous.usb_clk
    OLOGIC_X1Y36         FDCE                                         r  synchronous.link/held_data_reg[6]/C
  -------------------------------------------------------------------    -------------------
    OLOGIC_X1Y36         FDCE (Prop_fdce_C_Q)         0.418     5.078 r  synchronous.link/held_data_reg[6]/Q
                         net (fo=1, routed)           0.001     5.079    usb_data_IOBUF[6]_inst/I
    AA1                  OBUFT (Prop_obuft_I_O)       3.336     8.415 r  usb_data_IOBUF[6]_inst/OBUFT/O
                         net (fo=1, unset)            0.000     8.415    usb_data[6]
    AA1                                                               r  usb_data[6] (INOUT)
  -------------------------------------------------------------------    -------------------

                         (clock usb_clk rise edge)   16.667    16.667 r  
                         clock pessimism              0.000    16.667    
                         clock uncertainty           -0.185    16.482    
                         output delay                -8.000     8.482    
  -------------------------------------------------------------------
                         required time                          8.482    
                         arrival time                          -8.415    
  -------------------------------------------------------------------
                         slack                                  0.066    

Slack (MET) :             0.068ns  (required time - arrival time)
  Source:                 synchronous.link/held_data_reg[2]/C
                            (rising edge-triggered cell FDCE clocked by usb_clk  {rise@0.000ns fall@8.333ns period=16.667ns})
  Destination:            usb_data[2]
                            (output port clocked by usb_clk  {rise@0.000ns fall@8.333ns period=16.667ns})
  Path Group:             usb_clk
  Path Type:              Max at Slow Process Corner
  Requirement:            16.667ns  (usb_clk rise@16.667ns - usb_clk rise@0.000ns)
  Data Path Delay:        3.754ns  (logic 3.753ns (99.973%)  route 0.001ns (0.027%))
  Logic Levels:           1  (OBUFT=1)
  Output Delay:           8.000ns
  Clock Path Skew:        -4.660ns (DCD - SCD + CPR)
    Destination Clock Delay (DCD):    0.000ns = ( 16.667 - 16.667 ) 
    Source Clock Delay      (SCD):    4.660ns
    Clock Pessimism Removal (CPR):    0.000ns
  Clock Uncertainty:      0.185ns  ((TSJ^2 + TIJ^2)^1/2 + DJ) / 2 + PE + UU
    Total System Jitter     (TSJ):    0.071ns
    Total Input Jitter      (TIJ):    0.000ns
    Discrete Jitter          (DJ):    0.000ns
    Phase Error              (PE):    0.000ns
    User Uncertainty         (UU):    0.150ns

    Location             Delay type                Incr(ns)  Path(ns)    Netlist Resource(s)
  -------------------------------------------------------------------    -------------------
                         (clock usb_clk rise edge)    0.000     0.000 r  
    Y4                                                0.000     0.000 r  usb_clk_60m (IN)
                         net (fo=0)                   0.000     0.000    usb_clk_60m
    Y4                   IBUF (Prop_ibuf_I_O)         1.439     1.439 r  usb_clk_60m_IBUF_inst/O
                         net (fo=1, routed)           1.689     3.127    usb_clk_60m_IBUF
    BUFGCTRL_X0Y0        BUFG (Prop_bufg_I_O)         0.081     3.208 r  synchronous.usb_clock_buffer/O
                         net (fo=1013, routed)        1.452     4.660    synchronous.link/synchronous.usb_clk
    OLOGIC_X1Y34         FDCE                                         r  synchronous.link/held_data_reg[2]/C
  -------------------------------------------------------------------    -------------------
    OLOGIC_X1Y34         FDCE (Prop_fdce_C_Q)         0.418     5.078 r  synchronous.link/held_data_reg[2]/Q
                         net (fo=1, routed)           0.001     5.079    usb_data_IOBUF[2]_inst/I
    AB3                  OBUFT (Prop_obuft_I_O)       3.335     8.414 r  usb_data_IOBUF[2]_inst/OBUFT/O
                         net (fo=1, unset)            0.000     8.414    usb_data[2]
    AB3                                                               r  usb_data[2] (INOUT)
  -------------------------------------------------------------------    -------------------

                         (clock usb_clk rise edge)   16.667    16.667 r  
                         clock pessimism              0.000    16.667    
                         clock uncertainty           -0.185    16.482    
                         output delay                -8.000     8.482    
  -------------------------------------------------------------------
                         required time                          8.482    
                         arrival time                          -8.414    
  -------------------------------------------------------------------
                         slack                                  0.068    

Slack (MET) :             0.068ns  (required time - arrival time)
  Source:                 synchronous.link/held_data_reg[4]/C
                            (rising edge-triggered cell FDCE clocked by usb_clk  {rise@0.000ns fall@8.333ns period=16.667ns})
  Destination:            usb_data[4]
                            (output port clocked by usb_clk  {rise@0.000ns fall@8.333ns period=16.667ns})
  Path Group:             usb_clk
  Path Type:              Max at Slow Process Corner
  Requirement:            16.667ns  (usb_clk rise@16.667ns - usb_clk rise@0.000ns)
  Data Path Delay:        3.754ns  (logic 3.753ns (99.973%)  route 0.001ns (0.027%))
  Logic Levels:           1  (OBUFT=1)
  Output Delay:           8.000ns
  Clock Path Skew:        -4.660ns (DCD - SCD + CPR)
    Destination Clock Delay (DCD):    0.000ns = ( 16.667 - 16.667 ) 
    Source Clock Delay      (SCD):    4.660ns
    Clock Pessimism Removal (CPR):    0.000ns
  Clock Uncertainty:      0.185ns  ((TSJ^2 + TIJ^2)^1/2 + DJ) / 2 + PE + UU
    Total System Jitter     (TSJ):    0.071ns
    Total Input Jitter      (TIJ):    0.000ns
    Discrete Jitter          (DJ):    0.000ns
    Phase Error              (PE):    0.000ns
    User Uncertainty         (UU):    0.150ns

    Location             Delay type                Incr(ns)  Path(ns)    Netlist Resource(s)
  -------------------------------------------------------------------    -------------------
                         (clock usb_clk rise edge)    0.000     0.000 r  
    Y4                                                0.000     0.000 r  usb_clk_60m (IN)
                         net (fo=0)                   0.000     0.000    usb_clk_60m
    Y4                   IBUF (Prop_ibuf_I_O)         1.439     1.439 r  usb_clk_60m_IBUF_inst/O
                         net (fo=1, routed)           1.689     3.127    usb_clk_60m_IBUF
    BUFGCTRL_X0Y0        BUFG (Prop_bufg_I_O)         0.081     3.208 r  synchronous.usb_clock_buffer/O
                         net (fo=1013, routed)        1.452     4.660    synchronous.link/synchronous.usb_clk
    OLOGIC_X1Y33         FDCE                                         r  synchronous.link/held_data_reg[4]/C
  -------------------------------------------------------------------    -------------------
    OLOGIC_X1Y33         FDCE (Prop_fdce_C_Q)         0.418     5.078 r  synchronous.link/held_data_reg[4]/Q
                         net (fo=1, routed)           0.001     5.079    usb_data_IOBUF[4]_inst/I
    AB2                  OBUFT (Prop_obuft_I_O)       3.335     8.414 r  usb_data_IOBUF[4]_inst/OBUFT/O
                         net (fo=1, unset)            0.000     8.414    usb_data[4]
    AB2                                                               r  usb_data[4] (INOUT)
  -------------------------------------------------------------------    -------------------

                         (clock usb_clk rise edge)   16.667    16.667 r  
                         clock pessimism              0.000    16.667    
                         clock uncertainty           -0.185    16.482    
                         output delay                -8.000     8.482    
  -------------------------------------------------------------------
                         required time                          8.482    
                         arrival time                          -8.414    
  -------------------------------------------------------------------
                         slack                                  0.068    

Slack (MET) :             0.082ns  (required time - arrival time)
  Source:                 synchronous.link/held_data_reg[0]/C
                            (rising edge-triggered cell FDCE clocked by usb_clk  {rise@0.000ns fall@8.333ns period=16.667ns})
  Destination:            usb_data[0]
                            (output port clocked by usb_clk  {rise@0.000ns fall@8.333ns period=16.667ns})
  Path Group:             usb_clk
  Path Type:              Max at Slow Process Corner
  Requirement:            16.667ns  (usb_clk rise@16.667ns - usb_clk rise@0.000ns)
  Data Path Delay:        3.746ns  (logic 3.745ns (99.973%)  route 0.001ns (0.027%))
  Logic Levels:           1  (OBUFT=1)
  Output Delay:           8.000ns
  Clock Path Skew:        -4.654ns (DCD - SCD + CPR)
    Destination Clock Delay (DCD):    0.000ns = ( 16.667 - 16.667 ) 
    Source Clock Delay      (SCD):    4.654ns
    Clock Pessimism Removal (CPR):    0.000ns
  Clock Uncertainty:      0.185ns  ((TSJ^2 + TIJ^2)^1/2 + DJ) / 2 + PE + UU
    Total System Jitter     (TSJ):    0.071ns
    Total Input Jitter      (TIJ):    0.000ns
    Discrete Jitter          (DJ):    0.000ns
    Phase Error              (PE):    0.000ns
    User Uncertainty         (UU):    0.150ns

    Location             Delay type                Incr(ns)  Path(ns)    Netlist Resource(s)
  -------------------------------------------------------------------    -------------------
                         (clock usb_clk rise edge)    0.000     0.000 r  
    Y4                                                0.000     0.000 r  usb_clk_60m (IN)
                         net (fo=0)                   0.000     0.000    usb_clk_60m
    Y4                   IBUF (Prop_ibuf_I_O)         1.439     1.439 r  usb_clk_60m_IBUF_inst/O
                         net (fo=1, routed)           1.689     3.127    usb_clk_60m_IBUF
    BUFGCTRL_X0Y0        BUFG (Prop_bufg_I_O)         0.081     3.208 r  synchronous.usb_clock_buffer/O
                         net (fo=1013, routed)        1.446     4.654    synchronous.link/synchronous.usb_clk
    OLOGIC_X1Y29         FDCE                                         r  synchronous.link/held_data_reg[0]/C
  -------------------------------------------------------------------    -------------------
    OLOGIC_X1Y29         FDCE (Prop_fdce_C_Q)         0.418     5.072 r  synchronous.link/held_data_reg[0]/Q
                         net (fo=1, routed)           0.001     5.073    usb_data_IOBUF[0]_inst/I
    AB5                  OBUFT (Prop_obuft_I_O)       3.327     8.400 r  usb_data_IOBUF[0]_inst/OBUFT/O
                         net (fo=1, unset)            0.000     8.400    usb_data[0]
    AB5                                                               r  usb_data[0] (INOUT)
  -------------------------------------------------------------------    -------------------

                         (clock usb_clk rise edge)   16.667    16.667 r  
                         clock pessimism              0.000    16.667    
                         clock uncertainty           -0.185    16.482    
                         output delay                -8.000     8.482    
  -------------------------------------------------------------------
                         required time                          8.482    
                         arrival time                          -8.400    
  -------------------------------------------------------------------
                         slack                                  0.082    

Slack (MET) :             0.090ns  (required time - arrival time)
  Source:                 synchronous.link/held_data_reg[3]/C
                            (rising edge-triggered cell FDCE clocked by usb_clk  {rise@0.000ns fall@8.333ns period=16.667ns})
  Destination:            usb_data[3]
                            (output port clocked by usb_clk  {rise@0.000ns fall@8.333ns period=16.667ns})
  Path Group:             usb_clk
  Path Type:              Max at Slow Process Corner
  Requirement:            16.667ns  (usb_clk rise@16.667ns - usb_clk rise@0.000ns)
  Data Path Delay:        3.735ns  (logic 3.734ns (99.973%)  route 0.001ns (0.027%))
  Logic Levels:           1  (OBUFT=1)
  Output Delay:           8.000ns
  Clock Path Skew:        -4.657ns (DCD - SCD + CPR)
    Destination Clock Delay (DCD):    0.000ns = ( 16.667 - 16.667 ) 
    Source Clock Delay      (SCD):    4.657ns
    Clock Pessimism Removal (CPR):    0.000ns
  Clock Uncertainty:      0.185ns  ((TSJ^2 + TIJ^2)^1/2 + DJ) / 2 + PE + UU
    Total System Jitter     (TSJ):    0.071ns
    Total Input Jitter      (TIJ):    0.000ns
    Discrete Jitter          (DJ):    0.000ns
    Phase Error              (PE):    0.000ns
    User Uncertainty         (UU):    0.150ns

    Location             Delay type                Incr(ns)  Path(ns)    Netlist Resource(s)
  -------------------------------------------------------------------    -------------------
                         (clock usb_clk rise edge)    0.000     0.000 r  
    Y4                                                0.000     0.000 r  usb_clk_60m (IN)
                         net (fo=0)                   0.000     0.000    usb_clk_60m
    Y4                   IBUF (Prop_ibuf_I_O)         1.439     1.439 r  usb_clk_60m_IBUF_inst/O
                         net (fo=1, routed)           1.689     3.127    usb_clk_60m_IBUF
    BUFGCTRL_X0Y0        BUFG (Prop_bufg_I_O)         0.081     3.208 r  synchronous.usb_clock_buffer/O
                         net (fo=1013, routed)        1.449     4.657    synchronous.link/synchronous.usb_clk
    OLOGIC_X1Y31         FDCE                                         r  synchronous.link/held_data_reg[3]/C
  -------------------------------------------------------------------    -------------------
    OLOGIC_X1Y31         FDCE (Prop_fdce_C_Q)         0.418     5.075 r  synchronous.link/held_data_reg[3]/Q
                         net (fo=1, routed)           0.001     5.076    usb_data_IOBUF[3]_inst/I
    AA3                  OBUFT (Prop_obuft_I_O)       3.316     8.392 r  usb_data_IOBUF[3]_inst/OBUFT/O
                         net (fo=1, unset)            0.000     8.392    usb_data[3]
    AA3                                                               r  usb_data[3] (INOUT)
  -------------------------------------------------------------------    -------------------

                         (clock usb_clk rise edge)   16.667    16.667 r  
                         clock pessimism              0.000    16.667    
                         clock uncertainty           -0.185    16.482    
                         output delay                -8.000     8.482    
  -------------------------------------------------------------------
                         required time                          8.482    
                         arrival time                          -8.392    
  -------------------------------------------------------------------
                         slack                                  0.090    

Slack (MET) :             0.092ns  (required time - arrival time)
  Source:                 synchronous.link/wr_n_reg_rep/C
                            (rising edge-triggered cell FDPE clocked by usb_clk  {rise@0.000ns fall@8.333ns period=16.667ns})
  Destination:            usb_wr_n
                            (output port clocked by usb_clk  {rise@0.000ns fall@8.333ns period=16.667ns})
  Path Group:             usb_clk
  Path Type:              Max at Slow Process Corner
  Requirement:            16.667ns  (usb_clk rise@16.667ns - usb_clk rise@0.000ns)
  Data Path Delay:        3.732ns  (logic 3.731ns (99.973%)  route 0.001ns (0.027%))
  Logic Levels:           1  (OBUF=1)
  Output Delay:           8.000ns
  Clock Path Skew:        -4.657ns (DCD - SCD + CPR)
    Destination Clock Delay (DCD):    0.000ns = ( 16.667 - 16.667 ) 
    Source Clock Delay      (SCD):    4.657ns
    Clock Pessimism Removal (CPR):    0.000ns
  Clock Uncertainty:      0.185ns  ((TSJ^2 + TIJ^2)^1/2 + DJ) / 2 + PE + UU
    Total System Jitter     (TSJ):    0.071ns
    Total Input Jitter      (TIJ):    0.000ns
    Discrete Jitter          (DJ):    0.000ns
    Phase Error              (PE):    0.000ns
    User Uncertainty         (UU):    0.150ns

    Location             Delay type                Incr(ns)  Path(ns)    Netlist Resource(s)
  -------------------------------------------------------------------    -------------------
                         (clock usb_clk rise edge)    0.000     0.000 r  
    Y4                                                0.000     0.000 r  usb_clk_60m (IN)
                         net (fo=0)                   0.000     0.000    usb_clk_60m
    Y4                   IBUF (Prop_ibuf_I_O)         1.439     1.439 r  usb_clk_60m_IBUF_inst/O
                         net (fo=1, routed)           1.689     3.127    usb_clk_60m_IBUF
    BUFGCTRL_X0Y0        BUFG (Prop_bufg_I_O)         0.081     3.208 r  synchronous.usb_clock_buffer/O
                         net (fo=1013, routed)        1.449     4.657    synchronous.link/synchronous.usb_clk
    OLOGIC_X1Y32         FDPE                                         r  synchronous.link/wr_n_reg_rep/C
  -------------------------------------------------------------------    -------------------
    OLOGIC_X1Y32         FDPE (Prop_fdpe_C_Q)         0.418     5.075 r  synchronous.link/wr_n_reg_rep/Q
                         net (fo=1, routed)           0.001     5.076    usb_wr_n_OBUF
    Y3                   OBUF (Prop_obuf_I_O)         3.313     8.389 r  usb_wr_n_OBUF_inst/O
                         net (fo=0)                   0.000     8.389    usb_wr_n
    Y3                                                                r  usb_wr_n (OUT)
  -------------------------------------------------------------------    -------------------

                         (clock usb_clk rise edge)   16.667    16.667 r  
                         clock pessimism              0.000    16.667    
                         clock uncertainty           -0.185    16.482    
                         output delay                -8.000     8.482    
  -------------------------------------------------------------------
                         required time                          8.482    
                         arrival time                          -8.389    
  -------------------------------------------------------------------
                         slack                                  0.092    

Slack (MET) :             0.094ns  (required time - arrival time)
  Source:                 synchronous.link/oe_n_reg/C
                            (rising edge-triggered cell FDPE clocked by usb_clk  {rise@0.000ns fall@8.333ns period=16.667ns})
  Destination:            usb_oe_n
                            (output port clocked by usb_clk  {rise@0.000ns fall@8.333ns period=16.667ns})
  Path Group:             usb_clk
  Path Type:              Max at Slow Process Corner
  Requirement:            16.667ns  (usb_clk rise@16.667ns - usb_clk rise@0.000ns)
  Data Path Delay:        3.724ns  (logic 3.723ns (99.973%)  route 0.001ns (0.027%))
  Logic Levels:           1  (OBUF=1)
  Output Delay:           8.000ns
  Clock Path Skew:        -4.663ns (DCD - SCD + CPR)
    Destination Clock Delay (DCD):    0.000ns = ( 16.667 - 16.667 ) 
    Source Clock Delay      (SCD):    4.663ns
    Clock Pessimism Removal (CPR):    0.000ns
  Clock Uncertainty:      0.185ns  ((TSJ^2 + TIJ^2)^1/2 + DJ) / 2 + PE + UU
    Total System Jitter     (TSJ):    0.071ns
    Total Input Jitter      (TIJ):    0.000ns
    Discrete Jitter          (DJ):    0.000ns
    Phase Error              (PE):    0.000ns
    User Uncertainty         (UU):    0.150ns

    Location             Delay type                Incr(ns)  Path(ns)    Netlist Resource(s)
  -------------------------------------------------------------------    -------------------
                         (clock usb_clk rise edge)    0.000     0.000 r  
    Y4                                                0.000     0.000 r  usb_clk_60m (IN)
                         net (fo=0)                   0.000     0.000    usb_clk_60m
    Y4                   IBUF (Prop_ibuf_I_O)         1.439     1.439 r  usb_clk_60m_IBUF_inst/O
                         net (fo=1, routed)           1.689     3.127    usb_clk_60m_IBUF
    BUFGCTRL_X0Y0        BUFG (Prop_bufg_I_O)         0.081     3.208 r  synchronous.usb_clock_buffer/O
                         net (fo=1013, routed)        1.455     4.663    synchronous.link/synchronous.usb_clk
    OLOGIC_X1Y38         FDPE                                         r  synchronous.link/oe_n_reg/C
  -------------------------------------------------------------------    -------------------
    OLOGIC_X1Y38         FDPE (Prop_fdpe_C_Q)         0.418     5.081 r  synchronous.link/oe_n_reg/Q
                         net (fo=1, routed)           0.001     5.082    usb_oe_n_OBUF
    U3                   OBUF (Prop_obuf_I_O)         3.305     8.387 r  usb_oe_n_OBUF_inst/O
                         net (fo=0)                   0.000     8.387    usb_oe_n
    U3                                                                r  usb_oe_n (OUT)
  -------------------------------------------------------------------    -------------------

                         (clock usb_clk rise edge)   16.667    16.667 r  
                         clock pessimism              0.000    16.667    
                         clock uncertainty           -0.185    16.482    
                         output delay                -8.000     8.482    
  -------------------------------------------------------------------
                         required time                          8.482    
                         arrival time                          -8.387    
  -------------------------------------------------------------------
                         slack                                  0.094    

Slack (MET) :             0.101ns  (required time - arrival time)
  Source:                 synchronous.link/held_data_reg[1]/C
                            (rising edge-triggered cell FDCE clocked by usb_clk  {rise@0.000ns fall@8.333ns period=16.667ns})
  Destination:            usb_data[1]
                            (output port clocked by usb_clk  {rise@0.000ns fall@8.333ns period=16.667ns})
  Path Group:             usb_clk
  Path Type:              Max at Slow Process Corner
  Requirement:            16.667ns  (usb_clk rise@16.667ns - usb_clk rise@0.000ns)
  Data Path Delay:        3.728ns  (logic 3.727ns (99.973%)  route 0.001ns (0.027%))
  Logic Levels:           1  (OBUFT=1)
  Output Delay:           8.000ns
  Clock Path Skew:        -4.653ns (DCD - SCD + CPR)
    Destination Clock Delay (DCD):    0.000ns = ( 16.667 - 16.667 ) 
    Source Clock Delay      (SCD):    4.653ns
    Clock Pessimism Removal (CPR):    0.000ns
  Clock Uncertainty:      0.185ns  ((TSJ^2 + TIJ^2)^1/2 + DJ) / 2 + PE + UU
    Total System Jitter     (TSJ):    0.071ns
    Total Input Jitter      (TIJ):    0.000ns
    Discrete Jitter          (DJ):    0.000ns
    Phase Error              (PE):    0.000ns
    User Uncertainty         (UU):    0.150ns

    Location             Delay type                Incr(ns)  Path(ns)    Netlist Resource(s)
  -------------------------------------------------------------------    -------------------
                         (clock usb_clk rise edge)    0.000     0.000 r  
    Y4                                                0.000     0.000 r  usb_clk_60m (IN)
                         net (fo=0)                   0.000     0.000    usb_clk_60m
    Y4                   IBUF (Prop_ibuf_I_O)         1.439     1.439 r  usb_clk_60m_IBUF_inst/O
                         net (fo=1, routed)           1.689     3.127    usb_clk_60m_IBUF
    BUFGCTRL_X0Y0        BUFG (Prop_bufg_I_O)         0.081     3.208 r  synchronous.usb_clock_buffer/O
                         net (fo=1013, routed)        1.445     4.653    synchronous.link/synchronous.usb_clk
    OLOGIC_X1Y27         FDCE                                         r  synchronous.link/held_data_reg[1]/C
  -------------------------------------------------------------------    -------------------
    OLOGIC_X1Y27         FDCE (Prop_fdce_C_Q)         0.418     5.071 r  synchronous.link/held_data_reg[1]/Q
                         net (fo=1, routed)           0.001     5.072    usb_data_IOBUF[1]_inst/I
    AA4                  OBUFT (Prop_obuft_I_O)       3.309     8.381 r  usb_data_IOBUF[1]_inst/OBUFT/O
                         net (fo=1, unset)            0.000     8.381    usb_data[1]
    AA4                                                               r  usb_data[1] (INOUT)
  -------------------------------------------------------------------    -------------------

                         (clock usb_clk rise edge)   16.667    16.667 r  
                         clock pessimism              0.000    16.667    
                         clock uncertainty           -0.185    16.482    
                         output delay                -8.000     8.482    
  -------------------------------------------------------------------
                         required time                          8.482    
                         arrival time                          -8.381    
  -------------------------------------------------------------------
                         slack                                  0.101    

Slack (MET) :             0.111ns  (required time - arrival time)
  Source:                 synchronous.link/rd_n_reg_rep/C
                            (rising edge-triggered cell FDPE clocked by usb_clk  {rise@0.000ns fall@8.333ns period=16.667ns})
  Destination:            usb_rd_n
                            (output port clocked by usb_clk  {rise@0.000ns fall@8.333ns period=16.667ns})
  Path Group:             usb_clk
  Path Type:              Max at Slow Process Corner
  Requirement:            16.667ns  (usb_clk rise@16.667ns - usb_clk rise@0.000ns)
  Data Path Delay:        3.719ns  (logic 3.718ns (99.973%)  route 0.001ns (0.027%))
  Logic Levels:           1  (OBUF=1)
  Output Delay:           8.000ns
  Clock Path Skew:        -4.651ns (DCD - SCD + CPR)
    Destination Clock Delay (DCD):    0.000ns = ( 16.667 - 16.667 ) 
    Source Clock Delay      (SCD):    4.651ns
    Clock Pessimism Removal (CPR):    0.000ns
  Clock Uncertainty:      0.185ns  ((TSJ^2 + TIJ^2)^1/2 + DJ) / 2 + PE + UU
    Total System Jitter     (TSJ):    0.071ns
    Total Input Jitter      (TIJ):    0.000ns
    Discrete Jitter          (DJ):    0.000ns
    Phase Error              (PE):    0.000ns
    User Uncertainty         (UU):    0.150ns

    Location             Delay type                Incr(ns)  Path(ns)    Netlist Resource(s)
  -------------------------------------------------------------------    -------------------
                         (clock usb_clk rise edge)    0.000     0.000 r  
    Y4                                                0.000     0.000 r  usb_clk_60m (IN)
                         net (fo=0)                   0.000     0.000    usb_clk_60m
    Y4                   IBUF (Prop_ibuf_I_O)         1.439     1.439 r  usb_clk_60m_IBUF_inst/O
                         net (fo=1, routed)           1.689     3.127    usb_clk_60m_IBUF
    BUFGCTRL_X0Y0        BUFG (Prop_bufg_I_O)         0.081     3.208 r  synchronous.usb_clock_buffer/O
                         net (fo=1013, routed)        1.443     4.651    synchronous.link/synchronous.usb_clk
    OLOGIC_X1Y26         FDPE                                         r  synchronous.link/rd_n_reg_rep/C
  -------------------------------------------------------------------    -------------------
    OLOGIC_X1Y26         FDPE (Prop_fdpe_C_Q)         0.418     5.069 r  synchronous.link/rd_n_reg_rep/Q
                         net (fo=1, routed)           0.001     5.070    usb_rd_n_OBUF
    V4                   OBUF (Prop_obuf_I_O)         3.300     8.371 r  usb_rd_n_OBUF_inst/O
                         net (fo=0)                   0.000     8.371    usb_rd_n
    V4                                                                r  usb_rd_n (OUT)
  -------------------------------------------------------------------    -------------------

                         (clock usb_clk rise edge)   16.667    16.667 r  
                         clock pessimism              0.000    16.667    
                         clock uncertainty           -0.185    16.482    
                         output delay                -8.000     8.482    
  -------------------------------------------------------------------
                         required time                          8.482    
                         arrival time                          -8.371    
  -------------------------------------------------------------------
                         slack                                  0.111    

Slack (MET) :             0.191ns  (required time - arrival time)
  Source:                 cam_data[4]
                            (input port clocked by cam_clk  {rise@0.000ns fall@6.625ns period=13.250ns})
  Destination:            real_camera.pin_data_reg[4]/D
                            (falling edge-triggered cell FDRE clocked by clock_raw  {rise@-1.104ns fall@5.521ns period=13.250ns})
  Path Group:             clock_raw
  Path Type:              Setup (Max at Slow Process Corner)
  Requirement:            12.146ns  (clock_raw fall@18.771ns - cam_clk fall@6.625ns)
  Data Path Delay:        2.244ns  (logic 1.405ns (62.616%)  route 0.839ns (37.384%))
  Logic Levels:           1  (IBUF=1)
  Input Delay:            10.000ns
  Clock Path Skew:        0.749ns (DCD - SCD + CPR)
    Destination Clock Delay (DCD):    0.749ns = ( 19.519 - 18.771 ) 
    Source Clock Delay      (SCD):    0.000ns = ( 6.625 - 6.625 ) 
    Clock Pessimism Removal (CPR):    0.000ns
  Clock Uncertainty:      0.404ns  ((TSJ^2 + DJ^2)^1/2) / 2 + PE + UU
    Total System Jitter     (TSJ):    0.071ns
    Discrete Jitter          (DJ):    0.114ns
    Phase Error              (PE):    0.087ns
    User Uncertainty         (UU):    0.250ns

    Location             Delay type                Incr(ns)  Path(ns)    Netlist Resource(s)
  -------------------------------------------------------------------    -------------------
                         (clock cam_clk fall edge)    6.625     6.625 f  
                         input delay                 10.000    16.625    
    D14                                               0.000    16.625 r  cam_data[4] (IN)
                         net (fo=0)                   0.000    16.625    cam_data[4]
    D14                  IBUF (Prop_ibuf_I_O)         1.405    18.030 r  cam_data_IBUF[4]_inst/O
                         net (fo=1, routed)           0.839    18.869    cam_data_IBUF[4]
    SLICE_X0Y136         FDRE                                         r  real_camera.pin_data_reg[4]/D
  -------------------------------------------------------------------    -------------------

                         (clock clock_raw fall edge)
                                                     18.771    18.771 f  
    F14                                               0.000    18.771 f  cam_pclk (IN)
                         net (fo=0)                   0.000    18.771    cam_pclk
    F14                  IBUF (Prop_ibuf_I_O)         1.327    20.097 f  cam_pclk_IBUF_inst/O
                         net (fo=1, routed)           2.581    22.678    real_camera.phase_clock.sampling_clock/pclk
    MMCME2_ADV_X0Y0      MMCME2_ADV (Prop_mmcme2_adv_CLKIN1_CLKOUT0)
                                                     -6.061    16.617 f  real_camera.phase_clock.sampling_clock/camera_mmcm/CLKOUT0
                         net (fo=1, routed)           1.357    17.975    real_camera.phase_clock.sampling_clock/clock_raw
    BUFGCTRL_X0Y3        BUFG (Prop_bufg_I_O)         0.077    18.052 f  real_camera.phase_clock.sampling_clock/sample_buffer/O
                         net (fo=496, routed)         1.468    19.519    real_camera.pclk
    SLICE_X0Y136         FDRE                                         r  real_camera.pin_data_reg[4]/C  (IS_INVERTED)
                         clock pessimism              0.000    19.519    
                         clock uncertainty           -0.404    19.115    
    SLICE_X0Y136         FDRE (Setup_fdre_C_D)       -0.055    19.060    real_camera.pin_data_reg[4]
  -------------------------------------------------------------------
                         required time                         19.060    
                         arrival time                         -18.869    
  -------------------------------------------------------------------
                         slack                                  0.191    

Slack (MET) :             0.212ns  (required time - arrival time)
  Source:                 cam_vsync
                            (input port clocked by cam_clk  {rise@0.000ns fall@6.625ns period=13.250ns})
  Destination:            real_camera.pin_vsync_reg/D
                            (falling edge-triggered cell FDRE clocked by clock_raw  {rise@-1.104ns fall@5.521ns period=13.250ns})
  Path Group:             clock_raw
  Path Type:              Setup (Max at Slow Process Corner)
  Requirement:            12.146ns  (clock_raw fall@18.771ns - cam_clk fall@6.625ns)
  Data Path Delay:        2.243ns  (logic 1.396ns (62.233%)  route 0.847ns (37.767%))
  Logic Levels:           1  (IBUF=1)
  Input Delay:            10.000ns
  Clock Path Skew:        0.749ns (DCD - SCD + CPR)
    Destination Clock Delay (DCD):    0.749ns = ( 19.519 - 18.771 ) 
    Source Clock Delay      (SCD):    0.000ns = ( 6.625 - 6.625 ) 
    Clock Pessimism Removal (CPR):    0.000ns
  Clock Uncertainty:      0.404ns  ((TSJ^2 + DJ^2)^1/2) / 2 + PE + UU
    Total System Jitter     (TSJ):    0.071ns
    Discrete Jitter          (DJ):    0.114ns
    Phase Error              (PE):    0.087ns
    User Uncertainty         (UU):    0.250ns

    Location             Delay type                Incr(ns)  Path(ns)    Netlist Resource(s)
  -------------------------------------------------------------------    -------------------
                         (clock cam_clk fall edge)    6.625     6.625 f  
                         input delay                 10.000    16.625    
    E16                                               0.000    16.625 r  cam_vsync (IN)
                         net (fo=0)                   0.000    16.625    cam_vsync
    E16                  IBUF (Prop_ibuf_I_O)         1.396    18.021 r  cam_vsync_IBUF_inst/O
                         net (fo=1, routed)           0.847    18.868    cam_vsync_IBUF
    SLICE_X0Y136         FDRE                                         r  real_camera.pin_vsync_reg/D
  -------------------------------------------------------------------    -------------------

                         (clock clock_raw fall edge)
                                                     18.771    18.771 f  
    F14                                               0.000    18.771 f  cam_pclk (IN)
                         net (fo=0)                   0.000    18.771    cam_pclk
    F14                  IBUF (Prop_ibuf_I_O)         1.327    20.097 f  cam_pclk_IBUF_inst/O
                         net (fo=1, routed)           2.581    22.678    real_camera.phase_clock.sampling_clock/pclk
    MMCME2_ADV_X0Y0      MMCME2_ADV (Prop_mmcme2_adv_CLKIN1_CLKOUT0)
                                                     -6.061    16.617 f  real_camera.phase_clock.sampling_clock/camera_mmcm/CLKOUT0
                         net (fo=1, routed)           1.357    17.975    real_camera.phase_clock.sampling_clock/clock_raw
    BUFGCTRL_X0Y3        BUFG (Prop_bufg_I_O)         0.077    18.052 f  real_camera.phase_clock.sampling_clock/sample_buffer/O
                         net (fo=496, routed)         1.468    19.519    real_camera.pclk
    SLICE_X0Y136         FDRE                                         r  real_camera.pin_vsync_reg/C  (IS_INVERTED)
                         clock pessimism              0.000    19.519    
                         clock uncertainty           -0.404    19.115    
    SLICE_X0Y136         FDRE (Setup_fdre_C_D)       -0.035    19.080    real_camera.pin_vsync_reg
  -------------------------------------------------------------------
                         required time                         19.080    
                         arrival time                         -18.868    
  -------------------------------------------------------------------
                         slack                                  0.212    

Slack (MET) :             0.308ns  (required time - arrival time)
  Source:                 cam_href
                            (input port clocked by cam_clk  {rise@0.000ns fall@6.625ns period=13.250ns})
  Destination:            real_camera.pin_href_reg/D
                            (falling edge-triggered cell FDRE clocked by clock_raw  {rise@-1.104ns fall@5.521ns period=13.250ns})
  Path Group:             clock_raw
  Path Type:              Setup (Max at Slow Process Corner)
  Requirement:            12.146ns  (clock_raw fall@18.771ns - cam_clk fall@6.625ns)
  Data Path Delay:        2.145ns  (logic 1.421ns (66.280%)  route 0.723ns (33.721%))
  Logic Levels:           1  (IBUF=1)
  Input Delay:            10.000ns
  Clock Path Skew:        0.749ns (DCD - SCD + CPR)
    Destination Clock Delay (DCD):    0.749ns = ( 19.519 - 18.771 ) 
    Source Clock Delay      (SCD):    0.000ns = ( 6.625 - 6.625 ) 
    Clock Pessimism Removal (CPR):    0.000ns
  Clock Uncertainty:      0.404ns  ((TSJ^2 + DJ^2)^1/2) / 2 + PE + UU
    Total System Jitter     (TSJ):    0.071ns
    Discrete Jitter          (DJ):    0.114ns
    Phase Error              (PE):    0.087ns
    User Uncertainty         (UU):    0.250ns

    Location             Delay type                Incr(ns)  Path(ns)    Netlist Resource(s)
  -------------------------------------------------------------------    -------------------
                         (clock cam_clk fall edge)    6.625     6.625 f  
                         input delay                 10.000    16.625    
    B15                                               0.000    16.625 r  cam_href (IN)
                         net (fo=0)                   0.000    16.625    cam_href
    B15                  IBUF (Prop_ibuf_I_O)         1.421    18.046 r  cam_href_IBUF_inst/O
                         net (fo=1, routed)           0.723    18.770    cam_href_IBUF
    SLICE_X0Y136         FDRE                                         r  real_camera.pin_href_reg/D
  -------------------------------------------------------------------    -------------------

                         (clock clock_raw fall edge)
                                                     18.771    18.771 f  
    F14                                               0.000    18.771 f  cam_pclk (IN)
                         net (fo=0)                   0.000    18.771    cam_pclk
    F14                  IBUF (Prop_ibuf_I_O)         1.327    20.097 f  cam_pclk_IBUF_inst/O
                         net (fo=1, routed)           2.581    22.678    real_camera.phase_clock.sampling_clock/pclk
    MMCME2_ADV_X0Y0      MMCME2_ADV (Prop_mmcme2_adv_CLKIN1_CLKOUT0)
                                                     -6.061    16.617 f  real_camera.phase_clock.sampling_clock/camera_mmcm/CLKOUT0
                         net (fo=1, routed)           1.357    17.975    real_camera.phase_clock.sampling_clock/clock_raw
    BUFGCTRL_X0Y3        BUFG (Prop_bufg_I_O)         0.077    18.052 f  real_camera.phase_clock.sampling_clock/sample_buffer/O
                         net (fo=496, routed)         1.468    19.519    real_camera.pclk
    SLICE_X0Y136         FDRE                                         r  real_camera.pin_href_reg/C  (IS_INVERTED)
                         clock pessimism              0.000    19.519    
                         clock uncertainty           -0.404    19.115    
    SLICE_X0Y136         FDRE (Setup_fdre_C_D)       -0.038    19.077    real_camera.pin_href_reg
  -------------------------------------------------------------------
                         required time                         19.077    
                         arrival time                         -18.770    
  -------------------------------------------------------------------
                         slack                                  0.308    

Slack (MET) :             0.310ns  (required time - arrival time)
  Source:                 cam_data[6]
                            (input port clocked by cam_clk  {rise@0.000ns fall@6.625ns period=13.250ns})
  Destination:            real_camera.pin_data_reg[6]/D
                            (falling edge-triggered cell FDRE clocked by clock_raw  {rise@-1.104ns fall@5.521ns period=13.250ns})
  Path Group:             clock_raw
  Path Type:              Setup (Max at Slow Process Corner)
  Requirement:            12.146ns  (clock_raw fall@18.771ns - cam_clk fall@6.625ns)
  Data Path Delay:        2.129ns  (logic 1.410ns (66.246%)  route 0.719ns (33.754%))
  Logic Levels:           1  (IBUF=1)
  Input Delay:            10.000ns
  Clock Path Skew:        0.753ns (DCD - SCD + CPR)
    Destination Clock Delay (DCD):    0.753ns = ( 19.523 - 18.771 ) 
    Source Clock Delay      (SCD):    0.000ns = ( 6.625 - 6.625 ) 
    Clock Pessimism Removal (CPR):    0.000ns
  Clock Uncertainty:      0.404ns  ((TSJ^2 + DJ^2)^1/2) / 2 + PE + UU
    Total System Jitter     (TSJ):    0.071ns
    Discrete Jitter          (DJ):    0.114ns
    Phase Error              (PE):    0.087ns
    User Uncertainty         (UU):    0.250ns

    Location             Delay type                Incr(ns)  Path(ns)    Netlist Resource(s)
  -------------------------------------------------------------------    -------------------
                         (clock cam_clk fall edge)    6.625     6.625 f  
                         input delay                 10.000    16.625    
    E13                                               0.000    16.625 r  cam_data[6] (IN)
                         net (fo=0)                   0.000    16.625    cam_data[6]
    E13                  IBUF (Prop_ibuf_I_O)         1.410    18.035 r  cam_data_IBUF[6]_inst/O
                         net (fo=1, routed)           0.719    18.754    cam_data_IBUF[6]
    SLICE_X1Y142         FDRE                                         r  real_camera.pin_data_reg[6]/D
  -------------------------------------------------------------------    -------------------

                         (clock clock_raw fall edge)
                                                     18.771    18.771 f  
    F14                                               0.000    18.771 f  cam_pclk (IN)
                         net (fo=0)                   0.000    18.771    cam_pclk
    F14                  IBUF (Prop_ibuf_I_O)         1.327    20.097 f  cam_pclk_IBUF_inst/O
                         net (fo=1, routed)           2.581    22.678    real_camera.phase_clock.sampling_clock/pclk
    MMCME2_ADV_X0Y0      MMCME2_ADV (Prop_mmcme2_adv_CLKIN1_CLKOUT0)
                                                     -6.061    16.617 f  real_camera.phase_clock.sampling_clock/camera_mmcm/CLKOUT0
                         net (fo=1, routed)           1.357    17.975    real_camera.phase_clock.sampling_clock/clock_raw
    BUFGCTRL_X0Y3        BUFG (Prop_bufg_I_O)         0.077    18.052 f  real_camera.phase_clock.sampling_clock/sample_buffer/O
                         net (fo=496, routed)         1.472    19.523    real_camera.pclk
    SLICE_X1Y142         FDRE                                         r  real_camera.pin_data_reg[6]/C  (IS_INVERTED)
                         clock pessimism              0.000    19.523    
                         clock uncertainty           -0.404    19.119    
    SLICE_X1Y142         FDRE (Setup_fdre_C_D)       -0.055    19.064    real_camera.pin_data_reg[6]
  -------------------------------------------------------------------
                         required time                         19.064    
                         arrival time                         -18.754    
  -------------------------------------------------------------------
                         slack                                  0.310    

Slack (MET) :             0.324ns  (required time - arrival time)
  Source:                 cam_data[0]
                            (input port clocked by cam_clk  {rise@0.000ns fall@6.625ns period=13.250ns})
  Destination:            real_camera.pin_data_reg[0]/D
                            (falling edge-triggered cell FDRE clocked by clock_raw  {rise@-1.104ns fall@5.521ns period=13.250ns})
  Path Group:             clock_raw
  Path Type:              Setup (Max at Slow Process Corner)
  Requirement:            12.146ns  (clock_raw fall@18.771ns - cam_clk fall@6.625ns)
  Data Path Delay:        2.128ns  (logic 1.405ns (66.030%)  route 0.723ns (33.970%))
  Logic Levels:           1  (IBUF=1)
  Input Delay:            10.000ns
  Clock Path Skew:        0.753ns (DCD - SCD + CPR)
    Destination Clock Delay (DCD):    0.753ns = ( 19.523 - 18.771 ) 
    Source Clock Delay      (SCD):    0.000ns = ( 6.625 - 6.625 ) 
    Clock Pessimism Removal (CPR):    0.000ns
  Clock Uncertainty:      0.404ns  ((TSJ^2 + DJ^2)^1/2) / 2 + PE + UU
    Total System Jitter     (TSJ):    0.071ns
    Discrete Jitter          (DJ):    0.114ns
    Phase Error              (PE):    0.087ns
    User Uncertainty         (UU):    0.250ns

    Location             Delay type                Incr(ns)  Path(ns)    Netlist Resource(s)
  -------------------------------------------------------------------    -------------------
                         (clock cam_clk fall edge)    6.625     6.625 f  
                         input delay                 10.000    16.625    
    C14                                               0.000    16.625 r  cam_data[0] (IN)
                         net (fo=0)                   0.000    16.625    cam_data[0]
    C14                  IBUF (Prop_ibuf_I_O)         1.405    18.030 r  cam_data_IBUF[0]_inst/O
                         net (fo=1, routed)           0.723    18.753    cam_data_IBUF[0]
    SLICE_X1Y142         FDRE                                         r  real_camera.pin_data_reg[0]/D
  -------------------------------------------------------------------    -------------------

                         (clock clock_raw fall edge)
                                                     18.771    18.771 f  
    F14                                               0.000    18.771 f  cam_pclk (IN)
                         net (fo=0)                   0.000    18.771    cam_pclk
    F14                  IBUF (Prop_ibuf_I_O)         1.327    20.097 f  cam_pclk_IBUF_inst/O
                         net (fo=1, routed)           2.581    22.678    real_camera.phase_clock.sampling_clock/pclk
    MMCME2_ADV_X0Y0      MMCME2_ADV (Prop_mmcme2_adv_CLKIN1_CLKOUT0)
                                                     -6.061    16.617 f  real_camera.phase_clock.sampling_clock/camera_mmcm/CLKOUT0
                         net (fo=1, routed)           1.357    17.975    real_camera.phase_clock.sampling_clock/clock_raw
    BUFGCTRL_X0Y3        BUFG (Prop_bufg_I_O)         0.077    18.052 f  real_camera.phase_clock.sampling_clock/sample_buffer/O
                         net (fo=496, routed)         1.472    19.523    real_camera.pclk
    SLICE_X1Y142         FDRE                                         r  real_camera.pin_data_reg[0]/C  (IS_INVERTED)
                         clock pessimism              0.000    19.523    
                         clock uncertainty           -0.404    19.119    
    SLICE_X1Y142         FDRE (Setup_fdre_C_D)       -0.043    19.076    real_camera.pin_data_reg[0]
  -------------------------------------------------------------------
                         required time                         19.076    
                         arrival time                         -18.753    
  -------------------------------------------------------------------
                         slack                                  0.324    

Slack (MET) :             0.332ns  (required time - arrival time)
  Source:                 cam_data[5]
                            (input port clocked by cam_clk  {rise@0.000ns fall@6.625ns period=13.250ns})
  Destination:            real_camera.pin_data_reg[5]/D
                            (falling edge-triggered cell FDRE clocked by clock_raw  {rise@-1.104ns fall@5.521ns period=13.250ns})
  Path Group:             clock_raw
  Path Type:              Setup (Max at Slow Process Corner)
  Requirement:            12.146ns  (clock_raw fall@18.771ns - cam_clk fall@6.625ns)
  Data Path Delay:        2.118ns  (logic 1.407ns (66.437%)  route 0.711ns (33.563%))
  Logic Levels:           1  (IBUF=1)
  Input Delay:            10.000ns
  Clock Path Skew:        0.752ns (DCD - SCD + CPR)
    Destination Clock Delay (DCD):    0.752ns = ( 19.522 - 18.771 ) 
    Source Clock Delay      (SCD):    0.000ns = ( 6.625 - 6.625 ) 
    Clock Pessimism Removal (CPR):    0.000ns
  Clock Uncertainty:      0.404ns  ((TSJ^2 + DJ^2)^1/2) / 2 + PE + UU
    Total System Jitter     (TSJ):    0.071ns
    Discrete Jitter          (DJ):    0.114ns
    Phase Error              (PE):    0.087ns
    User Uncertainty         (UU):    0.250ns

    Location             Delay type                Incr(ns)  Path(ns)    Netlist Resource(s)
  -------------------------------------------------------------------    -------------------
                         (clock cam_clk fall edge)    6.625     6.625 f  
                         input delay                 10.000    16.625    
    E14                                               0.000    16.625 r  cam_data[5] (IN)
                         net (fo=0)                   0.000    16.625    cam_data[5]
    E14                  IBUF (Prop_ibuf_I_O)         1.407    18.032 r  cam_data_IBUF[5]_inst/O
                         net (fo=1, routed)           0.711    18.743    cam_data_IBUF[5]
    SLICE_X1Y140         FDRE                                         r  real_camera.pin_data_reg[5]/D
  -------------------------------------------------------------------    -------------------

                         (clock clock_raw fall edge)
                                                     18.771    18.771 f  
    F14                                               0.000    18.771 f  cam_pclk (IN)
                         net (fo=0)                   0.000    18.771    cam_pclk
    F14                  IBUF (Prop_ibuf_I_O)         1.327    20.097 f  cam_pclk_IBUF_inst/O
                         net (fo=1, routed)           2.581    22.678    real_camera.phase_clock.sampling_clock/pclk
    MMCME2_ADV_X0Y0      MMCME2_ADV (Prop_mmcme2_adv_CLKIN1_CLKOUT0)
                                                     -6.061    16.617 f  real_camera.phase_clock.sampling_clock/camera_mmcm/CLKOUT0
                         net (fo=1, routed)           1.357    17.975    real_camera.phase_clock.sampling_clock/clock_raw
    BUFGCTRL_X0Y3        BUFG (Prop_bufg_I_O)         0.077    18.052 f  real_camera.phase_clock.sampling_clock/sample_buffer/O
                         net (fo=496, routed)         1.471    19.522    real_camera.pclk
    SLICE_X1Y140         FDRE                                         r  real_camera.pin_data_reg[5]/C  (IS_INVERTED)
                         clock pessimism              0.000    19.522    
                         clock uncertainty           -0.404    19.118    
    SLICE_X1Y140         FDRE (Setup_fdre_C_D)       -0.043    19.075    real_camera.pin_data_reg[5]
  -------------------------------------------------------------------
                         required time                         19.075    
                         arrival time                         -18.743    
  -------------------------------------------------------------------
                         slack                                  0.332    

Slack (MET) :             0.336ns  (required time - arrival time)
  Source:                 cam_data[3]
                            (input port clocked by cam_clk  {rise@0.000ns fall@6.625ns period=13.250ns})
  Destination:            real_camera.pin_data_reg[3]/D
                            (falling edge-triggered cell FDRE clocked by clock_raw  {rise@-1.104ns fall@5.521ns period=13.250ns})
  Path Group:             clock_raw
  Path Type:              Setup (Max at Slow Process Corner)
  Requirement:            12.146ns  (clock_raw fall@18.771ns - cam_clk fall@6.625ns)
  Data Path Delay:        2.111ns  (logic 1.395ns (66.087%)  route 0.716ns (33.913%))
  Logic Levels:           1  (IBUF=1)
  Input Delay:            10.000ns
  Clock Path Skew:        0.749ns (DCD - SCD + CPR)
    Destination Clock Delay (DCD):    0.749ns = ( 19.519 - 18.771 ) 
    Source Clock Delay      (SCD):    0.000ns = ( 6.625 - 6.625 ) 
    Clock Pessimism Removal (CPR):    0.000ns
  Clock Uncertainty:      0.404ns  ((TSJ^2 + DJ^2)^1/2) / 2 + PE + UU
    Total System Jitter     (TSJ):    0.071ns
    Discrete Jitter          (DJ):    0.114ns
    Phase Error              (PE):    0.087ns
    User Uncertainty         (UU):    0.250ns

    Location             Delay type                Incr(ns)  Path(ns)    Netlist Resource(s)
  -------------------------------------------------------------------    -------------------
                         (clock cam_clk fall edge)    6.625     6.625 f  
                         input delay                 10.000    16.625    
    D15                                               0.000    16.625 r  cam_data[3] (IN)
                         net (fo=0)                   0.000    16.625    cam_data[3]
    D15                  IBUF (Prop_ibuf_I_O)         1.395    18.020 r  cam_data_IBUF[3]_inst/O
                         net (fo=1, routed)           0.716    18.736    cam_data_IBUF[3]
    SLICE_X0Y136         FDRE                                         r  real_camera.pin_data_reg[3]/D
  -------------------------------------------------------------------    -------------------

                         (clock clock_raw fall edge)
                                                     18.771    18.771 f  
    F14                                               0.000    18.771 f  cam_pclk (IN)
                         net (fo=0)                   0.000    18.771    cam_pclk
    F14                  IBUF (Prop_ibuf_I_O)         1.327    20.097 f  cam_pclk_IBUF_inst/O
                         net (fo=1, routed)           2.581    22.678    real_camera.phase_clock.sampling_clock/pclk
    MMCME2_ADV_X0Y0      MMCME2_ADV (Prop_mmcme2_adv_CLKIN1_CLKOUT0)
                                                     -6.061    16.617 f  real_camera.phase_clock.sampling_clock/camera_mmcm/CLKOUT0
                         net (fo=1, routed)           1.357    17.975    real_camera.phase_clock.sampling_clock/clock_raw
    BUFGCTRL_X0Y3        BUFG (Prop_bufg_I_O)         0.077    18.052 f  real_camera.phase_clock.sampling_clock/sample_buffer/O
                         net (fo=496, routed)         1.468    19.519    real_camera.pclk
    SLICE_X0Y136         FDRE                                         r  real_camera.pin_data_reg[3]/C  (IS_INVERTED)
                         clock pessimism              0.000    19.519    
                         clock uncertainty           -0.404    19.115    
    SLICE_X0Y136         FDRE (Setup_fdre_C_D)       -0.043    19.072    real_camera.pin_data_reg[3]
  -------------------------------------------------------------------
                         required time                         19.072    
                         arrival time                         -18.736    
  -------------------------------------------------------------------
                         slack                                  0.336    

Slack (MET) :             0.340ns  (required time - arrival time)
  Source:                 cam_data[7]
                            (input port clocked by cam_clk  {rise@0.000ns fall@6.625ns period=13.250ns})
  Destination:            real_camera.pin_data_reg[7]/D
                            (falling edge-triggered cell FDRE clocked by clock_raw  {rise@-1.104ns fall@5.521ns period=13.250ns})
  Path Group:             clock_raw
  Path Type:              Setup (Max at Slow Process Corner)
  Requirement:            12.146ns  (clock_raw fall@18.771ns - cam_clk fall@6.625ns)
  Data Path Delay:        2.111ns  (logic 1.395ns (66.091%)  route 0.716ns (33.909%))
  Logic Levels:           1  (IBUF=1)
  Input Delay:            10.000ns
  Clock Path Skew:        0.753ns (DCD - SCD + CPR)
    Destination Clock Delay (DCD):    0.753ns = ( 19.523 - 18.771 ) 
    Source Clock Delay      (SCD):    0.000ns = ( 6.625 - 6.625 ) 
    Clock Pessimism Removal (CPR):    0.000ns
  Clock Uncertainty:      0.404ns  ((TSJ^2 + DJ^2)^1/2) / 2 + PE + UU
    Total System Jitter     (TSJ):    0.071ns
    Discrete Jitter          (DJ):    0.114ns
    Phase Error              (PE):    0.087ns
    User Uncertainty         (UU):    0.250ns

    Location             Delay type                Incr(ns)  Path(ns)    Netlist Resource(s)
  -------------------------------------------------------------------    -------------------
                         (clock cam_clk fall edge)    6.625     6.625 f  
                         input delay                 10.000    16.625    
    F13                                               0.000    16.625 r  cam_data[7] (IN)
                         net (fo=0)                   0.000    16.625    cam_data[7]
    F13                  IBUF (Prop_ibuf_I_O)         1.395    18.020 r  cam_data_IBUF[7]_inst/O
                         net (fo=1, routed)           0.716    18.736    cam_data_IBUF[7]
    SLICE_X0Y147         FDRE                                         r  real_camera.pin_data_reg[7]/D
  -------------------------------------------------------------------    -------------------

                         (clock clock_raw fall edge)
                                                     18.771    18.771 f  
    F14                                               0.000    18.771 f  cam_pclk (IN)
                         net (fo=0)                   0.000    18.771    cam_pclk
    F14                  IBUF (Prop_ibuf_I_O)         1.327    20.097 f  cam_pclk_IBUF_inst/O
                         net (fo=1, routed)           2.581    22.678    real_camera.phase_clock.sampling_clock/pclk
    MMCME2_ADV_X0Y0      MMCME2_ADV (Prop_mmcme2_adv_CLKIN1_CLKOUT0)
                                                     -6.061    16.617 f  real_camera.phase_clock.sampling_clock/camera_mmcm/CLKOUT0
                         net (fo=1, routed)           1.357    17.975    real_camera.phase_clock.sampling_clock/clock_raw
    BUFGCTRL_X0Y3        BUFG (Prop_bufg_I_O)         0.077    18.052 f  real_camera.phase_clock.sampling_clock/sample_buffer/O
                         net (fo=496, routed)         1.472    19.523    real_camera.pclk
    SLICE_X0Y147         FDRE                                         r  real_camera.pin_data_reg[7]/C  (IS_INVERTED)
                         clock pessimism              0.000    19.523    
                         clock uncertainty           -0.404    19.119    
    SLICE_X0Y147         FDRE (Setup_fdre_C_D)       -0.043    19.076    real_camera.pin_data_reg[7]
  -------------------------------------------------------------------
                         required time                         19.076    
                         arrival time                         -18.736    
  -------------------------------------------------------------------
                         slack                                  0.340    

Slack (MET) :             0.350ns  (required time - arrival time)
  Source:                 engine/codec/encoder/channels[0].channel/ddr_spatial_transport.skip/coefficient_decoders.current_decoder/reservoir_reg[38]/C
                            (rising edge-triggered cell FDRE clocked by core_raw  {rise@0.000ns fall@5.000ns period=10.000ns})
  Destination:            engine/codec/encoder/channels[0].channel/ddr_spatial_transport.skip/coefficient_decoders.current_decoder/error_reg/D
                            (rising edge-triggered cell FDRE clocked by core_raw  {rise@0.000ns fall@5.000ns period=10.000ns})
  Path Group:             core_raw
  Path Type:              Setup (Max at Slow Process Corner)
  Requirement:            10.000ns  (core_raw rise@10.000ns - core_raw rise@0.000ns)
  Data Path Delay:        9.641ns  (logic 2.201ns (22.829%)  route 7.440ns (77.171%))
  Logic Levels:           13  (LUT2=1 LUT4=2 LUT5=4 LUT6=5 MUXF7=1)
  Clock Path Skew:        -0.033ns (DCD - SCD + CPR)
    Destination Clock Delay (DCD):    -0.863ns = ( 9.137 - 10.000 ) 
    Source Clock Delay      (SCD):    -0.406ns
    Clock Pessimism Removal (CPR):    0.425ns
  Clock Uncertainty:      0.047ns  ((TSJ^2 + DJ^2)^1/2) / 2 + PE
    Total System Jitter     (TSJ):    0.071ns
    Discrete Jitter          (DJ):    0.063ns
    Phase Error              (PE):    0.000ns

    Location             Delay type                Incr(ns)  Path(ns)    Netlist Resource(s)
  -------------------------------------------------------------------    -------------------
                         (clock core_raw rise edge)
                                                      0.000     0.000 r  
    R4                                                0.000     0.000 r  sys_clk (IN)
                         net (fo=0)                   0.000     0.000    sys_clk
    R4                   IBUF (Prop_ibuf_I_O)         1.432     1.432 r  sys_clk_IBUF_inst/O
                         net (fo=1, routed)           1.065     2.497    multiplied_clock.clock_generator/sys_clk_IBUF
    MMCME2_ADV_X1Y0      MMCME2_ADV (Prop_mmcme2_adv_CLKIN1_CLKOUT0)
                                                     -5.921    -3.424 r  multiplied_clock.clock_generator/mmcm/CLKOUT0
                         net (fo=1, routed)           1.421    -2.004    multiplied_clock.clock_generator/core_raw
    BUFGCTRL_X0Y2        BUFG (Prop_bufg_I_O)         0.081    -1.923 r  multiplied_clock.clock_generator/core_buffer/O
                         net (fo=16673, routed)       1.517    -0.406    engine/codec/encoder/channels[0].channel/ddr_spatial_transport.skip/coefficient_decoders.current_decoder/core_clk
    SLICE_X50Y141        FDRE                                         r  engine/codec/encoder/channels[0].channel/ddr_spatial_transport.skip/coefficient_decoders.current_decoder/reservoir_reg[38]/C
  -------------------------------------------------------------------    -------------------
    SLICE_X50Y141        FDRE (Prop_fdre_C_Q)         0.433     0.027 r  engine/codec/encoder/channels[0].channel/ddr_spatial_transport.skip/coefficient_decoders.current_decoder/reservoir_reg[38]/Q
                         net (fo=38, routed)          0.737     0.764    engine/codec/encoder/channels[0].channel/ddr_spatial_transport.skip/coefficient_decoders.current_decoder/reservoir[38]
    SLICE_X51Y140        LUT4 (Prop_lut4_I0_O)        0.105     0.869 f  engine/codec/encoder/channels[0].channel/ddr_spatial_transport.skip/coefficient_decoders.current_decoder/reservoir[39]_i_54/O
                         net (fo=19, routed)          0.761     1.630    engine/codec/encoder/channels[0].channel/ddr_spatial_transport.skip/coefficient_decoders.current_decoder/reservoir[39]_i_54_n_0
    SLICE_X51Y142        LUT5 (Prop_lut5_I0_O)        0.105     1.735 f  engine/codec/encoder/channels[0].channel/ddr_spatial_transport.skip/coefficient_decoders.current_decoder/reservoir[39]_i_59/O
                         net (fo=5, routed)           0.507     2.242    engine/codec/encoder/channels[0].channel/ddr_spatial_transport.skip/coefficient_decoders.current_decoder/reservoir[39]_i_59_n_0
    SLICE_X51Y139        LUT6 (Prop_lut6_I2_O)        0.105     2.347 r  engine/codec/encoder/channels[0].channel/ddr_spatial_transport.skip/coefficient_decoders.current_decoder/saved_symbol[7]_i_50/O
                         net (fo=4, routed)           0.764     3.111    engine/codec/encoder/channels[0].channel/ddr_spatial_transport.skip/coefficient_decoders.current_decoder/saved_symbol[7]_i_50_n_0
    SLICE_X50Y135        LUT5 (Prop_lut5_I1_O)        0.125     3.236 r  engine/codec/encoder/channels[0].channel/ddr_spatial_transport.skip/coefficient_decoders.current_decoder/saved_symbol[3]_i_15/O
                         net (fo=1, routed)           0.688     3.924    engine/codec/encoder/channels[0].channel/ddr_spatial_transport.skip/coefficient_decoders.current_decoder/saved_symbol[3]_i_15_n_0
    SLICE_X48Y134        LUT6 (Prop_lut6_I0_O)        0.264     4.188 r  engine/codec/encoder/channels[0].channel/ddr_spatial_transport.skip/coefficient_decoders.current_decoder/saved_symbol[3]_i_6/O
                         net (fo=49, routed)          0.843     5.031    engine/codec/encoder/channels[0].channel/ddr_spatial_transport.skip/coefficient_decoders.current_decoder/sel[3]
    SLICE_X47Y135        LUT6 (Prop_lut6_I1_O)        0.105     5.136 r  engine/codec/encoder/channels[0].channel/ddr_spatial_transport.skip/coefficient_decoders.current_decoder/saved_symbol[5]_i_7/O
                         net (fo=1, routed)           0.000     5.136    engine/codec/encoder/channels[0].channel/ddr_spatial_transport.skip/coefficient_decoders.current_decoder/saved_symbol[5]_i_7_n_0
    SLICE_X47Y135        MUXF7 (Prop_muxf7_I1_O)      0.182     5.318 r  engine/codec/encoder/channels[0].channel/ddr_spatial_transport.skip/coefficient_decoders.current_decoder/saved_symbol_reg[5]_i_3/O
                         net (fo=1, routed)           0.440     5.758    engine/codec/encoder/channels[0].channel/ddr_spatial_transport.skip/coefficient_decoders.current_decoder/saved_symbol_reg[5]_i_3_n_0
    SLICE_X47Y134        LUT6 (Prop_lut6_I0_O)        0.252     6.010 r  engine/codec/encoder/channels[0].channel/ddr_spatial_transport.skip/coefficient_decoders.current_decoder/saved_symbol[5]_i_2/O
                         net (fo=4, routed)           0.248     6.258    engine/codec/encoder/channels[0].channel/ddr_spatial_transport.skip/coefficient_decoders.current_decoder/symbol_value[5]
    SLICE_X45Y134        LUT2 (Prop_lut2_I0_O)        0.105     6.363 r  engine/codec/encoder/channels[0].channel/ddr_spatial_transport.skip/coefficient_decoders.current_decoder/saved_symbol[5]_i_1/O
                         net (fo=7, routed)           0.980     7.342    engine/codec/encoder/channels[0].channel/ddr_spatial_transport.skip/coefficient_decoders.current_decoder/saved_symbol[5]_i_1_n_0
    SLICE_X50Y132        LUT5 (Prop_lut5_I1_O)        0.105     7.447 r  engine/codec/encoder/channels[0].channel/ddr_spatial_transport.skip/coefficient_decoders.current_decoder/error_i_21/O
                         net (fo=1, routed)           0.399     7.846    engine/codec/encoder/channels[0].channel/ddr_spatial_transport.skip/coefficient_decoders.current_decoder/error_i_21_n_0
    SLICE_X51Y132        LUT6 (Prop_lut6_I0_O)        0.105     7.951 r  engine/codec/encoder/channels[0].channel/ddr_spatial_transport.skip/coefficient_decoders.current_decoder/error_i_8/O
                         net (fo=2, routed)           0.674     8.626    engine/codec/encoder/channels[0].channel/ddr_spatial_transport.skip/coefficient_decoders.current_decoder/error_i_8_n_0
    SLICE_X52Y132        LUT5 (Prop_lut5_I1_O)        0.105     8.731 r  engine/codec/encoder/channels[0].channel/ddr_spatial_transport.skip/coefficient_decoders.current_decoder/error_i_3/O
                         net (fo=3, routed)           0.400     9.131    engine/codec/encoder/channels[0].channel/ddr_spatial_transport.skip/coefficient_decoders.current_decoder/error0_out
    SLICE_X52Y132        LUT4 (Prop_lut4_I1_O)        0.105     9.236 r  engine/codec/encoder/channels[0].channel/ddr_spatial_transport.skip/coefficient_decoders.current_decoder/error_i_1/O
                         net (fo=1, routed)           0.000     9.236    engine/codec/encoder/channels[0].channel/ddr_spatial_transport.skip/coefficient_decoders.current_decoder/error_i_1_n_0
    SLICE_X52Y132        FDRE                                         r  engine/codec/encoder/channels[0].channel/ddr_spatial_transport.skip/coefficient_decoders.current_decoder/error_reg/D
  -------------------------------------------------------------------    -------------------

                         (clock core_raw rise edge)
                                                     10.000    10.000 r  
    R4                                                0.000    10.000 r  sys_clk (IN)
                         net (fo=0)                   0.000    10.000    sys_clk
    R4                   IBUF (Prop_ibuf_I_O)         1.366    11.366 r  sys_clk_IBUF_inst/O
                         net (fo=1, routed)           1.004    12.369    multiplied_clock.clock_generator/sys_clk_IBUF
    MMCME2_ADV_X1Y0      MMCME2_ADV (Prop_mmcme2_adv_CLKIN1_CLKOUT0)
                                                     -6.057     6.312 r  multiplied_clock.clock_generator/mmcm/CLKOUT0
                         net (fo=1, routed)           1.352     7.665    multiplied_clock.clock_generator/core_raw
    BUFGCTRL_X0Y2        BUFG (Prop_bufg_I_O)         0.077     7.742 r  multiplied_clock.clock_generator/core_buffer/O
                         net (fo=16673, routed)       1.395     9.137    engine/codec/encoder/channels[0].channel/ddr_spatial_transport.skip/coefficient_decoders.current_decoder/core_clk
    SLICE_X52Y132        FDRE                                         r  engine/codec/encoder/channels[0].channel/ddr_spatial_transport.skip/coefficient_decoders.current_decoder/error_reg/C
                         clock pessimism              0.425     9.561    
                         clock uncertainty           -0.047     9.514    
    SLICE_X52Y132        FDRE (Setup_fdre_C_D)        0.072     9.586    engine/codec/encoder/channels[0].channel/ddr_spatial_transport.skip/coefficient_decoders.current_decoder/error_reg
  -------------------------------------------------------------------
                         required time                          9.586    
                         arrival time                          -9.236    
  -------------------------------------------------------------------
                         slack                                  0.350    




