Copyright 1986-2020 Xilinx, Inc. All Rights Reserved.
------------------------------------------------------------------------------------
| Tool Version : Vivado v.2020.1 (win64) Build 2902540 Wed May 27 19:54:49 MDT 2020
| Date         : Thu Sep 17 21:52:29 2026
| Host         : LAPTOP-JC5LPK9T running 64-bit major release  (build 9200)
| Command      : report_drc -file drc_synthesis.rpt
| Design       : mjpeg_synth_top
| Device       : xc7a35tfgg484-2
| Speed File   : -2
| Design State : Synthesized
------------------------------------------------------------------------------------

Report DRC

Table of Contents
-----------------
1. REPORT SUMMARY
2. REPORT DETAILS

1. REPORT SUMMARY
-----------------
            Netlist: mjpeg_synth_top
          Floorplan: design_1
      Design limits: <entire design considered>
           Ruledeck: default
             Max violations: <unlimited>
             Violations found: 72
+-----------+----------+-----------------------------------------------------+------------+
| Rule      | Severity | Description                                         | Violations |
+-----------+----------+-----------------------------------------------------+------------+
| UTLZ-1    | Error    | Resource utilization                                | 2          |
| CFGBVS-1  | Warning  | Missing CFGBVS and CONFIG_VOLTAGE Design Properties | 1          |
| CHECK-3   | Warning  | Report rule limit reached                           | 1          |
| DPIP-1    | Warning  | Input pipelining                                    | 36         |
| DPOP-2    | Warning  | MREG Output pipelining                              | 12         |
| REQP-1839 | Warning  | RAMB36 async control check                          | 20         |
+-----------+----------+-----------------------------------------------------+------------+

2. REPORT DETAILS
-----------------
UTLZ-1#1 Error
Resource utilization  - PBlock:ROOT
LUT as Logic over-utilized in Top Level Design (This design requires more LUT as Logic cells than are available in the target device. This design requires 21687 of such cell types but only 20800 compatible sites are available in the target device. Please analyze your synthesis results and constraints to ensure the design is mapped to Xilinx primitives as expected. If so, please consider targeting a larger device. Please set tcl parameter "drc.disableLUTOverUtilError" to 1 to change this error to warning.)ROOT
Related violations: <none>

UTLZ-1#2 Error
Resource utilization  - PBlock:ROOT
Slice LUTs over-utilized in Top Level Design (This design requires more Slice LUTs cells than are available in the target device. This design requires 21873 of such cell types but only 20800 compatible sites are available in the target device. Please analyze your synthesis results and constraints to ensure the design is mapped to Xilinx primitives as expected. If so, please consider targeting a larger device. Please set tcl parameter "drc.disableLUTOverUtilError" to 1 to change this error to warning.)ROOT
Related violations: <none>

CFGBVS-1#1 Warning
Missing CFGBVS and CONFIG_VOLTAGE Design Properties  
Neither the CFGBVS nor CONFIG_VOLTAGE voltage property is set in the current_design.  Configuration bank voltage select (CFGBVS) must be set to VCCO or GND, and CONFIG_VOLTAGE must be set to the correct configuration voltage, in order to determine the I/O voltage support for the pins in bank 0.  It is suggested to specify these either using the 'Edit Device Properties' function in the GUI or directly in the XDC file using the following syntax:

 set_property CFGBVS value1 [current_design]
 #where value1 is either VCCO or GND

 set_property CONFIG_VOLTAGE value2 [current_design]
 #where value2 is the voltage provided to configuration bank 0

Refer to the device configuration user guide for more information.
Related violations: <none>

CHECK-3#1 Warning
Report rule limit reached  
REQP-1839 rule limit reached: 20 violations have been found.
Related violations: <none>

DPIP-1#1 Warning
Input pipelining  
DSP encoder/channels[0].channel/core/dct/engine/b_reg[0] input encoder/channels[0].channel/core/dct/engine/b_reg[0]/C[47:0] is not pipelined. Pipelining DSP48 input will improve performance.
Related violations: <none>

DPIP-1#2 Warning
Input pipelining  
DSP encoder/channels[0].channel/core/dct/engine/b_reg[1] input encoder/channels[0].channel/core/dct/engine/b_reg[1]/C[47:0] is not pipelined. Pipelining DSP48 input will improve performance.
Related violations: <none>

DPIP-1#3 Warning
Input pipelining  
DSP encoder/channels[0].channel/core/dct/engine/z_reg[0] input encoder/channels[0].channel/core/dct/engine/z_reg[0]/A[29:0] is not pipelined. Pipelining DSP48 input will improve performance.
Related violations: <none>

DPIP-1#4 Warning
Input pipelining  
DSP encoder/channels[0].channel/core/dct/engine/z_reg[0] input encoder/channels[0].channel/core/dct/engine/z_reg[0]/B[17:0] is not pipelined. Pipelining DSP48 input will improve performance.
Related violations: <none>

DPIP-1#5 Warning
Input pipelining  
DSP encoder/channels[0].channel/core/dct/engine/z_reg[1] input encoder/channels[0].channel/core/dct/engine/z_reg[1]/A[29:0] is not pipelined. Pipelining DSP48 input will improve performance.
Related violations: <none>

DPIP-1#6 Warning
Input pipelining  
DSP encoder/channels[0].channel/core/dct/engine/z_reg[1] input encoder/channels[0].channel/core/dct/engine/z_reg[1]/B[17:0] is not pipelined. Pipelining DSP48 input will improve performance.
Related violations: <none>

DPIP-1#7 Warning
Input pipelining  
DSP encoder/channels[0].channel/core/dct/engine/z_reg[2] input encoder/channels[0].channel/core/dct/engine/z_reg[2]/A[29:0] is not pipelined. Pipelining DSP48 input will improve performance.
Related violations: <none>

DPIP-1#8 Warning
Input pipelining  
DSP encoder/channels[0].channel/core/dct/engine/z_reg[2] input encoder/channels[0].channel/core/dct/engine/z_reg[2]/B[17:0] is not pipelined. Pipelining DSP48 input will improve performance.
Related violations: <none>

DPIP-1#9 Warning
Input pipelining  
DSP encoder/channels[0].channel/core/dct/engine/z_reg[3] input encoder/channels[0].channel/core/dct/engine/z_reg[3]/A[29:0] is not pipelined. Pipelining DSP48 input will improve performance.
Related violations: <none>

DPIP-1#10 Warning
Input pipelining  
DSP encoder/channels[0].channel/core/dct/engine/z_reg[3] input encoder/channels[0].channel/core/dct/engine/z_reg[3]/B[17:0] is not pipelined. Pipelining DSP48 input will improve performance.
Related violations: <none>

DPIP-1#11 Warning
Input pipelining  
DSP encoder/channels[0].channel/core/dct/engine/z_reg[4] input encoder/channels[0].channel/core/dct/engine/z_reg[4]/A[29:0] is not pipelined. Pipelining DSP48 input will improve performance.
Related violations: <none>

DPIP-1#12 Warning
Input pipelining  
DSP encoder/channels[0].channel/core/dct/engine/z_reg[4] input encoder/channels[0].channel/core/dct/engine/z_reg[4]/B[17:0] is not pipelined. Pipelining DSP48 input will improve performance.
Related violations: <none>

DPIP-1#13 Warning
Input pipelining  
DSP encoder/channels[0].channel/core/dct/engine/z_reg[5] input encoder/channels[0].channel/core/dct/engine/z_reg[5]/A[29:0] is not pipelined. Pipelining DSP48 input will improve performance.
Related violations: <none>

DPIP-1#14 Warning
Input pipelining  
DSP encoder/channels[0].channel/core/dct/engine/z_reg[5] input encoder/channels[0].channel/core/dct/engine/z_reg[5]/B[17:0] is not pipelined. Pipelining DSP48 input will improve performance.
Related violations: <none>

DPIP-1#15 Warning
Input pipelining  
DSP encoder/channels[0].channel/core/dct/engine/z_reg[6] input encoder/channels[0].channel/core/dct/engine/z_reg[6]/A[29:0] is not pipelined. Pipelining DSP48 input will improve performance.
Related violations: <none>

DPIP-1#16 Warning
Input pipelining  
DSP encoder/channels[0].channel/core/dct/engine/z_reg[6] input encoder/channels[0].channel/core/dct/engine/z_reg[6]/B[17:0] is not pipelined. Pipelining DSP48 input will improve performance.
Related violations: <none>

DPIP-1#17 Warning
Input pipelining  
DSP encoder/channels[0].channel/core/dct/engine/z_reg[7] input encoder/channels[0].channel/core/dct/engine/z_reg[7]/A[29:0] is not pipelined. Pipelining DSP48 input will improve performance.
Related violations: <none>

DPIP-1#18 Warning
Input pipelining  
DSP encoder/channels[0].channel/core/dct/engine/z_reg[7] input encoder/channels[0].channel/core/dct/engine/z_reg[7]/B[17:0] is not pipelined. Pipelining DSP48 input will improve performance.
Related violations: <none>

DPIP-1#19 Warning
Input pipelining  
DSP encoder/channels[1].channel/core/dct/engine/b_reg[0] input encoder/channels[1].channel/core/dct/engine/b_reg[0]/C[47:0] is not pipelined. Pipelining DSP48 input will improve performance.
Related violations: <none>

DPIP-1#20 Warning
Input pipelining  
DSP encoder/channels[1].channel/core/dct/engine/b_reg[1] input encoder/channels[1].channel/core/dct/engine/b_reg[1]/C[47:0] is not pipelined. Pipelining DSP48 input will improve performance.
Related violations: <none>

DPIP-1#21 Warning
Input pipelining  
DSP encoder/channels[1].channel/core/dct/engine/z_reg[0] input encoder/channels[1].channel/core/dct/engine/z_reg[0]/A[29:0] is not pipelined. Pipelining DSP48 input will improve performance.
Related violations: <none>

DPIP-1#22 Warning
Input pipelining  
DSP encoder/channels[1].channel/core/dct/engine/z_reg[0] input encoder/channels[1].channel/core/dct/engine/z_reg[0]/B[17:0] is not pipelined. Pipelining DSP48 input will improve performance.
Related violations: <none>

DPIP-1#23 Warning
Input pipelining  
DSP encoder/channels[1].channel/core/dct/engine/z_reg[1] input encoder/channels[1].channel/core/dct/engine/z_reg[1]/A[29:0] is not pipelined. Pipelining DSP48 input will improve performance.
Related violations: <none>

DPIP-1#24 Warning
Input pipelining  
DSP encoder/channels[1].channel/core/dct/engine/z_reg[1] input encoder/channels[1].channel/core/dct/engine/z_reg[1]/B[17:0] is not pipelined. Pipelining DSP48 input will improve performance.
Related violations: <none>

DPIP-1#25 Warning
Input pipelining  
DSP encoder/channels[1].channel/core/dct/engine/z_reg[2] input encoder/channels[1].channel/core/dct/engine/z_reg[2]/A[29:0] is not pipelined. Pipelining DSP48 input will improve performance.
Related violations: <none>

DPIP-1#26 Warning
Input pipelining  
DSP encoder/channels[1].channel/core/dct/engine/z_reg[2] input encoder/channels[1].channel/core/dct/engine/z_reg[2]/B[17:0] is not pipelined. Pipelining DSP48 input will improve performance.
Related violations: <none>

DPIP-1#27 Warning
Input pipelining  
DSP encoder/channels[1].channel/core/dct/engine/z_reg[3] input encoder/channels[1].channel/core/dct/engine/z_reg[3]/A[29:0] is not pipelined. Pipelining DSP48 input will improve performance.
Related violations: <none>

DPIP-1#28 Warning
Input pipelining  
DSP encoder/channels[1].channel/core/dct/engine/z_reg[3] input encoder/channels[1].channel/core/dct/engine/z_reg[3]/B[17:0] is not pipelined. Pipelining DSP48 input will improve performance.
Related violations: <none>

DPIP-1#29 Warning
Input pipelining  
DSP encoder/channels[1].channel/core/dct/engine/z_reg[4] input encoder/channels[1].channel/core/dct/engine/z_reg[4]/A[29:0] is not pipelined. Pipelining DSP48 input will improve performance.
Related violations: <none>

DPIP-1#30 Warning
Input pipelining  
DSP encoder/channels[1].channel/core/dct/engine/z_reg[4] input encoder/channels[1].channel/core/dct/engine/z_reg[4]/B[17:0] is not pipelined. Pipelining DSP48 input will improve performance.
Related violations: <none>

DPIP-1#31 Warning
Input pipelining  
DSP encoder/channels[1].channel/core/dct/engine/z_reg[5] input encoder/channels[1].channel/core/dct/engine/z_reg[5]/A[29:0] is not pipelined. Pipelining DSP48 input will improve performance.
Related violations: <none>

DPIP-1#32 Warning
Input pipelining  
DSP encoder/channels[1].channel/core/dct/engine/z_reg[5] input encoder/channels[1].channel/core/dct/engine/z_reg[5]/B[17:0] is not pipelined. Pipelining DSP48 input will improve performance.
Related violations: <none>

DPIP-1#33 Warning
Input pipelining  
DSP encoder/channels[1].channel/core/dct/engine/z_reg[6] input encoder/channels[1].channel/core/dct/engine/z_reg[6]/A[29:0] is not pipelined. Pipelining DSP48 input will improve performance.
Related violations: <none>

DPIP-1#34 Warning
Input pipelining  
DSP encoder/channels[1].channel/core/dct/engine/z_reg[6] input encoder/channels[1].channel/core/dct/engine/z_reg[6]/B[17:0] is not pipelined. Pipelining DSP48 input will improve performance.
Related violations: <none>

DPIP-1#35 Warning
Input pipelining  
DSP encoder/channels[1].channel/core/dct/engine/z_reg[7] input encoder/channels[1].channel/core/dct/engine/z_reg[7]/A[29:0] is not pipelined. Pipelining DSP48 input will improve performance.
Related violations: <none>

DPIP-1#36 Warning
Input pipelining  
DSP encoder/channels[1].channel/core/dct/engine/z_reg[7] input encoder/channels[1].channel/core/dct/engine/z_reg[7]/B[17:0] is not pipelined. Pipelining DSP48 input will improve performance.
Related violations: <none>

DPOP-2#1 Warning
MREG Output pipelining  
DSP encoder/channels[0].channel/core/dct/engine/p_reg[0] multiplier stage encoder/channels[0].channel/core/dct/engine/p_reg[0]/P[47:0] is not pipelined (MREG=0). Pipelining the multiplier function will improve performance and will save significant power so it is suggested whenever possible to fully pipeline this function.  If this multiplier was inferred, it is suggested to describe an additional register stage after this function.  If there is no registered adder/accumulator following the multiply function, two pipeline stages are suggested to allow both the MREG and PREG registers to be used.  If the DSP48 was instantiated in the design, it is suggested to set both the MREG and PREG attributes to 1 when performing multiply functions.
Related violations: <none>

DPOP-2#2 Warning
MREG Output pipelining  
DSP encoder/channels[0].channel/core/dct/engine/p_reg[3] multiplier stage encoder/channels[0].channel/core/dct/engine/p_reg[3]/P[47:0] is not pipelined (MREG=0). Pipelining the multiplier function will improve performance and will save significant power so it is suggested whenever possible to fully pipeline this function.  If this multiplier was inferred, it is suggested to describe an additional register stage after this function.  If there is no registered adder/accumulator following the multiply function, two pipeline stages are suggested to allow both the MREG and PREG registers to be used.  If the DSP48 was instantiated in the design, it is suggested to set both the MREG and PREG attributes to 1 when performing multiply functions.
Related violations: <none>

DPOP-2#3 Warning
MREG Output pipelining  
DSP encoder/channels[0].channel/core/quant/p_0_out multiplier stage encoder/channels[0].channel/core/quant/p_0_out/P[47:0] is not pipelined (MREG=0). Pipelining the multiplier function will improve performance and will save significant power so it is suggested whenever possible to fully pipeline this function.  If this multiplier was inferred, it is suggested to describe an additional register stage after this function.  If there is no registered adder/accumulator following the multiply function, two pipeline stages are suggested to allow both the MREG and PREG registers to be used.  If the DSP48 was instantiated in the design, it is suggested to set both the MREG and PREG attributes to 1 when performing multiply functions.
Related violations: <none>

DPOP-2#4 Warning
MREG Output pipelining  
DSP encoder/channels[0].channel/core/quant/p_0_out__0 multiplier stage encoder/channels[0].channel/core/quant/p_0_out__0/P[47:0] is not pipelined (MREG=0). Pipelining the multiplier function will improve performance and will save significant power so it is suggested whenever possible to fully pipeline this function.  If this multiplier was inferred, it is suggested to describe an additional register stage after this function.  If there is no registered adder/accumulator following the multiply function, two pipeline stages are suggested to allow both the MREG and PREG registers to be used.  If the DSP48 was instantiated in the design, it is suggested to set both the MREG and PREG attributes to 1 when performing multiply functions.
Related violations: <none>

DPOP-2#5 Warning
MREG Output pipelining  
DSP encoder/channels[0].channel/core/quant/p_0_out__1 multiplier stage encoder/channels[0].channel/core/quant/p_0_out__1/P[47:0] is not pipelined (MREG=0). Pipelining the multiplier function will improve performance and will save significant power so it is suggested whenever possible to fully pipeline this function.  If this multiplier was inferred, it is suggested to describe an additional register stage after this function.  If there is no registered adder/accumulator following the multiply function, two pipeline stages are suggested to allow both the MREG and PREG registers to be used.  If the DSP48 was instantiated in the design, it is suggested to set both the MREG and PREG attributes to 1 when performing multiply functions.
Related violations: <none>

DPOP-2#6 Warning
MREG Output pipelining  
DSP encoder/channels[0].channel/core/quant/p_0_out__2 multiplier stage encoder/channels[0].channel/core/quant/p_0_out__2/P[47:0] is not pipelined (MREG=0). Pipelining the multiplier function will improve performance and will save significant power so it is suggested whenever possible to fully pipeline this function.  If this multiplier was inferred, it is suggested to describe an additional register stage after this function.  If there is no registered adder/accumulator following the multiply function, two pipeline stages are suggested to allow both the MREG and PREG registers to be used.  If the DSP48 was instantiated in the design, it is suggested to set both the MREG and PREG attributes to 1 when performing multiply functions.
Related violations: <none>

DPOP-2#7 Warning
MREG Output pipelining  
DSP encoder/channels[1].channel/core/dct/engine/p_reg[0] multiplier stage encoder/channels[1].channel/core/dct/engine/p_reg[0]/P[47:0] is not pipelined (MREG=0). Pipelining the multiplier function will improve performance and will save significant power so it is suggested whenever possible to fully pipeline this function.  If this multiplier was inferred, it is suggested to describe an additional register stage after this function.  If there is no registered adder/accumulator following the multiply function, two pipeline stages are suggested to allow both the MREG and PREG registers to be used.  If the DSP48 was instantiated in the design, it is suggested to set both the MREG and PREG attributes to 1 when performing multiply functions.
Related violations: <none>

DPOP-2#8 Warning
MREG Output pipelining  
DSP encoder/channels[1].channel/core/dct/engine/p_reg[3] multiplier stage encoder/channels[1].channel/core/dct/engine/p_reg[3]/P[47:0] is not pipelined (MREG=0). Pipelining the multiplier function will improve performance and will save significant power so it is suggested whenever possible to fully pipeline this function.  If this multiplier was inferred, it is suggested to describe an additional register stage after this function.  If there is no registered adder/accumulator following the multiply function, two pipeline stages are suggested to allow both the MREG and PREG registers to be used.  If the DSP48 was instantiated in the design, it is suggested to set both the MREG and PREG attributes to 1 when performing multiply functions.
Related violations: <none>

DPOP-2#9 Warning
MREG Output pipelining  
DSP encoder/channels[1].channel/core/quant/p_0_out multiplier stage encoder/channels[1].channel/core/quant/p_0_out/P[47:0] is not pipelined (MREG=0). Pipelining the multiplier function will improve performance and will save significant power so it is suggested whenever possible to fully pipeline this function.  If this multiplier was inferred, it is suggested to describe an additional register stage after this function.  If there is no registered adder/accumulator following the multiply function, two pipeline stages are suggested to allow both the MREG and PREG registers to be used.  If the DSP48 was instantiated in the design, it is suggested to set both the MREG and PREG attributes to 1 when performing multiply functions.
Related violations: <none>

DPOP-2#10 Warning
MREG Output pipelining  
DSP encoder/channels[1].channel/core/quant/p_0_out__0 multiplier stage encoder/channels[1].channel/core/quant/p_0_out__0/P[47:0] is not pipelined (MREG=0). Pipelining the multiplier function will improve performance and will save significant power so it is suggested whenever possible to fully pipeline this function.  If this multiplier was inferred, it is suggested to describe an additional register stage after this function.  If there is no registered adder/accumulator following the multiply function, two pipeline stages are suggested to allow both the MREG and PREG registers to be used.  If the DSP48 was instantiated in the design, it is suggested to set both the MREG and PREG attributes to 1 when performing multiply functions.
Related violations: <none>

DPOP-2#11 Warning
MREG Output pipelining  
DSP encoder/channels[1].channel/core/quant/p_0_out__1 multiplier stage encoder/channels[1].channel/core/quant/p_0_out__1/P[47:0] is not pipelined (MREG=0). Pipelining the multiplier function will improve performance and will save significant power so it is suggested whenever possible to fully pipeline this function.  If this multiplier was inferred, it is suggested to describe an additional register stage after this function.  If there is no registered adder/accumulator following the multiply function, two pipeline stages are suggested to allow both the MREG and PREG registers to be used.  If the DSP48 was instantiated in the design, it is suggested to set both the MREG and PREG attributes to 1 when performing multiply functions.
Related violations: <none>

DPOP-2#12 Warning
MREG Output pipelining  
DSP encoder/channels[1].channel/core/quant/p_0_out__2 multiplier stage encoder/channels[1].channel/core/quant/p_0_out__2/P[47:0] is not pipelined (MREG=0). Pipelining the multiplier function will improve performance and will save significant power so it is suggested whenever possible to fully pipeline this function.  If this multiplier was inferred, it is suggested to describe an additional register stage after this function.  If there is no registered adder/accumulator following the multiply function, two pipeline stages are suggested to allow both the MREG and PREG registers to be used.  If the DSP48 was instantiated in the design, it is suggested to set both the MREG and PREG attributes to 1 when performing multiply functions.
Related violations: <none>

REQP-1839#1 Warning
RAMB36 async control check  
The RAMB36E1 encoder/channels[0].channel/core/front/banks[0].lanes[0].ram/mem_reg_0 has an input control pin encoder/channels[0].channel/core/front/banks[0].lanes[0].ram/mem_reg_0/ADDRARDADDR[13] (net: encoder/channels[0].channel/core/front/banks[0].lanes[0].ram/wr_addr[11]) which is driven by a register (encoder/channels[0].channel/core/front/x_reg[12]) that has an active asychronous set or reset. This may cause corruption of the memory contents and/or read values when the set/reset is asserted and is not analyzed by the default static timing analysis. It is suggested to eliminate the use of a set/reset to registers driving this RAMB pin or else use a synchronous reset in which the assertion of the reset is timed by default.
Related violations: <none>

REQP-1839#2 Warning
RAMB36 async control check  
The RAMB36E1 encoder/channels[0].channel/core/front/banks[0].lanes[0].ram/mem_reg_0 has an input control pin encoder/channels[0].channel/core/front/banks[0].lanes[0].ram/mem_reg_0/ADDRARDADDR[13] (net: encoder/channels[0].channel/core/front/banks[0].lanes[0].ram/wr_addr[11]) which is driven by a register (encoder/channels[0].channel/core/front/x_reg[13]) that has an active asychronous set or reset. This may cause corruption of the memory contents and/or read values when the set/reset is asserted and is not analyzed by the default static timing analysis. It is suggested to eliminate the use of a set/reset to registers driving this RAMB pin or else use a synchronous reset in which the assertion of the reset is timed by default.
Related violations: <none>

REQP-1839#3 Warning
RAMB36 async control check  
The RAMB36E1 encoder/channels[0].channel/core/front/banks[0].lanes[0].ram/mem_reg_0 has an input control pin encoder/channels[0].channel/core/front/banks[0].lanes[0].ram/mem_reg_0/ADDRARDADDR[13] (net: encoder/channels[0].channel/core/front/banks[0].lanes[0].ram/wr_addr[11]) which is driven by a register (encoder/channels[0].channel/core/front/x_reg[6]) that has an active asychronous set or reset. This may cause corruption of the memory contents and/or read values when the set/reset is asserted and is not analyzed by the default static timing analysis. It is suggested to eliminate the use of a set/reset to registers driving this RAMB pin or else use a synchronous reset in which the assertion of the reset is timed by default.
Related violations: <none>

REQP-1839#4 Warning
RAMB36 async control check  
The RAMB36E1 encoder/channels[0].channel/core/front/banks[0].lanes[0].ram/mem_reg_0 has an input control pin encoder/channels[0].channel/core/front/banks[0].lanes[0].ram/mem_reg_0/ADDRARDADDR[13] (net: encoder/channels[0].channel/core/front/banks[0].lanes[0].ram/wr_addr[11]) which is driven by a register (encoder/channels[0].channel/core/front/x_reg[7]) that has an active asychronous set or reset. This may cause corruption of the memory contents and/or read values when the set/reset is asserted and is not analyzed by the default static timing analysis. It is suggested to eliminate the use of a set/reset to registers driving this RAMB pin or else use a synchronous reset in which the assertion of the reset is timed by default.
Related violations: <none>

REQP-1839#5 Warning
RAMB36 async control check  
The RAMB36E1 encoder/channels[0].channel/core/front/banks[0].lanes[0].ram/mem_reg_0 has an input control pin encoder/channels[0].channel/core/front/banks[0].lanes[0].ram/mem_reg_0/ADDRARDADDR[13] (net: encoder/channels[0].channel/core/front/banks[0].lanes[0].ram/wr_addr[11]) which is driven by a register (encoder/channels[0].channel/core/front/x_reg[8]) that has an active asychronous set or reset. This may cause corruption of the memory contents and/or read values when the set/reset is asserted and is not analyzed by the default static timing analysis. It is suggested to eliminate the use of a set/reset to registers driving this RAMB pin or else use a synchronous reset in which the assertion of the reset is timed by default.
Related violations: <none>

REQP-1839#6 Warning
RAMB36 async control check  
The RAMB36E1 encoder/channels[0].channel/core/front/banks[0].lanes[0].ram/mem_reg_0 has an input control pin encoder/channels[0].channel/core/front/banks[0].lanes[0].ram/mem_reg_0/ADDRARDADDR[13] (net: encoder/channels[0].channel/core/front/banks[0].lanes[0].ram/wr_addr[11]) which is driven by a register (encoder/channels[0].channel/core/front/x_reg[9]) that has an active asychronous set or reset. This may cause corruption of the memory contents and/or read values when the set/reset is asserted and is not analyzed by the default static timing analysis. It is suggested to eliminate the use of a set/reset to registers driving this RAMB pin or else use a synchronous reset in which the assertion of the reset is timed by default.
Related violations: <none>

REQP-1839#7 Warning
RAMB36 async control check  
The RAMB36E1 encoder/channels[0].channel/core/front/banks[0].lanes[0].ram/mem_reg_0 has an input control pin encoder/channels[0].channel/core/front/banks[0].lanes[0].ram/mem_reg_0/ADDRARDADDR[13] (net: encoder/channels[0].channel/core/front/banks[0].lanes[0].ram/wr_addr[11]) which is driven by a register (encoder/channels[0].channel/core/front/y_reg[0]) that has an active asychronous set or reset. This may cause corruption of the memory contents and/or read values when the set/reset is asserted and is not analyzed by the default static timing analysis. It is suggested to eliminate the use of a set/reset to registers driving this RAMB pin or else use a synchronous reset in which the assertion of the reset is timed by default.
Related violations: <none>

REQP-1839#8 Warning
RAMB36 async control check  
The RAMB36E1 encoder/channels[0].channel/core/front/banks[0].lanes[0].ram/mem_reg_0 has an input control pin encoder/channels[0].channel/core/front/banks[0].lanes[0].ram/mem_reg_0/ADDRARDADDR[13] (net: encoder/channels[0].channel/core/front/banks[0].lanes[0].ram/wr_addr[11]) which is driven by a register (encoder/channels[0].channel/core/front/y_reg[1]) that has an active asychronous set or reset. This may cause corruption of the memory contents and/or read values when the set/reset is asserted and is not analyzed by the default static timing analysis. It is suggested to eliminate the use of a set/reset to registers driving this RAMB pin or else use a synchronous reset in which the assertion of the reset is timed by default.
Related violations: <none>

REQP-1839#9 Warning
RAMB36 async control check  
The RAMB36E1 encoder/channels[0].channel/core/front/banks[0].lanes[0].ram/mem_reg_0 has an input control pin encoder/channels[0].channel/core/front/banks[0].lanes[0].ram/mem_reg_0/ADDRARDADDR[13] (net: encoder/channels[0].channel/core/front/banks[0].lanes[0].ram/wr_addr[11]) which is driven by a register (encoder/channels[0].channel/core/front/y_reg[2]) that has an active asychronous set or reset. This may cause corruption of the memory contents and/or read values when the set/reset is asserted and is not analyzed by the default static timing analysis. It is suggested to eliminate the use of a set/reset to registers driving this RAMB pin or else use a synchronous reset in which the assertion of the reset is timed by default.
Related violations: <none>

REQP-1839#10 Warning
RAMB36 async control check  
The RAMB36E1 encoder/channels[0].channel/core/front/banks[0].lanes[0].ram/mem_reg_0 has an input control pin encoder/channels[0].channel/core/front/banks[0].lanes[0].ram/mem_reg_0/ADDRARDADDR[14] (net: encoder/channels[0].channel/core/front/banks[0].lanes[0].ram/wr_addr[12]) which is driven by a register (encoder/channels[0].channel/core/front/x_reg[10]) that has an active asychronous set or reset. This may cause corruption of the memory contents and/or read values when the set/reset is asserted and is not analyzed by the default static timing analysis. It is suggested to eliminate the use of a set/reset to registers driving this RAMB pin or else use a synchronous reset in which the assertion of the reset is timed by default.
Related violations: <none>

REQP-1839#11 Warning
RAMB36 async control check  
The RAMB36E1 encoder/channels[0].channel/core/front/banks[0].lanes[0].ram/mem_reg_0 has an input control pin encoder/channels[0].channel/core/front/banks[0].lanes[0].ram/mem_reg_0/ADDRARDADDR[14] (net: encoder/channels[0].channel/core/front/banks[0].lanes[0].ram/wr_addr[12]) which is driven by a register (encoder/channels[0].channel/core/front/x_reg[11]) that has an active asychronous set or reset. This may cause corruption of the memory contents and/or read values when the set/reset is asserted and is not analyzed by the default static timing analysis. It is suggested to eliminate the use of a set/reset to registers driving this RAMB pin or else use a synchronous reset in which the assertion of the reset is timed by default.
Related violations: <none>

REQP-1839#12 Warning
RAMB36 async control check  
The RAMB36E1 encoder/channels[0].channel/core/front/banks[0].lanes[0].ram/mem_reg_0 has an input control pin encoder/channels[0].channel/core/front/banks[0].lanes[0].ram/mem_reg_0/ADDRARDADDR[14] (net: encoder/channels[0].channel/core/front/banks[0].lanes[0].ram/wr_addr[12]) which is driven by a register (encoder/channels[0].channel/core/front/x_reg[12]) that has an active asychronous set or reset. This may cause corruption of the memory contents and/or read values when the set/reset is asserted and is not analyzed by the default static timing analysis. It is suggested to eliminate the use of a set/reset to registers driving this RAMB pin or else use a synchronous reset in which the assertion of the reset is timed by default.
Related violations: <none>

REQP-1839#13 Warning
RAMB36 async control check  
The RAMB36E1 encoder/channels[0].channel/core/front/banks[0].lanes[0].ram/mem_reg_0 has an input control pin encoder/channels[0].channel/core/front/banks[0].lanes[0].ram/mem_reg_0/ADDRARDADDR[14] (net: encoder/channels[0].channel/core/front/banks[0].lanes[0].ram/wr_addr[12]) which is driven by a register (encoder/channels[0].channel/core/front/x_reg[13]) that has an active asychronous set or reset. This may cause corruption of the memory contents and/or read values when the set/reset is asserted and is not analyzed by the default static timing analysis. It is suggested to eliminate the use of a set/reset to registers driving this RAMB pin or else use a synchronous reset in which the assertion of the reset is timed by default.
Related violations: <none>

REQP-1839#14 Warning
RAMB36 async control check  
The RAMB36E1 encoder/channels[0].channel/core/front/banks[0].lanes[0].ram/mem_reg_0 has an input control pin encoder/channels[0].channel/core/front/banks[0].lanes[0].ram/mem_reg_0/ADDRARDADDR[14] (net: encoder/channels[0].channel/core/front/banks[0].lanes[0].ram/wr_addr[12]) which is driven by a register (encoder/channels[0].channel/core/front/x_reg[6]) that has an active asychronous set or reset. This may cause corruption of the memory contents and/or read values when the set/reset is asserted and is not analyzed by the default static timing analysis. It is suggested to eliminate the use of a set/reset to registers driving this RAMB pin or else use a synchronous reset in which the assertion of the reset is timed by default.
Related violations: <none>

REQP-1839#15 Warning
RAMB36 async control check  
The RAMB36E1 encoder/channels[0].channel/core/front/banks[0].lanes[0].ram/mem_reg_0 has an input control pin encoder/channels[0].channel/core/front/banks[0].lanes[0].ram/mem_reg_0/ADDRARDADDR[14] (net: encoder/channels[0].channel/core/front/banks[0].lanes[0].ram/wr_addr[12]) which is driven by a register (encoder/channels[0].channel/core/front/x_reg[7]) that has an active asychronous set or reset. This may cause corruption of the memory contents and/or read values when the set/reset is asserted and is not analyzed by the default static timing analysis. It is suggested to eliminate the use of a set/reset to registers driving this RAMB pin or else use a synchronous reset in which the assertion of the reset is timed by default.
Related violations: <none>

REQP-1839#16 Warning
RAMB36 async control check  
The RAMB36E1 encoder/channels[0].channel/core/front/banks[0].lanes[0].ram/mem_reg_0 has an input control pin encoder/channels[0].channel/core/front/banks[0].lanes[0].ram/mem_reg_0/ADDRARDADDR[14] (net: encoder/channels[0].channel/core/front/banks[0].lanes[0].ram/wr_addr[12]) which is driven by a register (encoder/channels[0].channel/core/front/x_reg[8]) that has an active asychronous set or reset. This may cause corruption of the memory contents and/or read values when the set/reset is asserted and is not analyzed by the default static timing analysis. It is suggested to eliminate the use of a set/reset to registers driving this RAMB pin or else use a synchronous reset in which the assertion of the reset is timed by default.
Related violations: <none>

REQP-1839#17 Warning
RAMB36 async control check  
The RAMB36E1 encoder/channels[0].channel/core/front/banks[0].lanes[0].ram/mem_reg_0 has an input control pin encoder/channels[0].channel/core/front/banks[0].lanes[0].ram/mem_reg_0/ADDRARDADDR[14] (net: encoder/channels[0].channel/core/front/banks[0].lanes[0].ram/wr_addr[12]) which is driven by a register (encoder/channels[0].channel/core/front/x_reg[9]) that has an active asychronous set or reset. This may cause corruption of the memory contents and/or read values when the set/reset is asserted and is not analyzed by the default static timing analysis. It is suggested to eliminate the use of a set/reset to registers driving this RAMB pin or else use a synchronous reset in which the assertion of the reset is timed by default.
Related violations: <none>

REQP-1839#18 Warning
RAMB36 async control check  
The RAMB36E1 encoder/channels[0].channel/core/front/banks[0].lanes[0].ram/mem_reg_0 has an input control pin encoder/channels[0].channel/core/front/banks[0].lanes[0].ram/mem_reg_0/ADDRARDADDR[14] (net: encoder/channels[0].channel/core/front/banks[0].lanes[0].ram/wr_addr[12]) which is driven by a register (encoder/channels[0].channel/core/front/y_reg[0]) that has an active asychronous set or reset. This may cause corruption of the memory contents and/or read values when the set/reset is asserted and is not analyzed by the default static timing analysis. It is suggested to eliminate the use of a set/reset to registers driving this RAMB pin or else use a synchronous reset in which the assertion of the reset is timed by default.
Related violations: <none>

REQP-1839#19 Warning
RAMB36 async control check  
The RAMB36E1 encoder/channels[0].channel/core/front/banks[0].lanes[0].ram/mem_reg_0 has an input control pin encoder/channels[0].channel/core/front/banks[0].lanes[0].ram/mem_reg_0/ADDRARDADDR[14] (net: encoder/channels[0].channel/core/front/banks[0].lanes[0].ram/wr_addr[12]) which is driven by a register (encoder/channels[0].channel/core/front/y_reg[1]) that has an active asychronous set or reset. This may cause corruption of the memory contents and/or read values when the set/reset is asserted and is not analyzed by the default static timing analysis. It is suggested to eliminate the use of a set/reset to registers driving this RAMB pin or else use a synchronous reset in which the assertion of the reset is timed by default.
Related violations: <none>

REQP-1839#20 Warning
RAMB36 async control check  
The RAMB36E1 encoder/channels[0].channel/core/front/banks[0].lanes[0].ram/mem_reg_0 has an input control pin encoder/channels[0].channel/core/front/banks[0].lanes[0].ram/mem_reg_0/ADDRARDADDR[14] (net: encoder/channels[0].channel/core/front/banks[0].lanes[0].ram/wr_addr[12]) which is driven by a register (encoder/channels[0].channel/core/front/y_reg[2]) that has an active asychronous set or reset. This may cause corruption of the memory contents and/or read values when the set/reset is asserted and is not analyzed by the default static timing analysis. It is suggested to eliminate the use of a set/reset to registers driving this RAMB pin or else use a synchronous reset in which the assertion of the reset is timed by default.
Related violations: <none>


