Copyright 1986-2020 Xilinx, Inc. All Rights Reserved.
---------------------------------------------------------------------------------------------------------------------------
| Tool Version : Vivado v.2020.1 (win64) Build 2902540 Wed May 27 19:54:49 MDT 2020
| Date         : Tue Sep 29 16:59:18 2026
| Host         : LAPTOP-JC5LPK9T running 64-bit major release  (build 9200)
| Command      : report_bus_skew -file F:/zju/dasanshangkecheng/HDL/mjpeg/reports/camera/full_20260929_165333/bus_skew.rpt
| Design       : davinci_mjpeg_camera_top
| Device       : 7a35t-fgg484
| Speed File   : -2  PRODUCTION 1.23 2018-06-13
---------------------------------------------------------------------------------------------------------------------------

Bus Skew Report

Table of Contents
-----------------
1. Bus Skew Report Summary
2. Bus Skew Report Per Constraint

1. Bus Skew Report Summary
--------------------------

Id  Position  From                            To                              Corner  Requirement(ns)  Actual(ns)  Slack(ns)
--  --------  ------------------------------  ------------------------------  ------  ---------------  ----------  ---------
1   19        [get_cells -hier -filter {IS_SEQUENTIAL == 1 && (NAME =~ *tx_fifo/wgray_reg* || NAME =~ *tx_fifo/wbin_reg*)}]
                                              [get_cells -hier -filter {IS_SEQUENTIAL == 1 && NAME =~ *tx_fifo/wgray_r1_reg*}]
                                                                              Slow             10.000       0.935      9.065
2   21        [get_cells -hier -filter {IS_SEQUENTIAL == 1 && (NAME =~ *tx_fifo/rgray_reg* || NAME =~ *tx_fifo/rbin_reg*)}]
                                              [get_cells -hier -filter {IS_SEQUENTIAL == 1 && NAME =~ *tx_fifo/rgray_w1_reg*}]
                                                                              Slow             16.667       1.008     15.659
3   23        [get_cells -hier -filter {IS_SEQUENTIAL == 1 && (NAME =~ *rx_fifo/wgray_reg* || NAME =~ *rx_fifo/wbin_reg*)}]
                                              [get_cells -hier -filter {IS_SEQUENTIAL == 1 && NAME =~ *rx_fifo/wgray_r1_reg*}]
                                                                              Slow             16.667       0.838     15.829
4   25        [get_cells -hier -filter {IS_SEQUENTIAL == 1 && (NAME =~ *rx_fifo/rgray_reg* || NAME =~ *rx_fifo/rbin_reg*)}]
                                              [get_cells -hier -filter {IS_SEQUENTIAL == 1 && NAME =~ *rx_fifo/rgray_w1_reg*}]
                                                                              Slow             10.000       1.009      8.991
5   32        [get_cells -hier -filter {IS_SEQUENTIAL == 1 && (NAME =~ *pixel_fifo/wgray_reg* || NAME =~ *pixel_fifo/wbin_reg*)}]
                                              [get_cells -hier -filter {IS_SEQUENTIAL == 1 && NAME =~ *pixel_fifo/wgray_r1_reg*}]
                                                                              Slow             13.250       1.092     12.158
6   34        [get_cells -hier -filter {IS_SEQUENTIAL == 1 && (NAME =~ *pixel_fifo/rgray_reg* || NAME =~ *pixel_fifo/rbin_reg*)}]
                                              [get_cells -hier -filter {IS_SEQUENTIAL == 1 && NAME =~ *pixel_fifo/rgray_w1_reg*}]
                                                                              Slow             10.000       1.093      8.907
7   36        [get_cells -hier -filter {IS_SEQUENTIAL == 1 && (NAME =~ *capture/*_gray_reg* || NAME =~ *capture/*_bin_reg*)}]
                                              [get_cells -hier -filter {IS_SEQUENTIAL == 1 && NAME =~ *capture/*_c1_reg*}]
                                                                              Slow             13.250       1.191     12.059


2. Bus Skew Report Per Constraint
---------------------------------

Id: 1
set_bus_skew -from [get_cells -hier -filter {IS_SEQUENTIAL == 1 && (NAME =~ *tx_fifo/wgray_reg* || NAME =~ *tx_fifo/wbin_reg*)}] -to [get_cells -hier -filter {IS_SEQUENTIAL == 1 && NAME =~ *tx_fifo/wgray_r1_reg*}] 10.000
Requirement: 10.000ns
Endpoints: 14

From Clock            To Clock              Endpoint Pin                    Reference Pin                   Corner  Actual(ns)  Slack(ns)
--------------------  --------------------  ------------------------------  ------------------------------  ------  ----------  ---------
core_raw              usb_clk               synchronous.tx_fifo/wgray_r1_reg[8]/D
                                                                            synchronous.tx_fifo/wgray_r1_reg[7]/D
                                                                                                            Slow         0.935      9.065


Slack (MET) :             9.065ns  (requirement - actual skew)
  Endpoint Source:        synchronous.tx_fifo/wgray_reg[8]/C
                            (rising edge-triggered cell FDCE clocked by core_raw)
  Endpoint Destination:   synchronous.tx_fifo/wgray_r1_reg[8]/D
                            (rising edge-triggered cell FDCE clocked by usb_clk)
  Reference Source:       synchronous.tx_fifo/wgray_reg[7]/C
                            (rising edge-triggered cell FDCE clocked by core_raw)
  Reference Destination:  synchronous.tx_fifo/wgray_r1_reg[7]/D
                            (rising edge-triggered cell FDCE clocked by usb_clk)
  Path Type:              Bus Skew (Max at Slow Process Corner)
  Requirement:            10.000ns
  Endpoint Relative Delay:   -3.696ns
  Reference Relative Delay:  -5.167ns
  Relative CRPR:              0.667ns
  Uncertainty:                0.131ns
  Actual Bus Skew:            0.935ns  (Endpoint Relative Delay - Reference Relative Delay - Relative CRPR + Uncertainty)

Endpoint path:
    Location             Delay type                Incr(ns)  Path(ns)    Netlist Resource(s)
  -------------------------------------------------------------------    -------------------
                         (clock core_raw rise edge)
                                                      0.000     0.000 r  
    R4                                                0.000     0.000 r  sys_clk (IN)
                         net (fo=0)                   0.000     0.000    sys_clk
    R4                   IBUF (Prop_ibuf_I_O)         1.432     1.432 r  sys_clk_IBUF_inst/O
                         net (fo=1, routed)           1.065     2.497    multiplied_clock.clock_generator/sys_clk_IBUF
    MMCME2_ADV_X1Y0      MMCME2_ADV (Prop_mmcme2_adv_CLKIN1_CLKOUT0)
                                                     -5.921    -3.424 r  multiplied_clock.clock_generator/mmcm/CLKOUT0
                         net (fo=1, routed)           1.421    -2.004    multiplied_clock.clock_generator/core_raw
    BUFGCTRL_X0Y1        BUFG (Prop_bufg_I_O)         0.081    -1.923 r  multiplied_clock.clock_generator/core_buffer/O
                         net (fo=18631, routed)       1.427    -0.496    synchronous.tx_fifo/core_clk
    SLICE_X59Y19         FDCE                                         r  synchronous.tx_fifo/wgray_reg[8]/C
  -------------------------------------------------------------------    -------------------
    SLICE_X59Y19         FDCE (Prop_fdce_C_Q)         0.348    -0.148 r  synchronous.tx_fifo/wgray_reg[8]/Q
                         net (fo=1, routed)           0.545     0.397    synchronous.tx_fifo/wgray[8]
    SLICE_X57Y19         FDCE                                         r  synchronous.tx_fifo/wgray_r1_reg[8]/D
  -------------------------------------------------------------------    -------------------

                         (clock usb_clk rise edge)    0.000     0.000 r  
    Y4                                                0.000     0.000 r  usb_clk_60m (IN)
                         net (fo=0)                   0.000     0.000    usb_clk_60m
    Y4                   IBUF (Prop_ibuf_I_O)         1.372     1.372 r  usb_clk_60m_IBUF_inst/O
                         net (fo=1, routed)           1.599     2.972    usb_clk_60m_IBUF
    BUFGCTRL_X0Y0        BUFG (Prop_bufg_I_O)         0.077     3.049 r  synchronous.usb_clock_buffer/O
                         net (fo=1013, routed)        1.255     4.303    synchronous.tx_fifo/synchronous.usb_clk
    SLICE_X57Y19         FDCE                                         r  synchronous.tx_fifo/wgray_r1_reg[8]/C
                         clock pessimism              0.000     4.303    
    SLICE_X57Y19         FDCE (Setup_fdce_C_D)       -0.210     4.093    synchronous.tx_fifo/wgray_r1_reg[8]
  -------------------------------------------------------------------
                         data arrival                           0.397    
                         clock arrival                          4.093    
  -------------------------------------------------------------------
                         relative delay                        -3.696    

Reference path:
    Location             Delay type                Incr(ns)  Path(ns)    Netlist Resource(s)
  -------------------------------------------------------------------    -------------------
                         (clock core_raw rise edge)
                                                      0.000     0.000 r  
    R4                                                0.000     0.000 r  sys_clk (IN)
                         net (fo=0)                   0.000     0.000    sys_clk
    R4                   IBUF (Prop_ibuf_I_O)         1.366     1.366 r  sys_clk_IBUF_inst/O
                         net (fo=1, routed)           1.004     2.369    multiplied_clock.clock_generator/sys_clk_IBUF
    MMCME2_ADV_X1Y0      MMCME2_ADV (Prop_mmcme2_adv_CLKIN1_CLKOUT0)
                                                     -6.057    -3.688 r  multiplied_clock.clock_generator/mmcm/CLKOUT0
                         net (fo=1, routed)           1.352    -2.335    multiplied_clock.clock_generator/core_raw
    BUFGCTRL_X0Y1        BUFG (Prop_bufg_I_O)         0.077    -2.258 r  multiplied_clock.clock_generator/core_buffer/O
                         net (fo=18631, routed)       1.321    -0.938    synchronous.tx_fifo/core_clk
    SLICE_X59Y19         FDCE                                         r  synchronous.tx_fifo/wgray_reg[7]/C
  -------------------------------------------------------------------    -------------------
    SLICE_X59Y19         FDCE (Prop_fdce_C_Q)         0.304    -0.634 r  synchronous.tx_fifo/wgray_reg[7]/Q
                         net (fo=1, routed)           0.290    -0.343    synchronous.tx_fifo/wgray[7]
    SLICE_X60Y19         FDCE                                         r  synchronous.tx_fifo/wgray_r1_reg[7]/D
  -------------------------------------------------------------------    -------------------

                         (clock usb_clk rise edge)    0.000     0.000 r  
    Y4                                                0.000     0.000 r  usb_clk_60m (IN)
                         net (fo=0)                   0.000     0.000    usb_clk_60m
    Y4                   IBUF (Prop_ibuf_I_O)         1.439     1.439 r  usb_clk_60m_IBUF_inst/O
                         net (fo=1, routed)           1.689     3.127    usb_clk_60m_IBUF
    BUFGCTRL_X0Y0        BUFG (Prop_bufg_I_O)         0.081     3.208 r  synchronous.usb_clock_buffer/O
                         net (fo=1013, routed)        1.427     4.635    synchronous.tx_fifo/synchronous.usb_clk
    SLICE_X60Y19         FDCE                                         r  synchronous.tx_fifo/wgray_r1_reg[7]/C
                         clock pessimism              0.000     4.635    
    SLICE_X60Y19         FDCE (Hold_fdce_C_D)         0.189     4.824    synchronous.tx_fifo/wgray_r1_reg[7]
  -------------------------------------------------------------------
                         data arrival                          -0.343    
                         clock arrival                          4.824    
  -------------------------------------------------------------------
                         relative delay                        -5.167    



Id: 2
set_bus_skew -from [get_cells -hier -filter {IS_SEQUENTIAL == 1 && (NAME =~ *tx_fifo/rgray_reg* || NAME =~ *tx_fifo/rbin_reg*)}] -to [get_cells -hier -filter {IS_SEQUENTIAL == 1 && NAME =~ *tx_fifo/rgray_w1_reg*}] 16.667
Requirement: 16.667ns
Endpoints: 14

From Clock            To Clock              Endpoint Pin                    Reference Pin                   Corner  Actual(ns)  Slack(ns)
--------------------  --------------------  ------------------------------  ------------------------------  ------  ----------  ---------
usb_clk               core_raw              synchronous.tx_fifo/rgray_w1_reg[4]/D
                                                                            synchronous.tx_fifo/rgray_w1_reg[1]/D
                                                                                                            Slow         1.008     15.659


Slack (MET) :             15.659ns  (requirement - actual skew)
  Endpoint Source:        synchronous.tx_fifo/rgray_reg[4]/C
                            (rising edge-triggered cell FDCE clocked by usb_clk)
  Endpoint Destination:   synchronous.tx_fifo/rgray_w1_reg[4]/D
                            (rising edge-triggered cell FDCE clocked by core_raw)
  Reference Source:       synchronous.tx_fifo/rgray_reg[1]/C
                            (rising edge-triggered cell FDCE clocked by usb_clk)
  Reference Destination:  synchronous.tx_fifo/rgray_w1_reg[1]/D
                            (rising edge-triggered cell FDCE clocked by core_raw)
  Path Type:              Bus Skew (Max at Slow Process Corner)
  Requirement:            16.667ns
  Endpoint Relative Delay:    6.806ns
  Reference Relative Delay:   5.272ns
  Relative CRPR:              0.657ns
  Uncertainty:                0.131ns
  Actual Bus Skew:            1.008ns  (Endpoint Relative Delay - Reference Relative Delay - Relative CRPR + Uncertainty)

Endpoint path:
    Location             Delay type                Incr(ns)  Path(ns)    Netlist Resource(s)
  -------------------------------------------------------------------    -------------------
                         (clock usb_clk rise edge)    0.000     0.000 r  
    Y4                                                0.000     0.000 r  usb_clk_60m (IN)
                         net (fo=0)                   0.000     0.000    usb_clk_60m
    Y4                   IBUF (Prop_ibuf_I_O)         1.439     1.439 r  usb_clk_60m_IBUF_inst/O
                         net (fo=1, routed)           1.689     3.127    usb_clk_60m_IBUF
    BUFGCTRL_X0Y0        BUFG (Prop_bufg_I_O)         0.081     3.208 r  synchronous.usb_clock_buffer/O
                         net (fo=1013, routed)        1.430     4.638    synchronous.tx_fifo/synchronous.usb_clk
    SLICE_X60Y16         FDCE                                         r  synchronous.tx_fifo/rgray_reg[4]/C
  -------------------------------------------------------------------    -------------------
    SLICE_X60Y16         FDCE (Prop_fdce_C_Q)         0.398     5.036 r  synchronous.tx_fifo/rgray_reg[4]/Q
                         net (fo=1, routed)           0.678     5.715    synchronous.tx_fifo/rgray[4]
    SLICE_X60Y15         FDCE                                         r  synchronous.tx_fifo/rgray_w1_reg[4]/D
  -------------------------------------------------------------------    -------------------

                         (clock core_raw rise edge)
                                                      0.000     0.000 r  
    R4                                                0.000     0.000 r  sys_clk (IN)
                         net (fo=0)                   0.000     0.000    sys_clk
    R4                   IBUF (Prop_ibuf_I_O)         1.366     1.366 r  sys_clk_IBUF_inst/O
                         net (fo=1, routed)           1.004     2.369    multiplied_clock.clock_generator/sys_clk_IBUF
    MMCME2_ADV_X1Y0      MMCME2_ADV (Prop_mmcme2_adv_CLKIN1_CLKOUT0)
                                                     -6.057    -3.688 r  multiplied_clock.clock_generator/mmcm/CLKOUT0
                         net (fo=1, routed)           1.352    -2.335    multiplied_clock.clock_generator/core_raw
    BUFGCTRL_X0Y1        BUFG (Prop_bufg_I_O)         0.077    -2.258 r  multiplied_clock.clock_generator/core_buffer/O
                         net (fo=18631, routed)       1.324    -0.935    synchronous.tx_fifo/core_clk
    SLICE_X60Y15         FDCE                                         r  synchronous.tx_fifo/rgray_w1_reg[4]/C
                         clock pessimism              0.000    -0.935    
    SLICE_X60Y15         FDCE (Setup_fdce_C_D)       -0.157    -1.092    synchronous.tx_fifo/rgray_w1_reg[4]
  -------------------------------------------------------------------
                         data arrival                           5.715    
                         clock arrival                         -1.092    
  -------------------------------------------------------------------
                         relative delay                         6.806    

Reference path:
    Location             Delay type                Incr(ns)  Path(ns)    Netlist Resource(s)
  -------------------------------------------------------------------    -------------------
                         (clock usb_clk rise edge)    0.000     0.000 r  
    Y4                                                0.000     0.000 r  usb_clk_60m (IN)
                         net (fo=0)                   0.000     0.000    usb_clk_60m
    Y4                   IBUF (Prop_ibuf_I_O)         1.372     1.372 r  usb_clk_60m_IBUF_inst/O
                         net (fo=1, routed)           1.599     2.972    usb_clk_60m_IBUF
    BUFGCTRL_X0Y0        BUFG (Prop_bufg_I_O)         0.077     3.049 r  synchronous.usb_clock_buffer/O
                         net (fo=1013, routed)        1.322     4.370    synchronous.tx_fifo/synchronous.usb_clk
    SLICE_X59Y18         FDCE                                         r  synchronous.tx_fifo/rgray_reg[1]/C
  -------------------------------------------------------------------    -------------------
    SLICE_X59Y18         FDCE (Prop_fdce_C_Q)         0.304     4.674 r  synchronous.tx_fifo/rgray_reg[1]/Q
                         net (fo=1, routed)           0.290     4.965    synchronous.tx_fifo/rgray[1]
    SLICE_X60Y17         FDCE                                         r  synchronous.tx_fifo/rgray_w1_reg[1]/D
  -------------------------------------------------------------------    -------------------

                         (clock core_raw rise edge)
                                                      0.000     0.000 r  
    R4                                                0.000     0.000 r  sys_clk (IN)
                         net (fo=0)                   0.000     0.000    sys_clk
    R4                   IBUF (Prop_ibuf_I_O)         1.432     1.432 r  sys_clk_IBUF_inst/O
                         net (fo=1, routed)           1.065     2.497    multiplied_clock.clock_generator/sys_clk_IBUF
    MMCME2_ADV_X1Y0      MMCME2_ADV (Prop_mmcme2_adv_CLKIN1_CLKOUT0)
                                                     -5.921    -3.424 r  multiplied_clock.clock_generator/mmcm/CLKOUT0
                         net (fo=1, routed)           1.421    -2.004    multiplied_clock.clock_generator/core_raw
    BUFGCTRL_X0Y1        BUFG (Prop_bufg_I_O)         0.081    -1.923 r  multiplied_clock.clock_generator/core_buffer/O
                         net (fo=18631, routed)       1.429    -0.494    synchronous.tx_fifo/core_clk
    SLICE_X60Y17         FDCE                                         r  synchronous.tx_fifo/rgray_w1_reg[1]/C
                         clock pessimism              0.000    -0.494    
    SLICE_X60Y17         FDCE (Hold_fdce_C_D)         0.187    -0.307    synchronous.tx_fifo/rgray_w1_reg[1]
  -------------------------------------------------------------------
                         data arrival                           4.965    
                         clock arrival                         -0.307    
  -------------------------------------------------------------------
                         relative delay                         5.272    



Id: 3
set_bus_skew -from [get_cells -hier -filter {IS_SEQUENTIAL == 1 && (NAME =~ *rx_fifo/wgray_reg* || NAME =~ *rx_fifo/wbin_reg*)}] -to [get_cells -hier -filter {IS_SEQUENTIAL == 1 && NAME =~ *rx_fifo/wgray_r1_reg*}] 16.667
Requirement: 16.667ns
Endpoints: 9

From Clock            To Clock              Endpoint Pin                    Reference Pin                   Corner  Actual(ns)  Slack(ns)
--------------------  --------------------  ------------------------------  ------------------------------  ------  ----------  ---------
usb_clk               core_raw              synchronous.rx_fifo/wgray_r1_reg[0]/D
                                                                            synchronous.rx_fifo/wgray_r1_reg[2]/D
                                                                                                            Slow         0.838     15.829


Slack (MET) :             15.829ns  (requirement - actual skew)
  Endpoint Source:        synchronous.rx_fifo/wgray_reg[0]/C
                            (rising edge-triggered cell FDCE clocked by usb_clk)
  Endpoint Destination:   synchronous.rx_fifo/wgray_r1_reg[0]/D
                            (rising edge-triggered cell FDCE clocked by core_raw)
  Reference Source:       synchronous.rx_fifo/wgray_reg[2]/C
                            (rising edge-triggered cell FDCE clocked by usb_clk)
  Reference Destination:  synchronous.rx_fifo/wgray_r1_reg[2]/D
                            (rising edge-triggered cell FDCE clocked by core_raw)
  Path Type:              Bus Skew (Max at Slow Process Corner)
  Requirement:            16.667ns
  Endpoint Relative Delay:    6.653ns
  Reference Relative Delay:   5.319ns
  Relative CRPR:              0.627ns
  Uncertainty:                0.131ns
  Actual Bus Skew:            0.838ns  (Endpoint Relative Delay - Reference Relative Delay - Relative CRPR + Uncertainty)

Endpoint path:
    Location             Delay type                Incr(ns)  Path(ns)    Netlist Resource(s)
  -------------------------------------------------------------------    -------------------
                         (clock usb_clk rise edge)    0.000     0.000 r  
    Y4                                                0.000     0.000 r  usb_clk_60m (IN)
                         net (fo=0)                   0.000     0.000    usb_clk_60m
    Y4                   IBUF (Prop_ibuf_I_O)         1.439     1.439 r  usb_clk_60m_IBUF_inst/O
                         net (fo=1, routed)           1.689     3.127    usb_clk_60m_IBUF
    BUFGCTRL_X0Y0        BUFG (Prop_bufg_I_O)         0.081     3.208 r  synchronous.usb_clock_buffer/O
                         net (fo=1013, routed)        1.439     4.647    synchronous.rx_fifo/synchronous.usb_clk
    SLICE_X63Y41         FDCE                                         r  synchronous.rx_fifo/wgray_reg[0]/C
  -------------------------------------------------------------------    -------------------
    SLICE_X63Y41         FDCE (Prop_fdce_C_Q)         0.379     5.026 r  synchronous.rx_fifo/wgray_reg[0]/Q
                         net (fo=1, routed)           0.623     5.649    synchronous.rx_fifo/wgray[0]
    SLICE_X62Y41         FDCE                                         r  synchronous.rx_fifo/wgray_r1_reg[0]/D
  -------------------------------------------------------------------    -------------------

                         (clock core_raw rise edge)
                                                      0.000     0.000 r  
    R4                                                0.000     0.000 r  sys_clk (IN)
                         net (fo=0)                   0.000     0.000    sys_clk
    R4                   IBUF (Prop_ibuf_I_O)         1.366     1.366 r  sys_clk_IBUF_inst/O
                         net (fo=1, routed)           1.004     2.369    multiplied_clock.clock_generator/sys_clk_IBUF
    MMCME2_ADV_X1Y0      MMCME2_ADV (Prop_mmcme2_adv_CLKIN1_CLKOUT0)
                                                     -6.057    -3.688 r  multiplied_clock.clock_generator/mmcm/CLKOUT0
                         net (fo=1, routed)           1.352    -2.335    multiplied_clock.clock_generator/core_raw
    BUFGCTRL_X0Y1        BUFG (Prop_bufg_I_O)         0.077    -2.258 r  multiplied_clock.clock_generator/core_buffer/O
                         net (fo=18631, routed)       1.330    -0.929    synchronous.rx_fifo/core_clk
    SLICE_X62Y41         FDCE                                         r  synchronous.rx_fifo/wgray_r1_reg[0]/C
                         clock pessimism              0.000    -0.929    
    SLICE_X62Y41         FDCE (Setup_fdce_C_D)       -0.075    -1.004    synchronous.rx_fifo/wgray_r1_reg[0]
  -------------------------------------------------------------------
                         data arrival                           5.649    
                         clock arrival                         -1.004    
  -------------------------------------------------------------------
                         relative delay                         6.653    

Reference path:
    Location             Delay type                Incr(ns)  Path(ns)    Netlist Resource(s)
  -------------------------------------------------------------------    -------------------
                         (clock usb_clk rise edge)    0.000     0.000 r  
    Y4                                                0.000     0.000 r  usb_clk_60m (IN)
                         net (fo=0)                   0.000     0.000    usb_clk_60m
    Y4                   IBUF (Prop_ibuf_I_O)         1.372     1.372 r  usb_clk_60m_IBUF_inst/O
                         net (fo=1, routed)           1.599     2.972    usb_clk_60m_IBUF
    BUFGCTRL_X0Y0        BUFG (Prop_bufg_I_O)         0.077     3.049 r  synchronous.usb_clock_buffer/O
                         net (fo=1013, routed)        1.329     4.377    synchronous.rx_fifo/synchronous.usb_clk
    SLICE_X61Y41         FDCE                                         r  synchronous.rx_fifo/wgray_reg[2]/C
  -------------------------------------------------------------------    -------------------
    SLICE_X61Y41         FDCE (Prop_fdce_C_Q)         0.304     4.681 r  synchronous.rx_fifo/wgray_reg[2]/Q
                         net (fo=1, routed)           0.314     4.995    synchronous.rx_fifo/wgray[2]
    SLICE_X59Y41         FDCE                                         r  synchronous.rx_fifo/wgray_r1_reg[2]/D
  -------------------------------------------------------------------    -------------------

                         (clock core_raw rise edge)
                                                      0.000     0.000 r  
    R4                                                0.000     0.000 r  sys_clk (IN)
                         net (fo=0)                   0.000     0.000    sys_clk
    R4                   IBUF (Prop_ibuf_I_O)         1.432     1.432 r  sys_clk_IBUF_inst/O
                         net (fo=1, routed)           1.065     2.497    multiplied_clock.clock_generator/sys_clk_IBUF
    MMCME2_ADV_X1Y0      MMCME2_ADV (Prop_mmcme2_adv_CLKIN1_CLKOUT0)
                                                     -5.921    -3.424 r  multiplied_clock.clock_generator/mmcm/CLKOUT0
                         net (fo=1, routed)           1.421    -2.004    multiplied_clock.clock_generator/core_raw
    BUFGCTRL_X0Y1        BUFG (Prop_bufg_I_O)         0.081    -1.923 r  multiplied_clock.clock_generator/core_buffer/O
                         net (fo=18631, routed)       1.437    -0.486    synchronous.rx_fifo/core_clk
    SLICE_X59Y41         FDCE                                         r  synchronous.rx_fifo/wgray_r1_reg[2]/C
                         clock pessimism              0.000    -0.486    
    SLICE_X59Y41         FDCE (Hold_fdce_C_D)         0.162    -0.324    synchronous.rx_fifo/wgray_r1_reg[2]
  -------------------------------------------------------------------
                         data arrival                           4.995    
                         clock arrival                         -0.324    
  -------------------------------------------------------------------
                         relative delay                         5.319    



Id: 4
set_bus_skew -from [get_cells -hier -filter {IS_SEQUENTIAL == 1 && (NAME =~ *rx_fifo/rgray_reg* || NAME =~ *rx_fifo/rbin_reg*)}] -to [get_cells -hier -filter {IS_SEQUENTIAL == 1 && NAME =~ *rx_fifo/rgray_w1_reg*}] 10.000
Requirement: 10.000ns
Endpoints: 9

From Clock            To Clock              Endpoint Pin                    Reference Pin                   Corner  Actual(ns)  Slack(ns)
--------------------  --------------------  ------------------------------  ------------------------------  ------  ----------  ---------
core_raw              usb_clk               synchronous.rx_fifo/rgray_w1_reg[7]/D
                                                                            synchronous.rx_fifo/rgray_w1_reg[4]/D
                                                                                                            Slow         1.009      8.991


Slack (MET) :             8.991ns  (requirement - actual skew)
  Endpoint Source:        synchronous.rx_fifo/rgray_reg[7]/C
                            (rising edge-triggered cell FDCE clocked by core_raw)
  Endpoint Destination:   synchronous.rx_fifo/rgray_w1_reg[7]/D
                            (rising edge-triggered cell FDCE clocked by usb_clk)
  Reference Source:       synchronous.rx_fifo/rgray_reg[4]/C
                            (rising edge-triggered cell FDCE clocked by core_raw)
  Reference Destination:  synchronous.rx_fifo/rgray_w1_reg[4]/D
                            (rising edge-triggered cell FDCE clocked by usb_clk)
  Path Type:              Bus Skew (Max at Slow Process Corner)
  Requirement:            10.000ns
  Endpoint Relative Delay:   -3.598ns
  Reference Relative Delay:  -5.118ns
  Relative CRPR:              0.642ns
  Uncertainty:                0.131ns
  Actual Bus Skew:            1.009ns  (Endpoint Relative Delay - Reference Relative Delay - Relative CRPR + Uncertainty)

Endpoint path:
    Location             Delay type                Incr(ns)  Path(ns)    Netlist Resource(s)
  -------------------------------------------------------------------    -------------------
                         (clock core_raw rise edge)
                                                      0.000     0.000 r  
    R4                                                0.000     0.000 r  sys_clk (IN)
                         net (fo=0)                   0.000     0.000    sys_clk
    R4                   IBUF (Prop_ibuf_I_O)         1.432     1.432 r  sys_clk_IBUF_inst/O
                         net (fo=1, routed)           1.065     2.497    multiplied_clock.clock_generator/sys_clk_IBUF
    MMCME2_ADV_X1Y0      MMCME2_ADV (Prop_mmcme2_adv_CLKIN1_CLKOUT0)
                                                     -5.921    -3.424 r  multiplied_clock.clock_generator/mmcm/CLKOUT0
                         net (fo=1, routed)           1.421    -2.004    multiplied_clock.clock_generator/core_raw
    BUFGCTRL_X0Y1        BUFG (Prop_bufg_I_O)         0.081    -1.923 r  multiplied_clock.clock_generator/core_buffer/O
                         net (fo=18631, routed)       1.438    -0.485    synchronous.rx_fifo/core_clk
    SLICE_X59Y42         FDCE                                         r  synchronous.rx_fifo/rgray_reg[7]/C
  -------------------------------------------------------------------    -------------------
    SLICE_X59Y42         FDCE (Prop_fdce_C_Q)         0.379    -0.106 r  synchronous.rx_fifo/rgray_reg[7]/Q
                         net (fo=1, routed)           0.812     0.706    synchronous.rx_fifo/rgray[7]
    SLICE_X61Y41         FDCE                                         r  synchronous.rx_fifo/rgray_w1_reg[7]/D
  -------------------------------------------------------------------    -------------------

                         (clock usb_clk rise edge)    0.000     0.000 r  
    Y4                                                0.000     0.000 r  usb_clk_60m (IN)
                         net (fo=0)                   0.000     0.000    usb_clk_60m
    Y4                   IBUF (Prop_ibuf_I_O)         1.372     1.372 r  usb_clk_60m_IBUF_inst/O
                         net (fo=1, routed)           1.599     2.972    usb_clk_60m_IBUF
    BUFGCTRL_X0Y0        BUFG (Prop_bufg_I_O)         0.077     3.049 r  synchronous.usb_clock_buffer/O
                         net (fo=1013, routed)        1.329     4.377    synchronous.rx_fifo/synchronous.usb_clk
    SLICE_X61Y41         FDCE                                         r  synchronous.rx_fifo/rgray_w1_reg[7]/C
                         clock pessimism              0.000     4.377    
    SLICE_X61Y41         FDCE (Setup_fdce_C_D)       -0.074     4.303    synchronous.rx_fifo/rgray_w1_reg[7]
  -------------------------------------------------------------------
                         data arrival                           0.706    
                         clock arrival                          4.303    
  -------------------------------------------------------------------
                         relative delay                        -3.598    

Reference path:
    Location             Delay type                Incr(ns)  Path(ns)    Netlist Resource(s)
  -------------------------------------------------------------------    -------------------
                         (clock core_raw rise edge)
                                                      0.000     0.000 r  
    R4                                                0.000     0.000 r  sys_clk (IN)
                         net (fo=0)                   0.000     0.000    sys_clk
    R4                   IBUF (Prop_ibuf_I_O)         1.366     1.366 r  sys_clk_IBUF_inst/O
                         net (fo=1, routed)           1.004     2.369    multiplied_clock.clock_generator/sys_clk_IBUF
    MMCME2_ADV_X1Y0      MMCME2_ADV (Prop_mmcme2_adv_CLKIN1_CLKOUT0)
                                                     -6.057    -3.688 r  multiplied_clock.clock_generator/mmcm/CLKOUT0
                         net (fo=1, routed)           1.352    -2.335    multiplied_clock.clock_generator/core_raw
    BUFGCTRL_X0Y1        BUFG (Prop_bufg_I_O)         0.077    -2.258 r  multiplied_clock.clock_generator/core_buffer/O
                         net (fo=18631, routed)       1.330    -0.929    synchronous.rx_fifo/core_clk
    SLICE_X61Y43         FDCE                                         r  synchronous.rx_fifo/rgray_reg[4]/C
  -------------------------------------------------------------------    -------------------
    SLICE_X61Y43         FDCE (Prop_fdce_C_Q)         0.304    -0.625 r  synchronous.rx_fifo/rgray_reg[4]/Q
                         net (fo=1, routed)           0.291    -0.334    synchronous.rx_fifo/rgray[4]
    SLICE_X63Y43         FDCE                                         r  synchronous.rx_fifo/rgray_w1_reg[4]/D
  -------------------------------------------------------------------    -------------------

                         (clock usb_clk rise edge)    0.000     0.000 r  
    Y4                                                0.000     0.000 r  usb_clk_60m (IN)
                         net (fo=0)                   0.000     0.000    usb_clk_60m
    Y4                   IBUF (Prop_ibuf_I_O)         1.439     1.439 r  usb_clk_60m_IBUF_inst/O
                         net (fo=1, routed)           1.689     3.127    usb_clk_60m_IBUF
    BUFGCTRL_X0Y0        BUFG (Prop_bufg_I_O)         0.081     3.208 r  synchronous.usb_clock_buffer/O
                         net (fo=1013, routed)        1.440     4.648    synchronous.rx_fifo/synchronous.usb_clk
    SLICE_X63Y43         FDCE                                         r  synchronous.rx_fifo/rgray_w1_reg[4]/C
                         clock pessimism              0.000     4.648    
    SLICE_X63Y43         FDCE (Hold_fdce_C_D)         0.136     4.784    synchronous.rx_fifo/rgray_w1_reg[4]
  -------------------------------------------------------------------
                         data arrival                          -0.334    
                         clock arrival                          4.784    
  -------------------------------------------------------------------
                         relative delay                        -5.118    



Id: 5
set_bus_skew -from [get_cells -hier -filter {IS_SEQUENTIAL == 1 && (NAME =~ *pixel_fifo/wgray_reg* || NAME =~ *pixel_fifo/wbin_reg*)}] -to [get_cells -hier -filter {IS_SEQUENTIAL == 1 && NAME =~ *pixel_fifo/wgray_r1_reg*}] 13.250
Requirement: 13.250ns
Endpoints: 13

From Clock            To Clock              Endpoint Pin                    Reference Pin                   Corner  Actual(ns)  Slack(ns)
--------------------  --------------------  ------------------------------  ------------------------------  ------  ----------  ---------
clock_raw             core_raw              real_camera.capture/pixel_fifo/wgray_r1_reg[7]/D
                                                                            real_camera.capture/pixel_fifo/wgray_r1_reg[2]/D
                                                                                                            Slow         1.092     12.158


Slack (MET) :             12.158ns  (requirement - actual skew)
  Endpoint Source:        real_camera.capture/pixel_fifo/wgray_reg[7]/C
                            (falling edge-triggered cell FDCE clocked by clock_raw)
  Endpoint Destination:   real_camera.capture/pixel_fifo/wgray_r1_reg[7]/D
                            (rising edge-triggered cell FDCE clocked by core_raw)
  Reference Source:       real_camera.capture/pixel_fifo/wgray_reg[2]/C
                            (falling edge-triggered cell FDCE clocked by clock_raw)
  Reference Destination:  real_camera.capture/pixel_fifo/wgray_r1_reg[2]/D
                            (rising edge-triggered cell FDCE clocked by core_raw)
  Path Type:              Bus Skew (Max at Slow Process Corner)
  Requirement:            13.250ns
  Endpoint Relative Delay:    3.737ns
  Reference Relative Delay:   1.553ns
  Relative CRPR:              1.309ns
  Uncertainty:                0.217ns
  Actual Bus Skew:            1.092ns  (Endpoint Relative Delay - Reference Relative Delay - Relative CRPR + Uncertainty)

Endpoint path:
    Location             Delay type                Incr(ns)  Path(ns)    Netlist Resource(s)
  -------------------------------------------------------------------    -------------------
                         (clock clock_raw fall edge)
                                                      0.000     0.000 f  
    F14                                               0.000     0.000 f  cam_pclk (IN)
                         net (fo=0)                   0.000     0.000    cam_pclk
    F14                  IBUF (Prop_ibuf_I_O)         1.392     1.392 f  cam_pclk_IBUF_inst/O
                         net (fo=1, routed)           3.115     4.507    real_camera.phase_clock.sampling_clock/cam_pclk_IBUF
    MMCME2_ADV_X0Y0      MMCME2_ADV (Prop_mmcme2_adv_CLKIN1_CLKOUT0)
                                                     -5.924    -1.417 f  real_camera.phase_clock.sampling_clock/camera_mmcm/CLKOUT0
                         net (fo=1, routed)           1.425     0.007    real_camera.phase_clock.sampling_clock/clock_raw
    BUFGCTRL_X0Y2        BUFG (Prop_bufg_I_O)         0.081     0.088 f  real_camera.phase_clock.sampling_clock/sample_buffer/O
                         net (fo=496, routed)         1.521     1.609    real_camera.capture/pixel_fifo/wclk
    SLICE_X14Y106        FDCE                                         r  real_camera.capture/pixel_fifo/wgray_reg[7]/C  (IS_INVERTED)
  -------------------------------------------------------------------    -------------------
    SLICE_X14Y106        FDCE (Prop_fdce_C_Q)         0.402     2.011 r  real_camera.capture/pixel_fifo/wgray_reg[7]/Q
                         net (fo=1, routed)           0.734     2.745    real_camera.capture/pixel_fifo/wgray[7]
    SLICE_X7Y102         FDCE                                         r  real_camera.capture/pixel_fifo/wgray_r1_reg[7]/D
  -------------------------------------------------------------------    -------------------

                         (clock core_raw rise edge)
                                                      0.000     0.000 r  
    R4                                                0.000     0.000 r  sys_clk (IN)
                         net (fo=0)                   0.000     0.000    sys_clk
    R4                   IBUF (Prop_ibuf_I_O)         1.366     1.366 r  sys_clk_IBUF_inst/O
                         net (fo=1, routed)           1.004     2.369    multiplied_clock.clock_generator/sys_clk_IBUF
    MMCME2_ADV_X1Y0      MMCME2_ADV (Prop_mmcme2_adv_CLKIN1_CLKOUT0)
                                                     -6.057    -3.688 r  multiplied_clock.clock_generator/mmcm/CLKOUT0
                         net (fo=1, routed)           1.352    -2.335    multiplied_clock.clock_generator/core_raw
    BUFGCTRL_X0Y1        BUFG (Prop_bufg_I_O)         0.077    -2.258 r  multiplied_clock.clock_generator/core_buffer/O
                         net (fo=18631, routed)       1.471    -0.787    real_camera.capture/pixel_fifo/core_clk
    SLICE_X7Y102         FDCE                                         r  real_camera.capture/pixel_fifo/wgray_r1_reg[7]/C
                         clock pessimism              0.000    -0.787    
    SLICE_X7Y102         FDCE (Setup_fdce_C_D)       -0.204    -0.991    real_camera.capture/pixel_fifo/wgray_r1_reg[7]
  -------------------------------------------------------------------
                         data arrival                           2.745    
                         clock arrival                         -0.991    
  -------------------------------------------------------------------
                         relative delay                         3.737    

Reference path:
    Location             Delay type                Incr(ns)  Path(ns)    Netlist Resource(s)
  -------------------------------------------------------------------    -------------------
                         (clock clock_raw fall edge)
                                                      0.000     0.000 f  
    F14                                               0.000     0.000 f  cam_pclk (IN)
                         net (fo=0)                   0.000     0.000    cam_pclk
    F14                  IBUF (Prop_ibuf_I_O)         1.327     1.327 f  cam_pclk_IBUF_inst/O
                         net (fo=1, routed)           2.581     3.908    real_camera.phase_clock.sampling_clock/cam_pclk_IBUF
    MMCME2_ADV_X0Y0      MMCME2_ADV (Prop_mmcme2_adv_CLKIN1_CLKOUT0)
                                                     -6.061    -2.154 f  real_camera.phase_clock.sampling_clock/camera_mmcm/CLKOUT0
                         net (fo=1, routed)           1.357    -0.796    real_camera.phase_clock.sampling_clock/clock_raw
    BUFGCTRL_X0Y2        BUFG (Prop_bufg_I_O)         0.077    -0.719 f  real_camera.phase_clock.sampling_clock/sample_buffer/O
                         net (fo=496, routed)         1.403     0.684    real_camera.capture/pixel_fifo/wclk
    SLICE_X13Y105        FDCE                                         r  real_camera.capture/pixel_fifo/wgray_reg[2]/C  (IS_INVERTED)
  -------------------------------------------------------------------    -------------------
    SLICE_X13Y105        FDCE (Prop_fdce_C_Q)         0.308     0.992 r  real_camera.capture/pixel_fifo/wgray_reg[2]/Q
                         net (fo=1, routed)           0.347     1.339    real_camera.capture/pixel_fifo/wgray[2]
    SLICE_X12Y104        FDCE                                         r  real_camera.capture/pixel_fifo/wgray_r1_reg[2]/D
  -------------------------------------------------------------------    -------------------

                         (clock core_raw rise edge)
                                                      0.000     0.000 r  
    R4                                                0.000     0.000 r  sys_clk (IN)
                         net (fo=0)                   0.000     0.000    sys_clk
    R4                   IBUF (Prop_ibuf_I_O)         1.432     1.432 r  sys_clk_IBUF_inst/O
                         net (fo=1, routed)           1.065     2.497    multiplied_clock.clock_generator/sys_clk_IBUF
    MMCME2_ADV_X1Y0      MMCME2_ADV (Prop_mmcme2_adv_CLKIN1_CLKOUT0)
                                                     -5.921    -3.424 r  multiplied_clock.clock_generator/mmcm/CLKOUT0
                         net (fo=1, routed)           1.421    -2.004    multiplied_clock.clock_generator/core_raw
    BUFGCTRL_X0Y1        BUFG (Prop_bufg_I_O)         0.081    -1.923 r  multiplied_clock.clock_generator/core_buffer/O
                         net (fo=18631, routed)       1.522    -0.401    real_camera.capture/pixel_fifo/core_clk
    SLICE_X12Y104        FDCE                                         r  real_camera.capture/pixel_fifo/wgray_r1_reg[2]/C
                         clock pessimism              0.000    -0.401    
    SLICE_X12Y104        FDCE (Hold_fdce_C_D)         0.187    -0.214    real_camera.capture/pixel_fifo/wgray_r1_reg[2]
  -------------------------------------------------------------------
                         data arrival                           1.339    
                         clock arrival                         -0.214    
  -------------------------------------------------------------------
                         relative delay                         1.553    



Id: 6
set_bus_skew -from [get_cells -hier -filter {IS_SEQUENTIAL == 1 && (NAME =~ *pixel_fifo/rgray_reg* || NAME =~ *pixel_fifo/rbin_reg*)}] -to [get_cells -hier -filter {IS_SEQUENTIAL == 1 && NAME =~ *pixel_fifo/rgray_w1_reg*}] 10.000
Requirement: 10.000ns
Endpoints: 13

From Clock            To Clock              Endpoint Pin                    Reference Pin                   Corner  Actual(ns)  Slack(ns)
--------------------  --------------------  ------------------------------  ------------------------------  ------  ----------  ---------
core_raw              clock_raw             real_camera.capture/pixel_fifo/rgray_w1_reg[12]/D
                                                                            real_camera.capture/pixel_fifo/rgray_w1_reg[10]/D
                                                                                                            Slow         1.093      8.907


Slack (MET) :             8.907ns  (requirement - actual skew)
  Endpoint Source:        real_camera.capture/pixel_fifo/rgray_reg[12]/C
                            (rising edge-triggered cell FDCE clocked by core_raw)
  Endpoint Destination:   real_camera.capture/pixel_fifo/rgray_w1_reg[12]/D
                            (falling edge-triggered cell FDCE clocked by clock_raw)
  Reference Source:       real_camera.capture/pixel_fifo/rgray_reg[10]/C
                            (rising edge-triggered cell FDCE clocked by core_raw)
  Reference Destination:  real_camera.capture/pixel_fifo/rgray_w1_reg[10]/D
                            (falling edge-triggered cell FDCE clocked by clock_raw)
  Path Type:              Bus Skew (Max at Slow Process Corner)
  Requirement:            10.000ns
  Endpoint Relative Delay:    0.148ns
  Reference Relative Delay:  -2.019ns
  Relative CRPR:              1.292ns
  Uncertainty:                0.217ns
  Actual Bus Skew:            1.093ns  (Endpoint Relative Delay - Reference Relative Delay - Relative CRPR + Uncertainty)

Endpoint path:
    Location             Delay type                Incr(ns)  Path(ns)    Netlist Resource(s)
  -------------------------------------------------------------------    -------------------
                         (clock core_raw rise edge)
                                                      0.000     0.000 r  
    R4                                                0.000     0.000 r  sys_clk (IN)
                         net (fo=0)                   0.000     0.000    sys_clk
    R4                   IBUF (Prop_ibuf_I_O)         1.432     1.432 r  sys_clk_IBUF_inst/O
                         net (fo=1, routed)           1.065     2.497    multiplied_clock.clock_generator/sys_clk_IBUF
    MMCME2_ADV_X1Y0      MMCME2_ADV (Prop_mmcme2_adv_CLKIN1_CLKOUT0)
                                                     -5.921    -3.424 r  multiplied_clock.clock_generator/mmcm/CLKOUT0
                         net (fo=1, routed)           1.421    -2.004    multiplied_clock.clock_generator/core_raw
    BUFGCTRL_X0Y1        BUFG (Prop_bufg_I_O)         0.081    -1.923 r  multiplied_clock.clock_generator/core_buffer/O
                         net (fo=18631, routed)       1.587    -0.336    real_camera.capture/pixel_fifo/core_clk
    SLICE_X6Y106         FDCE                                         r  real_camera.capture/pixel_fifo/rgray_reg[12]/C
  -------------------------------------------------------------------    -------------------
    SLICE_X6Y106         FDCE (Prop_fdce_C_Q)         0.433     0.097 r  real_camera.capture/pixel_fifo/rgray_reg[12]/Q
                         net (fo=1, routed)           0.705     0.803    real_camera.capture/pixel_fifo/rgray[12]
    SLICE_X14Y107        FDCE                                         r  real_camera.capture/pixel_fifo/rgray_w1_reg[12]/D
  -------------------------------------------------------------------    -------------------

                         (clock clock_raw fall edge)
                                                      0.000     0.000 f  
    F14                                               0.000     0.000 f  cam_pclk (IN)
                         net (fo=0)                   0.000     0.000    cam_pclk
    F14                  IBUF (Prop_ibuf_I_O)         1.327     1.327 f  cam_pclk_IBUF_inst/O
                         net (fo=1, routed)           2.581     3.908    real_camera.phase_clock.sampling_clock/cam_pclk_IBUF
    MMCME2_ADV_X0Y0      MMCME2_ADV (Prop_mmcme2_adv_CLKIN1_CLKOUT0)
                                                     -6.061    -2.154 f  real_camera.phase_clock.sampling_clock/camera_mmcm/CLKOUT0
                         net (fo=1, routed)           1.357    -0.796    real_camera.phase_clock.sampling_clock/clock_raw
    BUFGCTRL_X0Y2        BUFG (Prop_bufg_I_O)         0.077    -0.719 f  real_camera.phase_clock.sampling_clock/sample_buffer/O
                         net (fo=496, routed)         1.403     0.684    real_camera.capture/pixel_fifo/wclk
    SLICE_X14Y107        FDCE                                         r  real_camera.capture/pixel_fifo/rgray_w1_reg[12]/C  (IS_INVERTED)
                         clock pessimism              0.000     0.684    
    SLICE_X14Y107        FDCE (Setup_fdce_C_D)       -0.029     0.655    real_camera.capture/pixel_fifo/rgray_w1_reg[12]
  -------------------------------------------------------------------
                         data arrival                           0.803    
                         clock arrival                          0.655    
  -------------------------------------------------------------------
                         relative delay                         0.148    

Reference path:
    Location             Delay type                Incr(ns)  Path(ns)    Netlist Resource(s)
  -------------------------------------------------------------------    -------------------
                         (clock core_raw rise edge)
                                                      0.000     0.000 r  
    R4                                                0.000     0.000 r  sys_clk (IN)
                         net (fo=0)                   0.000     0.000    sys_clk
    R4                   IBUF (Prop_ibuf_I_O)         1.366     1.366 r  sys_clk_IBUF_inst/O
                         net (fo=1, routed)           1.004     2.369    multiplied_clock.clock_generator/sys_clk_IBUF
    MMCME2_ADV_X1Y0      MMCME2_ADV (Prop_mmcme2_adv_CLKIN1_CLKOUT0)
                                                     -6.057    -3.688 r  multiplied_clock.clock_generator/mmcm/CLKOUT0
                         net (fo=1, routed)           1.352    -2.335    multiplied_clock.clock_generator/core_raw
    BUFGCTRL_X0Y1        BUFG (Prop_bufg_I_O)         0.077    -2.258 r  multiplied_clock.clock_generator/core_buffer/O
                         net (fo=18631, routed)       1.404    -0.854    real_camera.capture/pixel_fifo/core_clk
    SLICE_X10Y106        FDCE                                         r  real_camera.capture/pixel_fifo/rgray_reg[10]/C
  -------------------------------------------------------------------    -------------------
    SLICE_X10Y106        FDCE (Prop_fdce_C_Q)         0.347    -0.507 r  real_camera.capture/pixel_fifo/rgray_reg[10]/Q
                         net (fo=1, routed)           0.289    -0.218    real_camera.capture/pixel_fifo/rgray[10]
    SLICE_X10Y107        FDCE                                         r  real_camera.capture/pixel_fifo/rgray_w1_reg[10]/D
  -------------------------------------------------------------------    -------------------

                         (clock clock_raw fall edge)
                                                      0.000     0.000 f  
    F14                                               0.000     0.000 f  cam_pclk (IN)
                         net (fo=0)                   0.000     0.000    cam_pclk
    F14                  IBUF (Prop_ibuf_I_O)         1.392     1.392 f  cam_pclk_IBUF_inst/O
                         net (fo=1, routed)           3.115     4.507    real_camera.phase_clock.sampling_clock/cam_pclk_IBUF
    MMCME2_ADV_X0Y0      MMCME2_ADV (Prop_mmcme2_adv_CLKIN1_CLKOUT0)
                                                     -5.924    -1.417 f  real_camera.phase_clock.sampling_clock/camera_mmcm/CLKOUT0
                         net (fo=1, routed)           1.425     0.007    real_camera.phase_clock.sampling_clock/clock_raw
    BUFGCTRL_X0Y2        BUFG (Prop_bufg_I_O)         0.081     0.088 f  real_camera.phase_clock.sampling_clock/sample_buffer/O
                         net (fo=496, routed)         1.522     1.610    real_camera.capture/pixel_fifo/wclk
    SLICE_X10Y107        FDCE                                         r  real_camera.capture/pixel_fifo/rgray_w1_reg[10]/C  (IS_INVERTED)
                         clock pessimism              0.000     1.610    
    SLICE_X10Y107        FDCE (Hold_fdce_C_D)         0.191     1.801    real_camera.capture/pixel_fifo/rgray_w1_reg[10]
  -------------------------------------------------------------------
                         data arrival                          -0.218    
                         clock arrival                          1.801    
  -------------------------------------------------------------------
                         relative delay                        -2.019    



Id: 7
set_bus_skew -from [get_cells -hier -filter {IS_SEQUENTIAL == 1 && (NAME =~ *capture/*_gray_reg* || NAME =~ *capture/*_bin_reg*)}] -to [get_cells -hier -filter {IS_SEQUENTIAL == 1 && NAME =~ *capture/*_c1_reg*}] 13.250
Requirement: 13.250ns
Endpoints: 192

From Clock            To Clock              Endpoint Pin                    Reference Pin                   Corner  Actual(ns)  Slack(ns)
--------------------  --------------------  ------------------------------  ------------------------------  ------  ----------  ---------
clock_raw             core_raw              real_camera.capture/overflow_c1_reg[12]/D
                                                                            real_camera.capture/frames_c1_reg[11]/D
                                                                                                            Slow         1.191     12.059


Slack (MET) :             12.059ns  (requirement - actual skew)
  Endpoint Source:        real_camera.capture/overflow_gray_reg[12]/C
                            (falling edge-triggered cell FDCE clocked by clock_raw)
  Endpoint Destination:   real_camera.capture/overflow_c1_reg[12]/D
                            (rising edge-triggered cell FDCE clocked by core_raw)
  Reference Source:       real_camera.capture/frames_gray_reg[11]/C
                            (falling edge-triggered cell FDCE clocked by clock_raw)
  Reference Destination:  real_camera.capture/frames_c1_reg[11]/D
                            (rising edge-triggered cell FDCE clocked by core_raw)
  Path Type:              Bus Skew (Max at Slow Process Corner)
  Requirement:            13.250ns
  Endpoint Relative Delay:    3.758ns
  Reference Relative Delay:   1.509ns
  Relative CRPR:              1.276ns
  Uncertainty:                0.217ns
  Actual Bus Skew:            1.191ns  (Endpoint Relative Delay - Reference Relative Delay - Relative CRPR + Uncertainty)

Endpoint path:
    Location             Delay type                Incr(ns)  Path(ns)    Netlist Resource(s)
  -------------------------------------------------------------------    -------------------
                         (clock clock_raw fall edge)
                                                      0.000     0.000 f  
    F14                                               0.000     0.000 f  cam_pclk (IN)
                         net (fo=0)                   0.000     0.000    cam_pclk
    F14                  IBUF (Prop_ibuf_I_O)         1.392     1.392 f  cam_pclk_IBUF_inst/O
                         net (fo=1, routed)           3.115     4.507    real_camera.phase_clock.sampling_clock/cam_pclk_IBUF
    MMCME2_ADV_X0Y0      MMCME2_ADV (Prop_mmcme2_adv_CLKIN1_CLKOUT0)
                                                     -5.924    -1.417 f  real_camera.phase_clock.sampling_clock/camera_mmcm/CLKOUT0
                         net (fo=1, routed)           1.425     0.007    real_camera.phase_clock.sampling_clock/clock_raw
    BUFGCTRL_X0Y2        BUFG (Prop_bufg_I_O)         0.081     0.088 f  real_camera.phase_clock.sampling_clock/sample_buffer/O
                         net (fo=496, routed)         1.416     1.505    real_camera.capture/wclk
    SLICE_X60Y66         FDCE                                         r  real_camera.capture/overflow_gray_reg[12]/C  (IS_INVERTED)
  -------------------------------------------------------------------    -------------------
    SLICE_X60Y66         FDCE (Prop_fdce_C_Q)         0.402     1.907 r  real_camera.capture/overflow_gray_reg[12]/Q
                         net (fo=1, routed)           0.636     2.543    real_camera.capture/overflow_gray[12]
    SLICE_X57Y63         FDCE                                         r  real_camera.capture/overflow_c1_reg[12]/D
  -------------------------------------------------------------------    -------------------

                         (clock core_raw rise edge)
                                                      0.000     0.000 r  
    R4                                                0.000     0.000 r  sys_clk (IN)
                         net (fo=0)                   0.000     0.000    sys_clk
    R4                   IBUF (Prop_ibuf_I_O)         1.366     1.366 r  sys_clk_IBUF_inst/O
                         net (fo=1, routed)           1.004     2.369    multiplied_clock.clock_generator/sys_clk_IBUF
    MMCME2_ADV_X1Y0      MMCME2_ADV (Prop_mmcme2_adv_CLKIN1_CLKOUT0)
                                                     -6.057    -3.688 r  multiplied_clock.clock_generator/mmcm/CLKOUT0
                         net (fo=1, routed)           1.352    -2.335    multiplied_clock.clock_generator/core_raw
    BUFGCTRL_X0Y1        BUFG (Prop_bufg_I_O)         0.077    -2.258 r  multiplied_clock.clock_generator/core_buffer/O
                         net (fo=18631, routed)       1.246    -1.012    real_camera.capture/core_clk
    SLICE_X57Y63         FDCE                                         r  real_camera.capture/overflow_c1_reg[12]/C
                         clock pessimism              0.000    -1.012    
    SLICE_X57Y63         FDCE (Setup_fdce_C_D)       -0.203    -1.215    real_camera.capture/overflow_c1_reg[12]
  -------------------------------------------------------------------
                         data arrival                           2.543    
                         clock arrival                         -1.215    
  -------------------------------------------------------------------
                         relative delay                         3.758    

Reference path:
    Location             Delay type                Incr(ns)  Path(ns)    Netlist Resource(s)
  -------------------------------------------------------------------    -------------------
                         (clock clock_raw fall edge)
                                                      0.000     0.000 f  
    F14                                               0.000     0.000 f  cam_pclk (IN)
                         net (fo=0)                   0.000     0.000    cam_pclk
    F14                  IBUF (Prop_ibuf_I_O)         1.327     1.327 f  cam_pclk_IBUF_inst/O
                         net (fo=1, routed)           2.581     3.908    real_camera.phase_clock.sampling_clock/cam_pclk_IBUF
    MMCME2_ADV_X0Y0      MMCME2_ADV (Prop_mmcme2_adv_CLKIN1_CLKOUT0)
                                                     -6.061    -2.154 f  real_camera.phase_clock.sampling_clock/camera_mmcm/CLKOUT0
                         net (fo=1, routed)           1.357    -0.796    real_camera.phase_clock.sampling_clock/clock_raw
    BUFGCTRL_X0Y2        BUFG (Prop_bufg_I_O)         0.077    -0.719 f  real_camera.phase_clock.sampling_clock/sample_buffer/O
                         net (fo=496, routed)         1.303     0.584    real_camera.capture/wclk
    SLICE_X63Y76         FDCE                                         r  real_camera.capture/frames_gray_reg[11]/C  (IS_INVERTED)
  -------------------------------------------------------------------    -------------------
    SLICE_X63Y76         FDCE (Prop_fdce_C_Q)         0.308     0.892 r  real_camera.capture/frames_gray_reg[11]/Q
                         net (fo=1, routed)           0.290     1.182    real_camera.capture/frames_gray[11]
    SLICE_X64Y76         FDCE                                         r  real_camera.capture/frames_c1_reg[11]/D
  -------------------------------------------------------------------    -------------------

                         (clock core_raw rise edge)
                                                      0.000     0.000 r  
    R4                                                0.000     0.000 r  sys_clk (IN)
                         net (fo=0)                   0.000     0.000    sys_clk
    R4                   IBUF (Prop_ibuf_I_O)         1.432     1.432 r  sys_clk_IBUF_inst/O
                         net (fo=1, routed)           1.065     2.497    multiplied_clock.clock_generator/sys_clk_IBUF
    MMCME2_ADV_X1Y0      MMCME2_ADV (Prop_mmcme2_adv_CLKIN1_CLKOUT0)
                                                     -5.921    -3.424 r  multiplied_clock.clock_generator/mmcm/CLKOUT0
                         net (fo=1, routed)           1.421    -2.004    multiplied_clock.clock_generator/core_raw
    BUFGCTRL_X0Y1        BUFG (Prop_bufg_I_O)         0.081    -1.923 r  multiplied_clock.clock_generator/core_buffer/O
                         net (fo=18631, routed)       1.409    -0.513    real_camera.capture/core_clk
    SLICE_X64Y76         FDCE                                         r  real_camera.capture/frames_c1_reg[11]/C
                         clock pessimism              0.000    -0.513    
    SLICE_X64Y76         FDCE (Hold_fdce_C_D)         0.187    -0.326    real_camera.capture/frames_c1_reg[11]
  -------------------------------------------------------------------
                         data arrival                           1.182    
                         clock arrival                         -0.326    
  -------------------------------------------------------------------
                         relative delay                         1.509    



