Copyright 1986-2020 Xilinx, Inc. All Rights Reserved.
---------------------------------------------------------------------------------------------------------------------------------------------
| Tool Version : Vivado v.2020.1 (win64) Build 2902540 Wed May 27 19:54:49 MDT 2020
| Date         : Tue Sep 29 16:59:18 2026
| Host         : LAPTOP-JC5LPK9T running 64-bit major release  (build 9200)
| Command      : report_timing -max_paths 20 -file F:/zju/dasanshangkecheng/HDL/mjpeg/reports/camera/full_20260929_165333/critical_setup.rpt
| Design       : davinci_mjpeg_camera_top
| Device       : 7a35t-fgg484
| Speed File   : -2  PRODUCTION 1.23 2018-06-13
---------------------------------------------------------------------------------------------------------------------------------------------

Timing Report

Slack (MET) :             0.064ns  (required time - arrival time)
  Source:                 synchronous.link/held_data_reg[5]/C
                            (rising edge-triggered cell FDCE clocked by usb_clk  {rise@0.000ns fall@8.333ns period=16.667ns})
  Destination:            usb_data[5]
                            (output port clocked by usb_clk  {rise@0.000ns fall@8.333ns period=16.667ns})
  Path Group:             usb_clk
  Path Type:              Max at Slow Process Corner
  Requirement:            16.667ns  (usb_clk rise@16.667ns - usb_clk rise@0.000ns)
  Data Path Delay:        3.757ns  (logic 3.756ns (99.973%)  route 0.001ns (0.027%))
  Logic Levels:           1  (OBUFT=1)
  Output Delay:           8.000ns
  Clock Path Skew:        -4.660ns (DCD - SCD + CPR)
    Destination Clock Delay (DCD):    0.000ns = ( 16.667 - 16.667 ) 
    Source Clock Delay      (SCD):    4.660ns
    Clock Pessimism Removal (CPR):    0.000ns
  Clock Uncertainty:      0.185ns  ((TSJ^2 + TIJ^2)^1/2 + DJ) / 2 + PE + UU
    Total System Jitter     (TSJ):    0.071ns
    Total Input Jitter      (TIJ):    0.000ns
    Discrete Jitter          (DJ):    0.000ns
    Phase Error              (PE):    0.000ns
    User Uncertainty         (UU):    0.150ns

    Location             Delay type                Incr(ns)  Path(ns)    Netlist Resource(s)
  -------------------------------------------------------------------    -------------------
                         (clock usb_clk rise edge)    0.000     0.000 r  
    Y4                                                0.000     0.000 r  usb_clk_60m (IN)
                         net (fo=0)                   0.000     0.000    usb_clk_60m
    Y4                   IBUF (Prop_ibuf_I_O)         1.439     1.439 r  usb_clk_60m_IBUF_inst/O
                         net (fo=1, routed)           1.689     3.127    usb_clk_60m_IBUF
    BUFGCTRL_X0Y0        BUFG (Prop_bufg_I_O)         0.081     3.208 r  synchronous.usb_clock_buffer/O
                         net (fo=1013, routed)        1.452     4.660    synchronous.link/synchronous.usb_clk
    OLOGIC_X1Y35         FDCE                                         r  synchronous.link/held_data_reg[5]/C
  -------------------------------------------------------------------    -------------------
    OLOGIC_X1Y35         FDCE (Prop_fdce_C_Q)         0.418     5.078 r  synchronous.link/held_data_reg[5]/Q
                         net (fo=1, routed)           0.001     5.079    usb_data_IOBUF[5]_inst/I
    AB1                  OBUFT (Prop_obuft_I_O)       3.338     8.417 r  usb_data_IOBUF[5]_inst/OBUFT/O
                         net (fo=1, unset)            0.000     8.417    usb_data[5]
    AB1                                                               r  usb_data[5] (INOUT)
  -------------------------------------------------------------------    -------------------

                         (clock usb_clk rise edge)   16.667    16.667 r  
                         clock pessimism              0.000    16.667    
                         clock uncertainty           -0.185    16.482    
                         output delay                -8.000     8.482    
  -------------------------------------------------------------------
                         required time                          8.482    
                         arrival time                          -8.417    
  -------------------------------------------------------------------
                         slack                                  0.064    

Slack (MET) :             0.065ns  (required time - arrival time)
  Source:                 synchronous.link/held_data_reg[7]/C
                            (rising edge-triggered cell FDCE clocked by usb_clk  {rise@0.000ns fall@8.333ns period=16.667ns})
  Destination:            usb_data[7]
                            (output port clocked by usb_clk  {rise@0.000ns fall@8.333ns period=16.667ns})
  Path Group:             usb_clk
  Path Type:              Max at Slow Process Corner
  Requirement:            16.667ns  (usb_clk rise@16.667ns - usb_clk rise@0.000ns)
  Data Path Delay:        3.752ns  (logic 3.751ns (99.973%)  route 0.001ns (0.027%))
  Logic Levels:           1  (OBUFT=1)
  Output Delay:           8.000ns
  Clock Path Skew:        -4.665ns (DCD - SCD + CPR)
    Destination Clock Delay (DCD):    0.000ns = ( 16.667 - 16.667 ) 
    Source Clock Delay      (SCD):    4.665ns
    Clock Pessimism Removal (CPR):    0.000ns
  Clock Uncertainty:      0.185ns  ((TSJ^2 + TIJ^2)^1/2 + DJ) / 2 + PE + UU
    Total System Jitter     (TSJ):    0.071ns
    Total Input Jitter      (TIJ):    0.000ns
    Discrete Jitter          (DJ):    0.000ns
    Phase Error              (PE):    0.000ns
    User Uncertainty         (UU):    0.150ns

    Location             Delay type                Incr(ns)  Path(ns)    Netlist Resource(s)
  -------------------------------------------------------------------    -------------------
                         (clock usb_clk rise edge)    0.000     0.000 r  
    Y4                                                0.000     0.000 r  usb_clk_60m (IN)
                         net (fo=0)                   0.000     0.000    usb_clk_60m
    Y4                   IBUF (Prop_ibuf_I_O)         1.439     1.439 r  usb_clk_60m_IBUF_inst/O
                         net (fo=1, routed)           1.689     3.127    usb_clk_60m_IBUF
    BUFGCTRL_X0Y0        BUFG (Prop_bufg_I_O)         0.081     3.208 r  synchronous.usb_clock_buffer/O
                         net (fo=1013, routed)        1.457     4.665    synchronous.link/synchronous.usb_clk
    OLOGIC_X1Y39         FDCE                                         r  synchronous.link/held_data_reg[7]/C
  -------------------------------------------------------------------    -------------------
    OLOGIC_X1Y39         FDCE (Prop_fdce_C_Q)         0.418     5.083 r  synchronous.link/held_data_reg[7]/Q
                         net (fo=1, routed)           0.001     5.084    usb_data_IOBUF[7]_inst/I
    Y1                   OBUFT (Prop_obuft_I_O)       3.333     8.417 r  usb_data_IOBUF[7]_inst/OBUFT/O
                         net (fo=1, unset)            0.000     8.417    usb_data[7]
    Y1                                                                r  usb_data[7] (INOUT)
  -------------------------------------------------------------------    -------------------

                         (clock usb_clk rise edge)   16.667    16.667 r  
                         clock pessimism              0.000    16.667    
                         clock uncertainty           -0.185    16.482    
                         output delay                -8.000     8.482    
  -------------------------------------------------------------------
                         required time                          8.482    
                         arrival time                          -8.417    
  -------------------------------------------------------------------
                         slack                                  0.065    

Slack (MET) :             0.066ns  (required time - arrival time)
  Source:                 synchronous.link/held_data_reg[6]/C
                            (rising edge-triggered cell FDCE clocked by usb_clk  {rise@0.000ns fall@8.333ns period=16.667ns})
  Destination:            usb_data[6]
                            (output port clocked by usb_clk  {rise@0.000ns fall@8.333ns period=16.667ns})
  Path Group:             usb_clk
  Path Type:              Max at Slow Process Corner
  Requirement:            16.667ns  (usb_clk rise@16.667ns - usb_clk rise@0.000ns)
  Data Path Delay:        3.755ns  (logic 3.754ns (99.973%)  route 0.001ns (0.027%))
  Logic Levels:           1  (OBUFT=1)
  Output Delay:           8.000ns
  Clock Path Skew:        -4.660ns (DCD - SCD + CPR)
    Destination Clock Delay (DCD):    0.000ns = ( 16.667 - 16.667 ) 
    Source Clock Delay      (SCD):    4.660ns
    Clock Pessimism Removal (CPR):    0.000ns
  Clock Uncertainty:      0.185ns  ((TSJ^2 + TIJ^2)^1/2 + DJ) / 2 + PE + UU
    Total System Jitter     (TSJ):    0.071ns
    Total Input Jitter      (TIJ):    0.000ns
    Discrete Jitter          (DJ):    0.000ns
    Phase Error              (PE):    0.000ns
    User Uncertainty         (UU):    0.150ns

    Location             Delay type                Incr(ns)  Path(ns)    Netlist Resource(s)
  -------------------------------------------------------------------    -------------------
                         (clock usb_clk rise edge)    0.000     0.000 r  
    Y4                                                0.000     0.000 r  usb_clk_60m (IN)
                         net (fo=0)                   0.000     0.000    usb_clk_60m
    Y4                   IBUF (Prop_ibuf_I_O)         1.439     1.439 r  usb_clk_60m_IBUF_inst/O
                         net (fo=1, routed)           1.689     3.127    usb_clk_60m_IBUF
    BUFGCTRL_X0Y0        BUFG (Prop_bufg_I_O)         0.081     3.208 r  synchronous.usb_clock_buffer/O
                         net (fo=1013, routed)        1.452     4.660    synchronous.link/synchronous.usb_clk
    OLOGIC_X1Y36         FDCE                                         r  synchronous.link/held_data_reg[6]/C
  -------------------------------------------------------------------    -------------------
    OLOGIC_X1Y36         FDCE (Prop_fdce_C_Q)         0.418     5.078 r  synchronous.link/held_data_reg[6]/Q
                         net (fo=1, routed)           0.001     5.079    usb_data_IOBUF[6]_inst/I
    AA1                  OBUFT (Prop_obuft_I_O)       3.336     8.415 r  usb_data_IOBUF[6]_inst/OBUFT/O
                         net (fo=1, unset)            0.000     8.415    usb_data[6]
    AA1                                                               r  usb_data[6] (INOUT)
  -------------------------------------------------------------------    -------------------

                         (clock usb_clk rise edge)   16.667    16.667 r  
                         clock pessimism              0.000    16.667    
                         clock uncertainty           -0.185    16.482    
                         output delay                -8.000     8.482    
  -------------------------------------------------------------------
                         required time                          8.482    
                         arrival time                          -8.415    
  -------------------------------------------------------------------
                         slack                                  0.066    

Slack (MET) :             0.068ns  (required time - arrival time)
  Source:                 synchronous.link/held_data_reg[2]/C
                            (rising edge-triggered cell FDCE clocked by usb_clk  {rise@0.000ns fall@8.333ns period=16.667ns})
  Destination:            usb_data[2]
                            (output port clocked by usb_clk  {rise@0.000ns fall@8.333ns period=16.667ns})
  Path Group:             usb_clk
  Path Type:              Max at Slow Process Corner
  Requirement:            16.667ns  (usb_clk rise@16.667ns - usb_clk rise@0.000ns)
  Data Path Delay:        3.754ns  (logic 3.753ns (99.973%)  route 0.001ns (0.027%))
  Logic Levels:           1  (OBUFT=1)
  Output Delay:           8.000ns
  Clock Path Skew:        -4.660ns (DCD - SCD + CPR)
    Destination Clock Delay (DCD):    0.000ns = ( 16.667 - 16.667 ) 
    Source Clock Delay      (SCD):    4.660ns
    Clock Pessimism Removal (CPR):    0.000ns
  Clock Uncertainty:      0.185ns  ((TSJ^2 + TIJ^2)^1/2 + DJ) / 2 + PE + UU
    Total System Jitter     (TSJ):    0.071ns
    Total Input Jitter      (TIJ):    0.000ns
    Discrete Jitter          (DJ):    0.000ns
    Phase Error              (PE):    0.000ns
    User Uncertainty         (UU):    0.150ns

    Location             Delay type                Incr(ns)  Path(ns)    Netlist Resource(s)
  -------------------------------------------------------------------    -------------------
                         (clock usb_clk rise edge)    0.000     0.000 r  
    Y4                                                0.000     0.000 r  usb_clk_60m (IN)
                         net (fo=0)                   0.000     0.000    usb_clk_60m
    Y4                   IBUF (Prop_ibuf_I_O)         1.439     1.439 r  usb_clk_60m_IBUF_inst/O
                         net (fo=1, routed)           1.689     3.127    usb_clk_60m_IBUF
    BUFGCTRL_X0Y0        BUFG (Prop_bufg_I_O)         0.081     3.208 r  synchronous.usb_clock_buffer/O
                         net (fo=1013, routed)        1.452     4.660    synchronous.link/synchronous.usb_clk
    OLOGIC_X1Y34         FDCE                                         r  synchronous.link/held_data_reg[2]/C
  -------------------------------------------------------------------    -------------------
    OLOGIC_X1Y34         FDCE (Prop_fdce_C_Q)         0.418     5.078 r  synchronous.link/held_data_reg[2]/Q
                         net (fo=1, routed)           0.001     5.079    usb_data_IOBUF[2]_inst/I
    AB3                  OBUFT (Prop_obuft_I_O)       3.335     8.414 r  usb_data_IOBUF[2]_inst/OBUFT/O
                         net (fo=1, unset)            0.000     8.414    usb_data[2]
    AB3                                                               r  usb_data[2] (INOUT)
  -------------------------------------------------------------------    -------------------

                         (clock usb_clk rise edge)   16.667    16.667 r  
                         clock pessimism              0.000    16.667    
                         clock uncertainty           -0.185    16.482    
                         output delay                -8.000     8.482    
  -------------------------------------------------------------------
                         required time                          8.482    
                         arrival time                          -8.414    
  -------------------------------------------------------------------
                         slack                                  0.068    

Slack (MET) :             0.068ns  (required time - arrival time)
  Source:                 synchronous.link/held_data_reg[4]/C
                            (rising edge-triggered cell FDCE clocked by usb_clk  {rise@0.000ns fall@8.333ns period=16.667ns})
  Destination:            usb_data[4]
                            (output port clocked by usb_clk  {rise@0.000ns fall@8.333ns period=16.667ns})
  Path Group:             usb_clk
  Path Type:              Max at Slow Process Corner
  Requirement:            16.667ns  (usb_clk rise@16.667ns - usb_clk rise@0.000ns)
  Data Path Delay:        3.754ns  (logic 3.753ns (99.973%)  route 0.001ns (0.027%))
  Logic Levels:           1  (OBUFT=1)
  Output Delay:           8.000ns
  Clock Path Skew:        -4.660ns (DCD - SCD + CPR)
    Destination Clock Delay (DCD):    0.000ns = ( 16.667 - 16.667 ) 
    Source Clock Delay      (SCD):    4.660ns
    Clock Pessimism Removal (CPR):    0.000ns
  Clock Uncertainty:      0.185ns  ((TSJ^2 + TIJ^2)^1/2 + DJ) / 2 + PE + UU
    Total System Jitter     (TSJ):    0.071ns
    Total Input Jitter      (TIJ):    0.000ns
    Discrete Jitter          (DJ):    0.000ns
    Phase Error              (PE):    0.000ns
    User Uncertainty         (UU):    0.150ns

    Location             Delay type                Incr(ns)  Path(ns)    Netlist Resource(s)
  -------------------------------------------------------------------    -------------------
                         (clock usb_clk rise edge)    0.000     0.000 r  
    Y4                                                0.000     0.000 r  usb_clk_60m (IN)
                         net (fo=0)                   0.000     0.000    usb_clk_60m
    Y4                   IBUF (Prop_ibuf_I_O)         1.439     1.439 r  usb_clk_60m_IBUF_inst/O
                         net (fo=1, routed)           1.689     3.127    usb_clk_60m_IBUF
    BUFGCTRL_X0Y0        BUFG (Prop_bufg_I_O)         0.081     3.208 r  synchronous.usb_clock_buffer/O
                         net (fo=1013, routed)        1.452     4.660    synchronous.link/synchronous.usb_clk
    OLOGIC_X1Y33         FDCE                                         r  synchronous.link/held_data_reg[4]/C
  -------------------------------------------------------------------    -------------------
    OLOGIC_X1Y33         FDCE (Prop_fdce_C_Q)         0.418     5.078 r  synchronous.link/held_data_reg[4]/Q
                         net (fo=1, routed)           0.001     5.079    usb_data_IOBUF[4]_inst/I
    AB2                  OBUFT (Prop_obuft_I_O)       3.335     8.414 r  usb_data_IOBUF[4]_inst/OBUFT/O
                         net (fo=1, unset)            0.000     8.414    usb_data[4]
    AB2                                                               r  usb_data[4] (INOUT)
  -------------------------------------------------------------------    -------------------

                         (clock usb_clk rise edge)   16.667    16.667 r  
                         clock pessimism              0.000    16.667    
                         clock uncertainty           -0.185    16.482    
                         output delay                -8.000     8.482    
  -------------------------------------------------------------------
                         required time                          8.482    
                         arrival time                          -8.414    
  -------------------------------------------------------------------
                         slack                                  0.068    

Slack (MET) :             0.082ns  (required time - arrival time)
  Source:                 synchronous.link/held_data_reg[0]/C
                            (rising edge-triggered cell FDCE clocked by usb_clk  {rise@0.000ns fall@8.333ns period=16.667ns})
  Destination:            usb_data[0]
                            (output port clocked by usb_clk  {rise@0.000ns fall@8.333ns period=16.667ns})
  Path Group:             usb_clk
  Path Type:              Max at Slow Process Corner
  Requirement:            16.667ns  (usb_clk rise@16.667ns - usb_clk rise@0.000ns)
  Data Path Delay:        3.746ns  (logic 3.745ns (99.973%)  route 0.001ns (0.027%))
  Logic Levels:           1  (OBUFT=1)
  Output Delay:           8.000ns
  Clock Path Skew:        -4.654ns (DCD - SCD + CPR)
    Destination Clock Delay (DCD):    0.000ns = ( 16.667 - 16.667 ) 
    Source Clock Delay      (SCD):    4.654ns
    Clock Pessimism Removal (CPR):    0.000ns
  Clock Uncertainty:      0.185ns  ((TSJ^2 + TIJ^2)^1/2 + DJ) / 2 + PE + UU
    Total System Jitter     (TSJ):    0.071ns
    Total Input Jitter      (TIJ):    0.000ns
    Discrete Jitter          (DJ):    0.000ns
    Phase Error              (PE):    0.000ns
    User Uncertainty         (UU):    0.150ns

    Location             Delay type                Incr(ns)  Path(ns)    Netlist Resource(s)
  -------------------------------------------------------------------    -------------------
                         (clock usb_clk rise edge)    0.000     0.000 r  
    Y4                                                0.000     0.000 r  usb_clk_60m (IN)
                         net (fo=0)                   0.000     0.000    usb_clk_60m
    Y4                   IBUF (Prop_ibuf_I_O)         1.439     1.439 r  usb_clk_60m_IBUF_inst/O
                         net (fo=1, routed)           1.689     3.127    usb_clk_60m_IBUF
    BUFGCTRL_X0Y0        BUFG (Prop_bufg_I_O)         0.081     3.208 r  synchronous.usb_clock_buffer/O
                         net (fo=1013, routed)        1.446     4.654    synchronous.link/synchronous.usb_clk
    OLOGIC_X1Y29         FDCE                                         r  synchronous.link/held_data_reg[0]/C
  -------------------------------------------------------------------    -------------------
    OLOGIC_X1Y29         FDCE (Prop_fdce_C_Q)         0.418     5.072 r  synchronous.link/held_data_reg[0]/Q
                         net (fo=1, routed)           0.001     5.073    usb_data_IOBUF[0]_inst/I
    AB5                  OBUFT (Prop_obuft_I_O)       3.327     8.400 r  usb_data_IOBUF[0]_inst/OBUFT/O
                         net (fo=1, unset)            0.000     8.400    usb_data[0]
    AB5                                                               r  usb_data[0] (INOUT)
  -------------------------------------------------------------------    -------------------

                         (clock usb_clk rise edge)   16.667    16.667 r  
                         clock pessimism              0.000    16.667    
                         clock uncertainty           -0.185    16.482    
                         output delay                -8.000     8.482    
  -------------------------------------------------------------------
                         required time                          8.482    
                         arrival time                          -8.400    
  -------------------------------------------------------------------
                         slack                                  0.082    

Slack (MET) :             0.090ns  (required time - arrival time)
  Source:                 synchronous.link/held_data_reg[3]/C
                            (rising edge-triggered cell FDCE clocked by usb_clk  {rise@0.000ns fall@8.333ns period=16.667ns})
  Destination:            usb_data[3]
                            (output port clocked by usb_clk  {rise@0.000ns fall@8.333ns period=16.667ns})
  Path Group:             usb_clk
  Path Type:              Max at Slow Process Corner
  Requirement:            16.667ns  (usb_clk rise@16.667ns - usb_clk rise@0.000ns)
  Data Path Delay:        3.735ns  (logic 3.734ns (99.973%)  route 0.001ns (0.027%))
  Logic Levels:           1  (OBUFT=1)
  Output Delay:           8.000ns
  Clock Path Skew:        -4.657ns (DCD - SCD + CPR)
    Destination Clock Delay (DCD):    0.000ns = ( 16.667 - 16.667 ) 
    Source Clock Delay      (SCD):    4.657ns
    Clock Pessimism Removal (CPR):    0.000ns
  Clock Uncertainty:      0.185ns  ((TSJ^2 + TIJ^2)^1/2 + DJ) / 2 + PE + UU
    Total System Jitter     (TSJ):    0.071ns
    Total Input Jitter      (TIJ):    0.000ns
    Discrete Jitter          (DJ):    0.000ns
    Phase Error              (PE):    0.000ns
    User Uncertainty         (UU):    0.150ns

    Location             Delay type                Incr(ns)  Path(ns)    Netlist Resource(s)
  -------------------------------------------------------------------    -------------------
                         (clock usb_clk rise edge)    0.000     0.000 r  
    Y4                                                0.000     0.000 r  usb_clk_60m (IN)
                         net (fo=0)                   0.000     0.000    usb_clk_60m
    Y4                   IBUF (Prop_ibuf_I_O)         1.439     1.439 r  usb_clk_60m_IBUF_inst/O
                         net (fo=1, routed)           1.689     3.127    usb_clk_60m_IBUF
    BUFGCTRL_X0Y0        BUFG (Prop_bufg_I_O)         0.081     3.208 r  synchronous.usb_clock_buffer/O
                         net (fo=1013, routed)        1.449     4.657    synchronous.link/synchronous.usb_clk
    OLOGIC_X1Y31         FDCE                                         r  synchronous.link/held_data_reg[3]/C
  -------------------------------------------------------------------    -------------------
    OLOGIC_X1Y31         FDCE (Prop_fdce_C_Q)         0.418     5.075 r  synchronous.link/held_data_reg[3]/Q
                         net (fo=1, routed)           0.001     5.076    usb_data_IOBUF[3]_inst/I
    AA3                  OBUFT (Prop_obuft_I_O)       3.316     8.392 r  usb_data_IOBUF[3]_inst/OBUFT/O
                         net (fo=1, unset)            0.000     8.392    usb_data[3]
    AA3                                                               r  usb_data[3] (INOUT)
  -------------------------------------------------------------------    -------------------

                         (clock usb_clk rise edge)   16.667    16.667 r  
                         clock pessimism              0.000    16.667    
                         clock uncertainty           -0.185    16.482    
                         output delay                -8.000     8.482    
  -------------------------------------------------------------------
                         required time                          8.482    
                         arrival time                          -8.392    
  -------------------------------------------------------------------
                         slack                                  0.090    

Slack (MET) :             0.092ns  (required time - arrival time)
  Source:                 synchronous.link/wr_n_reg_rep/C
                            (rising edge-triggered cell FDPE clocked by usb_clk  {rise@0.000ns fall@8.333ns period=16.667ns})
  Destination:            usb_wr_n
                            (output port clocked by usb_clk  {rise@0.000ns fall@8.333ns period=16.667ns})
  Path Group:             usb_clk
  Path Type:              Max at Slow Process Corner
  Requirement:            16.667ns  (usb_clk rise@16.667ns - usb_clk rise@0.000ns)
  Data Path Delay:        3.732ns  (logic 3.731ns (99.973%)  route 0.001ns (0.027%))
  Logic Levels:           1  (OBUF=1)
  Output Delay:           8.000ns
  Clock Path Skew:        -4.657ns (DCD - SCD + CPR)
    Destination Clock Delay (DCD):    0.000ns = ( 16.667 - 16.667 ) 
    Source Clock Delay      (SCD):    4.657ns
    Clock Pessimism Removal (CPR):    0.000ns
  Clock Uncertainty:      0.185ns  ((TSJ^2 + TIJ^2)^1/2 + DJ) / 2 + PE + UU
    Total System Jitter     (TSJ):    0.071ns
    Total Input Jitter      (TIJ):    0.000ns
    Discrete Jitter          (DJ):    0.000ns
    Phase Error              (PE):    0.000ns
    User Uncertainty         (UU):    0.150ns

    Location             Delay type                Incr(ns)  Path(ns)    Netlist Resource(s)
  -------------------------------------------------------------------    -------------------
                         (clock usb_clk rise edge)    0.000     0.000 r  
    Y4                                                0.000     0.000 r  usb_clk_60m (IN)
                         net (fo=0)                   0.000     0.000    usb_clk_60m
    Y4                   IBUF (Prop_ibuf_I_O)         1.439     1.439 r  usb_clk_60m_IBUF_inst/O
                         net (fo=1, routed)           1.689     3.127    usb_clk_60m_IBUF
    BUFGCTRL_X0Y0        BUFG (Prop_bufg_I_O)         0.081     3.208 r  synchronous.usb_clock_buffer/O
                         net (fo=1013, routed)        1.449     4.657    synchronous.link/synchronous.usb_clk
    OLOGIC_X1Y32         FDPE                                         r  synchronous.link/wr_n_reg_rep/C
  -------------------------------------------------------------------    -------------------
    OLOGIC_X1Y32         FDPE (Prop_fdpe_C_Q)         0.418     5.075 r  synchronous.link/wr_n_reg_rep/Q
                         net (fo=1, routed)           0.001     5.076    usb_wr_n_OBUF
    Y3                   OBUF (Prop_obuf_I_O)         3.313     8.389 r  usb_wr_n_OBUF_inst/O
                         net (fo=0)                   0.000     8.389    usb_wr_n
    Y3                                                                r  usb_wr_n (OUT)
  -------------------------------------------------------------------    -------------------

                         (clock usb_clk rise edge)   16.667    16.667 r  
                         clock pessimism              0.000    16.667    
                         clock uncertainty           -0.185    16.482    
                         output delay                -8.000     8.482    
  -------------------------------------------------------------------
                         required time                          8.482    
                         arrival time                          -8.389    
  -------------------------------------------------------------------
                         slack                                  0.092    

Slack (MET) :             0.094ns  (required time - arrival time)
  Source:                 synchronous.link/oe_n_reg/C
                            (rising edge-triggered cell FDPE clocked by usb_clk  {rise@0.000ns fall@8.333ns period=16.667ns})
  Destination:            usb_oe_n
                            (output port clocked by usb_clk  {rise@0.000ns fall@8.333ns period=16.667ns})
  Path Group:             usb_clk
  Path Type:              Max at Slow Process Corner
  Requirement:            16.667ns  (usb_clk rise@16.667ns - usb_clk rise@0.000ns)
  Data Path Delay:        3.724ns  (logic 3.723ns (99.973%)  route 0.001ns (0.027%))
  Logic Levels:           1  (OBUF=1)
  Output Delay:           8.000ns
  Clock Path Skew:        -4.663ns (DCD - SCD + CPR)
    Destination Clock Delay (DCD):    0.000ns = ( 16.667 - 16.667 ) 
    Source Clock Delay      (SCD):    4.663ns
    Clock Pessimism Removal (CPR):    0.000ns
  Clock Uncertainty:      0.185ns  ((TSJ^2 + TIJ^2)^1/2 + DJ) / 2 + PE + UU
    Total System Jitter     (TSJ):    0.071ns
    Total Input Jitter      (TIJ):    0.000ns
    Discrete Jitter          (DJ):    0.000ns
    Phase Error              (PE):    0.000ns
    User Uncertainty         (UU):    0.150ns

    Location             Delay type                Incr(ns)  Path(ns)    Netlist Resource(s)
  -------------------------------------------------------------------    -------------------
                         (clock usb_clk rise edge)    0.000     0.000 r  
    Y4                                                0.000     0.000 r  usb_clk_60m (IN)
                         net (fo=0)                   0.000     0.000    usb_clk_60m
    Y4                   IBUF (Prop_ibuf_I_O)         1.439     1.439 r  usb_clk_60m_IBUF_inst/O
                         net (fo=1, routed)           1.689     3.127    usb_clk_60m_IBUF
    BUFGCTRL_X0Y0        BUFG (Prop_bufg_I_O)         0.081     3.208 r  synchronous.usb_clock_buffer/O
                         net (fo=1013, routed)        1.455     4.663    synchronous.link/synchronous.usb_clk
    OLOGIC_X1Y38         FDPE                                         r  synchronous.link/oe_n_reg/C
  -------------------------------------------------------------------    -------------------
    OLOGIC_X1Y38         FDPE (Prop_fdpe_C_Q)         0.418     5.081 r  synchronous.link/oe_n_reg/Q
                         net (fo=1, routed)           0.001     5.082    usb_oe_n_OBUF
    U3                   OBUF (Prop_obuf_I_O)         3.305     8.387 r  usb_oe_n_OBUF_inst/O
                         net (fo=0)                   0.000     8.387    usb_oe_n
    U3                                                                r  usb_oe_n (OUT)
  -------------------------------------------------------------------    -------------------

                         (clock usb_clk rise edge)   16.667    16.667 r  
                         clock pessimism              0.000    16.667    
                         clock uncertainty           -0.185    16.482    
                         output delay                -8.000     8.482    
  -------------------------------------------------------------------
                         required time                          8.482    
                         arrival time                          -8.387    
  -------------------------------------------------------------------
                         slack                                  0.094    

Slack (MET) :             0.101ns  (required time - arrival time)
  Source:                 synchronous.link/held_data_reg[1]/C
                            (rising edge-triggered cell FDCE clocked by usb_clk  {rise@0.000ns fall@8.333ns period=16.667ns})
  Destination:            usb_data[1]
                            (output port clocked by usb_clk  {rise@0.000ns fall@8.333ns period=16.667ns})
  Path Group:             usb_clk
  Path Type:              Max at Slow Process Corner
  Requirement:            16.667ns  (usb_clk rise@16.667ns - usb_clk rise@0.000ns)
  Data Path Delay:        3.728ns  (logic 3.727ns (99.973%)  route 0.001ns (0.027%))
  Logic Levels:           1  (OBUFT=1)
  Output Delay:           8.000ns
  Clock Path Skew:        -4.653ns (DCD - SCD + CPR)
    Destination Clock Delay (DCD):    0.000ns = ( 16.667 - 16.667 ) 
    Source Clock Delay      (SCD):    4.653ns
    Clock Pessimism Removal (CPR):    0.000ns
  Clock Uncertainty:      0.185ns  ((TSJ^2 + TIJ^2)^1/2 + DJ) / 2 + PE + UU
    Total System Jitter     (TSJ):    0.071ns
    Total Input Jitter      (TIJ):    0.000ns
    Discrete Jitter          (DJ):    0.000ns
    Phase Error              (PE):    0.000ns
    User Uncertainty         (UU):    0.150ns

    Location             Delay type                Incr(ns)  Path(ns)    Netlist Resource(s)
  -------------------------------------------------------------------    -------------------
                         (clock usb_clk rise edge)    0.000     0.000 r  
    Y4                                                0.000     0.000 r  usb_clk_60m (IN)
                         net (fo=0)                   0.000     0.000    usb_clk_60m
    Y4                   IBUF (Prop_ibuf_I_O)         1.439     1.439 r  usb_clk_60m_IBUF_inst/O
                         net (fo=1, routed)           1.689     3.127    usb_clk_60m_IBUF
    BUFGCTRL_X0Y0        BUFG (Prop_bufg_I_O)         0.081     3.208 r  synchronous.usb_clock_buffer/O
                         net (fo=1013, routed)        1.445     4.653    synchronous.link/synchronous.usb_clk
    OLOGIC_X1Y27         FDCE                                         r  synchronous.link/held_data_reg[1]/C
  -------------------------------------------------------------------    -------------------
    OLOGIC_X1Y27         FDCE (Prop_fdce_C_Q)         0.418     5.071 r  synchronous.link/held_data_reg[1]/Q
                         net (fo=1, routed)           0.001     5.072    usb_data_IOBUF[1]_inst/I
    AA4                  OBUFT (Prop_obuft_I_O)       3.309     8.381 r  usb_data_IOBUF[1]_inst/OBUFT/O
                         net (fo=1, unset)            0.000     8.381    usb_data[1]
    AA4                                                               r  usb_data[1] (INOUT)
  -------------------------------------------------------------------    -------------------

                         (clock usb_clk rise edge)   16.667    16.667 r  
                         clock pessimism              0.000    16.667    
                         clock uncertainty           -0.185    16.482    
                         output delay                -8.000     8.482    
  -------------------------------------------------------------------
                         required time                          8.482    
                         arrival time                          -8.381    
  -------------------------------------------------------------------
                         slack                                  0.101    

Slack (MET) :             0.111ns  (required time - arrival time)
  Source:                 synchronous.link/rd_n_reg_rep/C
                            (rising edge-triggered cell FDPE clocked by usb_clk  {rise@0.000ns fall@8.333ns period=16.667ns})
  Destination:            usb_rd_n
                            (output port clocked by usb_clk  {rise@0.000ns fall@8.333ns period=16.667ns})
  Path Group:             usb_clk
  Path Type:              Max at Slow Process Corner
  Requirement:            16.667ns  (usb_clk rise@16.667ns - usb_clk rise@0.000ns)
  Data Path Delay:        3.719ns  (logic 3.718ns (99.973%)  route 0.001ns (0.027%))
  Logic Levels:           1  (OBUF=1)
  Output Delay:           8.000ns
  Clock Path Skew:        -4.651ns (DCD - SCD + CPR)
    Destination Clock Delay (DCD):    0.000ns = ( 16.667 - 16.667 ) 
    Source Clock Delay      (SCD):    4.651ns
    Clock Pessimism Removal (CPR):    0.000ns
  Clock Uncertainty:      0.185ns  ((TSJ^2 + TIJ^2)^1/2 + DJ) / 2 + PE + UU
    Total System Jitter     (TSJ):    0.071ns
    Total Input Jitter      (TIJ):    0.000ns
    Discrete Jitter          (DJ):    0.000ns
    Phase Error              (PE):    0.000ns
    User Uncertainty         (UU):    0.150ns

    Location             Delay type                Incr(ns)  Path(ns)    Netlist Resource(s)
  -------------------------------------------------------------------    -------------------
                         (clock usb_clk rise edge)    0.000     0.000 r  
    Y4                                                0.000     0.000 r  usb_clk_60m (IN)
                         net (fo=0)                   0.000     0.000    usb_clk_60m
    Y4                   IBUF (Prop_ibuf_I_O)         1.439     1.439 r  usb_clk_60m_IBUF_inst/O
                         net (fo=1, routed)           1.689     3.127    usb_clk_60m_IBUF
    BUFGCTRL_X0Y0        BUFG (Prop_bufg_I_O)         0.081     3.208 r  synchronous.usb_clock_buffer/O
                         net (fo=1013, routed)        1.443     4.651    synchronous.link/synchronous.usb_clk
    OLOGIC_X1Y26         FDPE                                         r  synchronous.link/rd_n_reg_rep/C
  -------------------------------------------------------------------    -------------------
    OLOGIC_X1Y26         FDPE (Prop_fdpe_C_Q)         0.418     5.069 r  synchronous.link/rd_n_reg_rep/Q
                         net (fo=1, routed)           0.001     5.070    usb_rd_n_OBUF
    V4                   OBUF (Prop_obuf_I_O)         3.300     8.371 r  usb_rd_n_OBUF_inst/O
                         net (fo=0)                   0.000     8.371    usb_rd_n
    V4                                                                r  usb_rd_n (OUT)
  -------------------------------------------------------------------    -------------------

                         (clock usb_clk rise edge)   16.667    16.667 r  
                         clock pessimism              0.000    16.667    
                         clock uncertainty           -0.185    16.482    
                         output delay                -8.000     8.482    
  -------------------------------------------------------------------
                         required time                          8.482    
                         arrival time                          -8.371    
  -------------------------------------------------------------------
                         slack                                  0.111    

Slack (MET) :             0.118ns  (required time - arrival time)
  Source:                 engine/codec/encoder/payload_arbiter/output_buffer/head_reg[148]/C
                            (rising edge-triggered cell FDRE clocked by core_raw  {rise@0.000ns fall@5.000ns period=10.000ns})
  Destination:            engine/codec/aggregate.collector/data_reg[92]/D
                            (rising edge-triggered cell FDCE clocked by core_raw  {rise@0.000ns fall@5.000ns period=10.000ns})
  Path Group:             core_raw
  Path Type:              Setup (Max at Slow Process Corner)
  Requirement:            10.000ns  (core_raw rise@10.000ns - core_raw rise@0.000ns)
  Data Path Delay:        9.807ns  (logic 3.342ns (34.078%)  route 6.465ns (65.922%))
  Logic Levels:           15  (CARRY4=4 LUT2=1 LUT3=2 LUT4=1 LUT5=3 LUT6=4)
  Clock Path Skew:        -0.058ns (DCD - SCD + CPR)
    Destination Clock Delay (DCD):    -1.027ns = ( 8.973 - 10.000 ) 
    Source Clock Delay      (SCD):    -0.567ns
    Clock Pessimism Removal (CPR):    0.402ns
  Clock Uncertainty:      0.047ns  ((TSJ^2 + DJ^2)^1/2) / 2 + PE
    Total System Jitter     (TSJ):    0.071ns
    Discrete Jitter          (DJ):    0.063ns
    Phase Error              (PE):    0.000ns

    Location             Delay type                Incr(ns)  Path(ns)    Netlist Resource(s)
  -------------------------------------------------------------------    -------------------
                         (clock core_raw rise edge)
                                                      0.000     0.000 r  
    R4                                                0.000     0.000 r  sys_clk (IN)
                         net (fo=0)                   0.000     0.000    sys_clk
    R4                   IBUF (Prop_ibuf_I_O)         1.432     1.432 r  sys_clk_IBUF_inst/O
                         net (fo=1, routed)           1.065     2.497    multiplied_clock.clock_generator/sys_clk_IBUF
    MMCME2_ADV_X1Y0      MMCME2_ADV (Prop_mmcme2_adv_CLKIN1_CLKOUT0)
                                                     -5.921    -3.424 r  multiplied_clock.clock_generator/mmcm/CLKOUT0
                         net (fo=1, routed)           1.421    -2.004    multiplied_clock.clock_generator/core_raw
    BUFGCTRL_X0Y1        BUFG (Prop_bufg_I_O)         0.081    -1.923 r  multiplied_clock.clock_generator/core_buffer/O
                         net (fo=18631, routed)       1.355    -0.567    engine/codec/encoder/payload_arbiter/output_buffer/core_clk
    SLICE_X41Y95         FDRE                                         r  engine/codec/encoder/payload_arbiter/output_buffer/head_reg[148]/C
  -------------------------------------------------------------------    -------------------
    SLICE_X41Y95         FDRE (Prop_fdre_C_Q)         0.379    -0.188 r  engine/codec/encoder/payload_arbiter/output_buffer/head_reg[148]/Q
                         net (fo=2, routed)           0.976     0.787    engine/codec/encoder/payload_arbiter/output_buffer/head_reg[168]_0[15]
    SLICE_X40Y91         LUT6 (Prop_lut6_I2_O)        0.105     0.892 r  engine/codec/encoder/payload_arbiter/output_buffer/tail_valid_i_13/O
                         net (fo=1, routed)           0.000     0.892    engine/codec/encoder/payload_arbiter/output_buffer/tail_valid_i_13_n_0
    SLICE_X40Y91         CARRY4 (Prop_carry4_S[0]_CO[3])
                                                      0.440     1.332 r  engine/codec/encoder/payload_arbiter/output_buffer/tail_valid_reg_i_5/CO[3]
                         net (fo=1, routed)           0.000     1.332    engine/codec/encoder/payload_arbiter/output_buffer/tail_valid_reg_i_5_n_0
    SLICE_X40Y92         CARRY4 (Prop_carry4_CI_CO[2])
                                                      0.190     1.522 f  engine/codec/encoder/payload_arbiter/output_buffer/tail_valid_reg_i_4/CO[2]
                         net (fo=1, routed)           0.250     1.772    engine/codec/encoder/payload_arbiter/output_buffer/aggregate.collector/same_frame0
    SLICE_X39Y92         LUT6 (Prop_lut6_I2_O)        0.261     2.033 f  engine/codec/encoder/payload_arbiter/output_buffer/tail_valid_i_3__0/O
                         net (fo=2, routed)           0.352     2.385    engine/codec/aggregate.collector/tail_reg[166]
    SLICE_X37Y90         LUT6 (Prop_lut6_I5_O)        0.105     2.490 r  engine/codec/aggregate.collector/i___1_i_5/O
                         net (fo=1, routed)           0.112     2.602    engine/codec/aggregate.collector/i___1_i_5_n_0
    SLICE_X37Y90         LUT5 (Prop_lut5_I2_O)        0.105     2.707 f  engine/codec/aggregate.collector/i___1_i_3/O
                         net (fo=4, routed)           0.235     2.941    engine/codec/aggregate.collector/head_valid_reg
    SLICE_X37Y89         LUT4 (Prop_lut4_I3_O)        0.105     3.046 r  engine/codec/aggregate.collector/data[255]_i_4/O
                         net (fo=266, routed)         0.518     3.564    engine/codec/aggregate.collector/pop
    SLICE_X37Y87         LUT3 (Prop_lut3_I2_O)        0.105     3.669 r  engine/codec/aggregate.collector/count[4]_i_7/O
                         net (fo=1, routed)           0.000     3.669    engine/codec/aggregate.collector/count[4]_i_7_n_0
    SLICE_X37Y87         CARRY4 (Prop_carry4_S[0]_CO[3])
                                                      0.440     4.109 r  engine/codec/aggregate.collector/count_reg[4]_i_3/CO[3]
                         net (fo=1, routed)           0.000     4.109    engine/codec/aggregate.collector/count_reg[4]_i_3_n_0
    SLICE_X37Y88         CARRY4 (Prop_carry4_CI_O[1])
                                                      0.265     4.374 f  engine/codec/aggregate.collector/count_reg[5]_i_2/O[1]
                         net (fo=145, routed)         0.922     5.296    engine/codec/encoder/payload_arbiter/output_buffer/next_data2[5]
    SLICE_X49Y93         LUT6 (Prop_lut6_I5_O)        0.250     5.546 f  engine/codec/encoder/payload_arbiter/output_buffer/data[172]_i_5/O
                         net (fo=3, routed)           0.996     6.542    engine/codec/encoder/payload_arbiter/output_buffer/data[172]_i_5_n_0
    SLICE_X43Y92         LUT3 (Prop_lut3_I2_O)        0.115     6.657 f  engine/codec/encoder/payload_arbiter/output_buffer/data[252]_i_4/O
                         net (fo=3, routed)           0.920     7.576    engine/codec/encoder/payload_arbiter/output_buffer/data[252]_i_4_n_0
    SLICE_X41Y82         LUT2 (Prop_lut2_I1_O)        0.267     7.843 r  engine/codec/encoder/payload_arbiter/output_buffer/data[156]_i_2/O
                         net (fo=3, routed)           0.480     8.324    engine/codec/encoder/payload_arbiter/output_buffer/count_reg[3]_14
    SLICE_X43Y82         LUT5 (Prop_lut5_I3_O)        0.105     8.429 r  engine/codec/encoder/payload_arbiter/output_buffer/data[220]_i_3/O
                         net (fo=2, routed)           0.706     9.134    engine/codec/aggregate.collector/data_reg[92]_0
    SLICE_X43Y73         LUT5 (Prop_lut5_I1_O)        0.105     9.239 r  engine/codec/aggregate.collector/data[92]_i_1/O
                         net (fo=1, routed)           0.000     9.239    engine/codec/aggregate.collector/next_data[92]
    SLICE_X43Y73         FDCE                                         r  engine/codec/aggregate.collector/data_reg[92]/D
  -------------------------------------------------------------------    -------------------

                         (clock core_raw rise edge)
                                                     10.000    10.000 r  
    R4                                                0.000    10.000 r  sys_clk (IN)
                         net (fo=0)                   0.000    10.000    sys_clk
    R4                   IBUF (Prop_ibuf_I_O)         1.366    11.366 r  sys_clk_IBUF_inst/O
                         net (fo=1, routed)           1.004    12.369    multiplied_clock.clock_generator/sys_clk_IBUF
    MMCME2_ADV_X1Y0      MMCME2_ADV (Prop_mmcme2_adv_CLKIN1_CLKOUT0)
                                                     -6.057     6.312 r  multiplied_clock.clock_generator/mmcm/CLKOUT0
                         net (fo=1, routed)           1.352     7.665    multiplied_clock.clock_generator/core_raw
    BUFGCTRL_X0Y1        BUFG (Prop_bufg_I_O)         0.077     7.742 r  multiplied_clock.clock_generator/core_buffer/O
                         net (fo=18631, routed)       1.231     8.973    engine/codec/aggregate.collector/core_clk
    SLICE_X43Y73         FDCE                                         r  engine/codec/aggregate.collector/data_reg[92]/C
                         clock pessimism              0.402     9.375    
                         clock uncertainty           -0.047     9.327    
    SLICE_X43Y73         FDCE (Setup_fdce_C_D)        0.030     9.357    engine/codec/aggregate.collector/data_reg[92]
  -------------------------------------------------------------------
                         required time                          9.357    
                         arrival time                          -9.239    
  -------------------------------------------------------------------
                         slack                                  0.118    

Slack (MET) :             0.217ns  (required time - arrival time)
  Source:                 cam_vsync
                            (input port clocked by cam_clk  {rise@0.000ns fall@6.625ns period=13.250ns})
  Destination:            real_camera.pin_vsync_reg/D
                            (falling edge-triggered cell FDRE clocked by clock_raw  {rise@-1.104ns fall@5.521ns period=13.250ns})
  Path Group:             clock_raw
  Path Type:              Setup (Max at Slow Process Corner)
  Requirement:            12.146ns  (clock_raw fall@18.771ns - cam_clk fall@6.625ns)
  Data Path Delay:        2.236ns  (logic 1.396ns (62.444%)  route 0.840ns (37.556%))
  Logic Levels:           1  (IBUF=1)
  Input Delay:            10.000ns
  Clock Path Skew:        0.750ns (DCD - SCD + CPR)
    Destination Clock Delay (DCD):    0.750ns = ( 19.520 - 18.771 ) 
    Source Clock Delay      (SCD):    0.000ns = ( 6.625 - 6.625 ) 
    Clock Pessimism Removal (CPR):    0.000ns
  Clock Uncertainty:      0.404ns  ((TSJ^2 + DJ^2)^1/2) / 2 + PE + UU
    Total System Jitter     (TSJ):    0.071ns
    Discrete Jitter          (DJ):    0.114ns
    Phase Error              (PE):    0.087ns
    User Uncertainty         (UU):    0.250ns

    Location             Delay type                Incr(ns)  Path(ns)    Netlist Resource(s)
  -------------------------------------------------------------------    -------------------
                         (clock cam_clk fall edge)    6.625     6.625 f  
                         input delay                 10.000    16.625    
    E16                                               0.000    16.625 r  cam_vsync (IN)
                         net (fo=0)                   0.000    16.625    cam_vsync
    E16                  IBUF (Prop_ibuf_I_O)         1.396    18.021 r  cam_vsync_IBUF_inst/O
                         net (fo=1, routed)           0.840    18.861    cam_vsync_IBUF
    SLICE_X0Y137         FDRE                                         r  real_camera.pin_vsync_reg/D
  -------------------------------------------------------------------    -------------------

                         (clock clock_raw fall edge)
                                                     18.771    18.771 f  
    F14                                               0.000    18.771 f  cam_pclk (IN)
                         net (fo=0)                   0.000    18.771    cam_pclk
    F14                  IBUF (Prop_ibuf_I_O)         1.327    20.097 f  cam_pclk_IBUF_inst/O
                         net (fo=1, routed)           2.581    22.678    real_camera.phase_clock.sampling_clock/cam_pclk_IBUF
    MMCME2_ADV_X0Y0      MMCME2_ADV (Prop_mmcme2_adv_CLKIN1_CLKOUT0)
                                                     -6.061    16.617 f  real_camera.phase_clock.sampling_clock/camera_mmcm/CLKOUT0
                         net (fo=1, routed)           1.357    17.975    real_camera.phase_clock.sampling_clock/clock_raw
    BUFGCTRL_X0Y2        BUFG (Prop_bufg_I_O)         0.077    18.052 f  real_camera.phase_clock.sampling_clock/sample_buffer/O
                         net (fo=496, routed)         1.469    19.520    real_camera.pclk
    SLICE_X0Y137         FDRE                                         r  real_camera.pin_vsync_reg/C  (IS_INVERTED)
                         clock pessimism              0.000    19.520    
                         clock uncertainty           -0.404    19.116    
    SLICE_X0Y137         FDRE (Setup_fdre_C_D)       -0.038    19.078    real_camera.pin_vsync_reg
  -------------------------------------------------------------------
                         required time                         19.078    
                         arrival time                         -18.861    
  -------------------------------------------------------------------
                         slack                                  0.217    

Slack (MET) :             0.224ns  (required time - arrival time)
  Source:                 cam_data[6]
                            (input port clocked by cam_clk  {rise@0.000ns fall@6.625ns period=13.250ns})
  Destination:            real_camera.pin_data_reg[6]/D
                            (falling edge-triggered cell FDRE clocked by clock_raw  {rise@-1.104ns fall@5.521ns period=13.250ns})
  Path Group:             clock_raw
  Path Type:              Setup (Max at Slow Process Corner)
  Requirement:            12.146ns  (clock_raw fall@18.771ns - cam_clk fall@6.625ns)
  Data Path Delay:        2.231ns  (logic 1.410ns (63.196%)  route 0.821ns (36.804%))
  Logic Levels:           1  (IBUF=1)
  Input Delay:            10.000ns
  Clock Path Skew:        0.752ns (DCD - SCD + CPR)
    Destination Clock Delay (DCD):    0.752ns = ( 19.522 - 18.771 ) 
    Source Clock Delay      (SCD):    0.000ns = ( 6.625 - 6.625 ) 
    Clock Pessimism Removal (CPR):    0.000ns
  Clock Uncertainty:      0.404ns  ((TSJ^2 + DJ^2)^1/2) / 2 + PE + UU
    Total System Jitter     (TSJ):    0.071ns
    Discrete Jitter          (DJ):    0.114ns
    Phase Error              (PE):    0.087ns
    User Uncertainty         (UU):    0.250ns

    Location             Delay type                Incr(ns)  Path(ns)    Netlist Resource(s)
  -------------------------------------------------------------------    -------------------
                         (clock cam_clk fall edge)    6.625     6.625 f  
                         input delay                 10.000    16.625    
    E13                                               0.000    16.625 r  cam_data[6] (IN)
                         net (fo=0)                   0.000    16.625    cam_data[6]
    E13                  IBUF (Prop_ibuf_I_O)         1.410    18.035 r  cam_data_IBUF[6]_inst/O
                         net (fo=1, routed)           0.821    18.856    cam_data_IBUF[6]
    SLICE_X3Y141         FDRE                                         r  real_camera.pin_data_reg[6]/D
  -------------------------------------------------------------------    -------------------

                         (clock clock_raw fall edge)
                                                     18.771    18.771 f  
    F14                                               0.000    18.771 f  cam_pclk (IN)
                         net (fo=0)                   0.000    18.771    cam_pclk
    F14                  IBUF (Prop_ibuf_I_O)         1.327    20.097 f  cam_pclk_IBUF_inst/O
                         net (fo=1, routed)           2.581    22.678    real_camera.phase_clock.sampling_clock/cam_pclk_IBUF
    MMCME2_ADV_X0Y0      MMCME2_ADV (Prop_mmcme2_adv_CLKIN1_CLKOUT0)
                                                     -6.061    16.617 f  real_camera.phase_clock.sampling_clock/camera_mmcm/CLKOUT0
                         net (fo=1, routed)           1.357    17.975    real_camera.phase_clock.sampling_clock/clock_raw
    BUFGCTRL_X0Y2        BUFG (Prop_bufg_I_O)         0.077    18.052 f  real_camera.phase_clock.sampling_clock/sample_buffer/O
                         net (fo=496, routed)         1.471    19.522    real_camera.pclk
    SLICE_X3Y141         FDRE                                         r  real_camera.pin_data_reg[6]/C  (IS_INVERTED)
                         clock pessimism              0.000    19.522    
                         clock uncertainty           -0.404    19.118    
    SLICE_X3Y141         FDRE (Setup_fdre_C_D)       -0.038    19.080    real_camera.pin_data_reg[6]
  -------------------------------------------------------------------
                         required time                         19.080    
                         arrival time                         -18.856    
  -------------------------------------------------------------------
                         slack                                  0.224    

Slack (MET) :             0.265ns  (required time - arrival time)
  Source:                 engine/codec/encoder/payload_arbiter/output_buffer/head_reg[148]/C
                            (rising edge-triggered cell FDRE clocked by core_raw  {rise@0.000ns fall@5.000ns period=10.000ns})
  Destination:            engine/codec/aggregate.collector/data_reg[148]/D
                            (rising edge-triggered cell FDCE clocked by core_raw  {rise@0.000ns fall@5.000ns period=10.000ns})
  Path Group:             core_raw
  Path Type:              Setup (Max at Slow Process Corner)
  Requirement:            10.000ns  (core_raw rise@10.000ns - core_raw rise@0.000ns)
  Data Path Delay:        9.728ns  (logic 3.545ns (36.442%)  route 6.183ns (63.558%))
  Logic Levels:           15  (CARRY4=4 LUT2=1 LUT3=2 LUT4=1 LUT5=1 LUT6=6)
  Clock Path Skew:        -0.036ns (DCD - SCD + CPR)
    Destination Clock Delay (DCD):    -1.021ns = ( 8.979 - 10.000 ) 
    Source Clock Delay      (SCD):    -0.567ns
    Clock Pessimism Removal (CPR):    0.418ns
  Clock Uncertainty:      0.047ns  ((TSJ^2 + DJ^2)^1/2) / 2 + PE
    Total System Jitter     (TSJ):    0.071ns
    Discrete Jitter          (DJ):    0.063ns
    Phase Error              (PE):    0.000ns

    Location             Delay type                Incr(ns)  Path(ns)    Netlist Resource(s)
  -------------------------------------------------------------------    -------------------
                         (clock core_raw rise edge)
                                                      0.000     0.000 r  
    R4                                                0.000     0.000 r  sys_clk (IN)
                         net (fo=0)                   0.000     0.000    sys_clk
    R4                   IBUF (Prop_ibuf_I_O)         1.432     1.432 r  sys_clk_IBUF_inst/O
                         net (fo=1, routed)           1.065     2.497    multiplied_clock.clock_generator/sys_clk_IBUF
    MMCME2_ADV_X1Y0      MMCME2_ADV (Prop_mmcme2_adv_CLKIN1_CLKOUT0)
                                                     -5.921    -3.424 r  multiplied_clock.clock_generator/mmcm/CLKOUT0
                         net (fo=1, routed)           1.421    -2.004    multiplied_clock.clock_generator/core_raw
    BUFGCTRL_X0Y1        BUFG (Prop_bufg_I_O)         0.081    -1.923 r  multiplied_clock.clock_generator/core_buffer/O
                         net (fo=18631, routed)       1.355    -0.567    engine/codec/encoder/payload_arbiter/output_buffer/core_clk
    SLICE_X41Y95         FDRE                                         r  engine/codec/encoder/payload_arbiter/output_buffer/head_reg[148]/C
  -------------------------------------------------------------------    -------------------
    SLICE_X41Y95         FDRE (Prop_fdre_C_Q)         0.379    -0.188 r  engine/codec/encoder/payload_arbiter/output_buffer/head_reg[148]/Q
                         net (fo=2, routed)           0.976     0.787    engine/codec/encoder/payload_arbiter/output_buffer/head_reg[168]_0[15]
    SLICE_X40Y91         LUT6 (Prop_lut6_I2_O)        0.105     0.892 r  engine/codec/encoder/payload_arbiter/output_buffer/tail_valid_i_13/O
                         net (fo=1, routed)           0.000     0.892    engine/codec/encoder/payload_arbiter/output_buffer/tail_valid_i_13_n_0
    SLICE_X40Y91         CARRY4 (Prop_carry4_S[0]_CO[3])
                                                      0.440     1.332 r  engine/codec/encoder/payload_arbiter/output_buffer/tail_valid_reg_i_5/CO[3]
                         net (fo=1, routed)           0.000     1.332    engine/codec/encoder/payload_arbiter/output_buffer/tail_valid_reg_i_5_n_0
    SLICE_X40Y92         CARRY4 (Prop_carry4_CI_CO[2])
                                                      0.190     1.522 f  engine/codec/encoder/payload_arbiter/output_buffer/tail_valid_reg_i_4/CO[2]
                         net (fo=1, routed)           0.250     1.772    engine/codec/encoder/payload_arbiter/output_buffer/aggregate.collector/same_frame0
    SLICE_X39Y92         LUT6 (Prop_lut6_I2_O)        0.261     2.033 f  engine/codec/encoder/payload_arbiter/output_buffer/tail_valid_i_3__0/O
                         net (fo=2, routed)           0.352     2.385    engine/codec/aggregate.collector/tail_reg[166]
    SLICE_X37Y90         LUT6 (Prop_lut6_I5_O)        0.105     2.490 r  engine/codec/aggregate.collector/i___1_i_5/O
                         net (fo=1, routed)           0.112     2.602    engine/codec/aggregate.collector/i___1_i_5_n_0
    SLICE_X37Y90         LUT5 (Prop_lut5_I2_O)        0.105     2.707 f  engine/codec/aggregate.collector/i___1_i_3/O
                         net (fo=4, routed)           0.235     2.941    engine/codec/aggregate.collector/head_valid_reg
    SLICE_X37Y89         LUT4 (Prop_lut4_I3_O)        0.105     3.046 r  engine/codec/aggregate.collector/data[255]_i_4/O
                         net (fo=266, routed)         0.518     3.564    engine/codec/aggregate.collector/pop
    SLICE_X37Y87         LUT3 (Prop_lut3_I2_O)        0.105     3.669 r  engine/codec/aggregate.collector/count[4]_i_7/O
                         net (fo=1, routed)           0.000     3.669    engine/codec/aggregate.collector/count[4]_i_7_n_0
    SLICE_X37Y87         CARRY4 (Prop_carry4_S[0]_CO[3])
                                                      0.440     4.109 r  engine/codec/aggregate.collector/count_reg[4]_i_3/CO[3]
                         net (fo=1, routed)           0.000     4.109    engine/codec/aggregate.collector/count_reg[4]_i_3_n_0
    SLICE_X37Y88         CARRY4 (Prop_carry4_CI_O[1])
                                                      0.265     4.374 f  engine/codec/aggregate.collector/count_reg[5]_i_2/O[1]
                         net (fo=145, routed)         1.065     5.439    engine/codec/encoder/payload_arbiter/output_buffer/next_data2[5]
    SLICE_X49Y92         LUT6 (Prop_lut6_I5_O)        0.250     5.689 f  engine/codec/encoder/payload_arbiter/output_buffer/data[228]_i_7/O
                         net (fo=2, routed)           0.854     6.543    engine/codec/encoder/payload_arbiter/output_buffer/data[228]_i_7_n_0
    SLICE_X43Y89         LUT3 (Prop_lut3_I2_O)        0.125     6.668 f  engine/codec/encoder/payload_arbiter/output_buffer/data[244]_i_5/O
                         net (fo=3, routed)           0.837     7.505    engine/codec/encoder/payload_arbiter/output_buffer/data[244]_i_5_n_0
    SLICE_X43Y83         LUT2 (Prop_lut2_I0_O)        0.297     7.802 f  engine/codec/encoder/payload_arbiter/output_buffer/data[212]_i_3/O
                         net (fo=2, routed)           0.568     8.370    engine/codec/encoder/payload_arbiter/output_buffer/count_reg[3]_1
    SLICE_X43Y83         LUT6 (Prop_lut6_I1_O)        0.268     8.638 r  engine/codec/encoder/payload_arbiter/output_buffer/data[148]_i_4/O
                         net (fo=1, routed)           0.418     9.055    engine/codec/aggregate.collector/data_reg[148]_0
    SLICE_X42Y81         LUT6 (Prop_lut6_I5_O)        0.105     9.160 r  engine/codec/aggregate.collector/data[148]_i_1/O
                         net (fo=1, routed)           0.000     9.160    engine/codec/aggregate.collector/next_data[148]
    SLICE_X42Y81         FDCE                                         r  engine/codec/aggregate.collector/data_reg[148]/D
  -------------------------------------------------------------------    -------------------

                         (clock core_raw rise edge)
                                                     10.000    10.000 r  
    R4                                                0.000    10.000 r  sys_clk (IN)
                         net (fo=0)                   0.000    10.000    sys_clk
    R4                   IBUF (Prop_ibuf_I_O)         1.366    11.366 r  sys_clk_IBUF_inst/O
                         net (fo=1, routed)           1.004    12.369    multiplied_clock.clock_generator/sys_clk_IBUF
    MMCME2_ADV_X1Y0      MMCME2_ADV (Prop_mmcme2_adv_CLKIN1_CLKOUT0)
                                                     -6.057     6.312 r  multiplied_clock.clock_generator/mmcm/CLKOUT0
                         net (fo=1, routed)           1.352     7.665    multiplied_clock.clock_generator/core_raw
    BUFGCTRL_X0Y1        BUFG (Prop_bufg_I_O)         0.077     7.742 r  multiplied_clock.clock_generator/core_buffer/O
                         net (fo=18631, routed)       1.237     8.979    engine/codec/aggregate.collector/core_clk
    SLICE_X42Y81         FDCE                                         r  engine/codec/aggregate.collector/data_reg[148]/C
                         clock pessimism              0.418     9.397    
                         clock uncertainty           -0.047     9.349    
    SLICE_X42Y81         FDCE (Setup_fdce_C_D)        0.076     9.425    engine/codec/aggregate.collector/data_reg[148]
  -------------------------------------------------------------------
                         required time                          9.425    
                         arrival time                          -9.160    
  -------------------------------------------------------------------
                         slack                                  0.265    

Slack (MET) :             0.279ns  (required time - arrival time)
  Source:                 cam_data[0]
                            (input port clocked by cam_clk  {rise@0.000ns fall@6.625ns period=13.250ns})
  Destination:            real_camera.pin_data_reg[0]/D
                            (falling edge-triggered cell FDRE clocked by clock_raw  {rise@-1.104ns fall@5.521ns period=13.250ns})
  Path Group:             clock_raw
  Path Type:              Setup (Max at Slow Process Corner)
  Requirement:            12.146ns  (clock_raw fall@18.771ns - cam_clk fall@6.625ns)
  Data Path Delay:        2.171ns  (logic 1.405ns (64.712%)  route 0.766ns (35.288%))
  Logic Levels:           1  (IBUF=1)
  Input Delay:            10.000ns
  Clock Path Skew:        0.752ns (DCD - SCD + CPR)
    Destination Clock Delay (DCD):    0.752ns = ( 19.522 - 18.771 ) 
    Source Clock Delay      (SCD):    0.000ns = ( 6.625 - 6.625 ) 
    Clock Pessimism Removal (CPR):    0.000ns
  Clock Uncertainty:      0.404ns  ((TSJ^2 + DJ^2)^1/2) / 2 + PE + UU
    Total System Jitter     (TSJ):    0.071ns
    Discrete Jitter          (DJ):    0.114ns
    Phase Error              (PE):    0.087ns
    User Uncertainty         (UU):    0.250ns

    Location             Delay type                Incr(ns)  Path(ns)    Netlist Resource(s)
  -------------------------------------------------------------------    -------------------
                         (clock cam_clk fall edge)    6.625     6.625 f  
                         input delay                 10.000    16.625    
    C14                                               0.000    16.625 r  cam_data[0] (IN)
                         net (fo=0)                   0.000    16.625    cam_data[0]
    C14                  IBUF (Prop_ibuf_I_O)         1.405    18.030 r  cam_data_IBUF[0]_inst/O
                         net (fo=1, routed)           0.766    18.796    cam_data_IBUF[0]
    SLICE_X3Y141         FDRE                                         r  real_camera.pin_data_reg[0]/D
  -------------------------------------------------------------------    -------------------

                         (clock clock_raw fall edge)
                                                     18.771    18.771 f  
    F14                                               0.000    18.771 f  cam_pclk (IN)
                         net (fo=0)                   0.000    18.771    cam_pclk
    F14                  IBUF (Prop_ibuf_I_O)         1.327    20.097 f  cam_pclk_IBUF_inst/O
                         net (fo=1, routed)           2.581    22.678    real_camera.phase_clock.sampling_clock/cam_pclk_IBUF
    MMCME2_ADV_X0Y0      MMCME2_ADV (Prop_mmcme2_adv_CLKIN1_CLKOUT0)
                                                     -6.061    16.617 f  real_camera.phase_clock.sampling_clock/camera_mmcm/CLKOUT0
                         net (fo=1, routed)           1.357    17.975    real_camera.phase_clock.sampling_clock/clock_raw
    BUFGCTRL_X0Y2        BUFG (Prop_bufg_I_O)         0.077    18.052 f  real_camera.phase_clock.sampling_clock/sample_buffer/O
                         net (fo=496, routed)         1.471    19.522    real_camera.pclk
    SLICE_X3Y141         FDRE                                         r  real_camera.pin_data_reg[0]/C  (IS_INVERTED)
                         clock pessimism              0.000    19.522    
                         clock uncertainty           -0.404    19.118    
    SLICE_X3Y141         FDRE (Setup_fdre_C_D)       -0.043    19.075    real_camera.pin_data_reg[0]
  -------------------------------------------------------------------
                         required time                         19.075    
                         arrival time                         -18.796    
  -------------------------------------------------------------------
                         slack                                  0.279    

Slack (MET) :             0.292ns  (required time - arrival time)
  Source:                 cam_data[2]
                            (input port clocked by cam_clk  {rise@0.000ns fall@6.625ns period=13.250ns})
  Destination:            real_camera.pin_data_reg[2]/D
                            (falling edge-triggered cell FDRE clocked by clock_raw  {rise@-1.104ns fall@5.521ns period=13.250ns})
  Path Group:             clock_raw
  Path Type:              Setup (Max at Slow Process Corner)
  Requirement:            12.146ns  (clock_raw fall@18.771ns - cam_clk fall@6.625ns)
  Data Path Delay:        2.125ns  (logic 1.433ns (67.425%)  route 0.692ns (32.575%))
  Logic Levels:           1  (IBUF=1)
  Input Delay:            10.000ns
  Clock Path Skew:        0.747ns (DCD - SCD + CPR)
    Destination Clock Delay (DCD):    0.747ns = ( 19.517 - 18.771 ) 
    Source Clock Delay      (SCD):    0.000ns = ( 6.625 - 6.625 ) 
    Clock Pessimism Removal (CPR):    0.000ns
  Clock Uncertainty:      0.404ns  ((TSJ^2 + DJ^2)^1/2) / 2 + PE + UU
    Total System Jitter     (TSJ):    0.071ns
    Discrete Jitter          (DJ):    0.114ns
    Phase Error              (PE):    0.087ns
    User Uncertainty         (UU):    0.250ns

    Location             Delay type                Incr(ns)  Path(ns)    Netlist Resource(s)
  -------------------------------------------------------------------    -------------------
                         (clock cam_clk fall edge)    6.625     6.625 f  
                         input delay                 10.000    16.625    
    C13                                               0.000    16.625 r  cam_data[2] (IN)
                         net (fo=0)                   0.000    16.625    cam_data[2]
    C13                  IBUF (Prop_ibuf_I_O)         1.433    18.058 r  cam_data_IBUF[2]_inst/O
                         net (fo=1, routed)           0.692    18.750    cam_data_IBUF[2]
    SLICE_X1Y133         FDRE                                         r  real_camera.pin_data_reg[2]/D
  -------------------------------------------------------------------    -------------------

                         (clock clock_raw fall edge)
                                                     18.771    18.771 f  
    F14                                               0.000    18.771 f  cam_pclk (IN)
                         net (fo=0)                   0.000    18.771    cam_pclk
    F14                  IBUF (Prop_ibuf_I_O)         1.327    20.097 f  cam_pclk_IBUF_inst/O
                         net (fo=1, routed)           2.581    22.678    real_camera.phase_clock.sampling_clock/cam_pclk_IBUF
    MMCME2_ADV_X0Y0      MMCME2_ADV (Prop_mmcme2_adv_CLKIN1_CLKOUT0)
                                                     -6.061    16.617 f  real_camera.phase_clock.sampling_clock/camera_mmcm/CLKOUT0
                         net (fo=1, routed)           1.357    17.975    real_camera.phase_clock.sampling_clock/clock_raw
    BUFGCTRL_X0Y2        BUFG (Prop_bufg_I_O)         0.077    18.052 f  real_camera.phase_clock.sampling_clock/sample_buffer/O
                         net (fo=496, routed)         1.466    19.517    real_camera.pclk
    SLICE_X1Y133         FDRE                                         r  real_camera.pin_data_reg[2]/C  (IS_INVERTED)
                         clock pessimism              0.000    19.517    
                         clock uncertainty           -0.404    19.113    
    SLICE_X1Y133         FDRE (Setup_fdre_C_D)       -0.071    19.042    real_camera.pin_data_reg[2]
  -------------------------------------------------------------------
                         required time                         19.042    
                         arrival time                         -18.750    
  -------------------------------------------------------------------
                         slack                                  0.292    

Slack (MET) :             0.305ns  (required time - arrival time)
  Source:                 cam_data[4]
                            (input port clocked by cam_clk  {rise@0.000ns fall@6.625ns period=13.250ns})
  Destination:            real_camera.pin_data_reg[4]/D
                            (falling edge-triggered cell FDRE clocked by clock_raw  {rise@-1.104ns fall@5.521ns period=13.250ns})
  Path Group:             clock_raw
  Path Type:              Setup (Max at Slow Process Corner)
  Requirement:            12.146ns  (clock_raw fall@18.771ns - cam_clk fall@6.625ns)
  Data Path Delay:        2.132ns  (logic 1.405ns (65.912%)  route 0.727ns (34.088%))
  Logic Levels:           1  (IBUF=1)
  Input Delay:            10.000ns
  Clock Path Skew:        0.750ns (DCD - SCD + CPR)
    Destination Clock Delay (DCD):    0.750ns = ( 19.520 - 18.771 ) 
    Source Clock Delay      (SCD):    0.000ns = ( 6.625 - 6.625 ) 
    Clock Pessimism Removal (CPR):    0.000ns
  Clock Uncertainty:      0.404ns  ((TSJ^2 + DJ^2)^1/2) / 2 + PE + UU
    Total System Jitter     (TSJ):    0.071ns
    Discrete Jitter          (DJ):    0.114ns
    Phase Error              (PE):    0.087ns
    User Uncertainty         (UU):    0.250ns

    Location             Delay type                Incr(ns)  Path(ns)    Netlist Resource(s)
  -------------------------------------------------------------------    -------------------
                         (clock cam_clk fall edge)    6.625     6.625 f  
                         input delay                 10.000    16.625    
    D14                                               0.000    16.625 r  cam_data[4] (IN)
                         net (fo=0)                   0.000    16.625    cam_data[4]
    D14                  IBUF (Prop_ibuf_I_O)         1.405    18.030 r  cam_data_IBUF[4]_inst/O
                         net (fo=1, routed)           0.727    18.757    cam_data_IBUF[4]
    SLICE_X0Y137         FDRE                                         r  real_camera.pin_data_reg[4]/D
  -------------------------------------------------------------------    -------------------

                         (clock clock_raw fall edge)
                                                     18.771    18.771 f  
    F14                                               0.000    18.771 f  cam_pclk (IN)
                         net (fo=0)                   0.000    18.771    cam_pclk
    F14                  IBUF (Prop_ibuf_I_O)         1.327    20.097 f  cam_pclk_IBUF_inst/O
                         net (fo=1, routed)           2.581    22.678    real_camera.phase_clock.sampling_clock/cam_pclk_IBUF
    MMCME2_ADV_X0Y0      MMCME2_ADV (Prop_mmcme2_adv_CLKIN1_CLKOUT0)
                                                     -6.061    16.617 f  real_camera.phase_clock.sampling_clock/camera_mmcm/CLKOUT0
                         net (fo=1, routed)           1.357    17.975    real_camera.phase_clock.sampling_clock/clock_raw
    BUFGCTRL_X0Y2        BUFG (Prop_bufg_I_O)         0.077    18.052 f  real_camera.phase_clock.sampling_clock/sample_buffer/O
                         net (fo=496, routed)         1.469    19.520    real_camera.pclk
    SLICE_X0Y137         FDRE                                         r  real_camera.pin_data_reg[4]/C  (IS_INVERTED)
                         clock pessimism              0.000    19.520    
                         clock uncertainty           -0.404    19.116    
    SLICE_X0Y137         FDRE (Setup_fdre_C_D)       -0.055    19.061    real_camera.pin_data_reg[4]
  -------------------------------------------------------------------
                         required time                         19.061    
                         arrival time                         -18.757    
  -------------------------------------------------------------------
                         slack                                  0.305    

Slack (MET) :             0.307ns  (required time - arrival time)
  Source:                 engine/codec/encoder/payload_arbiter/output_buffer/head_reg[148]/C
                            (rising edge-triggered cell FDRE clocked by core_raw  {rise@0.000ns fall@5.000ns period=10.000ns})
  Destination:            engine/codec/aggregate.collector/data_reg[187]/D
                            (rising edge-triggered cell FDCE clocked by core_raw  {rise@0.000ns fall@5.000ns period=10.000ns})
  Path Group:             core_raw
  Path Type:              Setup (Max at Slow Process Corner)
  Requirement:            10.000ns  (core_raw rise@10.000ns - core_raw rise@0.000ns)
  Data Path Delay:        9.644ns  (logic 3.726ns (38.635%)  route 5.918ns (61.365%))
  Logic Levels:           15  (CARRY4=4 LUT3=2 LUT4=2 LUT5=2 LUT6=5)
  Clock Path Skew:        -0.034ns (DCD - SCD + CPR)
    Destination Clock Delay (DCD):    -1.019ns = ( 8.981 - 10.000 ) 
    Source Clock Delay      (SCD):    -0.567ns
    Clock Pessimism Removal (CPR):    0.418ns
  Clock Uncertainty:      0.047ns  ((TSJ^2 + DJ^2)^1/2) / 2 + PE
    Total System Jitter     (TSJ):    0.071ns
    Discrete Jitter          (DJ):    0.063ns
    Phase Error              (PE):    0.000ns

    Location             Delay type                Incr(ns)  Path(ns)    Netlist Resource(s)
  -------------------------------------------------------------------    -------------------
                         (clock core_raw rise edge)
                                                      0.000     0.000 r  
    R4                                                0.000     0.000 r  sys_clk (IN)
                         net (fo=0)                   0.000     0.000    sys_clk
    R4                   IBUF (Prop_ibuf_I_O)         1.432     1.432 r  sys_clk_IBUF_inst/O
                         net (fo=1, routed)           1.065     2.497    multiplied_clock.clock_generator/sys_clk_IBUF
    MMCME2_ADV_X1Y0      MMCME2_ADV (Prop_mmcme2_adv_CLKIN1_CLKOUT0)
                                                     -5.921    -3.424 r  multiplied_clock.clock_generator/mmcm/CLKOUT0
                         net (fo=1, routed)           1.421    -2.004    multiplied_clock.clock_generator/core_raw
    BUFGCTRL_X0Y1        BUFG (Prop_bufg_I_O)         0.081    -1.923 r  multiplied_clock.clock_generator/core_buffer/O
                         net (fo=18631, routed)       1.355    -0.567    engine/codec/encoder/payload_arbiter/output_buffer/core_clk
    SLICE_X41Y95         FDRE                                         r  engine/codec/encoder/payload_arbiter/output_buffer/head_reg[148]/C
  -------------------------------------------------------------------    -------------------
    SLICE_X41Y95         FDRE (Prop_fdre_C_Q)         0.379    -0.188 r  engine/codec/encoder/payload_arbiter/output_buffer/head_reg[148]/Q
                         net (fo=2, routed)           0.976     0.787    engine/codec/encoder/payload_arbiter/output_buffer/head_reg[168]_0[15]
    SLICE_X40Y91         LUT6 (Prop_lut6_I2_O)        0.105     0.892 r  engine/codec/encoder/payload_arbiter/output_buffer/tail_valid_i_13/O
                         net (fo=1, routed)           0.000     0.892    engine/codec/encoder/payload_arbiter/output_buffer/tail_valid_i_13_n_0
    SLICE_X40Y91         CARRY4 (Prop_carry4_S[0]_CO[3])
                                                      0.440     1.332 r  engine/codec/encoder/payload_arbiter/output_buffer/tail_valid_reg_i_5/CO[3]
                         net (fo=1, routed)           0.000     1.332    engine/codec/encoder/payload_arbiter/output_buffer/tail_valid_reg_i_5_n_0
    SLICE_X40Y92         CARRY4 (Prop_carry4_CI_CO[2])
                                                      0.190     1.522 f  engine/codec/encoder/payload_arbiter/output_buffer/tail_valid_reg_i_4/CO[2]
                         net (fo=1, routed)           0.250     1.772    engine/codec/encoder/payload_arbiter/output_buffer/aggregate.collector/same_frame0
    SLICE_X39Y92         LUT6 (Prop_lut6_I2_O)        0.261     2.033 f  engine/codec/encoder/payload_arbiter/output_buffer/tail_valid_i_3__0/O
                         net (fo=2, routed)           0.352     2.385    engine/codec/aggregate.collector/tail_reg[166]
    SLICE_X37Y90         LUT6 (Prop_lut6_I5_O)        0.105     2.490 r  engine/codec/aggregate.collector/i___1_i_5/O
                         net (fo=1, routed)           0.112     2.602    engine/codec/aggregate.collector/i___1_i_5_n_0
    SLICE_X37Y90         LUT5 (Prop_lut5_I2_O)        0.105     2.707 f  engine/codec/aggregate.collector/i___1_i_3/O
                         net (fo=4, routed)           0.235     2.941    engine/codec/aggregate.collector/head_valid_reg
    SLICE_X37Y89         LUT4 (Prop_lut4_I3_O)        0.105     3.046 r  engine/codec/aggregate.collector/data[255]_i_4/O
                         net (fo=266, routed)         0.518     3.564    engine/codec/aggregate.collector/pop
    SLICE_X37Y87         LUT3 (Prop_lut3_I2_O)        0.105     3.669 r  engine/codec/aggregate.collector/count[4]_i_7/O
                         net (fo=1, routed)           0.000     3.669    engine/codec/aggregate.collector/count[4]_i_7_n_0
    SLICE_X37Y87         CARRY4 (Prop_carry4_S[0]_CO[3])
                                                      0.440     4.109 r  engine/codec/aggregate.collector/count_reg[4]_i_3/CO[3]
                         net (fo=1, routed)           0.000     4.109    engine/codec/aggregate.collector/count_reg[4]_i_3_n_0
    SLICE_X37Y88         CARRY4 (Prop_carry4_CI_O[1])
                                                      0.265     4.374 f  engine/codec/aggregate.collector/count_reg[5]_i_2/O[1]
                         net (fo=145, routed)         0.686     5.060    engine/codec/encoder/payload_arbiter/output_buffer/next_data2[5]
    SLICE_X36Y93         LUT6 (Prop_lut6_I5_O)        0.250     5.310 f  engine/codec/encoder/payload_arbiter/output_buffer/data[251]_i_7/O
                         net (fo=3, routed)           0.843     6.153    engine/codec/encoder/payload_arbiter/output_buffer/data[251]_i_7_n_0
    SLICE_X36Y87         LUT3 (Prop_lut3_I2_O)        0.125     6.278 f  engine/codec/encoder/payload_arbiter/output_buffer/data[251]_i_5/O
                         net (fo=4, routed)           0.836     7.114    engine/codec/encoder/payload_arbiter/output_buffer/data[251]_i_5_n_0
    SLICE_X40Y83         LUT4 (Prop_lut4_I2_O)        0.295     7.409 r  engine/codec/encoder/payload_arbiter/output_buffer/data[59]_i_2/O
                         net (fo=2, routed)           0.710     8.119    engine/codec/encoder/payload_arbiter/output_buffer/count_reg[3]_33
    SLICE_X40Y83         LUT5 (Prop_lut5_I2_O)        0.288     8.407 r  engine/codec/encoder/payload_arbiter/output_buffer/data[187]_i_4/O
                         net (fo=1, routed)           0.401     8.809    engine/codec/aggregate.collector/data_reg[187]_0
    SLICE_X41Y83         LUT6 (Prop_lut6_I5_O)        0.268     9.077 r  engine/codec/aggregate.collector/data[187]_i_1/O
                         net (fo=1, routed)           0.000     9.077    engine/codec/aggregate.collector/next_data[187]
    SLICE_X41Y83         FDCE                                         r  engine/codec/aggregate.collector/data_reg[187]/D
  -------------------------------------------------------------------    -------------------

                         (clock core_raw rise edge)
                                                     10.000    10.000 r  
    R4                                                0.000    10.000 r  sys_clk (IN)
                         net (fo=0)                   0.000    10.000    sys_clk
    R4                   IBUF (Prop_ibuf_I_O)         1.366    11.366 r  sys_clk_IBUF_inst/O
                         net (fo=1, routed)           1.004    12.369    multiplied_clock.clock_generator/sys_clk_IBUF
    MMCME2_ADV_X1Y0      MMCME2_ADV (Prop_mmcme2_adv_CLKIN1_CLKOUT0)
                                                     -6.057     6.312 r  multiplied_clock.clock_generator/mmcm/CLKOUT0
                         net (fo=1, routed)           1.352     7.665    multiplied_clock.clock_generator/core_raw
    BUFGCTRL_X0Y1        BUFG (Prop_bufg_I_O)         0.077     7.742 r  multiplied_clock.clock_generator/core_buffer/O
                         net (fo=18631, routed)       1.239     8.981    engine/codec/aggregate.collector/core_clk
    SLICE_X41Y83         FDCE                                         r  engine/codec/aggregate.collector/data_reg[187]/C
                         clock pessimism              0.418     9.399    
                         clock uncertainty           -0.047     9.351    
    SLICE_X41Y83         FDCE (Setup_fdce_C_D)        0.032     9.383    engine/codec/aggregate.collector/data_reg[187]
  -------------------------------------------------------------------
                         required time                          9.383    
                         arrival time                          -9.077    
  -------------------------------------------------------------------
                         slack                                  0.307    

Slack (MET) :             0.309ns  (required time - arrival time)
  Source:                 cam_href
                            (input port clocked by cam_clk  {rise@0.000ns fall@6.625ns period=13.250ns})
  Destination:            real_camera.pin_href_reg/D
                            (falling edge-triggered cell FDRE clocked by clock_raw  {rise@-1.104ns fall@5.521ns period=13.250ns})
  Path Group:             clock_raw
  Path Type:              Setup (Max at Slow Process Corner)
  Requirement:            12.146ns  (clock_raw fall@18.771ns - cam_clk fall@6.625ns)
  Data Path Delay:        2.137ns  (logic 1.421ns (66.502%)  route 0.716ns (33.498%))
  Logic Levels:           1  (IBUF=1)
  Input Delay:            10.000ns
  Clock Path Skew:        0.748ns (DCD - SCD + CPR)
    Destination Clock Delay (DCD):    0.748ns = ( 19.518 - 18.771 ) 
    Source Clock Delay      (SCD):    0.000ns = ( 6.625 - 6.625 ) 
    Clock Pessimism Removal (CPR):    0.000ns
  Clock Uncertainty:      0.404ns  ((TSJ^2 + DJ^2)^1/2) / 2 + PE + UU
    Total System Jitter     (TSJ):    0.071ns
    Discrete Jitter          (DJ):    0.114ns
    Phase Error              (PE):    0.087ns
    User Uncertainty         (UU):    0.250ns

    Location             Delay type                Incr(ns)  Path(ns)    Netlist Resource(s)
  -------------------------------------------------------------------    -------------------
                         (clock cam_clk fall edge)    6.625     6.625 f  
                         input delay                 10.000    16.625    
    B15                                               0.000    16.625 r  cam_href (IN)
                         net (fo=0)                   0.000    16.625    cam_href
    B15                  IBUF (Prop_ibuf_I_O)         1.421    18.046 r  cam_href_IBUF_inst/O
                         net (fo=1, routed)           0.716    18.762    cam_href_IBUF
    SLICE_X0Y135         FDRE                                         r  real_camera.pin_href_reg/D
  -------------------------------------------------------------------    -------------------

                         (clock clock_raw fall edge)
                                                     18.771    18.771 f  
    F14                                               0.000    18.771 f  cam_pclk (IN)
                         net (fo=0)                   0.000    18.771    cam_pclk
    F14                  IBUF (Prop_ibuf_I_O)         1.327    20.097 f  cam_pclk_IBUF_inst/O
                         net (fo=1, routed)           2.581    22.678    real_camera.phase_clock.sampling_clock/cam_pclk_IBUF
    MMCME2_ADV_X0Y0      MMCME2_ADV (Prop_mmcme2_adv_CLKIN1_CLKOUT0)
                                                     -6.061    16.617 f  real_camera.phase_clock.sampling_clock/camera_mmcm/CLKOUT0
                         net (fo=1, routed)           1.357    17.975    real_camera.phase_clock.sampling_clock/clock_raw
    BUFGCTRL_X0Y2        BUFG (Prop_bufg_I_O)         0.077    18.052 f  real_camera.phase_clock.sampling_clock/sample_buffer/O
                         net (fo=496, routed)         1.467    19.518    real_camera.pclk
    SLICE_X0Y135         FDRE                                         r  real_camera.pin_href_reg/C  (IS_INVERTED)
                         clock pessimism              0.000    19.518    
                         clock uncertainty           -0.404    19.114    
    SLICE_X0Y135         FDRE (Setup_fdre_C_D)       -0.043    19.071    real_camera.pin_href_reg
  -------------------------------------------------------------------
                         required time                         19.071    
                         arrival time                         -18.762    
  -------------------------------------------------------------------
                         slack                                  0.309    




