Copyright 1986-2020 Xilinx, Inc. All Rights Reserved.
--------------------------------------------------------------------------------------------------------------------------------------
| Tool Version : Vivado v.2020.1 (win64) Build 2902540 Wed May 27 19:54:49 MDT 2020
| Date         : Tue Sep 29 16:59:10 2026
| Host         : LAPTOP-JC5LPK9T running 64-bit major release  (build 9200)
| Command      : report_timing_summary -file F:/zju/dasanshangkecheng/HDL/mjpeg/reports/camera/full_20260929_165333/timing_routed.rpt
| Design       : davinci_mjpeg_camera_top
| Device       : 7a35t-fgg484
| Speed File   : -2  PRODUCTION 1.23 2018-06-13
--------------------------------------------------------------------------------------------------------------------------------------

Timing Summary Report

------------------------------------------------------------------------------------------------
| Timer Settings
| --------------
------------------------------------------------------------------------------------------------

  Enable Multi Corner Analysis               :  Yes
  Enable Pessimism Removal                   :  Yes
  Pessimism Removal Resolution               :  Nearest Common Node
  Enable Input Delay Default Clock           :  No
  Enable Preset / Clear Arcs                 :  No
  Disable Flight Delays                      :  No
  Ignore I/O Paths                           :  No
  Timing Early Launch at Borrowing Latches   :  No
  Borrow Time for Max Delay Exceptions       :  Yes
  Merge Timing Exceptions                    :  Yes

  Corner  Analyze    Analyze    
  Name    Max Paths  Min Paths  
  ------  ---------  ---------  
  Slow    Yes        Yes        
  Fast    Yes        Yes        



check_timing report

Table of Contents
-----------------
1. checking no_clock (0)
2. checking constant_clock (0)
3. checking pulse_width_clock (0)
4. checking unconstrained_internal_endpoints (0)
5. checking no_input_delay (5)
6. checking no_output_delay (21)
7. checking multiple_clock (0)
8. checking generated_clocks (0)
9. checking loops (0)
10. checking partial_input_delay (0)
11. checking partial_output_delay (0)
12. checking latch_loops (0)

1. checking no_clock (0)
------------------------
 There are 0 register/latch pins with no clock.


2. checking constant_clock (0)
------------------------------
 There are 0 register/latch pins with constant_clock.


3. checking pulse_width_clock (0)
---------------------------------
 There are 0 register/latch pins which need pulse_width check


4. checking unconstrained_internal_endpoints (0)
------------------------------------------------
 There are 0 pins that are not constrained for maximum delay.

 There are 0 pins that are not constrained for maximum delay due to constant clock.


5. checking no_input_delay (5)
------------------------------
 There are 0 input ports with no input delay specified.

 There are 5 input ports with no input delay but user has a false path constraint. (MEDIUM)


6. checking no_output_delay (21)
--------------------------------
 There are 0 ports with no output delay specified.

 There are 21 ports with no output delay but user has a false path constraint (MEDIUM)

 There are 0 ports with no output delay but with a timing clock defined on it or propagating through it


7. checking multiple_clock (0)
------------------------------
 There are 0 register/latch pins with multiple clocks.


8. checking generated_clocks (0)
--------------------------------
 There are 0 generated clocks that are not connected to a clock source.


9. checking loops (0)
---------------------
 There are 0 combinational loops in the design.


10. checking partial_input_delay (0)
------------------------------------
 There are 0 input ports with partial input delay specified.


11. checking partial_output_delay (0)
-------------------------------------
 There are 0 ports with partial output delay specified.


12. checking latch_loops (0)
----------------------------
 There are 0 combinational latch loops in the design through latch input



------------------------------------------------------------------------------------------------
| Design Timing Summary
| ---------------------
------------------------------------------------------------------------------------------------

    WNS(ns)      TNS(ns)  TNS Failing Endpoints  TNS Total Endpoints      WHS(ns)      THS(ns)  THS Failing Endpoints  THS Total Endpoints     WPWS(ns)     TPWS(ns)  TPWS Failing Endpoints  TPWS Total Endpoints  
    -------      -------  ---------------------  -------------------      -------      -------  ---------------------  -------------------     --------     --------  ----------------------  --------------------  
      0.064        0.000                      0                55074        0.014        0.000                      0                54617        3.625        0.000                       0                 20153  


All user specified timing constraints are met.


------------------------------------------------------------------------------------------------
| Clock Summary
| -------------
------------------------------------------------------------------------------------------------

Clock             Waveform(ns)       Period(ns)      Frequency(MHz)
-----             ------------       ----------      --------------
cam_clk           {0.000 6.625}      13.250          75.472          
  clock_raw       {-1.104 5.521}     13.250          75.472          
  feedback_raw_1  {0.000 6.625}      13.250          75.472          
sys_clk           {0.000 10.000}     20.000          50.000          
  core_raw        {0.000 5.000}      10.000          100.000         
  feedback_raw    {0.000 10.000}     20.000          50.000          
usb_clk           {0.000 8.334}      16.667          59.999          


------------------------------------------------------------------------------------------------
| Intra Clock Table
| -----------------
------------------------------------------------------------------------------------------------

Clock                 WNS(ns)      TNS(ns)  TNS Failing Endpoints  TNS Total Endpoints      WHS(ns)      THS(ns)  THS Failing Endpoints  THS Total Endpoints     WPWS(ns)     TPWS(ns)  TPWS Failing Endpoints  TPWS Total Endpoints  
-----                 -------      -------  ---------------------  -------------------      -------      -------  ---------------------  -------------------     --------     --------  ----------------------  --------------------  
cam_clk                                                                                                                                                             3.625        0.000                       0                     1  
  clock_raw             5.164        0.000                      0                  856        0.074        0.000                      0                  856        6.125        0.000                       0                   498  
  feedback_raw_1                                                                                                                                                   11.658        0.000                       0                     3  
sys_clk                                                                                                                                                             7.000        0.000                       0                     1  
  core_raw              0.118        0.000                      0                42522        0.061        0.000                      0                42522        3.870        0.000                       0                 18633  
  feedback_raw                                                                                                                                                     18.408        0.000                       0                     3  
usb_clk                 0.064        0.000                      0                 2186        0.014        0.000                      0                 2186        7.203        0.000                       0                  1014  


------------------------------------------------------------------------------------------------
| Inter Clock Table
| -----------------
------------------------------------------------------------------------------------------------

From Clock    To Clock          WNS(ns)      TNS(ns)  TNS Failing Endpoints  TNS Total Endpoints      WHS(ns)      THS(ns)  THS Failing Endpoints  THS Total Endpoints  
----------    --------          -------      -------  ---------------------  -------------------      -------      -------  ---------------------  -------------------  
cam_clk       clock_raw           0.217        0.000                      0                   10        0.640        0.000                      0                   10  
core_raw      clock_raw           8.805        0.000                      0                   13                                                                        
clock_raw     core_raw           11.910        0.000                      0                  205                                                                        
usb_clk       core_raw            7.882        0.000                      0                  224                                                                        
core_raw      usb_clk             8.735        0.000                      0                   23                                                                        


------------------------------------------------------------------------------------------------
| Other Path Groups Table
| -----------------------
------------------------------------------------------------------------------------------------

Path Group         From Clock         To Clock               WNS(ns)      TNS(ns)  TNS Failing Endpoints  TNS Total Endpoints      WHS(ns)      THS(ns)  THS Failing Endpoints  THS Total Endpoints  
----------         ----------         --------               -------      -------  ---------------------  -------------------      -------      -------  ---------------------  -------------------  
**async_default**  core_raw           core_raw                 1.615        0.000                      0                 8086        0.639        0.000                      0                 8086  
**async_default**  usb_clk            usb_clk                  9.459        0.000                      0                  957        0.596        0.000                      0                  957  


------------------------------------------------------------------------------------------------
| Timing Details
| --------------
------------------------------------------------------------------------------------------------


---------------------------------------------------------------------------------------------------
From Clock:  cam_clk
  To Clock:  cam_clk

Setup :           NA  Failing Endpoints,  Worst Slack           NA  ,  Total Violation           NA
Hold  :           NA  Failing Endpoints,  Worst Slack           NA  ,  Total Violation           NA
PW    :            0  Failing Endpoints,  Worst Slack        3.625ns,  Total Violation        0.000ns
---------------------------------------------------------------------------------------------------


Pulse Width Checks
--------------------------------------------------------------------------------------
Clock Name:         cam_clk
Waveform(ns):       { 0.000 6.625 }
Period(ns):         13.250
Sources:            { cam_pclk }

Check Type        Corner  Lib Pin            Reference Pin  Required(ns)  Actual(ns)  Slack(ns)  Location         Pin
Min Period        n/a     MMCME2_ADV/CLKIN1  n/a            1.249         13.250      12.001     MMCME2_ADV_X0Y0  real_camera.phase_clock.sampling_clock/camera_mmcm/CLKIN1
Max Period        n/a     MMCME2_ADV/CLKIN1  n/a            100.000       13.250      86.750     MMCME2_ADV_X0Y0  real_camera.phase_clock.sampling_clock/camera_mmcm/CLKIN1
Low Pulse Width   Fast    MMCME2_ADV/CLKIN1  n/a            3.000         6.625       3.625      MMCME2_ADV_X0Y0  real_camera.phase_clock.sampling_clock/camera_mmcm/CLKIN1
High Pulse Width  Slow    MMCME2_ADV/CLKIN1  n/a            3.000         6.625       3.625      MMCME2_ADV_X0Y0  real_camera.phase_clock.sampling_clock/camera_mmcm/CLKIN1



---------------------------------------------------------------------------------------------------
From Clock:  clock_raw
  To Clock:  clock_raw

Setup :            0  Failing Endpoints,  Worst Slack        5.164ns,  Total Violation        0.000ns
Hold  :            0  Failing Endpoints,  Worst Slack        0.074ns,  Total Violation        0.000ns
PW    :            0  Failing Endpoints,  Worst Slack        6.125ns,  Total Violation        0.000ns
---------------------------------------------------------------------------------------------------


Max Delay Paths
--------------------------------------------------------------------------------------
Slack (MET) :             5.164ns  (required time - arrival time)
  Source:                 real_camera.pin_href_reg/C
                            (falling edge-triggered cell FDRE clocked by clock_raw  {rise@-1.104ns fall@5.521ns period=13.250ns})
  Destination:            real_camera.capture/pixel_fifo/full_reg/D
                            (falling edge-triggered cell FDCE clocked by clock_raw  {rise@-1.104ns fall@5.521ns period=13.250ns})
  Path Group:             clock_raw
  Path Type:              Setup (Max at Slow Process Corner)
  Requirement:            13.250ns  (clock_raw fall@18.771ns - clock_raw fall@5.521ns)
  Data Path Delay:        7.962ns  (logic 2.414ns (30.318%)  route 5.548ns (69.682%))
  Logic Levels:           10  (CARRY4=4 LUT2=2 LUT4=1 LUT5=2 LUT6=1)
  Clock Path Skew:        -0.106ns (DCD - SCD + CPR)
    Destination Clock Delay (DCD):    0.684ns = ( 19.454 - 18.771 ) 
    Source Clock Delay      (SCD):    1.671ns = ( 7.192 - 5.521 ) 
    Clock Pessimism Removal (CPR):    0.882ns
  Clock Uncertainty:      0.067ns  ((TSJ^2 + DJ^2)^1/2) / 2 + PE
    Total System Jitter     (TSJ):    0.071ns
    Discrete Jitter          (DJ):    0.114ns
    Phase Error              (PE):    0.000ns

    Location             Delay type                Incr(ns)  Path(ns)    Netlist Resource(s)
  -------------------------------------------------------------------    -------------------
                         (clock clock_raw fall edge)
                                                      5.521     5.521 f  
    F14                                               0.000     5.521 f  cam_pclk (IN)
                         net (fo=0)                   0.000     5.521    cam_pclk
    F14                  IBUF (Prop_ibuf_I_O)         1.392     6.913 f  cam_pclk_IBUF_inst/O
                         net (fo=1, routed)           3.115    10.028    real_camera.phase_clock.sampling_clock/cam_pclk_IBUF
    MMCME2_ADV_X0Y0      MMCME2_ADV (Prop_mmcme2_adv_CLKIN1_CLKOUT0)
                                                     -5.924     4.104 f  real_camera.phase_clock.sampling_clock/camera_mmcm/CLKOUT0
                         net (fo=1, routed)           1.425     5.528    real_camera.phase_clock.sampling_clock/clock_raw
    BUFGCTRL_X0Y2        BUFG (Prop_bufg_I_O)         0.081     5.609 f  real_camera.phase_clock.sampling_clock/sample_buffer/O
                         net (fo=496, routed)         1.583     7.192    real_camera.pclk
    SLICE_X0Y135         FDRE                                         r  real_camera.pin_href_reg/C  (IS_INVERTED)
  -------------------------------------------------------------------    -------------------
    SLICE_X0Y135         FDRE (Prop_fdre_C_Q)         0.384     7.576 r  real_camera.pin_href_reg/Q
                         net (fo=22, routed)          2.477    10.053    real_camera.capture/pixel_fifo/real_camera.pin_href
    SLICE_X38Y107        LUT2 (Prop_lut2_I1_O)        0.105    10.158 f  real_camera.capture/pixel_fifo/pixels_bin[0]_i_4/O
                         net (fo=4, routed)           0.249    10.407    real_camera.capture/pixel_fifo/real_camera.pin_href_reg
    SLICE_X39Y107        LUT5 (Prop_lut5_I1_O)        0.105    10.512 r  real_camera.capture/pixel_fifo/overflow_bin[0]_i_3/O
                         net (fo=2, routed)           0.422    10.934    real_camera.capture/pixel_fifo/overflow_bin[0]_i_3_n_0
    SLICE_X38Y107        LUT6 (Prop_lut6_I5_O)        0.105    11.039 r  real_camera.capture/pixel_fifo/memory_reg_0_i_1__0/O
                         net (fo=4, routed)           1.147    12.186    real_camera.capture/pixel_fifo/s_valid0
    SLICE_X11Y105        LUT2 (Prop_lut2_I1_O)        0.105    12.291 r  real_camera.capture/pixel_fifo/full_next_carry_i_12/O
                         net (fo=1, routed)           0.000    12.291    real_camera.capture/pixel_fifo/full_next_carry_i_12_n_0
    SLICE_X11Y105        CARRY4 (Prop_carry4_S[0]_CO[3])
                                                      0.440    12.731 r  real_camera.capture/pixel_fifo/full_next_carry_i_10/CO[3]
                         net (fo=1, routed)           0.000    12.731    real_camera.capture/pixel_fifo/full_next_carry_i_10_n_0
    SLICE_X11Y106        CARRY4 (Prop_carry4_CI_O[3])
                                                      0.260    12.991 r  real_camera.capture/pixel_fifo/full_next_carry_i_8/O[3]
                         net (fo=4, routed)           0.927    13.919    real_camera.capture/pixel_fifo/wnext__0[7]
    SLICE_X14Y107        LUT5 (Prop_lut5_I0_O)        0.257    14.176 r  real_camera.capture/pixel_fifo/full_next_carry_i_7/O
                         net (fo=1, routed)           0.326    14.502    real_camera.capture/pixel_fifo/full_next_carry_i_7_n_0
    SLICE_X13Y106        LUT4 (Prop_lut4_I0_O)        0.105    14.607 r  real_camera.capture/pixel_fifo/full_next_carry_i_2/O
                         net (fo=1, routed)           0.000    14.607    real_camera.capture/pixel_fifo/full_next_carry_i_2_n_0
    SLICE_X13Y106        CARRY4 (Prop_carry4_S[2]_CO[3])
                                                      0.332    14.939 r  real_camera.capture/pixel_fifo/full_next_carry/CO[3]
                         net (fo=1, routed)           0.000    14.939    real_camera.capture/pixel_fifo/full_next_carry_n_0
    SLICE_X13Y107        CARRY4 (Prop_carry4_CI_CO[0])
                                                      0.216    15.155 r  real_camera.capture/pixel_fifo/full_next_carry__0/CO[0]
                         net (fo=1, routed)           0.000    15.155    real_camera.capture/pixel_fifo/full_next
    SLICE_X13Y107        FDCE                                         r  real_camera.capture/pixel_fifo/full_reg/D
  -------------------------------------------------------------------    -------------------

                         (clock clock_raw fall edge)
                                                     18.771    18.771 f  
    F14                                               0.000    18.771 f  cam_pclk (IN)
                         net (fo=0)                   0.000    18.771    cam_pclk
    F14                  IBUF (Prop_ibuf_I_O)         1.327    20.097 f  cam_pclk_IBUF_inst/O
                         net (fo=1, routed)           2.581    22.678    real_camera.phase_clock.sampling_clock/cam_pclk_IBUF
    MMCME2_ADV_X0Y0      MMCME2_ADV (Prop_mmcme2_adv_CLKIN1_CLKOUT0)
                                                     -6.061    16.617 f  real_camera.phase_clock.sampling_clock/camera_mmcm/CLKOUT0
                         net (fo=1, routed)           1.357    17.975    real_camera.phase_clock.sampling_clock/clock_raw
    BUFGCTRL_X0Y2        BUFG (Prop_bufg_I_O)         0.077    18.052 f  real_camera.phase_clock.sampling_clock/sample_buffer/O
                         net (fo=496, routed)         1.403    19.454    real_camera.capture/pixel_fifo/wclk
    SLICE_X13Y107        FDCE                                         r  real_camera.capture/pixel_fifo/full_reg/C  (IS_INVERTED)
                         clock pessimism              0.882    20.336    
                         clock uncertainty           -0.067    20.269    
    SLICE_X13Y107        FDCE (Setup_fdce_C_D)        0.050    20.319    real_camera.capture/pixel_fifo/full_reg
  -------------------------------------------------------------------
                         required time                         20.319    
                         arrival time                         -15.155    
  -------------------------------------------------------------------
                         slack                                  5.164    





Min Delay Paths
--------------------------------------------------------------------------------------
Slack (MET) :             0.074ns  (arrival time - required time)
  Source:                 real_camera.capture/pixel_fifo/wbin_reg[11]/C
                            (falling edge-triggered cell FDCE clocked by clock_raw  {rise@-1.104ns fall@5.521ns period=13.250ns})
  Destination:            real_camera.capture/pixel_fifo/memory_reg_2/ADDRARDADDR[13]
                            (falling edge-triggered cell RAMB18E1 clocked by clock_raw  {rise@-1.104ns fall@5.521ns period=13.250ns})
  Path Group:             clock_raw
  Path Type:              Hold (Min at Fast Process Corner)
  Requirement:            0.000ns  (clock_raw fall@5.521ns - clock_raw fall@5.521ns)
  Data Path Delay:        0.312ns  (logic 0.146ns (46.853%)  route 0.166ns (53.147%))
  Logic Levels:           0  
  Clock Path Skew:        0.055ns (DCD - SCD - CPR)
    Destination Clock Delay (DCD):    0.519ns = ( 6.040 - 5.521 ) 
    Source Clock Delay      (SCD):    0.457ns = ( 5.978 - 5.521 ) 
    Clock Pessimism Removal (CPR):    0.008ns

    Location             Delay type                Incr(ns)  Path(ns)    Netlist Resource(s)
  -------------------------------------------------------------------    -------------------
                         (clock clock_raw fall edge)
                                                      5.521     5.521 f  
    F14                                               0.000     5.521 f  cam_pclk (IN)
                         net (fo=0)                   0.000     5.521    cam_pclk
    F14                  IBUF (Prop_ibuf_I_O)         0.229     5.750 f  cam_pclk_IBUF_inst/O
                         net (fo=1, routed)           1.430     7.180    real_camera.phase_clock.sampling_clock/cam_pclk_IBUF
    MMCME2_ADV_X0Y0      MMCME2_ADV (Prop_mmcme2_adv_CLKIN1_CLKOUT0)
                                                     -2.362     4.818 f  real_camera.phase_clock.sampling_clock/camera_mmcm/CLKOUT0
                         net (fo=1, routed)           0.489     5.306    real_camera.phase_clock.sampling_clock/clock_raw
    BUFGCTRL_X0Y2        BUFG (Prop_bufg_I_O)         0.026     5.332 f  real_camera.phase_clock.sampling_clock/sample_buffer/O
                         net (fo=496, routed)         0.645     5.978    real_camera.capture/pixel_fifo/wclk
    SLICE_X9Y107         FDCE                                         r  real_camera.capture/pixel_fifo/wbin_reg[11]/C  (IS_INVERTED)
  -------------------------------------------------------------------    -------------------
    SLICE_X9Y107         FDCE (Prop_fdce_C_Q)         0.146     6.124 r  real_camera.capture/pixel_fifo/wbin_reg[11]/Q
                         net (fo=4, routed)           0.166     6.289    real_camera.capture/pixel_fifo/wbin_reg[11]
    RAMB18_X0Y42         RAMB18E1                                     r  real_camera.capture/pixel_fifo/memory_reg_2/ADDRARDADDR[13]
  -------------------------------------------------------------------    -------------------

                         (clock clock_raw fall edge)
                                                      5.521     5.521 f  
    F14                                               0.000     5.521 f  cam_pclk (IN)
                         net (fo=0)                   0.000     5.521    cam_pclk
    F14                  IBUF (Prop_ibuf_I_O)         0.417     5.938 f  cam_pclk_IBUF_inst/O
                         net (fo=1, routed)           1.726     7.664    real_camera.phase_clock.sampling_clock/cam_pclk_IBUF
    MMCME2_ADV_X0Y0      MMCME2_ADV (Prop_mmcme2_adv_CLKIN1_CLKOUT0)
                                                     -3.145     4.519 f  real_camera.phase_clock.sampling_clock/camera_mmcm/CLKOUT0
                         net (fo=1, routed)           0.534     5.052    real_camera.phase_clock.sampling_clock/clock_raw
    BUFGCTRL_X0Y2        BUFG (Prop_bufg_I_O)         0.029     5.081 f  real_camera.phase_clock.sampling_clock/sample_buffer/O
                         net (fo=496, routed)         0.959     6.040    real_camera.capture/pixel_fifo/lopt
    RAMB18_X0Y42         RAMB18E1                                     r  real_camera.capture/pixel_fifo/memory_reg_2/CLKARDCLK  (IS_INVERTED)
                         clock pessimism             -0.008     6.032    
    RAMB18_X0Y42         RAMB18E1 (Hold_ramb18e1_CLKARDCLK_ADDRARDADDR[13])
                                                      0.183     6.215    real_camera.capture/pixel_fifo/memory_reg_2
  -------------------------------------------------------------------
                         required time                         -6.215    
                         arrival time                           6.289    
  -------------------------------------------------------------------
                         slack                                  0.074    





Pulse Width Checks
--------------------------------------------------------------------------------------
Clock Name:         clock_raw
Waveform(ns):       { -1.104 5.521 }
Period(ns):         13.250
Sources:            { real_camera.phase_clock.sampling_clock/camera_mmcm/CLKOUT0 }

Check Type        Corner  Lib Pin             Reference Pin  Required(ns)  Actual(ns)  Slack(ns)  Location         Pin
Min Period        n/a     RAMB36E1/CLKARDCLK  n/a            2.170         13.250      11.080     RAMB36_X0Y20     real_camera.capture/pixel_fifo/memory_reg_0/CLKARDCLK
Max Period        n/a     MMCME2_ADV/CLKOUT0  n/a            213.360       13.250      200.110    MMCME2_ADV_X0Y0  real_camera.phase_clock.sampling_clock/camera_mmcm/CLKOUT0
Low Pulse Width   Fast    FDRE/C              n/a            0.500         6.625       6.125      SLICE_X3Y141     real_camera.pin_data_reg[0]/C
High Pulse Width  Slow    FDRE/C              n/a            0.500         6.625       6.125      SLICE_X1Y133     real_camera.pin_data_reg[1]/C



---------------------------------------------------------------------------------------------------
From Clock:  feedback_raw_1
  To Clock:  feedback_raw_1

Setup :           NA  Failing Endpoints,  Worst Slack           NA  ,  Total Violation           NA
Hold  :           NA  Failing Endpoints,  Worst Slack           NA  ,  Total Violation           NA
PW    :            0  Failing Endpoints,  Worst Slack       11.658ns,  Total Violation        0.000ns
---------------------------------------------------------------------------------------------------


Pulse Width Checks
--------------------------------------------------------------------------------------
Clock Name:         feedback_raw_1
Waveform(ns):       { 0.000 6.625 }
Period(ns):         13.250
Sources:            { real_camera.phase_clock.sampling_clock/camera_mmcm/CLKFBOUT }

Check Type  Corner  Lib Pin             Reference Pin  Required(ns)  Actual(ns)  Slack(ns)  Location         Pin
Min Period  n/a     BUFG/I              n/a            1.592         13.250      11.658     BUFGCTRL_X0Y4    real_camera.phase_clock.sampling_clock/feedback_buffer/I
Max Period  n/a     MMCME2_ADV/CLKFBIN  n/a            100.000       13.250      86.750     MMCME2_ADV_X0Y0  real_camera.phase_clock.sampling_clock/camera_mmcm/CLKFBIN



---------------------------------------------------------------------------------------------------
From Clock:  sys_clk
  To Clock:  sys_clk

Setup :           NA  Failing Endpoints,  Worst Slack           NA  ,  Total Violation           NA
Hold  :           NA  Failing Endpoints,  Worst Slack           NA  ,  Total Violation           NA
PW    :            0  Failing Endpoints,  Worst Slack        7.000ns,  Total Violation        0.000ns
---------------------------------------------------------------------------------------------------


Pulse Width Checks
--------------------------------------------------------------------------------------
Clock Name:         sys_clk
Waveform(ns):       { 0.000 10.000 }
Period(ns):         20.000
Sources:            { sys_clk }

Check Type        Corner  Lib Pin            Reference Pin  Required(ns)  Actual(ns)  Slack(ns)  Location         Pin
Min Period        n/a     MMCME2_ADV/CLKIN1  n/a            1.249         20.000      18.751     MMCME2_ADV_X1Y0  multiplied_clock.clock_generator/mmcm/CLKIN1
Max Period        n/a     MMCME2_ADV/CLKIN1  n/a            100.000       20.000      80.000     MMCME2_ADV_X1Y0  multiplied_clock.clock_generator/mmcm/CLKIN1
Low Pulse Width   Fast    MMCME2_ADV/CLKIN1  n/a            3.000         10.000      7.000      MMCME2_ADV_X1Y0  multiplied_clock.clock_generator/mmcm/CLKIN1
High Pulse Width  Slow    MMCME2_ADV/CLKIN1  n/a            3.000         10.000      7.000      MMCME2_ADV_X1Y0  multiplied_clock.clock_generator/mmcm/CLKIN1



---------------------------------------------------------------------------------------------------
From Clock:  core_raw
  To Clock:  core_raw

Setup :            0  Failing Endpoints,  Worst Slack        0.118ns,  Total Violation        0.000ns
Hold  :            0  Failing Endpoints,  Worst Slack        0.061ns,  Total Violation        0.000ns
PW    :            0  Failing Endpoints,  Worst Slack        3.870ns,  Total Violation        0.000ns
---------------------------------------------------------------------------------------------------


Max Delay Paths
--------------------------------------------------------------------------------------
Slack (MET) :             0.118ns  (required time - arrival time)
  Source:                 engine/codec/encoder/payload_arbiter/output_buffer/head_reg[148]/C
                            (rising edge-triggered cell FDRE clocked by core_raw  {rise@0.000ns fall@5.000ns period=10.000ns})
  Destination:            engine/codec/aggregate.collector/data_reg[92]/D
                            (rising edge-triggered cell FDCE clocked by core_raw  {rise@0.000ns fall@5.000ns period=10.000ns})
  Path Group:             core_raw
  Path Type:              Setup (Max at Slow Process Corner)
  Requirement:            10.000ns  (core_raw rise@10.000ns - core_raw rise@0.000ns)
  Data Path Delay:        9.807ns  (logic 3.342ns (34.078%)  route 6.465ns (65.922%))
  Logic Levels:           15  (CARRY4=4 LUT2=1 LUT3=2 LUT4=1 LUT5=3 LUT6=4)
  Clock Path Skew:        -0.058ns (DCD - SCD + CPR)
    Destination Clock Delay (DCD):    -1.027ns = ( 8.973 - 10.000 ) 
    Source Clock Delay      (SCD):    -0.567ns
    Clock Pessimism Removal (CPR):    0.402ns
  Clock Uncertainty:      0.047ns  ((TSJ^2 + DJ^2)^1/2) / 2 + PE
    Total System Jitter     (TSJ):    0.071ns
    Discrete Jitter          (DJ):    0.063ns
    Phase Error              (PE):    0.000ns

    Location             Delay type                Incr(ns)  Path(ns)    Netlist Resource(s)
  -------------------------------------------------------------------    -------------------
                         (clock core_raw rise edge)
                                                      0.000     0.000 r  
    R4                                                0.000     0.000 r  sys_clk (IN)
                         net (fo=0)                   0.000     0.000    sys_clk
    R4                   IBUF (Prop_ibuf_I_O)         1.432     1.432 r  sys_clk_IBUF_inst/O
                         net (fo=1, routed)           1.065     2.497    multiplied_clock.clock_generator/sys_clk_IBUF
    MMCME2_ADV_X1Y0      MMCME2_ADV (Prop_mmcme2_adv_CLKIN1_CLKOUT0)
                                                     -5.921    -3.424 r  multiplied_clock.clock_generator/mmcm/CLKOUT0
                         net (fo=1, routed)           1.421    -2.004    multiplied_clock.clock_generator/core_raw
    BUFGCTRL_X0Y1        BUFG (Prop_bufg_I_O)         0.081    -1.923 r  multiplied_clock.clock_generator/core_buffer/O
                         net (fo=18631, routed)       1.355    -0.567    engine/codec/encoder/payload_arbiter/output_buffer/core_clk
    SLICE_X41Y95         FDRE                                         r  engine/codec/encoder/payload_arbiter/output_buffer/head_reg[148]/C
  -------------------------------------------------------------------    -------------------
    SLICE_X41Y95         FDRE (Prop_fdre_C_Q)         0.379    -0.188 r  engine/codec/encoder/payload_arbiter/output_buffer/head_reg[148]/Q
                         net (fo=2, routed)           0.976     0.787    engine/codec/encoder/payload_arbiter/output_buffer/head_reg[168]_0[15]
    SLICE_X40Y91         LUT6 (Prop_lut6_I2_O)        0.105     0.892 r  engine/codec/encoder/payload_arbiter/output_buffer/tail_valid_i_13/O
                         net (fo=1, routed)           0.000     0.892    engine/codec/encoder/payload_arbiter/output_buffer/tail_valid_i_13_n_0
    SLICE_X40Y91         CARRY4 (Prop_carry4_S[0]_CO[3])
                                                      0.440     1.332 r  engine/codec/encoder/payload_arbiter/output_buffer/tail_valid_reg_i_5/CO[3]
                         net (fo=1, routed)           0.000     1.332    engine/codec/encoder/payload_arbiter/output_buffer/tail_valid_reg_i_5_n_0
    SLICE_X40Y92         CARRY4 (Prop_carry4_CI_CO[2])
                                                      0.190     1.522 f  engine/codec/encoder/payload_arbiter/output_buffer/tail_valid_reg_i_4/CO[2]
                         net (fo=1, routed)           0.250     1.772    engine/codec/encoder/payload_arbiter/output_buffer/aggregate.collector/same_frame0
    SLICE_X39Y92         LUT6 (Prop_lut6_I2_O)        0.261     2.033 f  engine/codec/encoder/payload_arbiter/output_buffer/tail_valid_i_3__0/O
                         net (fo=2, routed)           0.352     2.385    engine/codec/aggregate.collector/tail_reg[166]
    SLICE_X37Y90         LUT6 (Prop_lut6_I5_O)        0.105     2.490 r  engine/codec/aggregate.collector/i___1_i_5/O
                         net (fo=1, routed)           0.112     2.602    engine/codec/aggregate.collector/i___1_i_5_n_0
    SLICE_X37Y90         LUT5 (Prop_lut5_I2_O)        0.105     2.707 f  engine/codec/aggregate.collector/i___1_i_3/O
                         net (fo=4, routed)           0.235     2.941    engine/codec/aggregate.collector/head_valid_reg
    SLICE_X37Y89         LUT4 (Prop_lut4_I3_O)        0.105     3.046 r  engine/codec/aggregate.collector/data[255]_i_4/O
                         net (fo=266, routed)         0.518     3.564    engine/codec/aggregate.collector/pop
    SLICE_X37Y87         LUT3 (Prop_lut3_I2_O)        0.105     3.669 r  engine/codec/aggregate.collector/count[4]_i_7/O
                         net (fo=1, routed)           0.000     3.669    engine/codec/aggregate.collector/count[4]_i_7_n_0
    SLICE_X37Y87         CARRY4 (Prop_carry4_S[0]_CO[3])
                                                      0.440     4.109 r  engine/codec/aggregate.collector/count_reg[4]_i_3/CO[3]
                         net (fo=1, routed)           0.000     4.109    engine/codec/aggregate.collector/count_reg[4]_i_3_n_0
    SLICE_X37Y88         CARRY4 (Prop_carry4_CI_O[1])
                                                      0.265     4.374 f  engine/codec/aggregate.collector/count_reg[5]_i_2/O[1]
                         net (fo=145, routed)         0.922     5.296    engine/codec/encoder/payload_arbiter/output_buffer/next_data2[5]
    SLICE_X49Y93         LUT6 (Prop_lut6_I5_O)        0.250     5.546 f  engine/codec/encoder/payload_arbiter/output_buffer/data[172]_i_5/O
                         net (fo=3, routed)           0.996     6.542    engine/codec/encoder/payload_arbiter/output_buffer/data[172]_i_5_n_0
    SLICE_X43Y92         LUT3 (Prop_lut3_I2_O)        0.115     6.657 f  engine/codec/encoder/payload_arbiter/output_buffer/data[252]_i_4/O
                         net (fo=3, routed)           0.920     7.576    engine/codec/encoder/payload_arbiter/output_buffer/data[252]_i_4_n_0
    SLICE_X41Y82         LUT2 (Prop_lut2_I1_O)        0.267     7.843 r  engine/codec/encoder/payload_arbiter/output_buffer/data[156]_i_2/O
                         net (fo=3, routed)           0.480     8.324    engine/codec/encoder/payload_arbiter/output_buffer/count_reg[3]_14
    SLICE_X43Y82         LUT5 (Prop_lut5_I3_O)        0.105     8.429 r  engine/codec/encoder/payload_arbiter/output_buffer/data[220]_i_3/O
                         net (fo=2, routed)           0.706     9.134    engine/codec/aggregate.collector/data_reg[92]_0
    SLICE_X43Y73         LUT5 (Prop_lut5_I1_O)        0.105     9.239 r  engine/codec/aggregate.collector/data[92]_i_1/O
                         net (fo=1, routed)           0.000     9.239    engine/codec/aggregate.collector/next_data[92]
    SLICE_X43Y73         FDCE                                         r  engine/codec/aggregate.collector/data_reg[92]/D
  -------------------------------------------------------------------    -------------------

                         (clock core_raw rise edge)
                                                     10.000    10.000 r  
    R4                                                0.000    10.000 r  sys_clk (IN)
                         net (fo=0)                   0.000    10.000    sys_clk
    R4                   IBUF (Prop_ibuf_I_O)         1.366    11.366 r  sys_clk_IBUF_inst/O
                         net (fo=1, routed)           1.004    12.369    multiplied_clock.clock_generator/sys_clk_IBUF
    MMCME2_ADV_X1Y0      MMCME2_ADV (Prop_mmcme2_adv_CLKIN1_CLKOUT0)
                                                     -6.057     6.312 r  multiplied_clock.clock_generator/mmcm/CLKOUT0
                         net (fo=1, routed)           1.352     7.665    multiplied_clock.clock_generator/core_raw
    BUFGCTRL_X0Y1        BUFG (Prop_bufg_I_O)         0.077     7.742 r  multiplied_clock.clock_generator/core_buffer/O
                         net (fo=18631, routed)       1.231     8.973    engine/codec/aggregate.collector/core_clk
    SLICE_X43Y73         FDCE                                         r  engine/codec/aggregate.collector/data_reg[92]/C
                         clock pessimism              0.402     9.375    
                         clock uncertainty           -0.047     9.327    
    SLICE_X43Y73         FDCE (Setup_fdce_C_D)        0.030     9.357    engine/codec/aggregate.collector/data_reg[92]
  -------------------------------------------------------------------
                         required time                          9.357    
                         arrival time                          -9.239    
  -------------------------------------------------------------------
                         slack                                  0.118    





Min Delay Paths
--------------------------------------------------------------------------------------
Slack (MET) :             0.061ns  (arrival time - required time)
  Source:                 engine/codec/encoder/channels[0].channel/core/quant/q2_reg[1][4]/C
                            (rising edge-triggered cell FDRE clocked by core_raw  {rise@0.000ns fall@5.000ns period=10.000ns})
  Destination:            engine/codec/encoder/channels[0].channel/core/quant/p_0_out__2/B[4]
                            (rising edge-triggered cell DSP48E1 clocked by core_raw  {rise@0.000ns fall@5.000ns period=10.000ns})
  Path Group:             core_raw
  Path Type:              Hold (Min at Fast Process Corner)
  Requirement:            0.000ns  (core_raw rise@0.000ns - core_raw rise@0.000ns)
  Data Path Delay:        0.495ns  (logic 0.141ns (28.500%)  route 0.354ns (71.500%))
  Logic Levels:           0  
  Clock Path Skew:        0.352ns (DCD - SCD - CPR)
    Destination Clock Delay (DCD):    -0.732ns
    Source Clock Delay      (SCD):    -0.575ns
    Clock Pessimism Removal (CPR):    -0.508ns

    Location             Delay type                Incr(ns)  Path(ns)    Netlist Resource(s)
  -------------------------------------------------------------------    -------------------
                         (clock core_raw rise edge)
                                                      0.000     0.000 r  
    R4                                                0.000     0.000 r  sys_clk (IN)
                         net (fo=0)                   0.000     0.000    sys_clk
    R4                   IBUF (Prop_ibuf_I_O)         0.269     0.269 r  sys_clk_IBUF_inst/O
                         net (fo=1, routed)           0.440     0.709    multiplied_clock.clock_generator/sys_clk_IBUF
    MMCME2_ADV_X1Y0      MMCME2_ADV (Prop_mmcme2_adv_CLKIN1_CLKOUT0)
                                                     -2.360    -1.651 r  multiplied_clock.clock_generator/mmcm/CLKOUT0
                         net (fo=1, routed)           0.486    -1.165    multiplied_clock.clock_generator/core_raw
    BUFGCTRL_X0Y1        BUFG (Prop_bufg_I_O)         0.026    -1.139 r  multiplied_clock.clock_generator/core_buffer/O
                         net (fo=18631, routed)       0.564    -0.575    engine/codec/encoder/channels[0].channel/core/quant/core_clk
    SLICE_X29Y48         FDRE                                         r  engine/codec/encoder/channels[0].channel/core/quant/q2_reg[1][4]/C
  -------------------------------------------------------------------    -------------------
    SLICE_X29Y48         FDRE (Prop_fdre_C_Q)         0.141    -0.434 r  engine/codec/encoder/channels[0].channel/core/quant/q2_reg[1][4]/Q
                         net (fo=1, routed)           0.354    -0.080    engine/codec/encoder/channels[0].channel/core/quant/q2_reg[1]_64[4]
    DSP48_X0Y21          DSP48E1                                      r  engine/codec/encoder/channels[0].channel/core/quant/p_0_out__2/B[4]
  -------------------------------------------------------------------    -------------------

                         (clock core_raw rise edge)
                                                      0.000     0.000 r  
    R4                                                0.000     0.000 r  sys_clk (IN)
                         net (fo=0)                   0.000     0.000    sys_clk
    R4                   IBUF (Prop_ibuf_I_O)         0.457     0.457 r  sys_clk_IBUF_inst/O
                         net (fo=1, routed)           0.480     0.937    multiplied_clock.clock_generator/sys_clk_IBUF
    MMCME2_ADV_X1Y0      MMCME2_ADV (Prop_mmcme2_adv_CLKIN1_CLKOUT0)
                                                     -3.142    -2.205 r  multiplied_clock.clock_generator/mmcm/CLKOUT0
                         net (fo=1, routed)           0.530    -1.676    multiplied_clock.clock_generator/core_raw
    BUFGCTRL_X0Y1        BUFG (Prop_bufg_I_O)         0.029    -1.647 r  multiplied_clock.clock_generator/core_buffer/O
                         net (fo=18631, routed)       0.915    -0.732    engine/codec/encoder/channels[0].channel/core/quant/core_clk
    DSP48_X0Y21          DSP48E1                                      r  engine/codec/encoder/channels[0].channel/core/quant/p_0_out__2/CLK
                         clock pessimism              0.508    -0.224    
    DSP48_X0Y21          DSP48E1 (Hold_dsp48e1_CLK_B[4])
                                                      0.082    -0.142    engine/codec/encoder/channels[0].channel/core/quant/p_0_out__2
  -------------------------------------------------------------------
                         required time                          0.142    
                         arrival time                          -0.080    
  -------------------------------------------------------------------
                         slack                                  0.061    





Pulse Width Checks
--------------------------------------------------------------------------------------
Clock Name:         core_raw
Waveform(ns):       { 0.000 5.000 }
Period(ns):         10.000
Sources:            { multiplied_clock.clock_generator/mmcm/CLKOUT0 }

Check Type        Corner  Lib Pin             Reference Pin  Required(ns)  Actual(ns)  Slack(ns)  Location         Pin
Min Period        n/a     DSP48E1/CLK         n/a            3.272         10.000      6.728      DSP48_X0Y21      engine/codec/encoder/channels[0].channel/core/quant/p_0_out__2/CLK
Max Period        n/a     MMCME2_ADV/CLKOUT0  n/a            213.360       10.000      203.360    MMCME2_ADV_X1Y0  multiplied_clock.clock_generator/mmcm/CLKOUT0
Low Pulse Width   Slow    RAMD64E/CLK         n/a            1.130         5.000       3.870      SLICE_X12Y49     engine/codec/encoder/channels[0].channel/core/quant/qt_reg_r1_0_63_0_2/RAMA/CLK
High Pulse Width  Slow    RAMD64E/CLK         n/a            1.130         5.000       3.870      SLICE_X14Y50     engine/codec/encoder/channels[0].channel/core/quant/qt_reg_r1_0_63_3_5/RAMA/CLK



---------------------------------------------------------------------------------------------------
From Clock:  feedback_raw
  To Clock:  feedback_raw

Setup :           NA  Failing Endpoints,  Worst Slack           NA  ,  Total Violation           NA
Hold  :           NA  Failing Endpoints,  Worst Slack           NA  ,  Total Violation           NA
PW    :            0  Failing Endpoints,  Worst Slack       18.408ns,  Total Violation        0.000ns
---------------------------------------------------------------------------------------------------


Pulse Width Checks
--------------------------------------------------------------------------------------
Clock Name:         feedback_raw
Waveform(ns):       { 0.000 10.000 }
Period(ns):         20.000
Sources:            { multiplied_clock.clock_generator/mmcm/CLKFBOUT }

Check Type  Corner  Lib Pin             Reference Pin  Required(ns)  Actual(ns)  Slack(ns)  Location         Pin
Min Period  n/a     BUFG/I              n/a            1.592         20.000      18.408     BUFGCTRL_X0Y3    multiplied_clock.clock_generator/feedback_buffer/I
Max Period  n/a     MMCME2_ADV/CLKFBIN  n/a            100.000       20.000      80.000     MMCME2_ADV_X1Y0  multiplied_clock.clock_generator/mmcm/CLKFBIN



---------------------------------------------------------------------------------------------------
From Clock:  usb_clk
  To Clock:  usb_clk

Setup :            0  Failing Endpoints,  Worst Slack        0.064ns,  Total Violation        0.000ns
Hold  :            0  Failing Endpoints,  Worst Slack        0.014ns,  Total Violation        0.000ns
PW    :            0  Failing Endpoints,  Worst Slack        7.203ns,  Total Violation        0.000ns
---------------------------------------------------------------------------------------------------


Max Delay Paths
--------------------------------------------------------------------------------------
Slack (MET) :             0.064ns  (required time - arrival time)
  Source:                 synchronous.link/held_data_reg[5]/C
                            (rising edge-triggered cell FDCE clocked by usb_clk  {rise@0.000ns fall@8.333ns period=16.667ns})
  Destination:            usb_data[5]
                            (output port clocked by usb_clk  {rise@0.000ns fall@8.333ns period=16.667ns})
  Path Group:             usb_clk
  Path Type:              Max at Slow Process Corner
  Requirement:            16.667ns  (usb_clk rise@16.667ns - usb_clk rise@0.000ns)
  Data Path Delay:        3.757ns  (logic 3.756ns (99.973%)  route 0.001ns (0.027%))
  Logic Levels:           1  (OBUFT=1)
  Output Delay:           8.000ns
  Clock Path Skew:        -4.660ns (DCD - SCD + CPR)
    Destination Clock Delay (DCD):    0.000ns = ( 16.667 - 16.667 ) 
    Source Clock Delay      (SCD):    4.660ns
    Clock Pessimism Removal (CPR):    0.000ns
  Clock Uncertainty:      0.185ns  ((TSJ^2 + TIJ^2)^1/2 + DJ) / 2 + PE + UU
    Total System Jitter     (TSJ):    0.071ns
    Total Input Jitter      (TIJ):    0.000ns
    Discrete Jitter          (DJ):    0.000ns
    Phase Error              (PE):    0.000ns
    User Uncertainty         (UU):    0.150ns

    Location             Delay type                Incr(ns)  Path(ns)    Netlist Resource(s)
  -------------------------------------------------------------------    -------------------
                         (clock usb_clk rise edge)    0.000     0.000 r  
    Y4                                                0.000     0.000 r  usb_clk_60m (IN)
                         net (fo=0)                   0.000     0.000    usb_clk_60m
    Y4                   IBUF (Prop_ibuf_I_O)         1.439     1.439 r  usb_clk_60m_IBUF_inst/O
                         net (fo=1, routed)           1.689     3.127    usb_clk_60m_IBUF
    BUFGCTRL_X0Y0        BUFG (Prop_bufg_I_O)         0.081     3.208 r  synchronous.usb_clock_buffer/O
                         net (fo=1013, routed)        1.452     4.660    synchronous.link/synchronous.usb_clk
    OLOGIC_X1Y35         FDCE                                         r  synchronous.link/held_data_reg[5]/C
  -------------------------------------------------------------------    -------------------
    OLOGIC_X1Y35         FDCE (Prop_fdce_C_Q)         0.418     5.078 r  synchronous.link/held_data_reg[5]/Q
                         net (fo=1, routed)           0.001     5.079    usb_data_IOBUF[5]_inst/I
    AB1                  OBUFT (Prop_obuft_I_O)       3.338     8.417 r  usb_data_IOBUF[5]_inst/OBUFT/O
                         net (fo=1, unset)            0.000     8.417    usb_data[5]
    AB1                                                               r  usb_data[5] (INOUT)
  -------------------------------------------------------------------    -------------------

                         (clock usb_clk rise edge)   16.667    16.667 r  
                         clock pessimism              0.000    16.667    
                         clock uncertainty           -0.185    16.482    
                         output delay                -8.000     8.482    
  -------------------------------------------------------------------
                         required time                          8.482    
                         arrival time                          -8.417    
  -------------------------------------------------------------------
                         slack                                  0.064    





Min Delay Paths
--------------------------------------------------------------------------------------
Slack (MET) :             0.014ns  (arrival time - required time)
  Source:                 synchronous.stats_mailbox/pending_data_reg[47]/C
                            (rising edge-triggered cell FDCE clocked by usb_clk  {rise@0.000ns fall@8.333ns period=16.667ns})
  Destination:            synchronous.stats_mailbox/held_data_reg[47]/D
                            (rising edge-triggered cell FDCE clocked by usb_clk  {rise@0.000ns fall@8.333ns period=16.667ns})
  Path Group:             usb_clk
  Path Type:              Hold (Min at Fast Process Corner)
  Requirement:            0.000ns  (usb_clk rise@0.000ns - usb_clk rise@0.000ns)
  Data Path Delay:        0.257ns  (logic 0.141ns (54.857%)  route 0.116ns (45.143%))
  Logic Levels:           0  
  Clock Path Skew:        0.034ns (DCD - SCD - CPR)
    Destination Clock Delay (DCD):    2.009ns
    Source Clock Delay      (SCD):    1.496ns
    Clock Pessimism Removal (CPR):    0.479ns
  Clock Uncertainty:      0.150ns  ((TSJ^2 + TIJ^2)^1/2 + DJ) / 2 + PE + UU
    Total System Jitter     (TSJ):    0.000ns
    Total Input Jitter      (TIJ):    0.000ns
    Discrete Jitter          (DJ):    0.000ns
    Phase Error              (PE):    0.000ns
    User Uncertainty         (UU):    0.150ns

    Location             Delay type                Incr(ns)  Path(ns)    Netlist Resource(s)
  -------------------------------------------------------------------    -------------------
                         (clock usb_clk rise edge)    0.000     0.000 r  
    Y4                                                0.000     0.000 r  usb_clk_60m (IN)
                         net (fo=0)                   0.000     0.000    usb_clk_60m
    Y4                   IBUF (Prop_ibuf_I_O)         0.275     0.275 r  usb_clk_60m_IBUF_inst/O
                         net (fo=1, routed)           0.631     0.906    usb_clk_60m_IBUF
    BUFGCTRL_X0Y0        BUFG (Prop_bufg_I_O)         0.026     0.932 r  synchronous.usb_clock_buffer/O
                         net (fo=1013, routed)        0.564     1.496    synchronous.stats_mailbox/synchronous.usb_clk
    SLICE_X33Y0          FDCE                                         r  synchronous.stats_mailbox/pending_data_reg[47]/C
  -------------------------------------------------------------------    -------------------
    SLICE_X33Y0          FDCE (Prop_fdce_C_Q)         0.141     1.637 r  synchronous.stats_mailbox/pending_data_reg[47]/Q
                         net (fo=1, routed)           0.116     1.753    synchronous.stats_mailbox/pending_data[47]
    SLICE_X34Y0          FDCE                                         r  synchronous.stats_mailbox/held_data_reg[47]/D
  -------------------------------------------------------------------    -------------------

                         (clock usb_clk rise edge)    0.000     0.000 r  
    Y4                                                0.000     0.000 r  usb_clk_60m (IN)
                         net (fo=0)                   0.000     0.000    usb_clk_60m
    Y4                   IBUF (Prop_ibuf_I_O)         0.463     0.463 r  usb_clk_60m_IBUF_inst/O
                         net (fo=1, routed)           0.685     1.148    usb_clk_60m_IBUF
    BUFGCTRL_X0Y0        BUFG (Prop_bufg_I_O)         0.029     1.177 r  synchronous.usb_clock_buffer/O
                         net (fo=1013, routed)        0.832     2.009    synchronous.stats_mailbox/synchronous.usb_clk
    SLICE_X34Y0          FDCE                                         r  synchronous.stats_mailbox/held_data_reg[47]/C
                         clock pessimism             -0.479     1.530    
                         clock uncertainty            0.150     1.680    
    SLICE_X34Y0          FDCE (Hold_fdce_C_D)         0.059     1.739    synchronous.stats_mailbox/held_data_reg[47]
  -------------------------------------------------------------------
                         required time                         -1.739    
                         arrival time                           1.753    
  -------------------------------------------------------------------
                         slack                                  0.014    





Pulse Width Checks
--------------------------------------------------------------------------------------
Clock Name:         usb_clk
Waveform(ns):       { 0.000 8.333 }
Period(ns):         16.667
Sources:            { usb_clk_60m }

Check Type        Corner  Lib Pin             Reference Pin  Required(ns)  Actual(ns)  Slack(ns)  Location      Pin
Min Period        n/a     RAMB36E1/CLKBWRCLK  n/a            2.170         16.667      14.497     RAMB36_X2Y4   synchronous.tx_fifo/memory_reg_0/CLKBWRCLK
Low Pulse Width   Slow    RAMD64E/CLK         n/a            1.130         8.333       7.203      SLICE_X60Y40  synchronous.rx_fifo/memory_reg_0_63_6_6/DP/CLK
High Pulse Width  Fast    RAMD64E/CLK         n/a            1.130         8.333       7.204      SLICE_X64Y41  synchronous.rx_fifo/memory_reg_0_63_0_2/RAMA/CLK



---------------------------------------------------------------------------------------------------
From Clock:  cam_clk
  To Clock:  clock_raw

Setup :            0  Failing Endpoints,  Worst Slack        0.217ns,  Total Violation        0.000ns
Hold  :            0  Failing Endpoints,  Worst Slack        0.640ns,  Total Violation        0.000ns
---------------------------------------------------------------------------------------------------


Max Delay Paths
--------------------------------------------------------------------------------------
Slack (MET) :             0.217ns  (required time - arrival time)
  Source:                 cam_vsync
                            (input port clocked by cam_clk  {rise@0.000ns fall@6.625ns period=13.250ns})
  Destination:            real_camera.pin_vsync_reg/D
                            (falling edge-triggered cell FDRE clocked by clock_raw  {rise@-1.104ns fall@5.521ns period=13.250ns})
  Path Group:             clock_raw
  Path Type:              Setup (Max at Slow Process Corner)
  Requirement:            12.146ns  (clock_raw fall@18.771ns - cam_clk fall@6.625ns)
  Data Path Delay:        2.236ns  (logic 1.396ns (62.444%)  route 0.840ns (37.556%))
  Logic Levels:           1  (IBUF=1)
  Input Delay:            10.000ns
  Clock Path Skew:        0.750ns (DCD - SCD + CPR)
    Destination Clock Delay (DCD):    0.750ns = ( 19.520 - 18.771 ) 
    Source Clock Delay      (SCD):    0.000ns = ( 6.625 - 6.625 ) 
    Clock Pessimism Removal (CPR):    0.000ns
  Clock Uncertainty:      0.404ns  ((TSJ^2 + DJ^2)^1/2) / 2 + PE + UU
    Total System Jitter     (TSJ):    0.071ns
    Discrete Jitter          (DJ):    0.114ns
    Phase Error              (PE):    0.087ns
    User Uncertainty         (UU):    0.250ns

    Location             Delay type                Incr(ns)  Path(ns)    Netlist Resource(s)
  -------------------------------------------------------------------    -------------------
                         (clock cam_clk fall edge)    6.625     6.625 f  
                         input delay                 10.000    16.625    
    E16                                               0.000    16.625 r  cam_vsync (IN)
                         net (fo=0)                   0.000    16.625    cam_vsync
    E16                  IBUF (Prop_ibuf_I_O)         1.396    18.021 r  cam_vsync_IBUF_inst/O
                         net (fo=1, routed)           0.840    18.861    cam_vsync_IBUF
    SLICE_X0Y137         FDRE                                         r  real_camera.pin_vsync_reg/D
  -------------------------------------------------------------------    -------------------

                         (clock clock_raw fall edge)
                                                     18.771    18.771 f  
    F14                                               0.000    18.771 f  cam_pclk (IN)
                         net (fo=0)                   0.000    18.771    cam_pclk
    F14                  IBUF (Prop_ibuf_I_O)         1.327    20.097 f  cam_pclk_IBUF_inst/O
                         net (fo=1, routed)           2.581    22.678    real_camera.phase_clock.sampling_clock/cam_pclk_IBUF
    MMCME2_ADV_X0Y0      MMCME2_ADV (Prop_mmcme2_adv_CLKIN1_CLKOUT0)
                                                     -6.061    16.617 f  real_camera.phase_clock.sampling_clock/camera_mmcm/CLKOUT0
                         net (fo=1, routed)           1.357    17.975    real_camera.phase_clock.sampling_clock/clock_raw
    BUFGCTRL_X0Y2        BUFG (Prop_bufg_I_O)         0.077    18.052 f  real_camera.phase_clock.sampling_clock/sample_buffer/O
                         net (fo=496, routed)         1.469    19.520    real_camera.pclk
    SLICE_X0Y137         FDRE                                         r  real_camera.pin_vsync_reg/C  (IS_INVERTED)
                         clock pessimism              0.000    19.520    
                         clock uncertainty           -0.404    19.116    
    SLICE_X0Y137         FDRE (Setup_fdre_C_D)       -0.038    19.078    real_camera.pin_vsync_reg
  -------------------------------------------------------------------
                         required time                         19.078    
                         arrival time                         -18.861    
  -------------------------------------------------------------------
                         slack                                  0.217    





Min Delay Paths
--------------------------------------------------------------------------------------
Slack (MET) :             0.640ns  (arrival time - required time)
  Source:                 cam_data[3]
                            (input port clocked by cam_clk  {rise@0.000ns fall@6.625ns period=13.250ns})
  Destination:            real_camera.pin_data_reg[3]/D
                            (falling edge-triggered cell FDRE clocked by clock_raw  {rise@-1.104ns fall@5.521ns period=13.250ns})
  Path Group:             clock_raw
  Path Type:              Hold (Min at Fast Process Corner)
  Requirement:            -1.104ns  (clock_raw fall@5.521ns - cam_clk fall@6.625ns)
  Data Path Delay:        0.524ns  (logic 0.232ns (44.328%)  route 0.292ns (55.672%))
  Logic Levels:           1  (IBUF=1)
  Input Delay:            0.000ns
  Clock Path Skew:        0.506ns (DCD - SCD - CPR)
    Destination Clock Delay (DCD):    0.506ns = ( 6.027 - 5.521 ) 
    Source Clock Delay      (SCD):    0.000ns = ( 6.625 - 6.625 ) 
    Clock Pessimism Removal (CPR):    -0.000ns
  Clock Uncertainty:      0.404ns  ((TSJ^2 + DJ^2)^1/2) / 2 + PE + UU
    Total System Jitter     (TSJ):    0.071ns
    Discrete Jitter          (DJ):    0.114ns
    Phase Error              (PE):    0.087ns
    User Uncertainty         (UU):    0.250ns

    Location             Delay type                Incr(ns)  Path(ns)    Netlist Resource(s)
  -------------------------------------------------------------------    -------------------
                         (clock cam_clk fall edge)    6.625     6.625 f  
                         input delay                  0.000     6.625    
    D15                                               0.000     6.625 r  cam_data[3] (IN)
                         net (fo=0)                   0.000     6.625    cam_data[3]
    D15                  IBUF (Prop_ibuf_I_O)         0.232     6.857 r  cam_data_IBUF[3]_inst/O
                         net (fo=1, routed)           0.292     7.149    cam_data_IBUF[3]
    SLICE_X0Y137         FDRE                                         r  real_camera.pin_data_reg[3]/D
  -------------------------------------------------------------------    -------------------

                         (clock clock_raw fall edge)
                                                      5.521     5.521 f  
    F14                                               0.000     5.521 f  cam_pclk (IN)
                         net (fo=0)                   0.000     5.521    cam_pclk
    F14                  IBUF (Prop_ibuf_I_O)         0.417     5.938 f  cam_pclk_IBUF_inst/O
                         net (fo=1, routed)           1.726     7.664    real_camera.phase_clock.sampling_clock/cam_pclk_IBUF
    MMCME2_ADV_X0Y0      MMCME2_ADV (Prop_mmcme2_adv_CLKIN1_CLKOUT0)
                                                     -3.145     4.519 f  real_camera.phase_clock.sampling_clock/camera_mmcm/CLKOUT0
                         net (fo=1, routed)           0.534     5.052    real_camera.phase_clock.sampling_clock/clock_raw
    BUFGCTRL_X0Y2        BUFG (Prop_bufg_I_O)         0.029     5.081 f  real_camera.phase_clock.sampling_clock/sample_buffer/O
                         net (fo=496, routed)         0.946     6.027    real_camera.pclk
    SLICE_X0Y137         FDRE                                         r  real_camera.pin_data_reg[3]/C  (IS_INVERTED)
                         clock pessimism              0.000     6.027    
                         clock uncertainty            0.404     6.432    
    SLICE_X0Y137         FDRE (Hold_fdre_C_D)         0.077     6.509    real_camera.pin_data_reg[3]
  -------------------------------------------------------------------
                         required time                         -6.509    
                         arrival time                           7.149    
  -------------------------------------------------------------------
                         slack                                  0.640    





---------------------------------------------------------------------------------------------------
From Clock:  core_raw
  To Clock:  clock_raw

Setup :            0  Failing Endpoints,  Worst Slack        8.805ns,  Total Violation        0.000ns
Hold  :           NA  Failing Endpoints,  Worst Slack           NA  ,  Total Violation           NA
---------------------------------------------------------------------------------------------------


Max Delay Paths
--------------------------------------------------------------------------------------
Slack (MET) :             8.805ns  (required time - arrival time)
  Source:                 real_camera.capture/pixel_fifo/rgray_reg[9]/C
                            (rising edge-triggered cell FDCE clocked by core_raw  {rise@0.000ns fall@5.000ns period=10.000ns})
  Destination:            real_camera.capture/pixel_fifo/rgray_w1_reg[9]/D
                            (falling edge-triggered cell FDCE clocked by clock_raw  {rise@-1.104ns fall@5.521ns period=13.250ns})
  Path Group:             clock_raw
  Path Type:              Setup (Max at Slow Process Corner)
  Requirement:            10.000ns  (MaxDelay Path 10.000ns)
  Data Path Delay:        0.995ns  (logic 0.398ns (39.994%)  route 0.597ns (60.006%))
  Logic Levels:           0  
  Timing Exception:       MaxDelay Path 10.000ns -datapath_only

    Location             Delay type                Incr(ns)  Path(ns)    Netlist Resource(s)
  -------------------------------------------------------------------    -------------------
    SLICE_X10Y106                                     0.000     0.000 r  real_camera.capture/pixel_fifo/rgray_reg[9]/C
    SLICE_X10Y106        FDCE (Prop_fdce_C_Q)         0.398     0.398 r  real_camera.capture/pixel_fifo/rgray_reg[9]/Q
                         net (fo=1, routed)           0.597     0.995    real_camera.capture/pixel_fifo/rgray[9]
    SLICE_X15Y107        FDCE                                         r  real_camera.capture/pixel_fifo/rgray_w1_reg[9]/D
  -------------------------------------------------------------------    -------------------

                         max delay                   10.000    10.000    
    SLICE_X15Y107        FDCE (Setup_fdce_C_D)       -0.200     9.800    real_camera.capture/pixel_fifo/rgray_w1_reg[9]
  -------------------------------------------------------------------
                         required time                          9.800    
                         arrival time                          -0.995    
  -------------------------------------------------------------------
                         slack                                  8.805    





---------------------------------------------------------------------------------------------------
From Clock:  clock_raw
  To Clock:  core_raw

Setup :            0  Failing Endpoints,  Worst Slack       11.910ns,  Total Violation        0.000ns
Hold  :           NA  Failing Endpoints,  Worst Slack           NA  ,  Total Violation           NA
---------------------------------------------------------------------------------------------------


Max Delay Paths
--------------------------------------------------------------------------------------
Slack (MET) :             11.910ns  (required time - arrival time)
  Source:                 real_camera.capture/pixel_fifo/wgray_reg[7]/C
                            (rising edge-triggered cell FDCE clocked by clock_raw'  {rise@-1.104ns fall@5.521ns period=13.250ns})
  Destination:            real_camera.capture/pixel_fifo/wgray_r1_reg[7]/D
                            (rising edge-triggered cell FDCE clocked by core_raw  {rise@0.000ns fall@5.000ns period=10.000ns})
  Path Group:             core_raw
  Path Type:              Setup (Max at Slow Process Corner)
  Requirement:            13.250ns  (MaxDelay Path 13.250ns)
  Data Path Delay:        1.136ns  (logic 0.402ns (35.393%)  route 0.734ns (64.607%))
  Logic Levels:           0  
  Timing Exception:       MaxDelay Path 13.250ns -datapath_only

    Location             Delay type                Incr(ns)  Path(ns)    Netlist Resource(s)
  -------------------------------------------------------------------    -------------------
    SLICE_X14Y106                                     0.000     0.000 r  real_camera.capture/pixel_fifo/wgray_reg[7]/C
    SLICE_X14Y106        FDCE (Prop_fdce_C_Q)         0.402     0.402 r  real_camera.capture/pixel_fifo/wgray_reg[7]/Q
                         net (fo=1, routed)           0.734     1.136    real_camera.capture/pixel_fifo/wgray[7]
    SLICE_X7Y102         FDCE                                         r  real_camera.capture/pixel_fifo/wgray_r1_reg[7]/D
  -------------------------------------------------------------------    -------------------

                         max delay                   13.250    13.250    
    SLICE_X7Y102         FDCE (Setup_fdce_C_D)       -0.204    13.046    real_camera.capture/pixel_fifo/wgray_r1_reg[7]
  -------------------------------------------------------------------
                         required time                         13.046    
                         arrival time                          -1.136    
  -------------------------------------------------------------------
                         slack                                 11.910    





---------------------------------------------------------------------------------------------------
From Clock:  usb_clk
  To Clock:  core_raw

Setup :            0  Failing Endpoints,  Worst Slack        7.882ns,  Total Violation        0.000ns
Hold  :           NA  Failing Endpoints,  Worst Slack           NA  ,  Total Violation           NA
---------------------------------------------------------------------------------------------------


Max Delay Paths
--------------------------------------------------------------------------------------
Slack (MET) :             7.882ns  (required time - arrival time)
  Source:                 synchronous.rx_fifo/memory_reg_128_191_3_5/RAMC/CLK
                            (rising edge-triggered cell RAMD64E clocked by usb_clk  {rise@0.000ns fall@8.333ns period=16.667ns})
  Destination:            synchronous.rx_fifo/m_data_reg[5]/D
                            (rising edge-triggered cell FDRE clocked by core_raw  {rise@0.000ns fall@5.000ns period=10.000ns})
  Path Group:             core_raw
  Path Type:              Setup (Max at Slow Process Corner)
  Requirement:            10.000ns  (MaxDelay Path 10.000ns)
  Data Path Delay:        2.150ns  (logic 1.189ns (55.305%)  route 0.961ns (44.695%))
  Logic Levels:           1  (LUT6=1)
  Timing Exception:       MaxDelay Path 10.000ns -datapath_only

    Location             Delay type                Incr(ns)  Path(ns)    Netlist Resource(s)
  -------------------------------------------------------------------    -------------------
    SLICE_X60Y41                                      0.000     0.000 r  synchronous.rx_fifo/memory_reg_128_191_3_5/RAMC/CLK
    SLICE_X60Y41         RAMD64E (Prop_ramd64e_CLK_O)
                                                      1.084     1.084 r  synchronous.rx_fifo/memory_reg_128_191_3_5/RAMC/O
                         net (fo=1, routed)           0.961     2.045    synchronous.rx_fifo/memory_reg_128_191_3_5_n_2
    SLICE_X61Y44         LUT6 (Prop_lut6_I1_O)        0.105     2.150 r  synchronous.rx_fifo/m_data[5]_i_1__3/O
                         net (fo=1, routed)           0.000     2.150    synchronous.rx_fifo/m_data[5]_i_1__3_n_0
    SLICE_X61Y44         FDRE                                         r  synchronous.rx_fifo/m_data_reg[5]/D
  -------------------------------------------------------------------    -------------------

                         max delay                   10.000    10.000    
    SLICE_X61Y44         FDRE (Setup_fdre_C_D)        0.032    10.032    synchronous.rx_fifo/m_data_reg[5]
  -------------------------------------------------------------------
                         required time                         10.032    
                         arrival time                          -2.150    
  -------------------------------------------------------------------
                         slack                                  7.882    





---------------------------------------------------------------------------------------------------
From Clock:  core_raw
  To Clock:  usb_clk

Setup :            0  Failing Endpoints,  Worst Slack        8.735ns,  Total Violation        0.000ns
Hold  :           NA  Failing Endpoints,  Worst Slack           NA  ,  Total Violation           NA
---------------------------------------------------------------------------------------------------


Max Delay Paths
--------------------------------------------------------------------------------------
Slack (MET) :             8.735ns  (required time - arrival time)
  Source:                 synchronous.rx_fifo/rgray_reg[7]/C
                            (rising edge-triggered cell FDCE clocked by core_raw  {rise@0.000ns fall@5.000ns period=10.000ns})
  Destination:            synchronous.rx_fifo/rgray_w1_reg[7]/D
                            (rising edge-triggered cell FDCE clocked by usb_clk  {rise@0.000ns fall@8.333ns period=16.667ns})
  Path Group:             usb_clk
  Path Type:              Setup (Max at Slow Process Corner)
  Requirement:            10.000ns  (MaxDelay Path 10.000ns)
  Data Path Delay:        1.191ns  (logic 0.379ns (31.834%)  route 0.812ns (68.166%))
  Logic Levels:           0  
  Timing Exception:       MaxDelay Path 10.000ns -datapath_only

    Location             Delay type                Incr(ns)  Path(ns)    Netlist Resource(s)
  -------------------------------------------------------------------    -------------------
    SLICE_X59Y42                                      0.000     0.000 r  synchronous.rx_fifo/rgray_reg[7]/C
    SLICE_X59Y42         FDCE (Prop_fdce_C_Q)         0.379     0.379 r  synchronous.rx_fifo/rgray_reg[7]/Q
                         net (fo=1, routed)           0.812     1.191    synchronous.rx_fifo/rgray[7]
    SLICE_X61Y41         FDCE                                         r  synchronous.rx_fifo/rgray_w1_reg[7]/D
  -------------------------------------------------------------------    -------------------

                         max delay                   10.000    10.000    
    SLICE_X61Y41         FDCE (Setup_fdce_C_D)       -0.074     9.926    synchronous.rx_fifo/rgray_w1_reg[7]
  -------------------------------------------------------------------
                         required time                          9.926    
                         arrival time                          -1.191    
  -------------------------------------------------------------------
                         slack                                  8.735    





---------------------------------------------------------------------------------------------------
Path Group:  **async_default**
From Clock:  core_raw
  To Clock:  core_raw

Setup :            0  Failing Endpoints,  Worst Slack        1.615ns,  Total Violation        0.000ns
Hold  :            0  Failing Endpoints,  Worst Slack        0.639ns,  Total Violation        0.000ns
---------------------------------------------------------------------------------------------------


Max Delay Paths
--------------------------------------------------------------------------------------
Slack (MET) :             1.615ns  (required time - arrival time)
  Source:                 reset_pipe_reg[2]/C
                            (rising edge-triggered cell FDCE clocked by core_raw  {rise@0.000ns fall@5.000ns period=10.000ns})
  Destination:            display/scan_count_reg[22]/CLR
                            (recovery check against rising-edge clock core_raw  {rise@0.000ns fall@5.000ns period=10.000ns})
  Path Group:             **async_default**
  Path Type:              Recovery (Max at Slow Process Corner)
  Requirement:            10.000ns  (core_raw rise@10.000ns - core_raw rise@0.000ns)
  Data Path Delay:        7.777ns  (logic 0.651ns (8.370%)  route 7.126ns (91.630%))
  Logic Levels:           1  (LUT1=1)
  Clock Path Skew:        -0.060ns (DCD - SCD + CPR)
    Destination Clock Delay (DCD):    -0.947ns = ( 9.053 - 10.000 ) 
    Source Clock Delay      (SCD):    -0.552ns
    Clock Pessimism Removal (CPR):    0.336ns
  Clock Uncertainty:      0.047ns  ((TSJ^2 + DJ^2)^1/2) / 2 + PE
    Total System Jitter     (TSJ):    0.071ns
    Discrete Jitter          (DJ):    0.063ns
    Phase Error              (PE):    0.000ns

    Location             Delay type                Incr(ns)  Path(ns)    Netlist Resource(s)
  -------------------------------------------------------------------    -------------------
                         (clock core_raw rise edge)
                                                      0.000     0.000 r  
    R4                                                0.000     0.000 r  sys_clk (IN)
                         net (fo=0)                   0.000     0.000    sys_clk
    R4                   IBUF (Prop_ibuf_I_O)         1.432     1.432 r  sys_clk_IBUF_inst/O
                         net (fo=1, routed)           1.065     2.497    multiplied_clock.clock_generator/sys_clk_IBUF
    MMCME2_ADV_X1Y0      MMCME2_ADV (Prop_mmcme2_adv_CLKIN1_CLKOUT0)
                                                     -5.921    -3.424 r  multiplied_clock.clock_generator/mmcm/CLKOUT0
                         net (fo=1, routed)           1.421    -2.004    multiplied_clock.clock_generator/core_raw
    BUFGCTRL_X0Y1        BUFG (Prop_bufg_I_O)         0.081    -1.923 r  multiplied_clock.clock_generator/core_buffer/O
                         net (fo=18631, routed)       1.371    -0.552    core_clk
    SLICE_X52Y39         FDCE                                         r  reset_pipe_reg[2]/C
  -------------------------------------------------------------------    -------------------
    SLICE_X52Y39         FDCE (Prop_fdce_C_Q)         0.398    -0.154 r  reset_pipe_reg[2]/Q
                         net (fo=79, routed)          1.365     1.211    blocks/out[0]
    SLICE_X57Y19         LUT1 (Prop_lut1_I0_O)        0.253     1.464 f  blocks/ram_reg_i_3/O
                         net (fo=1736, routed)        5.762     7.226    display/conversion_index_reg[0]_1
    SLICE_X0Y64          FDCE                                         f  display/scan_count_reg[22]/CLR
  -------------------------------------------------------------------    -------------------

                         (clock core_raw rise edge)
                                                     10.000    10.000 r  
    R4                                                0.000    10.000 r  sys_clk (IN)
                         net (fo=0)                   0.000    10.000    sys_clk
    R4                   IBUF (Prop_ibuf_I_O)         1.366    11.366 r  sys_clk_IBUF_inst/O
                         net (fo=1, routed)           1.004    12.369    multiplied_clock.clock_generator/sys_clk_IBUF
    MMCME2_ADV_X1Y0      MMCME2_ADV (Prop_mmcme2_adv_CLKIN1_CLKOUT0)
                                                     -6.057     6.312 r  multiplied_clock.clock_generator/mmcm/CLKOUT0
                         net (fo=1, routed)           1.352     7.665    multiplied_clock.clock_generator/core_raw
    BUFGCTRL_X0Y1        BUFG (Prop_bufg_I_O)         0.077     7.742 r  multiplied_clock.clock_generator/core_buffer/O
                         net (fo=18631, routed)       1.311     9.053    display/core_clk
    SLICE_X0Y64          FDCE                                         r  display/scan_count_reg[22]/C
                         clock pessimism              0.336     9.388    
                         clock uncertainty           -0.047     9.341    
    SLICE_X0Y64          FDCE (Recov_fdce_C_CLR)     -0.500     8.841    display/scan_count_reg[22]
  -------------------------------------------------------------------
                         required time                          8.841    
                         arrival time                          -7.226    
  -------------------------------------------------------------------
                         slack                                  1.615    





Min Delay Paths
--------------------------------------------------------------------------------------
Slack (MET) :             0.639ns  (arrival time - required time)
  Source:                 synchronous.clock_guard/sys_reset_pipe_reg[2]/C
                            (rising edge-triggered cell FDCE clocked by core_raw  {rise@0.000ns fall@5.000ns period=10.000ns})
  Destination:            synchronous.clock_guard/silent_cycles_reg[5]/CLR
                            (removal check against rising-edge clock core_raw  {rise@0.000ns fall@5.000ns period=10.000ns})
  Path Group:             **async_default**
  Path Type:              Removal (Min at Fast Process Corner)
  Requirement:            0.000ns  (core_raw rise@0.000ns - core_raw rise@0.000ns)
  Data Path Delay:        0.585ns  (logic 0.209ns (35.728%)  route 0.376ns (64.272%))
  Logic Levels:           1  (LUT1=1)
  Clock Path Skew:        0.038ns (DCD - SCD - CPR)
    Destination Clock Delay (DCD):    -0.781ns
    Source Clock Delay      (SCD):    -0.545ns
    Clock Pessimism Removal (CPR):    -0.274ns

    Location             Delay type                Incr(ns)  Path(ns)    Netlist Resource(s)
  -------------------------------------------------------------------    -------------------
                         (clock core_raw rise edge)
                                                      0.000     0.000 r  
    R4                                                0.000     0.000 r  sys_clk (IN)
                         net (fo=0)                   0.000     0.000    sys_clk
    R4                   IBUF (Prop_ibuf_I_O)         0.269     0.269 r  sys_clk_IBUF_inst/O
                         net (fo=1, routed)           0.440     0.709    multiplied_clock.clock_generator/sys_clk_IBUF
    MMCME2_ADV_X1Y0      MMCME2_ADV (Prop_mmcme2_adv_CLKIN1_CLKOUT0)
                                                     -2.360    -1.651 r  multiplied_clock.clock_generator/mmcm/CLKOUT0
                         net (fo=1, routed)           0.486    -1.165    multiplied_clock.clock_generator/core_raw
    BUFGCTRL_X0Y1        BUFG (Prop_bufg_I_O)         0.026    -1.139 r  multiplied_clock.clock_generator/core_buffer/O
                         net (fo=18631, routed)       0.594    -0.545    synchronous.clock_guard/core_clk
    SLICE_X60Y46         FDCE                                         r  synchronous.clock_guard/sys_reset_pipe_reg[2]/C
  -------------------------------------------------------------------    -------------------
    SLICE_X60Y46         FDCE (Prop_fdce_C_Q)         0.164    -0.381 r  synchronous.clock_guard/sys_reset_pipe_reg[2]/Q
                         net (fo=1, routed)           0.221    -0.160    synchronous.clock_guard/sys_reset_pipe[2]
    SLICE_X60Y46         LUT1 (Prop_lut1_I0_O)        0.045    -0.115 f  synchronous.clock_guard/silent_cycles[16]_i_3/O
                         net (fo=21, routed)          0.155     0.040    synchronous.clock_guard/silent_cycles[16]_i_3_n_0
    SLICE_X62Y46         FDCE                                         f  synchronous.clock_guard/silent_cycles_reg[5]/CLR
  -------------------------------------------------------------------    -------------------

                         (clock core_raw rise edge)
                                                      0.000     0.000 r  
    R4                                                0.000     0.000 r  sys_clk (IN)
                         net (fo=0)                   0.000     0.000    sys_clk
    R4                   IBUF (Prop_ibuf_I_O)         0.457     0.457 r  sys_clk_IBUF_inst/O
                         net (fo=1, routed)           0.480     0.937    multiplied_clock.clock_generator/sys_clk_IBUF
    MMCME2_ADV_X1Y0      MMCME2_ADV (Prop_mmcme2_adv_CLKIN1_CLKOUT0)
                                                     -3.142    -2.205 r  multiplied_clock.clock_generator/mmcm/CLKOUT0
                         net (fo=1, routed)           0.530    -1.676    multiplied_clock.clock_generator/core_raw
    BUFGCTRL_X0Y1        BUFG (Prop_bufg_I_O)         0.029    -1.647 r  multiplied_clock.clock_generator/core_buffer/O
                         net (fo=18631, routed)       0.866    -0.781    synchronous.clock_guard/core_clk
    SLICE_X62Y46         FDCE                                         r  synchronous.clock_guard/silent_cycles_reg[5]/C
                         clock pessimism              0.274    -0.507    
    SLICE_X62Y46         FDCE (Remov_fdce_C_CLR)     -0.092    -0.599    synchronous.clock_guard/silent_cycles_reg[5]
  -------------------------------------------------------------------
                         required time                          0.599    
                         arrival time                           0.040    
  -------------------------------------------------------------------
                         slack                                  0.639    





---------------------------------------------------------------------------------------------------
Path Group:  **async_default**
From Clock:  usb_clk
  To Clock:  usb_clk

Setup :            0  Failing Endpoints,  Worst Slack        9.459ns,  Total Violation        0.000ns
Hold  :            0  Failing Endpoints,  Worst Slack        0.596ns,  Total Violation        0.000ns
---------------------------------------------------------------------------------------------------


Max Delay Paths
--------------------------------------------------------------------------------------
Slack (MET) :             9.459ns  (required time - arrival time)
  Source:                 synchronous.usb_reset_pipe_reg[2]/C
                            (rising edge-triggered cell FDCE clocked by usb_clk  {rise@0.000ns fall@8.333ns period=16.667ns})
  Destination:            synchronous.stats_mailbox/held_data_reg[104]/CLR
                            (recovery check against rising-edge clock usb_clk  {rise@0.000ns fall@8.333ns period=16.667ns})
  Path Group:             **async_default**
  Path Type:              Recovery (Max at Slow Process Corner)
  Requirement:            16.667ns  (usb_clk rise@16.667ns - usb_clk rise@0.000ns)
  Data Path Delay:        6.647ns  (logic 0.633ns (9.522%)  route 6.014ns (90.478%))
  Logic Levels:           1  (LUT1=1)
  Clock Path Skew:        -0.044ns (DCD - SCD + CPR)
    Destination Clock Delay (DCD):    4.311ns = ( 20.978 - 16.667 ) 
    Source Clock Delay      (SCD):    4.581ns
    Clock Pessimism Removal (CPR):    0.226ns
  Clock Uncertainty:      0.185ns  ((TSJ^2 + TIJ^2)^1/2 + DJ) / 2 + PE + UU
    Total System Jitter     (TSJ):    0.071ns
    Total Input Jitter      (TIJ):    0.000ns
    Discrete Jitter          (DJ):    0.000ns
    Phase Error              (PE):    0.000ns
    User Uncertainty         (UU):    0.150ns

    Location             Delay type                Incr(ns)  Path(ns)    Netlist Resource(s)
  -------------------------------------------------------------------    -------------------
                         (clock usb_clk rise edge)    0.000     0.000 r  
    Y4                                                0.000     0.000 r  usb_clk_60m (IN)
                         net (fo=0)                   0.000     0.000    usb_clk_60m
    Y4                   IBUF (Prop_ibuf_I_O)         1.439     1.439 r  usb_clk_60m_IBUF_inst/O
                         net (fo=1, routed)           1.689     3.127    usb_clk_60m_IBUF
    BUFGCTRL_X0Y0        BUFG (Prop_bufg_I_O)         0.081     3.208 r  synchronous.usb_clock_buffer/O
                         net (fo=1013, routed)        1.373     4.581    synchronous.usb_clk
    SLICE_X56Y39         FDCE                                         r  synchronous.usb_reset_pipe_reg[2]/C
  -------------------------------------------------------------------    -------------------
    SLICE_X56Y39         FDCE (Prop_fdce_C_Q)         0.398     4.979 r  synchronous.usb_reset_pipe_reg[2]/Q
                         net (fo=21, routed)          1.957     6.936    synchronous.link/out[0]
    SLICE_X64Y23         LUT1 (Prop_lut1_I0_O)        0.235     7.171 f  synchronous.link/FSM_sequential_state[2]_i_2/O
                         net (fo=950, routed)         4.058    11.229    synchronous.stats_mailbox/held_data_reg[0]_0
    SLICE_X48Y1          FDCE                                         f  synchronous.stats_mailbox/held_data_reg[104]/CLR
  -------------------------------------------------------------------    -------------------

                         (clock usb_clk rise edge)   16.667    16.667 r  
    Y4                                                0.000    16.667 r  usb_clk_60m (IN)
                         net (fo=0)                   0.000    16.667    usb_clk_60m
    Y4                   IBUF (Prop_ibuf_I_O)         1.372    18.039 r  usb_clk_60m_IBUF_inst/O
                         net (fo=1, routed)           1.599    19.639    usb_clk_60m_IBUF
    BUFGCTRL_X0Y0        BUFG (Prop_bufg_I_O)         0.077    19.716 r  synchronous.usb_clock_buffer/O
                         net (fo=1013, routed)        1.263    20.978    synchronous.stats_mailbox/synchronous.usb_clk
    SLICE_X48Y1          FDCE                                         r  synchronous.stats_mailbox/held_data_reg[104]/C
                         clock pessimism              0.226    21.204    
                         clock uncertainty           -0.185    21.019    
    SLICE_X48Y1          FDCE (Recov_fdce_C_CLR)     -0.331    20.688    synchronous.stats_mailbox/held_data_reg[104]
  -------------------------------------------------------------------
                         required time                         20.688    
                         arrival time                         -11.229    
  -------------------------------------------------------------------
                         slack                                  9.459    





Min Delay Paths
--------------------------------------------------------------------------------------
Slack (MET) :             0.596ns  (arrival time - required time)
  Source:                 synchronous.clock_guard/usb_reset_pipe_reg[2]/C
                            (rising edge-triggered cell FDCE clocked by usb_clk  {rise@0.000ns fall@8.333ns period=16.667ns})
  Destination:            synchronous.clock_guard/heartbeat_counter_reg[2]/CLR
                            (removal check against rising-edge clock usb_clk  {rise@0.000ns fall@8.333ns period=16.667ns})
  Path Group:             **async_default**
  Path Type:              Removal (Min at Fast Process Corner)
  Requirement:            0.000ns  (usb_clk rise@0.000ns - usb_clk rise@0.000ns)
  Data Path Delay:        0.696ns  (logic 0.226ns (32.477%)  route 0.470ns (67.523%))
  Logic Levels:           1  (LUT1=1)
  Clock Path Skew:        0.017ns (DCD - SCD - CPR)
    Destination Clock Delay (DCD):    2.044ns
    Source Clock Delay      (SCD):    1.527ns
    Clock Pessimism Removal (CPR):    0.500ns
  Clock Uncertainty:      0.150ns  ((TSJ^2 + TIJ^2)^1/2 + DJ) / 2 + PE + UU
    Total System Jitter     (TSJ):    0.000ns
    Total Input Jitter      (TIJ):    0.000ns
    Discrete Jitter          (DJ):    0.000ns
    Phase Error              (PE):    0.000ns
    User Uncertainty         (UU):    0.150ns

    Location             Delay type                Incr(ns)  Path(ns)    Netlist Resource(s)
  -------------------------------------------------------------------    -------------------
                         (clock usb_clk rise edge)    0.000     0.000 r  
    Y4                                                0.000     0.000 r  usb_clk_60m (IN)
                         net (fo=0)                   0.000     0.000    usb_clk_60m
    Y4                   IBUF (Prop_ibuf_I_O)         0.275     0.275 r  usb_clk_60m_IBUF_inst/O
                         net (fo=1, routed)           0.631     0.906    usb_clk_60m_IBUF
    BUFGCTRL_X0Y0        BUFG (Prop_bufg_I_O)         0.026     0.932 r  synchronous.usb_clock_buffer/O
                         net (fo=1013, routed)        0.595     1.527    synchronous.clock_guard/synchronous.usb_clk
    SLICE_X65Y46         FDCE                                         r  synchronous.clock_guard/usb_reset_pipe_reg[2]/C
  -------------------------------------------------------------------    -------------------
    SLICE_X65Y46         FDCE (Prop_fdce_C_Q)         0.128     1.655 r  synchronous.clock_guard/usb_reset_pipe_reg[2]/Q
                         net (fo=1, routed)           0.274     1.929    synchronous.clock_guard/usb_reset_pipe[2]
    SLICE_X65Y47         LUT1 (Prop_lut1_I0_O)        0.098     2.027 f  synchronous.clock_guard/heartbeat_counter[6]_i_2/O
                         net (fo=7, routed)           0.196     2.223    synchronous.clock_guard/heartbeat_counter[6]_i_2_n_0
    SLICE_X64Y48         FDCE                                         f  synchronous.clock_guard/heartbeat_counter_reg[2]/CLR
  -------------------------------------------------------------------    -------------------

                         (clock usb_clk rise edge)    0.000     0.000 r  
    Y4                                                0.000     0.000 r  usb_clk_60m (IN)
                         net (fo=0)                   0.000     0.000    usb_clk_60m
    Y4                   IBUF (Prop_ibuf_I_O)         0.463     0.463 r  usb_clk_60m_IBUF_inst/O
                         net (fo=1, routed)           0.685     1.148    usb_clk_60m_IBUF
    BUFGCTRL_X0Y0        BUFG (Prop_bufg_I_O)         0.029     1.177 r  synchronous.usb_clock_buffer/O
                         net (fo=1013, routed)        0.867     2.044    synchronous.clock_guard/synchronous.usb_clk
    SLICE_X64Y48         FDCE                                         r  synchronous.clock_guard/heartbeat_counter_reg[2]/C
                         clock pessimism             -0.500     1.544    
                         clock uncertainty            0.150     1.694    
    SLICE_X64Y48         FDCE (Remov_fdce_C_CLR)     -0.067     1.627    synchronous.clock_guard/heartbeat_counter_reg[2]
  -------------------------------------------------------------------
                         required time                         -1.627    
                         arrival time                           2.223    
  -------------------------------------------------------------------
                         slack                                  0.596    





