Copyright 1986-2020 Xilinx, Inc. All Rights Reserved.
-------------------------------------------------------------------------------------------------------------------------------
| Tool Version : Vivado v.2020.1 (win64) Build 2902540 Wed May 27 19:54:49 MDT 2020
| Date         : Mon Sep 28 12:34:05 2026
| Host         : LAPTOP-JC5LPK9T running 64-bit major release  (build 9200)
| Command      : report_cdc -details -file F:/zju/dasanshangkecheng/HDL/mjpeg/reports/ddr3/full_20260928_122633/cdc_routed.rpt
| Design       : davinci_mjpeg_ddr3_top
| Device       : 7a35t-fgg484
| Speed File   : -2  PRODUCTION 1.23 2018-06-13
-------------------------------------------------------------------------------------------------------------------------------

CDC Report

ID      Severity  Count  Description
------  --------  -----  ---------------------------------------------------------------
CDC-1   Critical      3  1-bit unknown CDC circuitry
CDC-3   Info         23  1-bit synchronized with ASYNC_REG property
CDC-6   Warning      14  Multi-bit synchronized with ASYNC_REG property
CDC-8   Warning       1  Asynchronous reset synchronized with missing ASYNC_REG property
CDC-9   Info          3  Asynchronous reset synchronized with ASYNC_REG property
CDC-13  Critical    128  1-bit CDC path on a non-FD primitive
CDC-15  Warning     201  Clock enable controlled CDC structure detected

Source Clock: mem_refclk_1
Destination Clock: clk_pll_i_1
CDC Type: User Ignored

Row  ID     Severity  Description                                 Depth  Exception   Source (From)                                                                                                                                                                                                             Destination (To)
---  -----  --------  ------------------------------------------  -----  ----------  ------------------------------------------------------------------------------------------------------------------------------------------------------------------------------------------------------------------------  -------------------------------------------------------------------------------------------------------------------------------------------------------------------------------
  1  CDC-3  Info      1-bit synchronized with ASYNC_REG property      3  False Path  memory/controller/u_davinci_ddr3_mig_mig/u_memc_ui_top_std/mem_intfc0/ddr_phy_top0/u_ddr_mc_phy_wrapper/u_ddr_mc_phy/ddr_phy_4lanes_0.u_ddr_phy_4lanes/ddr_byte_lane_C.ddr_byte_lane_C/phaser_in_gen.phaser_in/MEMREFCLK  memory/controller/u_davinci_ddr3_mig_mig/u_memc_ui_top_std/mem_intfc0/ddr_phy_top0/u_ddr_calib_top/dqsfind_calib_left.u_ddr_phy_dqs_found_cal_hr/pi_dqs_found_lanes_r1_reg[2]/D
  2  CDC-3  Info      1-bit synchronized with ASYNC_REG property      3  False Path  memory/controller/u_davinci_ddr3_mig_mig/u_memc_ui_top_std/mem_intfc0/ddr_phy_top0/u_ddr_mc_phy_wrapper/u_ddr_mc_phy/ddr_phy_4lanes_0.u_ddr_phy_4lanes/ddr_byte_lane_D.ddr_byte_lane_D/phaser_in_gen.phaser_in/MEMREFCLK  memory/controller/u_davinci_ddr3_mig_mig/u_memc_ui_top_std/mem_intfc0/ddr_phy_top0/u_ddr_calib_top/dqsfind_calib_left.u_ddr_phy_dqs_found_cal_hr/pi_dqs_found_lanes_r1_reg[3]/D

Source Clock: core_raw
Destination Clock: clock_raw
CDC Type: No Common Primary Clock

Row  ID     Severity  Description                                              Depth  Exception                Source (From)                                     Destination (To)
---  -----  --------  -------------------------------------------------------  -----  -----------------------  ------------------------------------------------  -----------------------------------------------------
  1  CDC-3  Info      1-bit synchronized with ASYNC_REG property                   2  False Path               real_camera.capture/req_seen_reg/C                real_camera.capture/ack_sync_reg[0]/D
  2  CDC-3  Info      1-bit synchronized with ASYNC_REG property                   2  False Path               real_camera.admit_reg/C                           real_camera.capture/enable_sync_reg[0]/D
  3  CDC-6  Warning   Multi-bit synchronized with ASYNC_REG property               2  Max Delay Datapath Only  real_camera.capture/pixel_fifo/rgray_reg[12:0]/C  real_camera.capture/pixel_fifo/rgray_w1_reg[12:0]/D
  4  CDC-9  Info      Asynchronous reset synchronized with ASYNC_REG property      3  False Path               real_camera.capture_reset_pipe_reg[2]/C           real_camera.capture/pixel_fifo/wreset_pipe_reg[0]/CLR

Source Clock: clk_pll_i_1
Destination Clock: core_raw
CDC Type: Safely Timed

Row  ID      Severity  Description                                     Depth  Exception                Source (From)                                                                                                                 Destination (To)
---  ------  --------  ----------------------------------------------  -----  -----------------------  ----------------------------------------------------------------------------------------------------------------------------  --------------------------------------------------------------------------------------------------
  1  CDC-13  Critical  1-bit CDC path on a non-FD primitive                0  Max Delay Datapath Only  memory/bridge/read_fifo/memory_reg_0_63_0_2/RAMA/CLK                                                                          engine/codec/encoder/channels[0].channel/ddr_spatial_transport.skip/reference_ram_reg_0/DIADI[0]
  2  CDC-13  Critical  1-bit CDC path on a non-FD primitive                0  Max Delay Datapath Only  memory/bridge/read_fifo/memory_reg_0_63_0_2/RAMB/CLK                                                                          engine/codec/encoder/channels[0].channel/ddr_spatial_transport.skip/reference_ram_reg_0/DIADI[1]
  3  CDC-13  Critical  1-bit CDC path on a non-FD primitive                0  Max Delay Datapath Only  memory/bridge/read_fifo/memory_reg_0_63_0_2/RAMC/CLK                                                                          engine/codec/encoder/channels[0].channel/ddr_spatial_transport.skip/reference_ram_reg_0/DIADI[2]
  4  CDC-13  Critical  1-bit CDC path on a non-FD primitive                0  Max Delay Datapath Only  memory/bridge/read_fifo/memory_reg_0_63_3_5/RAMA/CLK                                                                          engine/codec/encoder/channels[0].channel/ddr_spatial_transport.skip/reference_ram_reg_0/DIADI[3]
  5  CDC-13  Critical  1-bit CDC path on a non-FD primitive                0  Max Delay Datapath Only  memory/bridge/read_fifo/memory_reg_0_63_3_5/RAMB/CLK                                                                          engine/codec/encoder/channels[0].channel/ddr_spatial_transport.skip/reference_ram_reg_0/DIADI[4]
  6  CDC-13  Critical  1-bit CDC path on a non-FD primitive                0  Max Delay Datapath Only  memory/bridge/read_fifo/memory_reg_0_63_3_5/RAMC/CLK                                                                          engine/codec/encoder/channels[0].channel/ddr_spatial_transport.skip/reference_ram_reg_0/DIADI[5]
  7  CDC-13  Critical  1-bit CDC path on a non-FD primitive                0  Max Delay Datapath Only  memory/bridge/read_fifo/memory_reg_0_63_6_8/RAMA/CLK                                                                          engine/codec/encoder/channels[0].channel/ddr_spatial_transport.skip/reference_ram_reg_0/DIADI[6]
  8  CDC-13  Critical  1-bit CDC path on a non-FD primitive                0  Max Delay Datapath Only  memory/bridge/read_fifo/memory_reg_0_63_6_8/RAMB/CLK                                                                          engine/codec/encoder/channels[0].channel/ddr_spatial_transport.skip/reference_ram_reg_0/DIADI[7]
  9  CDC-13  Critical  1-bit CDC path on a non-FD primitive                0  Max Delay Datapath Only  memory/bridge/read_fifo/memory_reg_0_63_6_8/RAMC/CLK                                                                          engine/codec/encoder/channels[0].channel/ddr_spatial_transport.skip/reference_ram_reg_0/DIADI[8]
 10  CDC-13  Critical  1-bit CDC path on a non-FD primitive                0  Max Delay Datapath Only  memory/bridge/read_fifo/memory_reg_0_63_9_11/RAMA/CLK                                                                         engine/codec/encoder/channels[0].channel/ddr_spatial_transport.skip/reference_ram_reg_0/DIADI[9]
 11  CDC-13  Critical  1-bit CDC path on a non-FD primitive                0  Max Delay Datapath Only  memory/bridge/read_fifo/memory_reg_0_63_9_11/RAMB/CLK                                                                         engine/codec/encoder/channels[0].channel/ddr_spatial_transport.skip/reference_ram_reg_0/DIADI[10]
 12  CDC-13  Critical  1-bit CDC path on a non-FD primitive                0  Max Delay Datapath Only  memory/bridge/read_fifo/memory_reg_0_63_9_11/RAMC/CLK                                                                         engine/codec/encoder/channels[0].channel/ddr_spatial_transport.skip/reference_ram_reg_0/DIADI[11]
 13  CDC-13  Critical  1-bit CDC path on a non-FD primitive                0  Max Delay Datapath Only  memory/bridge/read_fifo/memory_reg_0_63_12_14/RAMA/CLK                                                                        engine/codec/encoder/channels[0].channel/ddr_spatial_transport.skip/reference_ram_reg_0/DIADI[12]
 14  CDC-13  Critical  1-bit CDC path on a non-FD primitive                0  Max Delay Datapath Only  memory/bridge/read_fifo/memory_reg_0_63_12_14/RAMB/CLK                                                                        engine/codec/encoder/channels[0].channel/ddr_spatial_transport.skip/reference_ram_reg_0/DIADI[13]
 15  CDC-13  Critical  1-bit CDC path on a non-FD primitive                0  Max Delay Datapath Only  memory/bridge/read_fifo/memory_reg_0_63_12_14/RAMC/CLK                                                                        engine/codec/encoder/channels[0].channel/ddr_spatial_transport.skip/reference_ram_reg_0/DIADI[14]
 16  CDC-13  Critical  1-bit CDC path on a non-FD primitive                0  Max Delay Datapath Only  memory/bridge/read_fifo/memory_reg_0_63_15_17/RAMA/CLK                                                                        engine/codec/encoder/channels[0].channel/ddr_spatial_transport.skip/reference_ram_reg_0/DIADI[15]
 17  CDC-13  Critical  1-bit CDC path on a non-FD primitive                0  Max Delay Datapath Only  memory/bridge/read_fifo/memory_reg_0_63_15_17/RAMB/CLK                                                                        engine/codec/encoder/channels[0].channel/ddr_spatial_transport.skip/reference_ram_reg_0/DIADI[16]
 18  CDC-13  Critical  1-bit CDC path on a non-FD primitive                0  Max Delay Datapath Only  memory/bridge/read_fifo/memory_reg_0_63_15_17/RAMC/CLK                                                                        engine/codec/encoder/channels[0].channel/ddr_spatial_transport.skip/reference_ram_reg_0/DIADI[17]
 19  CDC-13  Critical  1-bit CDC path on a non-FD primitive                0  Max Delay Datapath Only  memory/bridge/read_fifo/memory_reg_0_63_18_20/RAMA/CLK                                                                        engine/codec/encoder/channels[0].channel/ddr_spatial_transport.skip/reference_ram_reg_0/DIADI[18]
 20  CDC-13  Critical  1-bit CDC path on a non-FD primitive                0  Max Delay Datapath Only  memory/bridge/read_fifo/memory_reg_0_63_18_20/RAMB/CLK                                                                        engine/codec/encoder/channels[0].channel/ddr_spatial_transport.skip/reference_ram_reg_0/DIADI[19]
 21  CDC-13  Critical  1-bit CDC path on a non-FD primitive                0  Max Delay Datapath Only  memory/bridge/read_fifo/memory_reg_0_63_18_20/RAMC/CLK                                                                        engine/codec/encoder/channels[0].channel/ddr_spatial_transport.skip/reference_ram_reg_0/DIADI[20]
 22  CDC-13  Critical  1-bit CDC path on a non-FD primitive                0  Max Delay Datapath Only  memory/bridge/read_fifo/memory_reg_0_63_21_23/RAMA/CLK                                                                        engine/codec/encoder/channels[0].channel/ddr_spatial_transport.skip/reference_ram_reg_0/DIADI[21]
 23  CDC-13  Critical  1-bit CDC path on a non-FD primitive                0  Max Delay Datapath Only  memory/bridge/read_fifo/memory_reg_0_63_21_23/RAMB/CLK                                                                        engine/codec/encoder/channels[0].channel/ddr_spatial_transport.skip/reference_ram_reg_0/DIADI[22]
 24  CDC-13  Critical  1-bit CDC path on a non-FD primitive                0  Max Delay Datapath Only  memory/bridge/read_fifo/memory_reg_0_63_21_23/RAMC/CLK                                                                        engine/codec/encoder/channels[0].channel/ddr_spatial_transport.skip/reference_ram_reg_0/DIADI[23]
 25  CDC-13  Critical  1-bit CDC path on a non-FD primitive                0  Max Delay Datapath Only  memory/bridge/read_fifo/memory_reg_0_63_24_26/RAMA/CLK                                                                        engine/codec/encoder/channels[0].channel/ddr_spatial_transport.skip/reference_ram_reg_0/DIADI[24]
 26  CDC-13  Critical  1-bit CDC path on a non-FD primitive                0  Max Delay Datapath Only  memory/bridge/read_fifo/memory_reg_0_63_24_26/RAMB/CLK                                                                        engine/codec/encoder/channels[0].channel/ddr_spatial_transport.skip/reference_ram_reg_0/DIADI[25]
 27  CDC-13  Critical  1-bit CDC path on a non-FD primitive                0  Max Delay Datapath Only  memory/bridge/read_fifo/memory_reg_0_63_24_26/RAMC/CLK                                                                        engine/codec/encoder/channels[0].channel/ddr_spatial_transport.skip/reference_ram_reg_0/DIADI[26]
 28  CDC-13  Critical  1-bit CDC path on a non-FD primitive                0  Max Delay Datapath Only  memory/bridge/read_fifo/memory_reg_0_63_27_29/RAMA/CLK                                                                        engine/codec/encoder/channels[0].channel/ddr_spatial_transport.skip/reference_ram_reg_0/DIADI[27]
 29  CDC-13  Critical  1-bit CDC path on a non-FD primitive                0  Max Delay Datapath Only  memory/bridge/read_fifo/memory_reg_0_63_27_29/RAMB/CLK                                                                        engine/codec/encoder/channels[0].channel/ddr_spatial_transport.skip/reference_ram_reg_0/DIADI[28]
 30  CDC-13  Critical  1-bit CDC path on a non-FD primitive                0  Max Delay Datapath Only  memory/bridge/read_fifo/memory_reg_0_63_27_29/RAMC/CLK                                                                        engine/codec/encoder/channels[0].channel/ddr_spatial_transport.skip/reference_ram_reg_0/DIADI[29]
 31  CDC-13  Critical  1-bit CDC path on a non-FD primitive                0  Max Delay Datapath Only  memory/bridge/read_fifo/memory_reg_0_63_30_32/RAMA/CLK                                                                        engine/codec/encoder/channels[0].channel/ddr_spatial_transport.skip/reference_ram_reg_0/DIADI[30]
 32  CDC-13  Critical  1-bit CDC path on a non-FD primitive                0  Max Delay Datapath Only  memory/bridge/read_fifo/memory_reg_0_63_30_32/RAMB/CLK                                                                        engine/codec/encoder/channels[0].channel/ddr_spatial_transport.skip/reference_ram_reg_0/DIADI[31]
 33  CDC-13  Critical  1-bit CDC path on a non-FD primitive                0  Max Delay Datapath Only  memory/bridge/read_fifo/memory_reg_0_63_30_32/RAMC/CLK                                                                        engine/codec/encoder/channels[0].channel/ddr_spatial_transport.skip/reference_ram_reg_0/DIBDI[0]
 34  CDC-13  Critical  1-bit CDC path on a non-FD primitive                0  Max Delay Datapath Only  memory/bridge/read_fifo/memory_reg_0_63_33_35/RAMA/CLK                                                                        engine/codec/encoder/channels[0].channel/ddr_spatial_transport.skip/reference_ram_reg_0/DIBDI[1]
 35  CDC-13  Critical  1-bit CDC path on a non-FD primitive                0  Max Delay Datapath Only  memory/bridge/read_fifo/memory_reg_0_63_33_35/RAMB/CLK                                                                        engine/codec/encoder/channels[0].channel/ddr_spatial_transport.skip/reference_ram_reg_0/DIBDI[2]
 36  CDC-13  Critical  1-bit CDC path on a non-FD primitive                0  Max Delay Datapath Only  memory/bridge/read_fifo/memory_reg_0_63_33_35/RAMC/CLK                                                                        engine/codec/encoder/channels[0].channel/ddr_spatial_transport.skip/reference_ram_reg_0/DIBDI[3]
 37  CDC-13  Critical  1-bit CDC path on a non-FD primitive                0  Max Delay Datapath Only  memory/bridge/read_fifo/memory_reg_0_63_36_38/RAMA/CLK                                                                        engine/codec/encoder/channels[0].channel/ddr_spatial_transport.skip/reference_ram_reg_0/DIBDI[4]
 38  CDC-13  Critical  1-bit CDC path on a non-FD primitive                0  Max Delay Datapath Only  memory/bridge/read_fifo/memory_reg_0_63_36_38/RAMB/CLK                                                                        engine/codec/encoder/channels[0].channel/ddr_spatial_transport.skip/reference_ram_reg_0/DIBDI[5]
 39  CDC-13  Critical  1-bit CDC path on a non-FD primitive                0  Max Delay Datapath Only  memory/bridge/read_fifo/memory_reg_0_63_36_38/RAMC/CLK                                                                        engine/codec/encoder/channels[0].channel/ddr_spatial_transport.skip/reference_ram_reg_0/DIBDI[6]
 40  CDC-13  Critical  1-bit CDC path on a non-FD primitive                0  Max Delay Datapath Only  memory/bridge/read_fifo/memory_reg_0_63_39_41/RAMA/CLK                                                                        engine/codec/encoder/channels[0].channel/ddr_spatial_transport.skip/reference_ram_reg_0/DIBDI[7]
 41  CDC-13  Critical  1-bit CDC path on a non-FD primitive                0  Max Delay Datapath Only  memory/bridge/read_fifo/memory_reg_0_63_39_41/RAMB/CLK                                                                        engine/codec/encoder/channels[0].channel/ddr_spatial_transport.skip/reference_ram_reg_0/DIBDI[8]
 42  CDC-13  Critical  1-bit CDC path on a non-FD primitive                0  Max Delay Datapath Only  memory/bridge/read_fifo/memory_reg_0_63_39_41/RAMC/CLK                                                                        engine/codec/encoder/channels[0].channel/ddr_spatial_transport.skip/reference_ram_reg_0/DIBDI[9]
 43  CDC-13  Critical  1-bit CDC path on a non-FD primitive                0  Max Delay Datapath Only  memory/bridge/read_fifo/memory_reg_0_63_42_44/RAMA/CLK                                                                        engine/codec/encoder/channels[0].channel/ddr_spatial_transport.skip/reference_ram_reg_0/DIBDI[10]
 44  CDC-13  Critical  1-bit CDC path on a non-FD primitive                0  Max Delay Datapath Only  memory/bridge/read_fifo/memory_reg_0_63_42_44/RAMB/CLK                                                                        engine/codec/encoder/channels[0].channel/ddr_spatial_transport.skip/reference_ram_reg_0/DIBDI[11]
 45  CDC-13  Critical  1-bit CDC path on a non-FD primitive                0  Max Delay Datapath Only  memory/bridge/read_fifo/memory_reg_0_63_42_44/RAMC/CLK                                                                        engine/codec/encoder/channels[0].channel/ddr_spatial_transport.skip/reference_ram_reg_0/DIBDI[12]
 46  CDC-13  Critical  1-bit CDC path on a non-FD primitive                0  Max Delay Datapath Only  memory/bridge/read_fifo/memory_reg_0_63_45_47/RAMA/CLK                                                                        engine/codec/encoder/channels[0].channel/ddr_spatial_transport.skip/reference_ram_reg_0/DIBDI[13]
 47  CDC-13  Critical  1-bit CDC path on a non-FD primitive                0  Max Delay Datapath Only  memory/bridge/read_fifo/memory_reg_0_63_45_47/RAMB/CLK                                                                        engine/codec/encoder/channels[0].channel/ddr_spatial_transport.skip/reference_ram_reg_0/DIBDI[14]
 48  CDC-13  Critical  1-bit CDC path on a non-FD primitive                0  Max Delay Datapath Only  memory/bridge/read_fifo/memory_reg_0_63_45_47/RAMC/CLK                                                                        engine/codec/encoder/channels[0].channel/ddr_spatial_transport.skip/reference_ram_reg_0/DIBDI[15]
 49  CDC-13  Critical  1-bit CDC path on a non-FD primitive                0  Max Delay Datapath Only  memory/bridge/read_fifo/memory_reg_0_63_48_50/RAMA/CLK                                                                        engine/codec/encoder/channels[0].channel/ddr_spatial_transport.skip/reference_ram_reg_0/DIBDI[16]
 50  CDC-13  Critical  1-bit CDC path on a non-FD primitive                0  Max Delay Datapath Only  memory/bridge/read_fifo/memory_reg_0_63_48_50/RAMB/CLK                                                                        engine/codec/encoder/channels[0].channel/ddr_spatial_transport.skip/reference_ram_reg_0/DIBDI[17]
 51  CDC-13  Critical  1-bit CDC path on a non-FD primitive                0  Max Delay Datapath Only  memory/bridge/read_fifo/memory_reg_0_63_48_50/RAMC/CLK                                                                        engine/codec/encoder/channels[0].channel/ddr_spatial_transport.skip/reference_ram_reg_0/DIBDI[18]
 52  CDC-13  Critical  1-bit CDC path on a non-FD primitive                0  Max Delay Datapath Only  memory/bridge/read_fifo/memory_reg_0_63_51_53/RAMA/CLK                                                                        engine/codec/encoder/channels[0].channel/ddr_spatial_transport.skip/reference_ram_reg_0/DIBDI[19]
 53  CDC-13  Critical  1-bit CDC path on a non-FD primitive                0  Max Delay Datapath Only  memory/bridge/read_fifo/memory_reg_0_63_51_53/RAMB/CLK                                                                        engine/codec/encoder/channels[0].channel/ddr_spatial_transport.skip/reference_ram_reg_0/DIBDI[20]
 54  CDC-13  Critical  1-bit CDC path on a non-FD primitive                0  Max Delay Datapath Only  memory/bridge/read_fifo/memory_reg_0_63_51_53/RAMC/CLK                                                                        engine/codec/encoder/channels[0].channel/ddr_spatial_transport.skip/reference_ram_reg_0/DIBDI[21]
 55  CDC-13  Critical  1-bit CDC path on a non-FD primitive                0  Max Delay Datapath Only  memory/bridge/read_fifo/memory_reg_0_63_54_56/RAMA/CLK                                                                        engine/codec/encoder/channels[0].channel/ddr_spatial_transport.skip/reference_ram_reg_0/DIBDI[22]
 56  CDC-13  Critical  1-bit CDC path on a non-FD primitive                0  Max Delay Datapath Only  memory/bridge/read_fifo/memory_reg_0_63_54_56/RAMB/CLK                                                                        engine/codec/encoder/channels[0].channel/ddr_spatial_transport.skip/reference_ram_reg_0/DIBDI[23]
 57  CDC-13  Critical  1-bit CDC path on a non-FD primitive                0  Max Delay Datapath Only  memory/bridge/read_fifo/memory_reg_0_63_54_56/RAMC/CLK                                                                        engine/codec/encoder/channels[0].channel/ddr_spatial_transport.skip/reference_ram_reg_0/DIBDI[24]
 58  CDC-13  Critical  1-bit CDC path on a non-FD primitive                0  Max Delay Datapath Only  memory/bridge/read_fifo/memory_reg_0_63_57_59/RAMA/CLK                                                                        engine/codec/encoder/channels[0].channel/ddr_spatial_transport.skip/reference_ram_reg_0/DIBDI[25]
 59  CDC-13  Critical  1-bit CDC path on a non-FD primitive                0  Max Delay Datapath Only  memory/bridge/read_fifo/memory_reg_0_63_57_59/RAMB/CLK                                                                        engine/codec/encoder/channels[0].channel/ddr_spatial_transport.skip/reference_ram_reg_0/DIBDI[26]
 60  CDC-13  Critical  1-bit CDC path on a non-FD primitive                0  Max Delay Datapath Only  memory/bridge/read_fifo/memory_reg_0_63_57_59/RAMC/CLK                                                                        engine/codec/encoder/channels[0].channel/ddr_spatial_transport.skip/reference_ram_reg_0/DIBDI[27]
 61  CDC-13  Critical  1-bit CDC path on a non-FD primitive                0  Max Delay Datapath Only  memory/bridge/read_fifo/memory_reg_0_63_60_62/RAMA/CLK                                                                        engine/codec/encoder/channels[0].channel/ddr_spatial_transport.skip/reference_ram_reg_0/DIBDI[28]
 62  CDC-13  Critical  1-bit CDC path on a non-FD primitive                0  Max Delay Datapath Only  memory/bridge/read_fifo/memory_reg_0_63_60_62/RAMB/CLK                                                                        engine/codec/encoder/channels[0].channel/ddr_spatial_transport.skip/reference_ram_reg_0/DIBDI[29]
 63  CDC-13  Critical  1-bit CDC path on a non-FD primitive                0  Max Delay Datapath Only  memory/bridge/read_fifo/memory_reg_0_63_60_62/RAMC/CLK                                                                        engine/codec/encoder/channels[0].channel/ddr_spatial_transport.skip/reference_ram_reg_0/DIBDI[30]
 64  CDC-13  Critical  1-bit CDC path on a non-FD primitive                0  Max Delay Datapath Only  memory/bridge/read_fifo/memory_reg_0_63_63_65/RAMA/CLK                                                                        engine/codec/encoder/channels[0].channel/ddr_spatial_transport.skip/reference_ram_reg_0/DIBDI[31]
 65  CDC-13  Critical  1-bit CDC path on a non-FD primitive                0  Max Delay Datapath Only  memory/bridge/read_fifo/memory_reg_0_63_63_65/RAMB/CLK                                                                        engine/codec/encoder/channels[0].channel/ddr_spatial_transport.skip/reference_ram_reg_0/DIPADIP[0]
 66  CDC-13  Critical  1-bit CDC path on a non-FD primitive                0  Max Delay Datapath Only  memory/bridge/read_fifo/memory_reg_0_63_63_65/RAMC/CLK                                                                        engine/codec/encoder/channels[0].channel/ddr_spatial_transport.skip/reference_ram_reg_0/DIPADIP[1]
 67  CDC-13  Critical  1-bit CDC path on a non-FD primitive                0  Max Delay Datapath Only  memory/bridge/read_fifo/memory_reg_0_63_66_68/RAMA/CLK                                                                        engine/codec/encoder/channels[0].channel/ddr_spatial_transport.skip/reference_ram_reg_0/DIPADIP[2]
 68  CDC-13  Critical  1-bit CDC path on a non-FD primitive                0  Max Delay Datapath Only  memory/bridge/read_fifo/memory_reg_0_63_66_68/RAMB/CLK                                                                        engine/codec/encoder/channels[0].channel/ddr_spatial_transport.skip/reference_ram_reg_0/DIPADIP[3]
 69  CDC-13  Critical  1-bit CDC path on a non-FD primitive                0  Max Delay Datapath Only  memory/bridge/read_fifo/memory_reg_0_63_66_68/RAMC/CLK                                                                        engine/codec/encoder/channels[0].channel/ddr_spatial_transport.skip/reference_ram_reg_0/DIPBDIP[0]
 70  CDC-13  Critical  1-bit CDC path on a non-FD primitive                0  Max Delay Datapath Only  memory/bridge/read_fifo/memory_reg_0_63_69_71/RAMA/CLK                                                                        engine/codec/encoder/channels[0].channel/ddr_spatial_transport.skip/reference_ram_reg_0/DIPBDIP[1]
 71  CDC-13  Critical  1-bit CDC path on a non-FD primitive                0  Max Delay Datapath Only  memory/bridge/read_fifo/memory_reg_0_63_69_71/RAMB/CLK                                                                        engine/codec/encoder/channels[0].channel/ddr_spatial_transport.skip/reference_ram_reg_0/DIPBDIP[2]
 72  CDC-13  Critical  1-bit CDC path on a non-FD primitive                0  Max Delay Datapath Only  memory/bridge/read_fifo/memory_reg_0_63_69_71/RAMC/CLK                                                                        engine/codec/encoder/channels[0].channel/ddr_spatial_transport.skip/reference_ram_reg_0/DIPBDIP[3]
 73  CDC-13  Critical  1-bit CDC path on a non-FD primitive                0  Max Delay Datapath Only  memory/bridge/read_fifo/memory_reg_0_63_72_74/RAMA/CLK                                                                        engine/codec/encoder/channels[0].channel/ddr_spatial_transport.skip/reference_ram_reg_1/DIADI[0]
 74  CDC-13  Critical  1-bit CDC path on a non-FD primitive                0  Max Delay Datapath Only  memory/bridge/read_fifo/memory_reg_0_63_72_74/RAMB/CLK                                                                        engine/codec/encoder/channels[0].channel/ddr_spatial_transport.skip/reference_ram_reg_1/DIADI[1]
 75  CDC-13  Critical  1-bit CDC path on a non-FD primitive                0  Max Delay Datapath Only  memory/bridge/read_fifo/memory_reg_0_63_72_74/RAMC/CLK                                                                        engine/codec/encoder/channels[0].channel/ddr_spatial_transport.skip/reference_ram_reg_1/DIADI[2]
 76  CDC-13  Critical  1-bit CDC path on a non-FD primitive                0  Max Delay Datapath Only  memory/bridge/read_fifo/memory_reg_0_63_75_77/RAMA/CLK                                                                        engine/codec/encoder/channels[0].channel/ddr_spatial_transport.skip/reference_ram_reg_1/DIADI[3]
 77  CDC-13  Critical  1-bit CDC path on a non-FD primitive                0  Max Delay Datapath Only  memory/bridge/read_fifo/memory_reg_0_63_75_77/RAMB/CLK                                                                        engine/codec/encoder/channels[0].channel/ddr_spatial_transport.skip/reference_ram_reg_1/DIADI[4]
 78  CDC-13  Critical  1-bit CDC path on a non-FD primitive                0  Max Delay Datapath Only  memory/bridge/read_fifo/memory_reg_0_63_75_77/RAMC/CLK                                                                        engine/codec/encoder/channels[0].channel/ddr_spatial_transport.skip/reference_ram_reg_1/DIADI[5]
 79  CDC-13  Critical  1-bit CDC path on a non-FD primitive                0  Max Delay Datapath Only  memory/bridge/read_fifo/memory_reg_0_63_78_80/RAMA/CLK                                                                        engine/codec/encoder/channels[0].channel/ddr_spatial_transport.skip/reference_ram_reg_1/DIADI[6]
 80  CDC-13  Critical  1-bit CDC path on a non-FD primitive                0  Max Delay Datapath Only  memory/bridge/read_fifo/memory_reg_0_63_78_80/RAMB/CLK                                                                        engine/codec/encoder/channels[0].channel/ddr_spatial_transport.skip/reference_ram_reg_1/DIADI[7]
 81  CDC-13  Critical  1-bit CDC path on a non-FD primitive                0  Max Delay Datapath Only  memory/bridge/read_fifo/memory_reg_0_63_78_80/RAMC/CLK                                                                        engine/codec/encoder/channels[0].channel/ddr_spatial_transport.skip/reference_ram_reg_1/DIADI[8]
 82  CDC-13  Critical  1-bit CDC path on a non-FD primitive                0  Max Delay Datapath Only  memory/bridge/read_fifo/memory_reg_0_63_81_83/RAMA/CLK                                                                        engine/codec/encoder/channels[0].channel/ddr_spatial_transport.skip/reference_ram_reg_1/DIADI[9]
 83  CDC-13  Critical  1-bit CDC path on a non-FD primitive                0  Max Delay Datapath Only  memory/bridge/read_fifo/memory_reg_0_63_81_83/RAMB/CLK                                                                        engine/codec/encoder/channels[0].channel/ddr_spatial_transport.skip/reference_ram_reg_1/DIADI[10]
 84  CDC-13  Critical  1-bit CDC path on a non-FD primitive                0  Max Delay Datapath Only  memory/bridge/read_fifo/memory_reg_0_63_81_83/RAMC/CLK                                                                        engine/codec/encoder/channels[0].channel/ddr_spatial_transport.skip/reference_ram_reg_1/DIADI[11]
 85  CDC-13  Critical  1-bit CDC path on a non-FD primitive                0  Max Delay Datapath Only  memory/bridge/read_fifo/memory_reg_0_63_84_86/RAMA/CLK                                                                        engine/codec/encoder/channels[0].channel/ddr_spatial_transport.skip/reference_ram_reg_1/DIADI[12]
 86  CDC-13  Critical  1-bit CDC path on a non-FD primitive                0  Max Delay Datapath Only  memory/bridge/read_fifo/memory_reg_0_63_84_86/RAMB/CLK                                                                        engine/codec/encoder/channels[0].channel/ddr_spatial_transport.skip/reference_ram_reg_1/DIADI[13]
 87  CDC-13  Critical  1-bit CDC path on a non-FD primitive                0  Max Delay Datapath Only  memory/bridge/read_fifo/memory_reg_0_63_84_86/RAMC/CLK                                                                        engine/codec/encoder/channels[0].channel/ddr_spatial_transport.skip/reference_ram_reg_1/DIADI[14]
 88  CDC-13  Critical  1-bit CDC path on a non-FD primitive                0  Max Delay Datapath Only  memory/bridge/read_fifo/memory_reg_0_63_87_89/RAMA/CLK                                                                        engine/codec/encoder/channels[0].channel/ddr_spatial_transport.skip/reference_ram_reg_1/DIADI[15]
 89  CDC-13  Critical  1-bit CDC path on a non-FD primitive                0  Max Delay Datapath Only  memory/bridge/read_fifo/memory_reg_0_63_87_89/RAMB/CLK                                                                        engine/codec/encoder/channels[0].channel/ddr_spatial_transport.skip/reference_ram_reg_1/DIADI[16]
 90  CDC-13  Critical  1-bit CDC path on a non-FD primitive                0  Max Delay Datapath Only  memory/bridge/read_fifo/memory_reg_0_63_87_89/RAMC/CLK                                                                        engine/codec/encoder/channels[0].channel/ddr_spatial_transport.skip/reference_ram_reg_1/DIADI[17]
 91  CDC-13  Critical  1-bit CDC path on a non-FD primitive                0  Max Delay Datapath Only  memory/bridge/read_fifo/memory_reg_0_63_90_92/RAMA/CLK                                                                        engine/codec/encoder/channels[0].channel/ddr_spatial_transport.skip/reference_ram_reg_1/DIADI[18]
 92  CDC-13  Critical  1-bit CDC path on a non-FD primitive                0  Max Delay Datapath Only  memory/bridge/read_fifo/memory_reg_0_63_90_92/RAMB/CLK                                                                        engine/codec/encoder/channels[0].channel/ddr_spatial_transport.skip/reference_ram_reg_1/DIADI[19]
 93  CDC-13  Critical  1-bit CDC path on a non-FD primitive                0  Max Delay Datapath Only  memory/bridge/read_fifo/memory_reg_0_63_90_92/RAMC/CLK                                                                        engine/codec/encoder/channels[0].channel/ddr_spatial_transport.skip/reference_ram_reg_1/DIADI[20]
 94  CDC-13  Critical  1-bit CDC path on a non-FD primitive                0  Max Delay Datapath Only  memory/bridge/read_fifo/memory_reg_0_63_93_95/RAMA/CLK                                                                        engine/codec/encoder/channels[0].channel/ddr_spatial_transport.skip/reference_ram_reg_1/DIADI[21]
 95  CDC-13  Critical  1-bit CDC path on a non-FD primitive                0  Max Delay Datapath Only  memory/bridge/read_fifo/memory_reg_0_63_93_95/RAMB/CLK                                                                        engine/codec/encoder/channels[0].channel/ddr_spatial_transport.skip/reference_ram_reg_1/DIADI[22]
 96  CDC-13  Critical  1-bit CDC path on a non-FD primitive                0  Max Delay Datapath Only  memory/bridge/read_fifo/memory_reg_0_63_93_95/RAMC/CLK                                                                        engine/codec/encoder/channels[0].channel/ddr_spatial_transport.skip/reference_ram_reg_1/DIADI[23]
 97  CDC-13  Critical  1-bit CDC path on a non-FD primitive                0  Max Delay Datapath Only  memory/bridge/read_fifo/memory_reg_0_63_96_98/RAMA/CLK                                                                        engine/codec/encoder/channels[0].channel/ddr_spatial_transport.skip/reference_ram_reg_1/DIADI[24]
 98  CDC-13  Critical  1-bit CDC path on a non-FD primitive                0  Max Delay Datapath Only  memory/bridge/read_fifo/memory_reg_0_63_96_98/RAMB/CLK                                                                        engine/codec/encoder/channels[0].channel/ddr_spatial_transport.skip/reference_ram_reg_1/DIADI[25]
 99  CDC-13  Critical  1-bit CDC path on a non-FD primitive                0  Max Delay Datapath Only  memory/bridge/read_fifo/memory_reg_0_63_96_98/RAMC/CLK                                                                        engine/codec/encoder/channels[0].channel/ddr_spatial_transport.skip/reference_ram_reg_1/DIADI[26]
100  CDC-13  Critical  1-bit CDC path on a non-FD primitive                0  Max Delay Datapath Only  memory/bridge/read_fifo/memory_reg_0_63_99_101/RAMA/CLK                                                                       engine/codec/encoder/channels[0].channel/ddr_spatial_transport.skip/reference_ram_reg_1/DIADI[27]
101  CDC-13  Critical  1-bit CDC path on a non-FD primitive                0  Max Delay Datapath Only  memory/bridge/read_fifo/memory_reg_0_63_99_101/RAMB/CLK                                                                       engine/codec/encoder/channels[0].channel/ddr_spatial_transport.skip/reference_ram_reg_1/DIADI[28]
102  CDC-13  Critical  1-bit CDC path on a non-FD primitive                0  Max Delay Datapath Only  memory/bridge/read_fifo/memory_reg_0_63_99_101/RAMC/CLK                                                                       engine/codec/encoder/channels[0].channel/ddr_spatial_transport.skip/reference_ram_reg_1/DIADI[29]
103  CDC-13  Critical  1-bit CDC path on a non-FD primitive                0  Max Delay Datapath Only  memory/bridge/read_fifo/memory_reg_0_63_102_104/RAMA/CLK                                                                      engine/codec/encoder/channels[0].channel/ddr_spatial_transport.skip/reference_ram_reg_1/DIADI[30]
104  CDC-13  Critical  1-bit CDC path on a non-FD primitive                0  Max Delay Datapath Only  memory/bridge/read_fifo/memory_reg_0_63_102_104/RAMB/CLK                                                                      engine/codec/encoder/channels[0].channel/ddr_spatial_transport.skip/reference_ram_reg_1/DIADI[31]
105  CDC-13  Critical  1-bit CDC path on a non-FD primitive                0  Max Delay Datapath Only  memory/bridge/read_fifo/memory_reg_0_63_102_104/RAMC/CLK                                                                      engine/codec/encoder/channels[0].channel/ddr_spatial_transport.skip/reference_ram_reg_1/DIBDI[0]
106  CDC-13  Critical  1-bit CDC path on a non-FD primitive                0  Max Delay Datapath Only  memory/bridge/read_fifo/memory_reg_0_63_105_107/RAMA/CLK                                                                      engine/codec/encoder/channels[0].channel/ddr_spatial_transport.skip/reference_ram_reg_1/DIBDI[1]
107  CDC-13  Critical  1-bit CDC path on a non-FD primitive                0  Max Delay Datapath Only  memory/bridge/read_fifo/memory_reg_0_63_105_107/RAMB/CLK                                                                      engine/codec/encoder/channels[0].channel/ddr_spatial_transport.skip/reference_ram_reg_1/DIBDI[2]
108  CDC-13  Critical  1-bit CDC path on a non-FD primitive                0  Max Delay Datapath Only  memory/bridge/read_fifo/memory_reg_0_63_105_107/RAMC/CLK                                                                      engine/codec/encoder/channels[0].channel/ddr_spatial_transport.skip/reference_ram_reg_1/DIBDI[3]
109  CDC-13  Critical  1-bit CDC path on a non-FD primitive                0  Max Delay Datapath Only  memory/bridge/read_fifo/memory_reg_0_63_108_110/RAMA/CLK                                                                      engine/codec/encoder/channels[0].channel/ddr_spatial_transport.skip/reference_ram_reg_1/DIBDI[4]
110  CDC-13  Critical  1-bit CDC path on a non-FD primitive                0  Max Delay Datapath Only  memory/bridge/read_fifo/memory_reg_0_63_108_110/RAMB/CLK                                                                      engine/codec/encoder/channels[0].channel/ddr_spatial_transport.skip/reference_ram_reg_1/DIBDI[5]
111  CDC-13  Critical  1-bit CDC path on a non-FD primitive                0  Max Delay Datapath Only  memory/bridge/read_fifo/memory_reg_0_63_108_110/RAMC/CLK                                                                      engine/codec/encoder/channels[0].channel/ddr_spatial_transport.skip/reference_ram_reg_1/DIBDI[6]
112  CDC-13  Critical  1-bit CDC path on a non-FD primitive                0  Max Delay Datapath Only  memory/bridge/read_fifo/memory_reg_0_63_111_113/RAMA/CLK                                                                      engine/codec/encoder/channels[0].channel/ddr_spatial_transport.skip/reference_ram_reg_1/DIBDI[7]
113  CDC-13  Critical  1-bit CDC path on a non-FD primitive                0  Max Delay Datapath Only  memory/bridge/read_fifo/memory_reg_0_63_111_113/RAMB/CLK                                                                      engine/codec/encoder/channels[0].channel/ddr_spatial_transport.skip/reference_ram_reg_1/DIBDI[8]
114  CDC-13  Critical  1-bit CDC path on a non-FD primitive                0  Max Delay Datapath Only  memory/bridge/read_fifo/memory_reg_0_63_111_113/RAMC/CLK                                                                      engine/codec/encoder/channels[0].channel/ddr_spatial_transport.skip/reference_ram_reg_1/DIBDI[9]
115  CDC-13  Critical  1-bit CDC path on a non-FD primitive                0  Max Delay Datapath Only  memory/bridge/read_fifo/memory_reg_0_63_114_116/RAMA/CLK                                                                      engine/codec/encoder/channels[0].channel/ddr_spatial_transport.skip/reference_ram_reg_1/DIBDI[10]
116  CDC-13  Critical  1-bit CDC path on a non-FD primitive                0  Max Delay Datapath Only  memory/bridge/read_fifo/memory_reg_0_63_114_116/RAMB/CLK                                                                      engine/codec/encoder/channels[0].channel/ddr_spatial_transport.skip/reference_ram_reg_1/DIBDI[11]
117  CDC-13  Critical  1-bit CDC path on a non-FD primitive                0  Max Delay Datapath Only  memory/bridge/read_fifo/memory_reg_0_63_114_116/RAMC/CLK                                                                      engine/codec/encoder/channels[0].channel/ddr_spatial_transport.skip/reference_ram_reg_1/DIBDI[12]
118  CDC-13  Critical  1-bit CDC path on a non-FD primitive                0  Max Delay Datapath Only  memory/bridge/read_fifo/memory_reg_0_63_117_119/RAMA/CLK                                                                      engine/codec/encoder/channels[0].channel/ddr_spatial_transport.skip/reference_ram_reg_1/DIBDI[13]
119  CDC-13  Critical  1-bit CDC path on a non-FD primitive                0  Max Delay Datapath Only  memory/bridge/read_fifo/memory_reg_0_63_117_119/RAMB/CLK                                                                      engine/codec/encoder/channels[0].channel/ddr_spatial_transport.skip/reference_ram_reg_1/DIBDI[14]
120  CDC-13  Critical  1-bit CDC path on a non-FD primitive                0  Max Delay Datapath Only  memory/bridge/read_fifo/memory_reg_0_63_117_119/RAMC/CLK                                                                      engine/codec/encoder/channels[0].channel/ddr_spatial_transport.skip/reference_ram_reg_1/DIBDI[15]
121  CDC-13  Critical  1-bit CDC path on a non-FD primitive                0  Max Delay Datapath Only  memory/bridge/read_fifo/memory_reg_0_63_120_122/RAMA/CLK                                                                      engine/codec/encoder/channels[0].channel/ddr_spatial_transport.skip/reference_ram_reg_1/DIBDI[16]
122  CDC-13  Critical  1-bit CDC path on a non-FD primitive                0  Max Delay Datapath Only  memory/bridge/read_fifo/memory_reg_0_63_120_122/RAMB/CLK                                                                      engine/codec/encoder/channels[0].channel/ddr_spatial_transport.skip/reference_ram_reg_1/DIBDI[17]
123  CDC-13  Critical  1-bit CDC path on a non-FD primitive                0  Max Delay Datapath Only  memory/bridge/read_fifo/memory_reg_0_63_120_122/RAMC/CLK                                                                      engine/codec/encoder/channels[0].channel/ddr_spatial_transport.skip/reference_ram_reg_1/DIBDI[18]
124  CDC-13  Critical  1-bit CDC path on a non-FD primitive                0  Max Delay Datapath Only  memory/bridge/read_fifo/memory_reg_0_63_123_125/RAMA/CLK                                                                      engine/codec/encoder/channels[0].channel/ddr_spatial_transport.skip/reference_ram_reg_1/DIBDI[19]
125  CDC-13  Critical  1-bit CDC path on a non-FD primitive                0  Max Delay Datapath Only  memory/bridge/read_fifo/memory_reg_0_63_123_125/RAMB/CLK                                                                      engine/codec/encoder/channels[0].channel/ddr_spatial_transport.skip/reference_ram_reg_1/DIBDI[20]
126  CDC-13  Critical  1-bit CDC path on a non-FD primitive                0  Max Delay Datapath Only  memory/bridge/read_fifo/memory_reg_0_63_123_125/RAMC/CLK                                                                      engine/codec/encoder/channels[0].channel/ddr_spatial_transport.skip/reference_ram_reg_1/DIBDI[21]
127  CDC-13  Critical  1-bit CDC path on a non-FD primitive                0  Max Delay Datapath Only  memory/bridge/read_fifo/memory_reg_0_63_126_128/RAMA/CLK                                                                      engine/codec/encoder/channels[0].channel/ddr_spatial_transport.skip/reference_ram_reg_1/DIBDI[22]
128  CDC-13  Critical  1-bit CDC path on a non-FD primitive                0  Max Delay Datapath Only  memory/bridge/read_fifo/memory_reg_0_63_126_128/RAMB/CLK                                                                      engine/codec/encoder/channels[0].channel/ddr_spatial_transport.skip/reference_ram_reg_1/DIBDI[23]
129  CDC-1   Critical  1-bit unknown CDC circuitry                         0  Max Delay Datapath Only  memory/bridge/read_fifo/memory_reg_0_63_126_128/RAMC/CLK                                                                      memory/bridge/busy_reg/D
130  CDC-3   Info      1-bit synchronized with ASYNC_REG property          2  False Path               memory/controller/u_davinci_ddr3_mig_mig/u_memc_ui_top_std/mem_intfc0/ddr_phy_top0/u_ddr_calib_top/init_calib_complete_reg/C  memory/bridge/calibrated_sync1_reg/D
131  CDC-3   Info      1-bit synchronized with ASYNC_REG property          2  False Path               memory/bridge/ui_completion_toggle_reg/C                                                                                      memory/bridge/completion_sync1_reg/D
132  CDC-1   Critical  1-bit unknown CDC circuitry                         0  Max Delay Datapath Only  memory/bridge/read_fifo/memory_reg_0_63_126_128/RAMC/CLK                                                                      memory/bridge/done_reg/D
133  CDC-3   Info      1-bit synchronized with ASYNC_REG property          2  False Path               memory/bridge/ui_fault_reg/C                                                                                                  memory/bridge/fault_sync1_reg/D
134  CDC-1   Critical  1-bit unknown CDC circuitry                         0  Max Delay Datapath Only  memory/bridge/read_fifo/memory_reg_0_63_126_128/RAMC/CLK                                                                      memory/bridge/read_consumed_reg/D
135  CDC-6   Warning   Multi-bit synchronized with ASYNC_REG property      2  Max Delay Datapath Only  memory/bridge/read_fifo/wr_gray_reg[5:0]/C                                                                                    memory/bridge/read_fifo/wr_gray_sync1_reg[5:0]/D
136  CDC-3   Info      1-bit synchronized with ASYNC_REG property          2  Max Delay Datapath Only  memory/bridge/read_fifo/wr_binary_reg[6]/C                                                                                    memory/bridge/read_fifo/wr_gray_sync1_reg[6]/D
137  CDC-3   Info      1-bit synchronized with ASYNC_REG property          2  False Path               memory/bridge/ui_reset_pipe_reg[2]/C                                                                                          memory/bridge/ui_reset_release_sync1_reg/D
138  CDC-3   Info      1-bit synchronized with ASYNC_REG property          2  False Path               memory/controller/u_davinci_ddr3_mig_mig/u_ddr3_infrastructure/rstdiv0_sync_r1_reg_rep/C                                      memory/bridge/ui_rst_sync1_reg/D
139  CDC-6   Warning   Multi-bit synchronized with ASYNC_REG property      2  Max Delay Datapath Only  memory/bridge/write_fifo/rd_gray_reg[6:0]/C                                                                                   memory/bridge/write_fifo/rd_gray_sync1_reg[6:0]/D

Source Clock: clock_raw
Destination Clock: core_raw
CDC Type: No Common Primary Clock

Row  ID     Severity  Description                                              Depth  Exception                Source (From)                                     Destination (To)
---  -----  --------  -------------------------------------------------------  -----  -----------------------  ------------------------------------------------  -----------------------------------------------------
  1  CDC-3  Info      1-bit synchronized with ASYNC_REG property                   2  False Path               real_camera.capture/in_frame_reg/C                real_camera.capture/active_sync_reg[0]/D
  2  CDC-6  Warning   Multi-bit synchronized with ASYNC_REG property               2  Max Delay Datapath Only  real_camera.capture/bytes_gray_reg[31:0]/C        real_camera.capture/bytes_c1_reg[31:0]/D
  3  CDC-6  Warning   Multi-bit synchronized with ASYNC_REG property               2  Max Delay Datapath Only  real_camera.capture/dropped_gray_reg[31:0]/C      real_camera.capture/dropped_c1_reg[31:0]/D
  4  CDC-3  Info      1-bit synchronized with ASYNC_REG property                   2  False Path               real_camera.capture/enable_sync_reg[1]/C          real_camera.capture/enable_seen_sync_reg[0]/D
  5  CDC-6  Warning   Multi-bit synchronized with ASYNC_REG property               2  Max Delay Datapath Only  real_camera.capture/frames_gray_reg[31:0]/C       real_camera.capture/frames_c1_reg[31:0]/D
  6  CDC-6  Warning   Multi-bit synchronized with ASYNC_REG property               2  Max Delay Datapath Only  real_camera.capture/overflow_gray_reg[31:0]/C     real_camera.capture/overflow_c1_reg[31:0]/D
  7  CDC-9  Info      Asynchronous reset synchronized with ASYNC_REG property      3  False Path               real_camera.capture/fault_req_reg/C               real_camera.capture/pixel_fifo/rflush_pipe_reg[0]/PRE
  8  CDC-6  Warning   Multi-bit synchronized with ASYNC_REG property               2  Max Delay Datapath Only  real_camera.capture/pixel_fifo/wgray_reg[12:0]/C  real_camera.capture/pixel_fifo/wgray_r1_reg[12:0]/D
  9  CDC-6  Warning   Multi-bit synchronized with ASYNC_REG property               2  Max Delay Datapath Only  real_camera.capture/received_gray_reg[31:0]/C     real_camera.capture/received_c1_reg[31:0]/D
 10  CDC-6  Warning   Multi-bit synchronized with ASYNC_REG property               2  Max Delay Datapath Only  real_camera.capture/ticks_gray_reg[31:0]/C        real_camera.capture/ticks_c1_reg[31:0]/D

Source Clock: input port clock
Destination Clock: core_raw
CDC Type: No Common Primary Clock

Row  ID     Severity  Description                                 Depth  Exception   Source (From)  Destination (To)
---  -----  --------  ------------------------------------------  -----  ----------  -------------  ------------------------------------------------
  1  CDC-3  Info      1-bit synchronized with ASYNC_REG property      2  False Path  key[0]         real_camera.controls/key_meta_reg[0]/D
  2  CDC-3  Info      1-bit synchronized with ASYNC_REG property      2  False Path  key[1]         real_camera.controls/key_meta_reg[1]/D
  3  CDC-3  Info      1-bit synchronized with ASYNC_REG property      2  False Path  key[2]         real_camera.controls/key_meta_reg[2]/D
  4  CDC-3  Info      1-bit synchronized with ASYNC_REG property      2  False Path  key[3]         real_camera.controls/key_meta_reg[3]/D
  5  CDC-3  Info      1-bit synchronized with ASYNC_REG property      2  False Path  cam_sda        real_camera.initialization/u_sccb/sda_meta_reg/D

Source Clock: usb_clk
Destination Clock: core_raw
CDC Type: No Common Primary Clock

Row  ID      Severity  Description                                     Depth  Exception                Source (From)                                       Destination (To)
---  ------  --------  ----------------------------------------------  -----  -----------------------  --------------------------------------------------  -----------------------------------------------
  1  CDC-3   Info      1-bit synchronized with ASYNC_REG property          2  False Path               synchronous.clock_guard/heartbeat_counter_reg[6]/C  synchronous.clock_guard/heartbeat_sync_reg[0]/D
  2  CDC-15  Warning   Clock enable controlled CDC structure detected      0  Max Delay Datapath Only  synchronous.rx_fifo/memory_reg_0_63_0_2/RAMA/CLK    synchronous.rx_fifo/m_data_reg[0]/D
  3  CDC-15  Warning   Clock enable controlled CDC structure detected      0  Max Delay Datapath Only  synchronous.rx_fifo/memory_reg_0_63_0_2/RAMB/CLK    synchronous.rx_fifo/m_data_reg[1]/D
  4  CDC-15  Warning   Clock enable controlled CDC structure detected      0  Max Delay Datapath Only  synchronous.rx_fifo/memory_reg_0_63_0_2/RAMC/CLK    synchronous.rx_fifo/m_data_reg[2]/D
  5  CDC-15  Warning   Clock enable controlled CDC structure detected      0  Max Delay Datapath Only  synchronous.rx_fifo/memory_reg_0_63_3_5/RAMA/CLK    synchronous.rx_fifo/m_data_reg[3]/D
  6  CDC-15  Warning   Clock enable controlled CDC structure detected      0  Max Delay Datapath Only  synchronous.rx_fifo/memory_reg_0_63_3_5/RAMB/CLK    synchronous.rx_fifo/m_data_reg[4]/D
  7  CDC-15  Warning   Clock enable controlled CDC structure detected      0  Max Delay Datapath Only  synchronous.rx_fifo/memory_reg_0_63_3_5/RAMC/CLK    synchronous.rx_fifo/m_data_reg[5]/D
  8  CDC-15  Warning   Clock enable controlled CDC structure detected      0  Max Delay Datapath Only  synchronous.rx_fifo/memory_reg_0_63_6_6/DP/CLK      synchronous.rx_fifo/m_data_reg[6]/D
  9  CDC-15  Warning   Clock enable controlled CDC structure detected      0  Max Delay Datapath Only  synchronous.rx_fifo/memory_reg_0_63_7_7/DP/CLK      synchronous.rx_fifo/m_data_reg[7]/D
 10  CDC-6   Warning   Multi-bit synchronized with ASYNC_REG property      2  Max Delay Datapath Only  synchronous.rx_fifo/wgray_reg[7:0]/C                synchronous.rx_fifo/wgray_r1_reg[7:0]/D
 11  CDC-3   Info      1-bit synchronized with ASYNC_REG property          2  Max Delay Datapath Only  synchronous.rx_fifo/wbin_reg[8]/C                   synchronous.rx_fifo/wgray_r1_reg[8]/D
 12  CDC-15  Warning   Clock enable controlled CDC structure detected      0  Max Delay Datapath Only  synchronous.stats_mailbox/held_data_reg[0]/C        synchronous.stats_mailbox/m_data_reg[0]/D
 13  CDC-15  Warning   Clock enable controlled CDC structure detected      0  Max Delay Datapath Only  synchronous.stats_mailbox/held_data_reg[1]/C        synchronous.stats_mailbox/m_data_reg[1]/D
 14  CDC-15  Warning   Clock enable controlled CDC structure detected      0  Max Delay Datapath Only  synchronous.stats_mailbox/held_data_reg[2]/C        synchronous.stats_mailbox/m_data_reg[2]/D
 15  CDC-15  Warning   Clock enable controlled CDC structure detected      0  Max Delay Datapath Only  synchronous.stats_mailbox/held_data_reg[3]/C        synchronous.stats_mailbox/m_data_reg[3]/D
 16  CDC-15  Warning   Clock enable controlled CDC structure detected      0  Max Delay Datapath Only  synchronous.stats_mailbox/held_data_reg[4]/C        synchronous.stats_mailbox/m_data_reg[4]/D
 17  CDC-15  Warning   Clock enable controlled CDC structure detected      0  Max Delay Datapath Only  synchronous.stats_mailbox/held_data_reg[5]/C        synchronous.stats_mailbox/m_data_reg[5]/D
 18  CDC-15  Warning   Clock enable controlled CDC structure detected      0  Max Delay Datapath Only  synchronous.stats_mailbox/held_data_reg[6]/C        synchronous.stats_mailbox/m_data_reg[6]/D
 19  CDC-15  Warning   Clock enable controlled CDC structure detected      0  Max Delay Datapath Only  synchronous.stats_mailbox/held_data_reg[7]/C        synchronous.stats_mailbox/m_data_reg[7]/D
 20  CDC-15  Warning   Clock enable controlled CDC structure detected      0  Max Delay Datapath Only  synchronous.stats_mailbox/held_data_reg[8]/C        synchronous.stats_mailbox/m_data_reg[8]/D
 21  CDC-15  Warning   Clock enable controlled CDC structure detected      0  Max Delay Datapath Only  synchronous.stats_mailbox/held_data_reg[9]/C        synchronous.stats_mailbox/m_data_reg[9]/D
 22  CDC-15  Warning   Clock enable controlled CDC structure detected      0  Max Delay Datapath Only  synchronous.stats_mailbox/held_data_reg[10]/C       synchronous.stats_mailbox/m_data_reg[10]/D
 23  CDC-15  Warning   Clock enable controlled CDC structure detected      0  Max Delay Datapath Only  synchronous.stats_mailbox/held_data_reg[11]/C       synchronous.stats_mailbox/m_data_reg[11]/D
 24  CDC-15  Warning   Clock enable controlled CDC structure detected      0  Max Delay Datapath Only  synchronous.stats_mailbox/held_data_reg[12]/C       synchronous.stats_mailbox/m_data_reg[12]/D
 25  CDC-15  Warning   Clock enable controlled CDC structure detected      0  Max Delay Datapath Only  synchronous.stats_mailbox/held_data_reg[13]/C       synchronous.stats_mailbox/m_data_reg[13]/D
 26  CDC-15  Warning   Clock enable controlled CDC structure detected      0  Max Delay Datapath Only  synchronous.stats_mailbox/held_data_reg[14]/C       synchronous.stats_mailbox/m_data_reg[14]/D
 27  CDC-15  Warning   Clock enable controlled CDC structure detected      0  Max Delay Datapath Only  synchronous.stats_mailbox/held_data_reg[15]/C       synchronous.stats_mailbox/m_data_reg[15]/D
 28  CDC-15  Warning   Clock enable controlled CDC structure detected      0  Max Delay Datapath Only  synchronous.stats_mailbox/held_data_reg[16]/C       synchronous.stats_mailbox/m_data_reg[16]/D
 29  CDC-15  Warning   Clock enable controlled CDC structure detected      0  Max Delay Datapath Only  synchronous.stats_mailbox/held_data_reg[17]/C       synchronous.stats_mailbox/m_data_reg[17]/D
 30  CDC-15  Warning   Clock enable controlled CDC structure detected      0  Max Delay Datapath Only  synchronous.stats_mailbox/held_data_reg[18]/C       synchronous.stats_mailbox/m_data_reg[18]/D
 31  CDC-15  Warning   Clock enable controlled CDC structure detected      0  Max Delay Datapath Only  synchronous.stats_mailbox/held_data_reg[19]/C       synchronous.stats_mailbox/m_data_reg[19]/D
 32  CDC-15  Warning   Clock enable controlled CDC structure detected      0  Max Delay Datapath Only  synchronous.stats_mailbox/held_data_reg[20]/C       synchronous.stats_mailbox/m_data_reg[20]/D
 33  CDC-15  Warning   Clock enable controlled CDC structure detected      0  Max Delay Datapath Only  synchronous.stats_mailbox/held_data_reg[21]/C       synchronous.stats_mailbox/m_data_reg[21]/D
 34  CDC-15  Warning   Clock enable controlled CDC structure detected      0  Max Delay Datapath Only  synchronous.stats_mailbox/held_data_reg[22]/C       synchronous.stats_mailbox/m_data_reg[22]/D
 35  CDC-15  Warning   Clock enable controlled CDC structure detected      0  Max Delay Datapath Only  synchronous.stats_mailbox/held_data_reg[23]/C       synchronous.stats_mailbox/m_data_reg[23]/D
 36  CDC-15  Warning   Clock enable controlled CDC structure detected      0  Max Delay Datapath Only  synchronous.stats_mailbox/held_data_reg[24]/C       synchronous.stats_mailbox/m_data_reg[24]/D
 37  CDC-15  Warning   Clock enable controlled CDC structure detected      0  Max Delay Datapath Only  synchronous.stats_mailbox/held_data_reg[25]/C       synchronous.stats_mailbox/m_data_reg[25]/D
 38  CDC-15  Warning   Clock enable controlled CDC structure detected      0  Max Delay Datapath Only  synchronous.stats_mailbox/held_data_reg[26]/C       synchronous.stats_mailbox/m_data_reg[26]/D
 39  CDC-15  Warning   Clock enable controlled CDC structure detected      0  Max Delay Datapath Only  synchronous.stats_mailbox/held_data_reg[27]/C       synchronous.stats_mailbox/m_data_reg[27]/D
 40  CDC-15  Warning   Clock enable controlled CDC structure detected      0  Max Delay Datapath Only  synchronous.stats_mailbox/held_data_reg[28]/C       synchronous.stats_mailbox/m_data_reg[28]/D
 41  CDC-15  Warning   Clock enable controlled CDC structure detected      0  Max Delay Datapath Only  synchronous.stats_mailbox/held_data_reg[29]/C       synchronous.stats_mailbox/m_data_reg[29]/D
 42  CDC-15  Warning   Clock enable controlled CDC structure detected      0  Max Delay Datapath Only  synchronous.stats_mailbox/held_data_reg[30]/C       synchronous.stats_mailbox/m_data_reg[30]/D
 43  CDC-15  Warning   Clock enable controlled CDC structure detected      0  Max Delay Datapath Only  synchronous.stats_mailbox/held_data_reg[31]/C       synchronous.stats_mailbox/m_data_reg[31]/D
 44  CDC-15  Warning   Clock enable controlled CDC structure detected      0  Max Delay Datapath Only  synchronous.stats_mailbox/held_data_reg[47]/C       synchronous.stats_mailbox/m_data_reg[47]/D
 45  CDC-15  Warning   Clock enable controlled CDC structure detected      0  Max Delay Datapath Only  synchronous.stats_mailbox/held_data_reg[64]/C       synchronous.stats_mailbox/m_data_reg[64]/D
 46  CDC-15  Warning   Clock enable controlled CDC structure detected      0  Max Delay Datapath Only  synchronous.stats_mailbox/held_data_reg[65]/C       synchronous.stats_mailbox/m_data_reg[65]/D
 47  CDC-15  Warning   Clock enable controlled CDC structure detected      0  Max Delay Datapath Only  synchronous.stats_mailbox/held_data_reg[66]/C       synchronous.stats_mailbox/m_data_reg[66]/D
 48  CDC-15  Warning   Clock enable controlled CDC structure detected      0  Max Delay Datapath Only  synchronous.stats_mailbox/held_data_reg[67]/C       synchronous.stats_mailbox/m_data_reg[67]/D
 49  CDC-15  Warning   Clock enable controlled CDC structure detected      0  Max Delay Datapath Only  synchronous.stats_mailbox/held_data_reg[68]/C       synchronous.stats_mailbox/m_data_reg[68]/D
 50  CDC-15  Warning   Clock enable controlled CDC structure detected      0  Max Delay Datapath Only  synchronous.stats_mailbox/held_data_reg[69]/C       synchronous.stats_mailbox/m_data_reg[69]/D
 51  CDC-15  Warning   Clock enable controlled CDC structure detected      0  Max Delay Datapath Only  synchronous.stats_mailbox/held_data_reg[70]/C       synchronous.stats_mailbox/m_data_reg[70]/D
 52  CDC-15  Warning   Clock enable controlled CDC structure detected      0  Max Delay Datapath Only  synchronous.stats_mailbox/held_data_reg[71]/C       synchronous.stats_mailbox/m_data_reg[71]/D
 53  CDC-15  Warning   Clock enable controlled CDC structure detected      0  Max Delay Datapath Only  synchronous.stats_mailbox/held_data_reg[72]/C       synchronous.stats_mailbox/m_data_reg[72]/D
 54  CDC-15  Warning   Clock enable controlled CDC structure detected      0  Max Delay Datapath Only  synchronous.stats_mailbox/held_data_reg[73]/C       synchronous.stats_mailbox/m_data_reg[73]/D
 55  CDC-15  Warning   Clock enable controlled CDC structure detected      0  Max Delay Datapath Only  synchronous.stats_mailbox/held_data_reg[74]/C       synchronous.stats_mailbox/m_data_reg[74]/D
 56  CDC-15  Warning   Clock enable controlled CDC structure detected      0  Max Delay Datapath Only  synchronous.stats_mailbox/held_data_reg[75]/C       synchronous.stats_mailbox/m_data_reg[75]/D
 57  CDC-15  Warning   Clock enable controlled CDC structure detected      0  Max Delay Datapath Only  synchronous.stats_mailbox/held_data_reg[76]/C       synchronous.stats_mailbox/m_data_reg[76]/D
 58  CDC-15  Warning   Clock enable controlled CDC structure detected      0  Max Delay Datapath Only  synchronous.stats_mailbox/held_data_reg[77]/C       synchronous.stats_mailbox/m_data_reg[77]/D
 59  CDC-15  Warning   Clock enable controlled CDC structure detected      0  Max Delay Datapath Only  synchronous.stats_mailbox/held_data_reg[78]/C       synchronous.stats_mailbox/m_data_reg[78]/D
 60  CDC-15  Warning   Clock enable controlled CDC structure detected      0  Max Delay Datapath Only  synchronous.stats_mailbox/held_data_reg[79]/C       synchronous.stats_mailbox/m_data_reg[79]/D
 61  CDC-15  Warning   Clock enable controlled CDC structure detected      0  Max Delay Datapath Only  synchronous.stats_mailbox/held_data_reg[80]/C       synchronous.stats_mailbox/m_data_reg[80]/D
 62  CDC-15  Warning   Clock enable controlled CDC structure detected      0  Max Delay Datapath Only  synchronous.stats_mailbox/held_data_reg[81]/C       synchronous.stats_mailbox/m_data_reg[81]/D
 63  CDC-15  Warning   Clock enable controlled CDC structure detected      0  Max Delay Datapath Only  synchronous.stats_mailbox/held_data_reg[82]/C       synchronous.stats_mailbox/m_data_reg[82]/D
 64  CDC-15  Warning   Clock enable controlled CDC structure detected      0  Max Delay Datapath Only  synchronous.stats_mailbox/held_data_reg[83]/C       synchronous.stats_mailbox/m_data_reg[83]/D
 65  CDC-15  Warning   Clock enable controlled CDC structure detected      0  Max Delay Datapath Only  synchronous.stats_mailbox/held_data_reg[84]/C       synchronous.stats_mailbox/m_data_reg[84]/D
 66  CDC-15  Warning   Clock enable controlled CDC structure detected      0  Max Delay Datapath Only  synchronous.stats_mailbox/held_data_reg[85]/C       synchronous.stats_mailbox/m_data_reg[85]/D
 67  CDC-15  Warning   Clock enable controlled CDC structure detected      0  Max Delay Datapath Only  synchronous.stats_mailbox/held_data_reg[86]/C       synchronous.stats_mailbox/m_data_reg[86]/D
 68  CDC-15  Warning   Clock enable controlled CDC structure detected      0  Max Delay Datapath Only  synchronous.stats_mailbox/held_data_reg[87]/C       synchronous.stats_mailbox/m_data_reg[87]/D
 69  CDC-15  Warning   Clock enable controlled CDC structure detected      0  Max Delay Datapath Only  synchronous.stats_mailbox/held_data_reg[88]/C       synchronous.stats_mailbox/m_data_reg[88]/D
 70  CDC-15  Warning   Clock enable controlled CDC structure detected      0  Max Delay Datapath Only  synchronous.stats_mailbox/held_data_reg[89]/C       synchronous.stats_mailbox/m_data_reg[89]/D
 71  CDC-15  Warning   Clock enable controlled CDC structure detected      0  Max Delay Datapath Only  synchronous.stats_mailbox/held_data_reg[90]/C       synchronous.stats_mailbox/m_data_reg[90]/D
 72  CDC-15  Warning   Clock enable controlled CDC structure detected      0  Max Delay Datapath Only  synchronous.stats_mailbox/held_data_reg[91]/C       synchronous.stats_mailbox/m_data_reg[91]/D
 73  CDC-15  Warning   Clock enable controlled CDC structure detected      0  Max Delay Datapath Only  synchronous.stats_mailbox/held_data_reg[92]/C       synchronous.stats_mailbox/m_data_reg[92]/D
 74  CDC-15  Warning   Clock enable controlled CDC structure detected      0  Max Delay Datapath Only  synchronous.stats_mailbox/held_data_reg[93]/C       synchronous.stats_mailbox/m_data_reg[93]/D
 75  CDC-15  Warning   Clock enable controlled CDC structure detected      0  Max Delay Datapath Only  synchronous.stats_mailbox/held_data_reg[94]/C       synchronous.stats_mailbox/m_data_reg[94]/D
 76  CDC-15  Warning   Clock enable controlled CDC structure detected      0  Max Delay Datapath Only  synchronous.stats_mailbox/held_data_reg[95]/C       synchronous.stats_mailbox/m_data_reg[95]/D
 77  CDC-15  Warning   Clock enable controlled CDC structure detected      0  Max Delay Datapath Only  synchronous.stats_mailbox/held_data_reg[96]/C       synchronous.stats_mailbox/m_data_reg[96]/D
 78  CDC-15  Warning   Clock enable controlled CDC structure detected      0  Max Delay Datapath Only  synchronous.stats_mailbox/held_data_reg[97]/C       synchronous.stats_mailbox/m_data_reg[97]/D
 79  CDC-15  Warning   Clock enable controlled CDC structure detected      0  Max Delay Datapath Only  synchronous.stats_mailbox/held_data_reg[98]/C       synchronous.stats_mailbox/m_data_reg[98]/D
 80  CDC-15  Warning   Clock enable controlled CDC structure detected      0  Max Delay Datapath Only  synchronous.stats_mailbox/held_data_reg[99]/C       synchronous.stats_mailbox/m_data_reg[99]/D
 81  CDC-15  Warning   Clock enable controlled CDC structure detected      0  Max Delay Datapath Only  synchronous.stats_mailbox/held_data_reg[100]/C      synchronous.stats_mailbox/m_data_reg[100]/D
 82  CDC-15  Warning   Clock enable controlled CDC structure detected      0  Max Delay Datapath Only  synchronous.stats_mailbox/held_data_reg[101]/C      synchronous.stats_mailbox/m_data_reg[101]/D
 83  CDC-15  Warning   Clock enable controlled CDC structure detected      0  Max Delay Datapath Only  synchronous.stats_mailbox/held_data_reg[102]/C      synchronous.stats_mailbox/m_data_reg[102]/D
 84  CDC-15  Warning   Clock enable controlled CDC structure detected      0  Max Delay Datapath Only  synchronous.stats_mailbox/held_data_reg[103]/C      synchronous.stats_mailbox/m_data_reg[103]/D
 85  CDC-15  Warning   Clock enable controlled CDC structure detected      0  Max Delay Datapath Only  synchronous.stats_mailbox/held_data_reg[104]/C      synchronous.stats_mailbox/m_data_reg[104]/D
 86  CDC-15  Warning   Clock enable controlled CDC structure detected      0  Max Delay Datapath Only  synchronous.stats_mailbox/held_data_reg[105]/C      synchronous.stats_mailbox/m_data_reg[105]/D
 87  CDC-15  Warning   Clock enable controlled CDC structure detected      0  Max Delay Datapath Only  synchronous.stats_mailbox/held_data_reg[106]/C      synchronous.stats_mailbox/m_data_reg[106]/D
 88  CDC-15  Warning   Clock enable controlled CDC structure detected      0  Max Delay Datapath Only  synchronous.stats_mailbox/held_data_reg[107]/C      synchronous.stats_mailbox/m_data_reg[107]/D
 89  CDC-15  Warning   Clock enable controlled CDC structure detected      0  Max Delay Datapath Only  synchronous.stats_mailbox/held_data_reg[108]/C      synchronous.stats_mailbox/m_data_reg[108]/D
 90  CDC-15  Warning   Clock enable controlled CDC structure detected      0  Max Delay Datapath Only  synchronous.stats_mailbox/held_data_reg[109]/C      synchronous.stats_mailbox/m_data_reg[109]/D
 91  CDC-15  Warning   Clock enable controlled CDC structure detected      0  Max Delay Datapath Only  synchronous.stats_mailbox/held_data_reg[110]/C      synchronous.stats_mailbox/m_data_reg[110]/D
 92  CDC-15  Warning   Clock enable controlled CDC structure detected      0  Max Delay Datapath Only  synchronous.stats_mailbox/held_data_reg[111]/C      synchronous.stats_mailbox/m_data_reg[111]/D
 93  CDC-15  Warning   Clock enable controlled CDC structure detected      0  Max Delay Datapath Only  synchronous.stats_mailbox/held_data_reg[112]/C      synchronous.stats_mailbox/m_data_reg[112]/D
 94  CDC-15  Warning   Clock enable controlled CDC structure detected      0  Max Delay Datapath Only  synchronous.stats_mailbox/held_data_reg[113]/C      synchronous.stats_mailbox/m_data_reg[113]/D
 95  CDC-15  Warning   Clock enable controlled CDC structure detected      0  Max Delay Datapath Only  synchronous.stats_mailbox/held_data_reg[114]/C      synchronous.stats_mailbox/m_data_reg[114]/D
 96  CDC-15  Warning   Clock enable controlled CDC structure detected      0  Max Delay Datapath Only  synchronous.stats_mailbox/held_data_reg[115]/C      synchronous.stats_mailbox/m_data_reg[115]/D
 97  CDC-15  Warning   Clock enable controlled CDC structure detected      0  Max Delay Datapath Only  synchronous.stats_mailbox/held_data_reg[116]/C      synchronous.stats_mailbox/m_data_reg[116]/D
 98  CDC-15  Warning   Clock enable controlled CDC structure detected      0  Max Delay Datapath Only  synchronous.stats_mailbox/held_data_reg[117]/C      synchronous.stats_mailbox/m_data_reg[117]/D
 99  CDC-15  Warning   Clock enable controlled CDC structure detected      0  Max Delay Datapath Only  synchronous.stats_mailbox/held_data_reg[118]/C      synchronous.stats_mailbox/m_data_reg[118]/D
100  CDC-15  Warning   Clock enable controlled CDC structure detected      0  Max Delay Datapath Only  synchronous.stats_mailbox/held_data_reg[119]/C      synchronous.stats_mailbox/m_data_reg[119]/D
101  CDC-15  Warning   Clock enable controlled CDC structure detected      0  Max Delay Datapath Only  synchronous.stats_mailbox/held_data_reg[120]/C      synchronous.stats_mailbox/m_data_reg[120]/D
102  CDC-15  Warning   Clock enable controlled CDC structure detected      0  Max Delay Datapath Only  synchronous.stats_mailbox/held_data_reg[121]/C      synchronous.stats_mailbox/m_data_reg[121]/D
103  CDC-15  Warning   Clock enable controlled CDC structure detected      0  Max Delay Datapath Only  synchronous.stats_mailbox/held_data_reg[122]/C      synchronous.stats_mailbox/m_data_reg[122]/D
104  CDC-15  Warning   Clock enable controlled CDC structure detected      0  Max Delay Datapath Only  synchronous.stats_mailbox/held_data_reg[123]/C      synchronous.stats_mailbox/m_data_reg[123]/D
105  CDC-15  Warning   Clock enable controlled CDC structure detected      0  Max Delay Datapath Only  synchronous.stats_mailbox/held_data_reg[124]/C      synchronous.stats_mailbox/m_data_reg[124]/D
106  CDC-15  Warning   Clock enable controlled CDC structure detected      0  Max Delay Datapath Only  synchronous.stats_mailbox/held_data_reg[125]/C      synchronous.stats_mailbox/m_data_reg[125]/D
107  CDC-15  Warning   Clock enable controlled CDC structure detected      0  Max Delay Datapath Only  synchronous.stats_mailbox/held_data_reg[126]/C      synchronous.stats_mailbox/m_data_reg[126]/D
108  CDC-15  Warning   Clock enable controlled CDC structure detected      0  Max Delay Datapath Only  synchronous.stats_mailbox/held_data_reg[127]/C      synchronous.stats_mailbox/m_data_reg[127]/D
109  CDC-15  Warning   Clock enable controlled CDC structure detected      0  Max Delay Datapath Only  synchronous.stats_mailbox/held_data_reg[128]/C      synchronous.stats_mailbox/m_data_reg[128]/D
110  CDC-15  Warning   Clock enable controlled CDC structure detected      0  Max Delay Datapath Only  synchronous.stats_mailbox/held_data_reg[129]/C      synchronous.stats_mailbox/m_data_reg[129]/D
111  CDC-15  Warning   Clock enable controlled CDC structure detected      0  Max Delay Datapath Only  synchronous.stats_mailbox/held_data_reg[130]/C      synchronous.stats_mailbox/m_data_reg[130]/D
112  CDC-15  Warning   Clock enable controlled CDC structure detected      0  Max Delay Datapath Only  synchronous.stats_mailbox/held_data_reg[131]/C      synchronous.stats_mailbox/m_data_reg[131]/D
113  CDC-15  Warning   Clock enable controlled CDC structure detected      0  Max Delay Datapath Only  synchronous.stats_mailbox/held_data_reg[132]/C      synchronous.stats_mailbox/m_data_reg[132]/D
114  CDC-15  Warning   Clock enable controlled CDC structure detected      0  Max Delay Datapath Only  synchronous.stats_mailbox/held_data_reg[133]/C      synchronous.stats_mailbox/m_data_reg[133]/D
115  CDC-15  Warning   Clock enable controlled CDC structure detected      0  Max Delay Datapath Only  synchronous.stats_mailbox/held_data_reg[134]/C      synchronous.stats_mailbox/m_data_reg[134]/D
116  CDC-15  Warning   Clock enable controlled CDC structure detected      0  Max Delay Datapath Only  synchronous.stats_mailbox/held_data_reg[135]/C      synchronous.stats_mailbox/m_data_reg[135]/D
117  CDC-15  Warning   Clock enable controlled CDC structure detected      0  Max Delay Datapath Only  synchronous.stats_mailbox/held_data_reg[136]/C      synchronous.stats_mailbox/m_data_reg[136]/D
118  CDC-15  Warning   Clock enable controlled CDC structure detected      0  Max Delay Datapath Only  synchronous.stats_mailbox/held_data_reg[137]/C      synchronous.stats_mailbox/m_data_reg[137]/D
119  CDC-15  Warning   Clock enable controlled CDC structure detected      0  Max Delay Datapath Only  synchronous.stats_mailbox/held_data_reg[138]/C      synchronous.stats_mailbox/m_data_reg[138]/D
120  CDC-15  Warning   Clock enable controlled CDC structure detected      0  Max Delay Datapath Only  synchronous.stats_mailbox/held_data_reg[139]/C      synchronous.stats_mailbox/m_data_reg[139]/D
121  CDC-15  Warning   Clock enable controlled CDC structure detected      0  Max Delay Datapath Only  synchronous.stats_mailbox/held_data_reg[140]/C      synchronous.stats_mailbox/m_data_reg[140]/D
122  CDC-15  Warning   Clock enable controlled CDC structure detected      0  Max Delay Datapath Only  synchronous.stats_mailbox/held_data_reg[141]/C      synchronous.stats_mailbox/m_data_reg[141]/D
123  CDC-15  Warning   Clock enable controlled CDC structure detected      0  Max Delay Datapath Only  synchronous.stats_mailbox/held_data_reg[142]/C      synchronous.stats_mailbox/m_data_reg[142]/D
124  CDC-15  Warning   Clock enable controlled CDC structure detected      0  Max Delay Datapath Only  synchronous.stats_mailbox/held_data_reg[143]/C      synchronous.stats_mailbox/m_data_reg[143]/D
125  CDC-15  Warning   Clock enable controlled CDC structure detected      0  Max Delay Datapath Only  synchronous.stats_mailbox/held_data_reg[144]/C      synchronous.stats_mailbox/m_data_reg[144]/D
126  CDC-15  Warning   Clock enable controlled CDC structure detected      0  Max Delay Datapath Only  synchronous.stats_mailbox/held_data_reg[145]/C      synchronous.stats_mailbox/m_data_reg[145]/D
127  CDC-15  Warning   Clock enable controlled CDC structure detected      0  Max Delay Datapath Only  synchronous.stats_mailbox/held_data_reg[146]/C      synchronous.stats_mailbox/m_data_reg[146]/D
128  CDC-15  Warning   Clock enable controlled CDC structure detected      0  Max Delay Datapath Only  synchronous.stats_mailbox/held_data_reg[147]/C      synchronous.stats_mailbox/m_data_reg[147]/D
129  CDC-15  Warning   Clock enable controlled CDC structure detected      0  Max Delay Datapath Only  synchronous.stats_mailbox/held_data_reg[148]/C      synchronous.stats_mailbox/m_data_reg[148]/D
130  CDC-15  Warning   Clock enable controlled CDC structure detected      0  Max Delay Datapath Only  synchronous.stats_mailbox/held_data_reg[149]/C      synchronous.stats_mailbox/m_data_reg[149]/D
131  CDC-15  Warning   Clock enable controlled CDC structure detected      0  Max Delay Datapath Only  synchronous.stats_mailbox/held_data_reg[150]/C      synchronous.stats_mailbox/m_data_reg[150]/D
132  CDC-15  Warning   Clock enable controlled CDC structure detected      0  Max Delay Datapath Only  synchronous.stats_mailbox/held_data_reg[151]/C      synchronous.stats_mailbox/m_data_reg[151]/D
133  CDC-15  Warning   Clock enable controlled CDC structure detected      0  Max Delay Datapath Only  synchronous.stats_mailbox/held_data_reg[152]/C      synchronous.stats_mailbox/m_data_reg[152]/D
134  CDC-15  Warning   Clock enable controlled CDC structure detected      0  Max Delay Datapath Only  synchronous.stats_mailbox/held_data_reg[153]/C      synchronous.stats_mailbox/m_data_reg[153]/D
135  CDC-15  Warning   Clock enable controlled CDC structure detected      0  Max Delay Datapath Only  synchronous.stats_mailbox/held_data_reg[154]/C      synchronous.stats_mailbox/m_data_reg[154]/D
136  CDC-15  Warning   Clock enable controlled CDC structure detected      0  Max Delay Datapath Only  synchronous.stats_mailbox/held_data_reg[155]/C      synchronous.stats_mailbox/m_data_reg[155]/D
137  CDC-15  Warning   Clock enable controlled CDC structure detected      0  Max Delay Datapath Only  synchronous.stats_mailbox/held_data_reg[156]/C      synchronous.stats_mailbox/m_data_reg[156]/D
138  CDC-15  Warning   Clock enable controlled CDC structure detected      0  Max Delay Datapath Only  synchronous.stats_mailbox/held_data_reg[157]/C      synchronous.stats_mailbox/m_data_reg[157]/D
139  CDC-15  Warning   Clock enable controlled CDC structure detected      0  Max Delay Datapath Only  synchronous.stats_mailbox/held_data_reg[158]/C      synchronous.stats_mailbox/m_data_reg[158]/D
140  CDC-15  Warning   Clock enable controlled CDC structure detected      0  Max Delay Datapath Only  synchronous.stats_mailbox/held_data_reg[159]/C      synchronous.stats_mailbox/m_data_reg[159]/D
141  CDC-15  Warning   Clock enable controlled CDC structure detected      0  Max Delay Datapath Only  synchronous.stats_mailbox/held_data_reg[160]/C      synchronous.stats_mailbox/m_data_reg[160]/D
142  CDC-15  Warning   Clock enable controlled CDC structure detected      0  Max Delay Datapath Only  synchronous.stats_mailbox/held_data_reg[161]/C      synchronous.stats_mailbox/m_data_reg[161]/D
143  CDC-15  Warning   Clock enable controlled CDC structure detected      0  Max Delay Datapath Only  synchronous.stats_mailbox/held_data_reg[162]/C      synchronous.stats_mailbox/m_data_reg[162]/D
144  CDC-15  Warning   Clock enable controlled CDC structure detected      0  Max Delay Datapath Only  synchronous.stats_mailbox/held_data_reg[163]/C      synchronous.stats_mailbox/m_data_reg[163]/D
145  CDC-15  Warning   Clock enable controlled CDC structure detected      0  Max Delay Datapath Only  synchronous.stats_mailbox/held_data_reg[164]/C      synchronous.stats_mailbox/m_data_reg[164]/D
146  CDC-15  Warning   Clock enable controlled CDC structure detected      0  Max Delay Datapath Only  synchronous.stats_mailbox/held_data_reg[165]/C      synchronous.stats_mailbox/m_data_reg[165]/D
147  CDC-15  Warning   Clock enable controlled CDC structure detected      0  Max Delay Datapath Only  synchronous.stats_mailbox/held_data_reg[166]/C      synchronous.stats_mailbox/m_data_reg[166]/D
148  CDC-15  Warning   Clock enable controlled CDC structure detected      0  Max Delay Datapath Only  synchronous.stats_mailbox/held_data_reg[167]/C      synchronous.stats_mailbox/m_data_reg[167]/D
149  CDC-15  Warning   Clock enable controlled CDC structure detected      0  Max Delay Datapath Only  synchronous.stats_mailbox/held_data_reg[168]/C      synchronous.stats_mailbox/m_data_reg[168]/D
150  CDC-15  Warning   Clock enable controlled CDC structure detected      0  Max Delay Datapath Only  synchronous.stats_mailbox/held_data_reg[169]/C      synchronous.stats_mailbox/m_data_reg[169]/D
151  CDC-15  Warning   Clock enable controlled CDC structure detected      0  Max Delay Datapath Only  synchronous.stats_mailbox/held_data_reg[170]/C      synchronous.stats_mailbox/m_data_reg[170]/D
152  CDC-15  Warning   Clock enable controlled CDC structure detected      0  Max Delay Datapath Only  synchronous.stats_mailbox/held_data_reg[171]/C      synchronous.stats_mailbox/m_data_reg[171]/D
153  CDC-15  Warning   Clock enable controlled CDC structure detected      0  Max Delay Datapath Only  synchronous.stats_mailbox/held_data_reg[172]/C      synchronous.stats_mailbox/m_data_reg[172]/D
154  CDC-15  Warning   Clock enable controlled CDC structure detected      0  Max Delay Datapath Only  synchronous.stats_mailbox/held_data_reg[173]/C      synchronous.stats_mailbox/m_data_reg[173]/D
155  CDC-15  Warning   Clock enable controlled CDC structure detected      0  Max Delay Datapath Only  synchronous.stats_mailbox/held_data_reg[174]/C      synchronous.stats_mailbox/m_data_reg[174]/D
156  CDC-15  Warning   Clock enable controlled CDC structure detected      0  Max Delay Datapath Only  synchronous.stats_mailbox/held_data_reg[175]/C      synchronous.stats_mailbox/m_data_reg[175]/D
157  CDC-15  Warning   Clock enable controlled CDC structure detected      0  Max Delay Datapath Only  synchronous.stats_mailbox/held_data_reg[176]/C      synchronous.stats_mailbox/m_data_reg[176]/D
158  CDC-15  Warning   Clock enable controlled CDC structure detected      0  Max Delay Datapath Only  synchronous.stats_mailbox/held_data_reg[177]/C      synchronous.stats_mailbox/m_data_reg[177]/D
159  CDC-15  Warning   Clock enable controlled CDC structure detected      0  Max Delay Datapath Only  synchronous.stats_mailbox/held_data_reg[178]/C      synchronous.stats_mailbox/m_data_reg[178]/D
160  CDC-15  Warning   Clock enable controlled CDC structure detected      0  Max Delay Datapath Only  synchronous.stats_mailbox/held_data_reg[179]/C      synchronous.stats_mailbox/m_data_reg[179]/D
161  CDC-15  Warning   Clock enable controlled CDC structure detected      0  Max Delay Datapath Only  synchronous.stats_mailbox/held_data_reg[180]/C      synchronous.stats_mailbox/m_data_reg[180]/D
162  CDC-15  Warning   Clock enable controlled CDC structure detected      0  Max Delay Datapath Only  synchronous.stats_mailbox/held_data_reg[181]/C      synchronous.stats_mailbox/m_data_reg[181]/D
163  CDC-15  Warning   Clock enable controlled CDC structure detected      0  Max Delay Datapath Only  synchronous.stats_mailbox/held_data_reg[182]/C      synchronous.stats_mailbox/m_data_reg[182]/D
164  CDC-15  Warning   Clock enable controlled CDC structure detected      0  Max Delay Datapath Only  synchronous.stats_mailbox/held_data_reg[183]/C      synchronous.stats_mailbox/m_data_reg[183]/D
165  CDC-15  Warning   Clock enable controlled CDC structure detected      0  Max Delay Datapath Only  synchronous.stats_mailbox/held_data_reg[184]/C      synchronous.stats_mailbox/m_data_reg[184]/D
166  CDC-15  Warning   Clock enable controlled CDC structure detected      0  Max Delay Datapath Only  synchronous.stats_mailbox/held_data_reg[185]/C      synchronous.stats_mailbox/m_data_reg[185]/D
167  CDC-15  Warning   Clock enable controlled CDC structure detected      0  Max Delay Datapath Only  synchronous.stats_mailbox/held_data_reg[186]/C      synchronous.stats_mailbox/m_data_reg[186]/D
168  CDC-15  Warning   Clock enable controlled CDC structure detected      0  Max Delay Datapath Only  synchronous.stats_mailbox/held_data_reg[187]/C      synchronous.stats_mailbox/m_data_reg[187]/D
169  CDC-15  Warning   Clock enable controlled CDC structure detected      0  Max Delay Datapath Only  synchronous.stats_mailbox/held_data_reg[188]/C      synchronous.stats_mailbox/m_data_reg[188]/D
170  CDC-15  Warning   Clock enable controlled CDC structure detected      0  Max Delay Datapath Only  synchronous.stats_mailbox/held_data_reg[189]/C      synchronous.stats_mailbox/m_data_reg[189]/D
171  CDC-15  Warning   Clock enable controlled CDC structure detected      0  Max Delay Datapath Only  synchronous.stats_mailbox/held_data_reg[190]/C      synchronous.stats_mailbox/m_data_reg[190]/D
172  CDC-15  Warning   Clock enable controlled CDC structure detected      0  Max Delay Datapath Only  synchronous.stats_mailbox/held_data_reg[191]/C      synchronous.stats_mailbox/m_data_reg[191]/D
173  CDC-15  Warning   Clock enable controlled CDC structure detected      0  Max Delay Datapath Only  synchronous.stats_mailbox/held_data_reg[192]/C      synchronous.stats_mailbox/m_data_reg[192]/D
174  CDC-15  Warning   Clock enable controlled CDC structure detected      0  Max Delay Datapath Only  synchronous.stats_mailbox/held_data_reg[193]/C      synchronous.stats_mailbox/m_data_reg[193]/D
175  CDC-15  Warning   Clock enable controlled CDC structure detected      0  Max Delay Datapath Only  synchronous.stats_mailbox/held_data_reg[194]/C      synchronous.stats_mailbox/m_data_reg[194]/D
176  CDC-15  Warning   Clock enable controlled CDC structure detected      0  Max Delay Datapath Only  synchronous.stats_mailbox/held_data_reg[195]/C      synchronous.stats_mailbox/m_data_reg[195]/D
177  CDC-15  Warning   Clock enable controlled CDC structure detected      0  Max Delay Datapath Only  synchronous.stats_mailbox/held_data_reg[196]/C      synchronous.stats_mailbox/m_data_reg[196]/D
178  CDC-15  Warning   Clock enable controlled CDC structure detected      0  Max Delay Datapath Only  synchronous.stats_mailbox/held_data_reg[197]/C      synchronous.stats_mailbox/m_data_reg[197]/D
179  CDC-15  Warning   Clock enable controlled CDC structure detected      0  Max Delay Datapath Only  synchronous.stats_mailbox/held_data_reg[198]/C      synchronous.stats_mailbox/m_data_reg[198]/D
180  CDC-15  Warning   Clock enable controlled CDC structure detected      0  Max Delay Datapath Only  synchronous.stats_mailbox/held_data_reg[199]/C      synchronous.stats_mailbox/m_data_reg[199]/D
181  CDC-15  Warning   Clock enable controlled CDC structure detected      0  Max Delay Datapath Only  synchronous.stats_mailbox/held_data_reg[200]/C      synchronous.stats_mailbox/m_data_reg[200]/D
182  CDC-15  Warning   Clock enable controlled CDC structure detected      0  Max Delay Datapath Only  synchronous.stats_mailbox/held_data_reg[201]/C      synchronous.stats_mailbox/m_data_reg[201]/D
183  CDC-15  Warning   Clock enable controlled CDC structure detected      0  Max Delay Datapath Only  synchronous.stats_mailbox/held_data_reg[202]/C      synchronous.stats_mailbox/m_data_reg[202]/D
184  CDC-15  Warning   Clock enable controlled CDC structure detected      0  Max Delay Datapath Only  synchronous.stats_mailbox/held_data_reg[203]/C      synchronous.stats_mailbox/m_data_reg[203]/D
185  CDC-15  Warning   Clock enable controlled CDC structure detected      0  Max Delay Datapath Only  synchronous.stats_mailbox/held_data_reg[204]/C      synchronous.stats_mailbox/m_data_reg[204]/D
186  CDC-15  Warning   Clock enable controlled CDC structure detected      0  Max Delay Datapath Only  synchronous.stats_mailbox/held_data_reg[205]/C      synchronous.stats_mailbox/m_data_reg[205]/D
187  CDC-15  Warning   Clock enable controlled CDC structure detected      0  Max Delay Datapath Only  synchronous.stats_mailbox/held_data_reg[206]/C      synchronous.stats_mailbox/m_data_reg[206]/D
188  CDC-15  Warning   Clock enable controlled CDC structure detected      0  Max Delay Datapath Only  synchronous.stats_mailbox/held_data_reg[207]/C      synchronous.stats_mailbox/m_data_reg[207]/D
189  CDC-15  Warning   Clock enable controlled CDC structure detected      0  Max Delay Datapath Only  synchronous.stats_mailbox/held_data_reg[208]/C      synchronous.stats_mailbox/m_data_reg[208]/D
190  CDC-15  Warning   Clock enable controlled CDC structure detected      0  Max Delay Datapath Only  synchronous.stats_mailbox/held_data_reg[209]/C      synchronous.stats_mailbox/m_data_reg[209]/D
191  CDC-15  Warning   Clock enable controlled CDC structure detected      0  Max Delay Datapath Only  synchronous.stats_mailbox/held_data_reg[210]/C      synchronous.stats_mailbox/m_data_reg[210]/D
192  CDC-15  Warning   Clock enable controlled CDC structure detected      0  Max Delay Datapath Only  synchronous.stats_mailbox/held_data_reg[211]/C      synchronous.stats_mailbox/m_data_reg[211]/D
193  CDC-15  Warning   Clock enable controlled CDC structure detected      0  Max Delay Datapath Only  synchronous.stats_mailbox/held_data_reg[212]/C      synchronous.stats_mailbox/m_data_reg[212]/D
194  CDC-15  Warning   Clock enable controlled CDC structure detected      0  Max Delay Datapath Only  synchronous.stats_mailbox/held_data_reg[213]/C      synchronous.stats_mailbox/m_data_reg[213]/D
195  CDC-15  Warning   Clock enable controlled CDC structure detected      0  Max Delay Datapath Only  synchronous.stats_mailbox/held_data_reg[214]/C      synchronous.stats_mailbox/m_data_reg[214]/D
196  CDC-15  Warning   Clock enable controlled CDC structure detected      0  Max Delay Datapath Only  synchronous.stats_mailbox/held_data_reg[215]/C      synchronous.stats_mailbox/m_data_reg[215]/D
197  CDC-15  Warning   Clock enable controlled CDC structure detected      0  Max Delay Datapath Only  synchronous.stats_mailbox/held_data_reg[216]/C      synchronous.stats_mailbox/m_data_reg[216]/D
198  CDC-15  Warning   Clock enable controlled CDC structure detected      0  Max Delay Datapath Only  synchronous.stats_mailbox/held_data_reg[217]/C      synchronous.stats_mailbox/m_data_reg[217]/D
199  CDC-15  Warning   Clock enable controlled CDC structure detected      0  Max Delay Datapath Only  synchronous.stats_mailbox/held_data_reg[218]/C      synchronous.stats_mailbox/m_data_reg[218]/D
200  CDC-15  Warning   Clock enable controlled CDC structure detected      0  Max Delay Datapath Only  synchronous.stats_mailbox/held_data_reg[219]/C      synchronous.stats_mailbox/m_data_reg[219]/D
201  CDC-15  Warning   Clock enable controlled CDC structure detected      0  Max Delay Datapath Only  synchronous.stats_mailbox/held_data_reg[220]/C      synchronous.stats_mailbox/m_data_reg[220]/D
202  CDC-15  Warning   Clock enable controlled CDC structure detected      0  Max Delay Datapath Only  synchronous.stats_mailbox/held_data_reg[221]/C      synchronous.stats_mailbox/m_data_reg[221]/D
203  CDC-15  Warning   Clock enable controlled CDC structure detected      0  Max Delay Datapath Only  synchronous.stats_mailbox/held_data_reg[222]/C      synchronous.stats_mailbox/m_data_reg[222]/D
204  CDC-15  Warning   Clock enable controlled CDC structure detected      0  Max Delay Datapath Only  synchronous.stats_mailbox/held_data_reg[223]/C      synchronous.stats_mailbox/m_data_reg[223]/D
205  CDC-3   Info      1-bit synchronized with ASYNC_REG property          2  False Path               synchronous.stats_mailbox/request_reg/C             synchronous.stats_mailbox/request_m1_reg/D
206  CDC-6   Warning   Multi-bit synchronized with ASYNC_REG property      2  Max Delay Datapath Only  synchronous.tx_fifo/rgray_reg[13:0]/C               synchronous.tx_fifo/rgray_w1_reg[13:0]/D

Source Clock: clk_pll_i_1
Destination Clock: ddr_ref_raw
CDC Type: Safely Timed

Row  ID     Severity  Description                                 Depth  Exception                Source (From)                                                                             Destination (To)
---  -----  --------  ------------------------------------------  -----  -----------------------  ----------------------------------------------------------------------------------------  ----------------------------------------------------------------------------------------------------------
  1  CDC-3  Info      1-bit synchronized with ASYNC_REG property      2  Max Delay Datapath Only  memory/controller/u_davinci_ddr3_mig_mig/u_ddr3_infrastructure/rstdiv0_sync_r1_reg_rep/C  memory/controller/u_davinci_ddr3_mig_mig/temp_mon_enabled.u_tempmon/xadc_supplied_temperature.rst_r1_reg/D

Source Clock: core_raw
Destination Clock: ddr_ref_raw
CDC Type: User Ignored

Row  ID     Severity  Description                                                      Depth  Exception   Source (From)                              Destination (To)
---  -----  --------  ---------------------------------------------------------------  -----  ----------  -----------------------------------------  ------------------------------------------------------------------------------------
  1  CDC-8  Warning   Asynchronous reset synchronized with missing ASYNC_REG property     15  False Path  synchronous.clock_guard/clock_alive_reg/C  memory/controller/u_davinci_ddr3_mig_mig/u_iodelay_ctrl/rst_ref_sync_r_reg[0][0]/PRE

Source Clock: core_raw
Destination Clock: usb_clk
CDC Type: No Common Primary Clock

Row  ID     Severity  Description                                              Depth  Exception                Source (From)                                Destination (To)
---  -----  --------  -------------------------------------------------------  -----  -----------------------  -------------------------------------------  ----------------------------------------
  1  CDC-6  Warning   Multi-bit synchronized with ASYNC_REG property               2  Max Delay Datapath Only  synchronous.rx_fifo/rgray_reg[7:0]/C         synchronous.rx_fifo/rgray_w1_reg[7:0]/D
  2  CDC-3  Info      1-bit synchronized with ASYNC_REG property                   2  Max Delay Datapath Only  synchronous.rx_fifo/rbin_reg[8]/C            synchronous.rx_fifo/rgray_w1_reg[8]/D
  3  CDC-3  Info      1-bit synchronized with ASYNC_REG property                   2  False Path               synchronous.stats_mailbox/acknowledge_reg/C  synchronous.stats_mailbox/ack_s1_reg/D
  4  CDC-6  Warning   Multi-bit synchronized with ASYNC_REG property               2  Max Delay Datapath Only  synchronous.tx_fifo/wgray_reg[13:0]/C        synchronous.tx_fifo/wgray_r1_reg[13:0]/D
  5  CDC-9  Info      Asynchronous reset synchronized with ASYNC_REG property      3  False Path               synchronous.clock_guard/clock_alive_reg/C    synchronous.usb_reset_pipe_reg[0]/CLR

