Copyright 1986-2020 Xilinx, Inc. All Rights Reserved.
------------------------------------------------------------------------------------
| Tool Version : Vivado v.2020.1 (win64) Build 2902540 Wed May 27 19:54:49 MDT 2020
| Date         : Thu Sep 17 22:32:13 2026
| Host         : LAPTOP-JC5LPK9T running 64-bit major release  (build 9200)
| Command      : report_timing_summary -file timing_synthesis.rpt
| Design       : mjpeg_synth_top
| Device       : 7z010-clg400
| Speed File   : -1  PRODUCTION 1.12 2019-11-22
------------------------------------------------------------------------------------

Timing Summary Report

------------------------------------------------------------------------------------------------
| Timer Settings
| --------------
------------------------------------------------------------------------------------------------

  Enable Multi Corner Analysis               :  Yes
  Enable Pessimism Removal                   :  Yes
  Pessimism Removal Resolution               :  Nearest Common Node
  Enable Input Delay Default Clock           :  No
  Enable Preset / Clear Arcs                 :  No
  Disable Flight Delays                      :  No
  Ignore I/O Paths                           :  No
  Timing Early Launch at Borrowing Latches   :  No
  Borrow Time for Max Delay Exceptions       :  Yes
  Merge Timing Exceptions                    :  Yes

  Corner  Analyze    Analyze    
  Name    Max Paths  Min Paths  
  ------  ---------  ---------  
  Slow    Yes        Yes        
  Fast    Yes        Yes        



check_timing report

Table of Contents
-----------------
1. checking no_clock (0)
2. checking constant_clock (0)
3. checking pulse_width_clock (0)
4. checking unconstrained_internal_endpoints (0)
5. checking no_input_delay (61)
6. checking no_output_delay (42)
7. checking multiple_clock (0)
8. checking generated_clocks (0)
9. checking loops (0)
10. checking partial_input_delay (0)
11. checking partial_output_delay (0)
12. checking latch_loops (0)

1. checking no_clock (0)
------------------------
 There are 0 register/latch pins with no clock.


2. checking constant_clock (0)
------------------------------
 There are 0 register/latch pins with constant_clock.


3. checking pulse_width_clock (0)
---------------------------------
 There are 0 register/latch pins which need pulse_width check


4. checking unconstrained_internal_endpoints (0)
------------------------------------------------
 There are 0 pins that are not constrained for maximum delay.

 There are 0 pins that are not constrained for maximum delay due to constant clock.


5. checking no_input_delay (61)
-------------------------------
 There are 61 input ports with no input delay specified. (HIGH)

 There are 0 input ports with no input delay but user has a false path constraint.


6. checking no_output_delay (42)
--------------------------------
 There are 42 ports with no output delay specified. (HIGH)

 There are 0 ports with no output delay but user has a false path constraint

 There are 0 ports with no output delay but with a timing clock defined on it or propagating through it


7. checking multiple_clock (0)
------------------------------
 There are 0 register/latch pins with multiple clocks.


8. checking generated_clocks (0)
--------------------------------
 There are 0 generated clocks that are not connected to a clock source.


9. checking loops (0)
---------------------
 There are 0 combinational loops in the design.


10. checking partial_input_delay (0)
------------------------------------
 There are 0 input ports with partial input delay specified.


11. checking partial_output_delay (0)
-------------------------------------
 There are 0 ports with partial output delay specified.


12. checking latch_loops (0)
----------------------------
 There are 0 combinational latch loops in the design through latch input



------------------------------------------------------------------------------------------------
| Design Timing Summary
| ---------------------
------------------------------------------------------------------------------------------------

    WNS(ns)      TNS(ns)  TNS Failing Endpoints  TNS Total Endpoints      WHS(ns)      THS(ns)  THS Failing Endpoints  THS Total Endpoints     WPWS(ns)     TPWS(ns)  TPWS Failing Endpoints  TPWS Total Endpoints  
    -------      -------  ---------------------  -------------------      -------      -------  ---------------------  -------------------     --------     --------  ----------------------  --------------------  
      2.083        0.000                      0                38926        0.208        0.000                      0                38926        4.020        0.000                       0                 16327  


All user specified timing constraints are met.


------------------------------------------------------------------------------------------------
| Clock Summary
| -------------
------------------------------------------------------------------------------------------------

Clock     Waveform(ns)       Period(ns)      Frequency(MHz)
-----     ------------       ----------      --------------
core_clk  {0.000 5.000}      10.000          100.000         


------------------------------------------------------------------------------------------------
| Intra Clock Table
| -----------------
------------------------------------------------------------------------------------------------

Clock             WNS(ns)      TNS(ns)  TNS Failing Endpoints  TNS Total Endpoints      WHS(ns)      THS(ns)  THS Failing Endpoints  THS Total Endpoints     WPWS(ns)     TPWS(ns)  TPWS Failing Endpoints  TPWS Total Endpoints  
-----             -------      -------  ---------------------  -------------------      -------      -------  ---------------------  -------------------     --------     --------  ----------------------  --------------------  
core_clk            2.083        0.000                      0                36017        0.208        0.000                      0                36017        4.020        0.000                       0                 16327  


------------------------------------------------------------------------------------------------
| Inter Clock Table
| -----------------
------------------------------------------------------------------------------------------------

From Clock    To Clock          WNS(ns)      TNS(ns)  TNS Failing Endpoints  TNS Total Endpoints      WHS(ns)      THS(ns)  THS Failing Endpoints  THS Total Endpoints  
----------    --------          -------      -------  ---------------------  -------------------      -------      -------  ---------------------  -------------------  


------------------------------------------------------------------------------------------------
| Other Path Groups Table
| -----------------------
------------------------------------------------------------------------------------------------

Path Group         From Clock         To Clock               WNS(ns)      TNS(ns)  TNS Failing Endpoints  TNS Total Endpoints      WHS(ns)      THS(ns)  THS Failing Endpoints  THS Total Endpoints  
----------         ----------         --------               -------      -------  ---------------------  -------------------      -------      -------  ---------------------  -------------------  
**async_default**  core_clk           core_clk                 6.690        0.000                      0                 2909        0.929        0.000                      0                 2909  


------------------------------------------------------------------------------------------------
| Timing Details
| --------------
------------------------------------------------------------------------------------------------


---------------------------------------------------------------------------------------------------
From Clock:  core_clk
  To Clock:  core_clk

Setup :            0  Failing Endpoints,  Worst Slack        2.083ns,  Total Violation        0.000ns
Hold  :            0  Failing Endpoints,  Worst Slack        0.208ns,  Total Violation        0.000ns
PW    :            0  Failing Endpoints,  Worst Slack        4.020ns,  Total Violation        0.000ns
---------------------------------------------------------------------------------------------------


Max Delay Paths
--------------------------------------------------------------------------------------
Slack (MET) :             2.083ns  (required time - arrival time)
  Source:                 encoder/channels[0].channel/core/front/mcu_reg[2]/C
                            (rising edge-triggered cell FDCE clocked by core_clk  {rise@0.000ns fall@5.000ns period=10.000ns})
  Destination:            encoder/channels[0].channel/core/front/banks[0].lanes[0].ram/mem_reg_0/ADDRBWRADDR[14]
                            (rising edge-triggered cell RAMB36E1 clocked by core_clk  {rise@0.000ns fall@5.000ns period=10.000ns})
  Path Group:             core_clk
  Path Type:              Setup (Max at Slow Process Corner)
  Requirement:            10.000ns  (core_clk rise@10.000ns - core_clk rise@0.000ns)
  Data Path Delay:        7.089ns  (logic 3.323ns (46.877%)  route 3.766ns (53.123%))
  Logic Levels:           7  (CARRY4=6 LUT4=1)
  Clock Path Skew:        -0.049ns (DCD - SCD + CPR)
    Destination Clock Delay (DCD):    0.924ns = ( 10.924 - 10.000 ) 
    Source Clock Delay      (SCD):    0.973ns
    Clock Pessimism Removal (CPR):    0.000ns
  Clock Uncertainty:      0.035ns  ((TSJ^2 + TIJ^2)^1/2 + DJ) / 2 + PE
    Total System Jitter     (TSJ):    0.071ns
    Total Input Jitter      (TIJ):    0.000ns
    Discrete Jitter          (DJ):    0.000ns
    Phase Error              (PE):    0.000ns

    Location             Delay type                Incr(ns)  Path(ns)    Netlist Resource(s)
  -------------------------------------------------------------------    -------------------
                         (clock core_clk rise edge)
                                                      0.000     0.000 r  
                                                      0.000     0.000 r  clk (IN)
                         net (fo=16326, unset)        0.973     0.973    encoder/channels[0].channel/core/front/clk
                         FDCE                                         r  encoder/channels[0].channel/core/front/mcu_reg[2]/C
  -------------------------------------------------------------------    -------------------
                         FDCE (Prop_fdce_C_Q)         0.496     1.469 r  encoder/channels[0].channel/core/front/mcu_reg[2]/Q
                         net (fo=6, unplaced)         1.015     2.484    encoder/channels[0].channel/core/front/mcu_reg[2]
                         CARRY4 (Prop_carry4_S[3]_CO[3])
                                                      0.697     3.181 r  encoder/channels[0].channel/core/front/mem_reg_0_i_21/CO[3]
                         net (fo=1, unplaced)         0.000     3.181    encoder/channels[0].channel/core/front/mem_reg_0_i_21_n_0
                         CARRY4 (Prop_carry4_CI_CO[3])
                                                      0.114     3.295 r  encoder/channels[0].channel/core/front/mem_reg_0_i_20/CO[3]
                         net (fo=1, unplaced)         0.000     3.295    encoder/channels[0].channel/core/front/mem_reg_0_i_20_n_0
                         CARRY4 (Prop_carry4_CI_O[0])
                                                      0.235     3.530 r  encoder/channels[0].channel/core/front/cra_carry_i_7/O[0]
                         net (fo=1, unplaced)         0.983     4.513    encoder/channels[0].channel/core/front/cra_carry_i_7_n_7
                         CARRY4 (Prop_carry4_S[3]_CO[3])
                                                      0.697     5.210 r  encoder/channels[0].channel/core/front/cra_carry_i_6/CO[3]
                         net (fo=1, unplaced)         0.000     5.210    encoder/channels[0].channel/core/front/cra_carry_i_6_n_0
                         CARRY4 (Prop_carry4_CI_O[0])
                                                      0.235     5.445 r  encoder/channels[0].channel/core/front/cra_carry__0_i_6/O[0]
                         net (fo=3, unplaced)         0.329     5.774    encoder/channels[0].channel/core/front/banks[1].lanes[1].ram/rx1[7]
                         LUT4 (Prop_lut4_I3_O)        0.295     6.069 r  encoder/channels[0].channel/core/front/banks[1].lanes[1].ram/yra_carry__0_i_1/O
                         net (fo=1, unplaced)         0.639     6.708    encoder/channels[0].channel/core/front/rx__0[12]
                         CARRY4 (Prop_carry4_DI[1]_O[2])
                                                      0.554     7.262 r  encoder/channels[0].channel/core/front/yra_carry__0/O[2]
                         net (fo=8, unplaced)         0.800     8.062    encoder/channels[0].channel/core/front/banks[0].lanes[0].ram/rd_addr[12]
                         RAMB36E1                                     r  encoder/channels[0].channel/core/front/banks[0].lanes[0].ram/mem_reg_0/ADDRBWRADDR[14]
  -------------------------------------------------------------------    -------------------

                         (clock core_clk rise edge)
                                                     10.000    10.000 r  
                                                      0.000    10.000 r  clk (IN)
                         net (fo=16326, unset)        0.924    10.924    encoder/channels[0].channel/core/front/banks[0].lanes[0].ram/clk
                         RAMB36E1                                     r  encoder/channels[0].channel/core/front/banks[0].lanes[0].ram/mem_reg_0/CLKBWRCLK
                         clock pessimism              0.000    10.924    
                         clock uncertainty           -0.035    10.889    
                         RAMB36E1 (Setup_ramb36e1_CLKBWRCLK_ADDRBWRADDR[14])
                                                     -0.744    10.145    encoder/channels[0].channel/core/front/banks[0].lanes[0].ram/mem_reg_0
  -------------------------------------------------------------------
                         required time                         10.145    
                         arrival time                          -8.062    
  -------------------------------------------------------------------
                         slack                                  2.083    





Min Delay Paths
--------------------------------------------------------------------------------------
Slack (MET) :             0.208ns  (arrival time - required time)
  Source:                 encoder/channels[0].channel/core/packer/count_reg[0]/C
                            (rising edge-triggered cell FDCE clocked by core_clk  {rise@0.000ns fall@5.000ns period=10.000ns})
  Destination:            encoder/channels[0].channel/core/packer/count_reg[1]/D
                            (rising edge-triggered cell FDCE clocked by core_clk  {rise@0.000ns fall@5.000ns period=10.000ns})
  Path Group:             core_clk
  Path Type:              Hold (Min at Fast Process Corner)
  Requirement:            0.000ns  (core_clk rise@0.000ns - core_clk rise@0.000ns)
  Data Path Delay:        0.356ns  (logic 0.252ns (70.847%)  route 0.104ns (29.153%))
  Logic Levels:           1  (CARRY4=1)
  Clock Path Skew:        0.022ns (DCD - SCD - CPR)
    Destination Clock Delay (DCD):    0.432ns
    Source Clock Delay      (SCD):    0.410ns
    Clock Pessimism Removal (CPR):    -0.000ns

    Location             Delay type                Incr(ns)  Path(ns)    Netlist Resource(s)
  -------------------------------------------------------------------    -------------------
                         (clock core_clk rise edge)
                                                      0.000     0.000 r  
                                                      0.000     0.000 r  clk (IN)
                         net (fo=16326, unset)        0.410     0.410    encoder/channels[0].channel/core/packer/clk
                         FDCE                                         r  encoder/channels[0].channel/core/packer/count_reg[0]/C
  -------------------------------------------------------------------    -------------------
                         FDCE (Prop_fdce_C_Q)         0.158     0.568 r  encoder/channels[0].channel/core/packer/count_reg[0]/Q
                         net (fo=16, unplaced)        0.104     0.672    encoder/channels[0].channel/core/packer/Q[0]
                         CARRY4 (Prop_carry4_DI[0]_O[1])
                                                      0.094     0.766 r  encoder/channels[0].channel/core/packer/count_reg[3]_i_1/O[1]
                         net (fo=1, unplaced)         0.000     0.766    encoder/channels[0].channel/core/packer/next_count[1]
                         FDCE                                         r  encoder/channels[0].channel/core/packer/count_reg[1]/D
  -------------------------------------------------------------------    -------------------

                         (clock core_clk rise edge)
                                                      0.000     0.000 r  
                                                      0.000     0.000 r  clk (IN)
                         net (fo=16326, unset)        0.432     0.432    encoder/channels[0].channel/core/packer/clk
                         FDCE                                         r  encoder/channels[0].channel/core/packer/count_reg[1]/C
                         clock pessimism              0.000     0.432    
                         FDCE (Hold_fdce_C_D)         0.126     0.558    encoder/channels[0].channel/core/packer/count_reg[1]
  -------------------------------------------------------------------
                         required time                         -0.558    
                         arrival time                           0.766    
  -------------------------------------------------------------------
                         slack                                  0.208    





Pulse Width Checks
--------------------------------------------------------------------------------------
Clock Name:         core_clk
Waveform(ns):       { 0.000 5.000 }
Period(ns):         10.000
Sources:            { clk }

Check Type        Corner  Lib Pin      Reference Pin  Required(ns)  Actual(ns)  Slack(ns)  Location  Pin
Min Period        n/a     DSP48E1/CLK  n/a            3.884         10.000      6.116                encoder/channels[0].channel/core/quant/p_0_out__1/CLK
Low Pulse Width   Fast    SRL16E/CLK   n/a            0.980         5.000       4.020                encoder/channels[0].channel/core/dct/engine/t2_reg[0]_srl2_encoder_channels_c_0/CLK
High Pulse Width  Slow    SRL16E/CLK   n/a            0.980         5.000       4.020                encoder/channels[0].channel/core/dct/engine/t2_reg[0]_srl2_encoder_channels_c_0/CLK



---------------------------------------------------------------------------------------------------
Path Group:  **async_default**
From Clock:  core_clk
  To Clock:  core_clk

Setup :            0  Failing Endpoints,  Worst Slack        6.690ns,  Total Violation        0.000ns
Hold  :            0  Failing Endpoints,  Worst Slack        0.929ns,  Total Violation        0.000ns
---------------------------------------------------------------------------------------------------


Max Delay Paths
--------------------------------------------------------------------------------------
Slack (MET) :             6.690ns  (required time - arrival time)
  Source:                 encoder/channels[0].channel/recovery_reg[1]/C
                            (rising edge-triggered cell FDCE clocked by core_clk  {rise@0.000ns fall@5.000ns period=10.000ns})
  Destination:            encoder/channels[0].channel/core/dct/engine/result_tag_reg[0]/CLR
                            (recovery check against rising-edge clock core_clk  {rise@0.000ns fall@5.000ns period=10.000ns})
  Path Group:             **async_default**
  Path Type:              Recovery (Max at Slow Process Corner)
  Requirement:            10.000ns  (core_clk rise@10.000ns - core_clk rise@0.000ns)
  Data Path Delay:        2.850ns  (logic 0.915ns (32.105%)  route 1.935ns (67.895%))
  Logic Levels:           2  (LUT1=1 LUT3=1)
  Clock Path Skew:        -0.049ns (DCD - SCD + CPR)
    Destination Clock Delay (DCD):    0.924ns = ( 10.924 - 10.000 ) 
    Source Clock Delay      (SCD):    0.973ns
    Clock Pessimism Removal (CPR):    0.000ns
  Clock Uncertainty:      0.035ns  ((TSJ^2 + TIJ^2)^1/2 + DJ) / 2 + PE
    Total System Jitter     (TSJ):    0.071ns
    Total Input Jitter      (TIJ):    0.000ns
    Discrete Jitter          (DJ):    0.000ns
    Phase Error              (PE):    0.000ns

    Location             Delay type                Incr(ns)  Path(ns)    Netlist Resource(s)
  -------------------------------------------------------------------    -------------------
                         (clock core_clk rise edge)
                                                      0.000     0.000 r  
                                                      0.000     0.000 r  clk (IN)
                         net (fo=16326, unset)        0.973     0.973    encoder/channels[0].channel/clk
                         FDCE                                         r  encoder/channels[0].channel/recovery_reg[1]/C
  -------------------------------------------------------------------    -------------------
                         FDCE (Prop_fdce_C_Q)         0.496     1.469 r  encoder/channels[0].channel/recovery_reg[1]/Q
                         net (fo=65, unplaced)        0.559     2.028    encoder/channels[0].channel/core/quant/recovery[1]
                         LUT3 (Prop_lut3_I1_O)        0.295     2.323 r  encoder/channels[0].channel/core/quant/input_rows[0].pending_i_3/O
                         net (fo=9, unplaced)         0.490     2.813    encoder/channels[0].channel/core/dct/engine/core_rst_n
                         LUT1 (Prop_lut1_I0_O)        0.124     2.937 f  encoder/channels[0].channel/core/dct/engine/input_rows[0].pending_i_2/O
                         net (fo=153, unplaced)       0.886     3.823    encoder/channels[0].channel/core/dct/engine/rst_n
                         FDCE                                         f  encoder/channels[0].channel/core/dct/engine/result_tag_reg[0]/CLR
  -------------------------------------------------------------------    -------------------

                         (clock core_clk rise edge)
                                                     10.000    10.000 r  
                                                      0.000    10.000 r  clk (IN)
                         net (fo=16326, unset)        0.924    10.924    encoder/channels[0].channel/core/dct/engine/clk
                         FDCE                                         r  encoder/channels[0].channel/core/dct/engine/result_tag_reg[0]/C
                         clock pessimism              0.000    10.924    
                         clock uncertainty           -0.035    10.889    
                         FDCE (Recov_fdce_C_CLR)     -0.376    10.513    encoder/channels[0].channel/core/dct/engine/result_tag_reg[0]
  -------------------------------------------------------------------
                         required time                         10.513    
                         arrival time                          -3.823    
  -------------------------------------------------------------------
                         slack                                  6.690    





Min Delay Paths
--------------------------------------------------------------------------------------
Slack (MET) :             0.929ns  (arrival time - required time)
  Source:                 encoder/channels[0].channel/recovery_reg[1]/C
                            (rising edge-triggered cell FDCE clocked by core_clk  {rise@0.000ns fall@5.000ns period=10.000ns})
  Destination:            chosen_reg[0][20]_i_3/CLR
                            (removal check against rising-edge clock core_clk  {rise@0.000ns fall@5.000ns period=10.000ns})
  Path Group:             **async_default**
  Path Type:              Removal (Min at Fast Process Corner)
  Requirement:            0.000ns  (core_clk rise@0.000ns - core_clk rise@0.000ns)
  Data Path Delay:        0.878ns  (logic 0.256ns (29.166%)  route 0.622ns (70.834%))
  Logic Levels:           1  (LUT3=1)
  Clock Path Skew:        0.022ns (DCD - SCD - CPR)
    Destination Clock Delay (DCD):    0.432ns
    Source Clock Delay      (SCD):    0.410ns
    Clock Pessimism Removal (CPR):    -0.000ns

    Location             Delay type                Incr(ns)  Path(ns)    Netlist Resource(s)
  -------------------------------------------------------------------    -------------------
                         (clock core_clk rise edge)
                                                      0.000     0.000 r  
                                                      0.000     0.000 r  clk (IN)
                         net (fo=16326, unset)        0.410     0.410    encoder/channels[0].channel/clk
                         FDCE                                         r  encoder/channels[0].channel/recovery_reg[1]/C
  -------------------------------------------------------------------    -------------------
                         FDCE (Prop_fdce_C_Q)         0.158     0.568 r  encoder/channels[0].channel/recovery_reg[1]/Q
                         net (fo=65, unplaced)        0.236     0.804    encoder/channels[0].channel/core/recovery[1]
                         LUT3 (Prop_lut3_I1_O)        0.098     0.902 f  encoder/channels[0].channel/core/config_error_i_2/O
                         net (fo=2756, unplaced)      0.386     1.288    encoder_n_1
                         FDCE                                         f  chosen_reg[0][20]_i_3/CLR
  -------------------------------------------------------------------    -------------------

                         (clock core_clk rise edge)
                                                      0.000     0.000 r  
                                                      0.000     0.000 r  clk (IN)
                         net (fo=16326, unset)        0.432     0.432    clk
                         FDCE                                         r  chosen_reg[0][20]_i_3/C
                         clock pessimism              0.000     0.432    
                         FDCE (Remov_fdce_C_CLR)     -0.073     0.359    chosen_reg[0][20]_i_3
  -------------------------------------------------------------------
                         required time                         -0.359    
                         arrival time                           1.288    
  -------------------------------------------------------------------
                         slack                                  0.929    





