Copyright 1986-2020 Xilinx, Inc. All Rights Reserved.
-------------------------------------------------------------------------------------------------------------------------
| Tool Version : Vivado v.2020.1 (win64) Build 2902540 Wed May 27 19:54:49 MDT 2020
| Date         : Mon Sep 28 16:03:51 2026
| Host         : LAPTOP-JC5LPK9T running 64-bit major release  (build 9200)
| Command      : report_bus_skew -file F:/zju/dasanshangkecheng/HDL/mjpeg/reports/ddr3/full_20260928_155726/bus_skew.rpt
| Design       : davinci_mjpeg_ddr3_top
| Device       : 7a35t-fgg484
| Speed File   : -2  PRODUCTION 1.23 2018-06-13
-------------------------------------------------------------------------------------------------------------------------

Bus Skew Report

Table of Contents
-----------------
1. Bus Skew Report Summary
2. Bus Skew Report Per Constraint

1. Bus Skew Report Summary
--------------------------

Id  Position  From                            To                              Corner  Requirement(ns)  Actual(ns)  Slack(ns)
--  --------  ------------------------------  ------------------------------  ------  ---------------  ----------  ---------
1   27        [get_cells -hier -filter {IS_SEQUENTIAL == 1 && (NAME =~ *tx_fifo/wgray_reg* || NAME =~ *tx_fifo/wbin_reg*)}]
                                              [get_cells -hier -filter {IS_SEQUENTIAL == 1 && NAME =~ *tx_fifo/wgray_r1_reg*}]
                                                                              Slow             10.000       0.898      9.102
2   29        [get_cells -hier -filter {IS_SEQUENTIAL == 1 && (NAME =~ *tx_fifo/rgray_reg* || NAME =~ *tx_fifo/rbin_reg*)}]
                                              [get_cells -hier -filter {IS_SEQUENTIAL == 1 && NAME =~ *tx_fifo/rgray_w1_reg*}]
                                                                              Slow             16.667       0.951     15.716
3   31        [get_cells -hier -filter {IS_SEQUENTIAL == 1 && (NAME =~ *rx_fifo/wgray_reg* || NAME =~ *rx_fifo/wbin_reg*)}]
                                              [get_cells -hier -filter {IS_SEQUENTIAL == 1 && NAME =~ *rx_fifo/wgray_r1_reg*}]
                                                                              Slow             16.667       0.871     15.796
4   33        [get_cells -hier -filter {IS_SEQUENTIAL == 1 && (NAME =~ *rx_fifo/rgray_reg* || NAME =~ *rx_fifo/rbin_reg*)}]
                                              [get_cells -hier -filter {IS_SEQUENTIAL == 1 && NAME =~ *rx_fifo/rgray_w1_reg*}]
                                                                              Slow             10.000       0.911      9.089
5   40        [get_cells -hier -filter {IS_SEQUENTIAL == 1 && (NAME =~ *pixel_fifo/wgray_reg* || NAME =~ *pixel_fifo/wbin_reg*)}]
                                              [get_cells -hier -filter {IS_SEQUENTIAL == 1 && NAME =~ *pixel_fifo/wgray_r1_reg*}]
                                                                              Slow             13.250       0.993     12.257
6   42        [get_cells -hier -filter {IS_SEQUENTIAL == 1 && (NAME =~ *pixel_fifo/rgray_reg* || NAME =~ *pixel_fifo/rbin_reg*)}]
                                              [get_cells -hier -filter {IS_SEQUENTIAL == 1 && NAME =~ *pixel_fifo/rgray_w1_reg*}]
                                                                              Slow             10.000       1.040      8.960
7   44        [get_cells -hier -filter {IS_SEQUENTIAL == 1 && (NAME =~ *capture/*_gray_reg* || NAME =~ *capture/*_bin_reg*)}]
                                              [get_cells -hier -filter {IS_SEQUENTIAL == 1 && NAME =~ *capture/*_c1_reg*}]
                                                                              Slow             13.250       1.319     11.931


2. Bus Skew Report Per Constraint
---------------------------------

Id: 1
set_bus_skew -from [get_cells -hier -filter {IS_SEQUENTIAL == 1 && (NAME =~ *tx_fifo/wgray_reg* || NAME =~ *tx_fifo/wbin_reg*)}] -to [get_cells -hier -filter {IS_SEQUENTIAL == 1 && NAME =~ *tx_fifo/wgray_r1_reg*}] 10.000
Requirement: 10.000ns
Endpoints: 14

From Clock            To Clock              Endpoint Pin                    Reference Pin                   Corner  Actual(ns)  Slack(ns)
--------------------  --------------------  ------------------------------  ------------------------------  ------  ----------  ---------
core_raw              usb_clk               synchronous.tx_fifo/wgray_r1_reg[2]/D
                                                                            synchronous.tx_fifo/wgray_r1_reg[10]/D
                                                                                                            Slow         0.898      9.102


Slack (MET) :             9.102ns  (requirement - actual skew)
  Endpoint Source:        synchronous.tx_fifo/wgray_reg[2]/C
                            (rising edge-triggered cell FDCE clocked by core_raw)
  Endpoint Destination:   synchronous.tx_fifo/wgray_r1_reg[2]/D
                            (rising edge-triggered cell FDCE clocked by usb_clk)
  Reference Source:       synchronous.tx_fifo/wgray_reg[10]/C
                            (rising edge-triggered cell FDCE clocked by core_raw)
  Reference Destination:  synchronous.tx_fifo/wgray_r1_reg[10]/D
                            (rising edge-triggered cell FDCE clocked by usb_clk)
  Path Type:              Bus Skew (Max at Slow Process Corner)
  Requirement:            10.000ns
  Endpoint Relative Delay:   -3.826ns
  Reference Relative Delay:  -5.238ns
  Relative CRPR:              0.645ns
  Uncertainty:                0.131ns
  Actual Bus Skew:            0.898ns  (Endpoint Relative Delay - Reference Relative Delay - Relative CRPR + Uncertainty)

Endpoint path:
    Location             Delay type                Incr(ns)  Path(ns)    Netlist Resource(s)
  -------------------------------------------------------------------    -------------------
                         (clock core_raw rise edge)
                                                      0.000     0.000 r  
    R4                                                0.000     0.000 r  sys_clk (IN)
                         net (fo=0)                   0.000     0.000    sys_clk
    R4                   IBUF (Prop_ibuf_I_O)         1.432     1.432 r  sys_clk_IBUF_inst/O
                         net (fo=1, routed)           1.065     2.497    multiplied_clock.clock_generator/sys_clk_IBUF
    MMCME2_ADV_X1Y0      MMCME2_ADV (Prop_mmcme2_adv_CLKIN1_CLKOUT0)
                                                     -5.921    -3.424 r  multiplied_clock.clock_generator/mmcm/CLKOUT0
                         net (fo=1, routed)           1.421    -2.004    multiplied_clock.clock_generator/core_raw
    BUFGCTRL_X0Y2        BUFG (Prop_bufg_I_O)         0.081    -1.923 r  multiplied_clock.clock_generator/core_buffer/O
                         net (fo=15902, routed)       1.374    -0.549    synchronous.tx_fifo/core_clk
    SLICE_X52Y1          FDCE                                         r  synchronous.tx_fifo/wgray_reg[2]/C
  -------------------------------------------------------------------    -------------------
    SLICE_X52Y1          FDCE (Prop_fdce_C_Q)         0.398    -0.151 r  synchronous.tx_fifo/wgray_reg[2]/Q
                         net (fo=1, routed)           0.479     0.328    synchronous.tx_fifo/wgray[2]
    SLICE_X54Y1          FDCE                                         r  synchronous.tx_fifo/wgray_r1_reg[2]/D
  -------------------------------------------------------------------    -------------------

                         (clock usb_clk rise edge)    0.000     0.000 r  
    Y4                                                0.000     0.000 r  usb_clk_60m (IN)
                         net (fo=0)                   0.000     0.000    usb_clk_60m
    Y4                   IBUF (Prop_ibuf_I_O)         1.372     1.372 r  usb_clk_60m_IBUF_inst/O
                         net (fo=1, routed)           1.599     2.972    usb_clk_60m_IBUF
    BUFGCTRL_X0Y0        BUFG (Prop_bufg_I_O)         0.077     3.049 r  synchronous.usb_clock_buffer/O
                         net (fo=1013, routed)        1.264     4.312    synchronous.tx_fifo/CLK
    SLICE_X54Y1          FDCE                                         r  synchronous.tx_fifo/wgray_r1_reg[2]/C
                         clock pessimism              0.000     4.312    
    SLICE_X54Y1          FDCE (Setup_fdce_C_D)       -0.158     4.154    synchronous.tx_fifo/wgray_r1_reg[2]
  -------------------------------------------------------------------
                         data arrival                           0.328    
                         clock arrival                          4.154    
  -------------------------------------------------------------------
                         relative delay                        -3.826    

Reference path:
    Location             Delay type                Incr(ns)  Path(ns)    Netlist Resource(s)
  -------------------------------------------------------------------    -------------------
                         (clock core_raw rise edge)
                                                      0.000     0.000 r  
    R4                                                0.000     0.000 r  sys_clk (IN)
                         net (fo=0)                   0.000     0.000    sys_clk
    R4                   IBUF (Prop_ibuf_I_O)         1.366     1.366 r  sys_clk_IBUF_inst/O
                         net (fo=1, routed)           1.004     2.369    multiplied_clock.clock_generator/sys_clk_IBUF
    MMCME2_ADV_X1Y0      MMCME2_ADV (Prop_mmcme2_adv_CLKIN1_CLKOUT0)
                                                     -6.057    -3.688 r  multiplied_clock.clock_generator/mmcm/CLKOUT0
                         net (fo=1, routed)           1.352    -2.335    multiplied_clock.clock_generator/core_raw
    BUFGCTRL_X0Y2        BUFG (Prop_bufg_I_O)         0.077    -2.258 r  multiplied_clock.clock_generator/core_buffer/O
                         net (fo=15902, routed)       1.264    -0.995    synchronous.tx_fifo/core_clk
    SLICE_X55Y4          FDCE                                         r  synchronous.tx_fifo/wgray_reg[10]/C
  -------------------------------------------------------------------    -------------------
    SLICE_X55Y4          FDCE (Prop_fdce_C_Q)         0.304    -0.691 r  synchronous.tx_fifo/wgray_reg[10]/Q
                         net (fo=1, routed)           0.224    -0.466    synchronous.tx_fifo/wgray[10]
    SLICE_X54Y4          FDCE                                         r  synchronous.tx_fifo/wgray_r1_reg[10]/D
  -------------------------------------------------------------------    -------------------

                         (clock usb_clk rise edge)    0.000     0.000 r  
    Y4                                                0.000     0.000 r  usb_clk_60m (IN)
                         net (fo=0)                   0.000     0.000    usb_clk_60m
    Y4                   IBUF (Prop_ibuf_I_O)         1.439     1.439 r  usb_clk_60m_IBUF_inst/O
                         net (fo=1, routed)           1.689     3.127    usb_clk_60m_IBUF
    BUFGCTRL_X0Y0        BUFG (Prop_bufg_I_O)         0.081     3.208 r  synchronous.usb_clock_buffer/O
                         net (fo=1013, routed)        1.376     4.584    synchronous.tx_fifo/CLK
    SLICE_X54Y4          FDCE                                         r  synchronous.tx_fifo/wgray_r1_reg[10]/C
                         clock pessimism              0.000     4.584    
    SLICE_X54Y4          FDCE (Hold_fdce_C_D)         0.187     4.771    synchronous.tx_fifo/wgray_r1_reg[10]
  -------------------------------------------------------------------
                         data arrival                          -0.466    
                         clock arrival                          4.771    
  -------------------------------------------------------------------
                         relative delay                        -5.238    



Id: 2
set_bus_skew -from [get_cells -hier -filter {IS_SEQUENTIAL == 1 && (NAME =~ *tx_fifo/rgray_reg* || NAME =~ *tx_fifo/rbin_reg*)}] -to [get_cells -hier -filter {IS_SEQUENTIAL == 1 && NAME =~ *tx_fifo/rgray_w1_reg*}] 16.667
Requirement: 16.667ns
Endpoints: 14

From Clock            To Clock              Endpoint Pin                    Reference Pin                   Corner  Actual(ns)  Slack(ns)
--------------------  --------------------  ------------------------------  ------------------------------  ------  ----------  ---------
usb_clk               core_raw              synchronous.tx_fifo/rgray_w1_reg[9]/D
                                                                            synchronous.tx_fifo/rgray_w1_reg[1]/D
                                                                                                            Slow         0.951     15.716


Slack (MET) :             15.716ns  (requirement - actual skew)
  Endpoint Source:        synchronous.tx_fifo/rgray_reg[9]/C
                            (rising edge-triggered cell FDCE clocked by usb_clk)
  Endpoint Destination:   synchronous.tx_fifo/rgray_w1_reg[9]/D
                            (rising edge-triggered cell FDCE clocked by core_raw)
  Reference Source:       synchronous.tx_fifo/rgray_reg[1]/C
                            (rising edge-triggered cell FDCE clocked by usb_clk)
  Reference Destination:  synchronous.tx_fifo/rgray_w1_reg[1]/D
                            (rising edge-triggered cell FDCE clocked by core_raw)
  Path Type:              Bus Skew (Max at Slow Process Corner)
  Requirement:            16.667ns
  Endpoint Relative Delay:    6.665ns
  Reference Relative Delay:   5.219ns
  Relative CRPR:              0.627ns
  Uncertainty:                0.131ns
  Actual Bus Skew:            0.951ns  (Endpoint Relative Delay - Reference Relative Delay - Relative CRPR + Uncertainty)

Endpoint path:
    Location             Delay type                Incr(ns)  Path(ns)    Netlist Resource(s)
  -------------------------------------------------------------------    -------------------
                         (clock usb_clk rise edge)    0.000     0.000 r  
    Y4                                                0.000     0.000 r  usb_clk_60m (IN)
                         net (fo=0)                   0.000     0.000    usb_clk_60m
    Y4                   IBUF (Prop_ibuf_I_O)         1.439     1.439 r  usb_clk_60m_IBUF_inst/O
                         net (fo=1, routed)           1.689     3.127    usb_clk_60m_IBUF
    BUFGCTRL_X0Y0        BUFG (Prop_bufg_I_O)         0.081     3.208 r  synchronous.usb_clock_buffer/O
                         net (fo=1013, routed)        1.374     4.582    synchronous.tx_fifo/CLK
    SLICE_X52Y2          FDCE                                         r  synchronous.tx_fifo/rgray_reg[9]/C
  -------------------------------------------------------------------    -------------------
    SLICE_X52Y2          FDCE (Prop_fdce_C_Q)         0.398     4.980 r  synchronous.tx_fifo/rgray_reg[9]/Q
                         net (fo=1, routed)           0.532     5.512    synchronous.tx_fifo/rgray[9]
    SLICE_X52Y3          FDCE                                         r  synchronous.tx_fifo/rgray_w1_reg[9]/D
  -------------------------------------------------------------------    -------------------

                         (clock core_raw rise edge)
                                                      0.000     0.000 r  
    R4                                                0.000     0.000 r  sys_clk (IN)
                         net (fo=0)                   0.000     0.000    sys_clk
    R4                   IBUF (Prop_ibuf_I_O)         1.366     1.366 r  sys_clk_IBUF_inst/O
                         net (fo=1, routed)           1.004     2.369    multiplied_clock.clock_generator/sys_clk_IBUF
    MMCME2_ADV_X1Y0      MMCME2_ADV (Prop_mmcme2_adv_CLKIN1_CLKOUT0)
                                                     -6.057    -3.688 r  multiplied_clock.clock_generator/mmcm/CLKOUT0
                         net (fo=1, routed)           1.352    -2.335    multiplied_clock.clock_generator/core_raw
    BUFGCTRL_X0Y2        BUFG (Prop_bufg_I_O)         0.077    -2.258 r  multiplied_clock.clock_generator/core_buffer/O
                         net (fo=15902, routed)       1.263    -0.996    synchronous.tx_fifo/core_clk
    SLICE_X52Y3          FDCE                                         r  synchronous.tx_fifo/rgray_w1_reg[9]/C
                         clock pessimism              0.000    -0.996    
    SLICE_X52Y3          FDCE (Setup_fdce_C_D)       -0.158    -1.154    synchronous.tx_fifo/rgray_w1_reg[9]
  -------------------------------------------------------------------
                         data arrival                           5.512    
                         clock arrival                         -1.154    
  -------------------------------------------------------------------
                         relative delay                         6.665    

Reference path:
    Location             Delay type                Incr(ns)  Path(ns)    Netlist Resource(s)
  -------------------------------------------------------------------    -------------------
                         (clock usb_clk rise edge)    0.000     0.000 r  
    Y4                                                0.000     0.000 r  usb_clk_60m (IN)
                         net (fo=0)                   0.000     0.000    usb_clk_60m
    Y4                   IBUF (Prop_ibuf_I_O)         1.372     1.372 r  usb_clk_60m_IBUF_inst/O
                         net (fo=1, routed)           1.599     2.972    usb_clk_60m_IBUF
    BUFGCTRL_X0Y0        BUFG (Prop_bufg_I_O)         0.077     3.049 r  synchronous.usb_clock_buffer/O
                         net (fo=1013, routed)        1.264     4.312    synchronous.tx_fifo/CLK
    SLICE_X54Y1          FDCE                                         r  synchronous.tx_fifo/rgray_reg[1]/C
  -------------------------------------------------------------------    -------------------
    SLICE_X54Y1          FDCE (Prop_fdce_C_Q)         0.347     4.659 r  synchronous.tx_fifo/rgray_reg[1]/Q
                         net (fo=1, routed)           0.200     4.859    synchronous.tx_fifo/rgray[1]
    SLICE_X54Y0          FDCE                                         r  synchronous.tx_fifo/rgray_w1_reg[1]/D
  -------------------------------------------------------------------    -------------------

                         (clock core_raw rise edge)
                                                      0.000     0.000 r  
    R4                                                0.000     0.000 r  sys_clk (IN)
                         net (fo=0)                   0.000     0.000    sys_clk
    R4                   IBUF (Prop_ibuf_I_O)         1.432     1.432 r  sys_clk_IBUF_inst/O
                         net (fo=1, routed)           1.065     2.497    multiplied_clock.clock_generator/sys_clk_IBUF
    MMCME2_ADV_X1Y0      MMCME2_ADV (Prop_mmcme2_adv_CLKIN1_CLKOUT0)
                                                     -5.921    -3.424 r  multiplied_clock.clock_generator/mmcm/CLKOUT0
                         net (fo=1, routed)           1.421    -2.004    multiplied_clock.clock_generator/core_raw
    BUFGCTRL_X0Y2        BUFG (Prop_bufg_I_O)         0.081    -1.923 r  multiplied_clock.clock_generator/core_buffer/O
                         net (fo=15902, routed)       1.376    -0.547    synchronous.tx_fifo/core_clk
    SLICE_X54Y0          FDCE                                         r  synchronous.tx_fifo/rgray_w1_reg[1]/C
                         clock pessimism              0.000    -0.547    
    SLICE_X54Y0          FDCE (Hold_fdce_C_D)         0.187    -0.360    synchronous.tx_fifo/rgray_w1_reg[1]
  -------------------------------------------------------------------
                         data arrival                           4.859    
                         clock arrival                         -0.360    
  -------------------------------------------------------------------
                         relative delay                         5.219    



Id: 3
set_bus_skew -from [get_cells -hier -filter {IS_SEQUENTIAL == 1 && (NAME =~ *rx_fifo/wgray_reg* || NAME =~ *rx_fifo/wbin_reg*)}] -to [get_cells -hier -filter {IS_SEQUENTIAL == 1 && NAME =~ *rx_fifo/wgray_r1_reg*}] 16.667
Requirement: 16.667ns
Endpoints: 9

From Clock            To Clock              Endpoint Pin                    Reference Pin                   Corner  Actual(ns)  Slack(ns)
--------------------  --------------------  ------------------------------  ------------------------------  ------  ----------  ---------
usb_clk               core_raw              synchronous.rx_fifo/wgray_r1_reg[6]/D
                                                                            synchronous.rx_fifo/wgray_r1_reg[3]/D
                                                                                                            Slow         0.871     15.796


Slack (MET) :             15.796ns  (requirement - actual skew)
  Endpoint Source:        synchronous.rx_fifo/wgray_reg[6]/C
                            (rising edge-triggered cell FDCE clocked by usb_clk)
  Endpoint Destination:   synchronous.rx_fifo/wgray_r1_reg[6]/D
                            (rising edge-triggered cell FDCE clocked by core_raw)
  Reference Source:       synchronous.rx_fifo/wgray_reg[3]/C
                            (rising edge-triggered cell FDCE clocked by usb_clk)
  Reference Destination:  synchronous.rx_fifo/wgray_r1_reg[3]/D
                            (rising edge-triggered cell FDCE clocked by core_raw)
  Path Type:              Bus Skew (Max at Slow Process Corner)
  Requirement:            16.667ns
  Endpoint Relative Delay:    6.607ns
  Reference Relative Delay:   5.223ns
  Relative CRPR:              0.643ns
  Uncertainty:                0.131ns
  Actual Bus Skew:            0.871ns  (Endpoint Relative Delay - Reference Relative Delay - Relative CRPR + Uncertainty)

Endpoint path:
    Location             Delay type                Incr(ns)  Path(ns)    Netlist Resource(s)
  -------------------------------------------------------------------    -------------------
                         (clock usb_clk rise edge)    0.000     0.000 r  
    Y4                                                0.000     0.000 r  usb_clk_60m (IN)
                         net (fo=0)                   0.000     0.000    usb_clk_60m
    Y4                   IBUF (Prop_ibuf_I_O)         1.439     1.439 r  usb_clk_60m_IBUF_inst/O
                         net (fo=1, routed)           1.689     3.127    usb_clk_60m_IBUF
    BUFGCTRL_X0Y0        BUFG (Prop_bufg_I_O)         0.081     3.208 r  synchronous.usb_clock_buffer/O
                         net (fo=1013, routed)        1.425     4.633    synchronous.rx_fifo/CLK
    SLICE_X62Y27         FDCE                                         r  synchronous.rx_fifo/wgray_reg[6]/C
  -------------------------------------------------------------------    -------------------
    SLICE_X62Y27         FDCE (Prop_fdce_C_Q)         0.348     4.981 r  synchronous.rx_fifo/wgray_reg[6]/Q
                         net (fo=1, routed)           0.469     5.450    synchronous.rx_fifo/wgray[6]
    SLICE_X59Y27         FDCE                                         r  synchronous.rx_fifo/wgray_r1_reg[6]/D
  -------------------------------------------------------------------    -------------------

                         (clock core_raw rise edge)
                                                      0.000     0.000 r  
    R4                                                0.000     0.000 r  sys_clk (IN)
                         net (fo=0)                   0.000     0.000    sys_clk
    R4                   IBUF (Prop_ibuf_I_O)         1.366     1.366 r  sys_clk_IBUF_inst/O
                         net (fo=1, routed)           1.004     2.369    multiplied_clock.clock_generator/sys_clk_IBUF
    MMCME2_ADV_X1Y0      MMCME2_ADV (Prop_mmcme2_adv_CLKIN1_CLKOUT0)
                                                     -6.057    -3.688 r  multiplied_clock.clock_generator/mmcm/CLKOUT0
                         net (fo=1, routed)           1.352    -2.335    multiplied_clock.clock_generator/core_raw
    BUFGCTRL_X0Y2        BUFG (Prop_bufg_I_O)         0.077    -2.258 r  multiplied_clock.clock_generator/core_buffer/O
                         net (fo=15902, routed)       1.318    -0.941    synchronous.rx_fifo/core_clk
    SLICE_X59Y27         FDCE                                         r  synchronous.rx_fifo/wgray_r1_reg[6]/C
                         clock pessimism              0.000    -0.941    
    SLICE_X59Y27         FDCE (Setup_fdce_C_D)       -0.216    -1.157    synchronous.rx_fifo/wgray_r1_reg[6]
  -------------------------------------------------------------------
                         data arrival                           5.450    
                         clock arrival                         -1.157    
  -------------------------------------------------------------------
                         relative delay                         6.607    

Reference path:
    Location             Delay type                Incr(ns)  Path(ns)    Netlist Resource(s)
  -------------------------------------------------------------------    -------------------
                         (clock usb_clk rise edge)    0.000     0.000 r  
    Y4                                                0.000     0.000 r  usb_clk_60m (IN)
                         net (fo=0)                   0.000     0.000    usb_clk_60m
    Y4                   IBUF (Prop_ibuf_I_O)         1.372     1.372 r  usb_clk_60m_IBUF_inst/O
                         net (fo=1, routed)           1.599     2.972    usb_clk_60m_IBUF
    BUFGCTRL_X0Y0        BUFG (Prop_bufg_I_O)         0.077     3.049 r  synchronous.usb_clock_buffer/O
                         net (fo=1013, routed)        1.319     4.367    synchronous.rx_fifo/CLK
    SLICE_X63Y28         FDCE                                         r  synchronous.rx_fifo/wgray_reg[3]/C
  -------------------------------------------------------------------    -------------------
    SLICE_X63Y28         FDCE (Prop_fdce_C_Q)         0.304     4.671 r  synchronous.rx_fifo/wgray_reg[3]/Q
                         net (fo=1, routed)           0.195     4.866    synchronous.rx_fifo/wgray[3]
    SLICE_X62Y29         FDCE                                         r  synchronous.rx_fifo/wgray_r1_reg[3]/D
  -------------------------------------------------------------------    -------------------

                         (clock core_raw rise edge)
                                                      0.000     0.000 r  
    R4                                                0.000     0.000 r  sys_clk (IN)
                         net (fo=0)                   0.000     0.000    sys_clk
    R4                   IBUF (Prop_ibuf_I_O)         1.432     1.432 r  sys_clk_IBUF_inst/O
                         net (fo=1, routed)           1.065     2.497    multiplied_clock.clock_generator/sys_clk_IBUF
    MMCME2_ADV_X1Y0      MMCME2_ADV (Prop_mmcme2_adv_CLKIN1_CLKOUT0)
                                                     -5.921    -3.424 r  multiplied_clock.clock_generator/mmcm/CLKOUT0
                         net (fo=1, routed)           1.421    -2.004    multiplied_clock.clock_generator/core_raw
    BUFGCTRL_X0Y2        BUFG (Prop_bufg_I_O)         0.081    -1.923 r  multiplied_clock.clock_generator/core_buffer/O
                         net (fo=15902, routed)       1.428    -0.495    synchronous.rx_fifo/core_clk
    SLICE_X62Y29         FDCE                                         r  synchronous.rx_fifo/wgray_r1_reg[3]/C
                         clock pessimism              0.000    -0.495    
    SLICE_X62Y29         FDCE (Hold_fdce_C_D)         0.138    -0.357    synchronous.rx_fifo/wgray_r1_reg[3]
  -------------------------------------------------------------------
                         data arrival                           4.866    
                         clock arrival                         -0.357    
  -------------------------------------------------------------------
                         relative delay                         5.223    



Id: 4
set_bus_skew -from [get_cells -hier -filter {IS_SEQUENTIAL == 1 && (NAME =~ *rx_fifo/rgray_reg* || NAME =~ *rx_fifo/rbin_reg*)}] -to [get_cells -hier -filter {IS_SEQUENTIAL == 1 && NAME =~ *rx_fifo/rgray_w1_reg*}] 10.000
Requirement: 10.000ns
Endpoints: 9

From Clock            To Clock              Endpoint Pin                    Reference Pin                   Corner  Actual(ns)  Slack(ns)
--------------------  --------------------  ------------------------------  ------------------------------  ------  ----------  ---------
core_raw              usb_clk               synchronous.rx_fifo/rgray_w1_reg[6]/D
                                                                            synchronous.rx_fifo/rgray_w1_reg[1]/D
                                                                                                            Slow         0.911      9.089


Slack (MET) :             9.089ns  (requirement - actual skew)
  Endpoint Source:        synchronous.rx_fifo/rgray_reg[6]/C
                            (rising edge-triggered cell FDCE clocked by core_raw)
  Endpoint Destination:   synchronous.rx_fifo/rgray_w1_reg[6]/D
                            (rising edge-triggered cell FDCE clocked by usb_clk)
  Reference Source:       synchronous.rx_fifo/rgray_reg[1]/C
                            (rising edge-triggered cell FDCE clocked by core_raw)
  Reference Destination:  synchronous.rx_fifo/rgray_w1_reg[1]/D
                            (rising edge-triggered cell FDCE clocked by usb_clk)
  Path Type:              Bus Skew (Max at Slow Process Corner)
  Requirement:            10.000ns
  Endpoint Relative Delay:   -3.781ns
  Reference Relative Delay:  -5.203ns
  Relative CRPR:              0.642ns
  Uncertainty:                0.131ns
  Actual Bus Skew:            0.911ns  (Endpoint Relative Delay - Reference Relative Delay - Relative CRPR + Uncertainty)

Endpoint path:
    Location             Delay type                Incr(ns)  Path(ns)    Netlist Resource(s)
  -------------------------------------------------------------------    -------------------
                         (clock core_raw rise edge)
                                                      0.000     0.000 r  
    R4                                                0.000     0.000 r  sys_clk (IN)
                         net (fo=0)                   0.000     0.000    sys_clk
    R4                   IBUF (Prop_ibuf_I_O)         1.432     1.432 r  sys_clk_IBUF_inst/O
                         net (fo=1, routed)           1.065     2.497    multiplied_clock.clock_generator/sys_clk_IBUF
    MMCME2_ADV_X1Y0      MMCME2_ADV (Prop_mmcme2_adv_CLKIN1_CLKOUT0)
                                                     -5.921    -3.424 r  multiplied_clock.clock_generator/mmcm/CLKOUT0
                         net (fo=1, routed)           1.421    -2.004    multiplied_clock.clock_generator/core_raw
    BUFGCTRL_X0Y2        BUFG (Prop_bufg_I_O)         0.081    -1.923 r  multiplied_clock.clock_generator/core_buffer/O
                         net (fo=15902, routed)       1.423    -0.500    synchronous.rx_fifo/core_clk
    SLICE_X59Y27         FDCE                                         r  synchronous.rx_fifo/rgray_reg[6]/C
  -------------------------------------------------------------------    -------------------
    SLICE_X59Y27         FDCE (Prop_fdce_C_Q)         0.379    -0.121 r  synchronous.rx_fifo/rgray_reg[6]/Q
                         net (fo=1, routed)           0.631     0.510    synchronous.rx_fifo/rgray[6]
    SLICE_X59Y26         FDCE                                         r  synchronous.rx_fifo/rgray_w1_reg[6]/D
  -------------------------------------------------------------------    -------------------

                         (clock usb_clk rise edge)    0.000     0.000 r  
    Y4                                                0.000     0.000 r  usb_clk_60m (IN)
                         net (fo=0)                   0.000     0.000    usb_clk_60m
    Y4                   IBUF (Prop_ibuf_I_O)         1.372     1.372 r  usb_clk_60m_IBUF_inst/O
                         net (fo=1, routed)           1.599     2.972    usb_clk_60m_IBUF
    BUFGCTRL_X0Y0        BUFG (Prop_bufg_I_O)         0.077     3.049 r  synchronous.usb_clock_buffer/O
                         net (fo=1013, routed)        1.316     4.364    synchronous.rx_fifo/CLK
    SLICE_X59Y26         FDCE                                         r  synchronous.rx_fifo/rgray_w1_reg[6]/C
                         clock pessimism              0.000     4.364    
    SLICE_X59Y26         FDCE (Setup_fdce_C_D)       -0.073     4.291    synchronous.rx_fifo/rgray_w1_reg[6]
  -------------------------------------------------------------------
                         data arrival                           0.510    
                         clock arrival                          4.291    
  -------------------------------------------------------------------
                         relative delay                        -3.781    

Reference path:
    Location             Delay type                Incr(ns)  Path(ns)    Netlist Resource(s)
  -------------------------------------------------------------------    -------------------
                         (clock core_raw rise edge)
                                                      0.000     0.000 r  
    R4                                                0.000     0.000 r  sys_clk (IN)
                         net (fo=0)                   0.000     0.000    sys_clk
    R4                   IBUF (Prop_ibuf_I_O)         1.366     1.366 r  sys_clk_IBUF_inst/O
                         net (fo=1, routed)           1.004     2.369    multiplied_clock.clock_generator/sys_clk_IBUF
    MMCME2_ADV_X1Y0      MMCME2_ADV (Prop_mmcme2_adv_CLKIN1_CLKOUT0)
                                                     -6.057    -3.688 r  multiplied_clock.clock_generator/mmcm/CLKOUT0
                         net (fo=1, routed)           1.352    -2.335    multiplied_clock.clock_generator/core_raw
    BUFGCTRL_X0Y2        BUFG (Prop_bufg_I_O)         0.077    -2.258 r  multiplied_clock.clock_generator/core_buffer/O
                         net (fo=15902, routed)       1.318    -0.941    synchronous.rx_fifo/core_clk
    SLICE_X61Y28         FDCE                                         r  synchronous.rx_fifo/rgray_reg[1]/C
  -------------------------------------------------------------------    -------------------
    SLICE_X61Y28         FDCE (Prop_fdce_C_Q)         0.304    -0.637 r  synchronous.rx_fifo/rgray_reg[1]/Q
                         net (fo=1, routed)           0.204    -0.432    synchronous.rx_fifo/rgray[1]
    SLICE_X63Y28         FDCE                                         r  synchronous.rx_fifo/rgray_w1_reg[1]/D
  -------------------------------------------------------------------    -------------------

                         (clock usb_clk rise edge)    0.000     0.000 r  
    Y4                                                0.000     0.000 r  usb_clk_60m (IN)
                         net (fo=0)                   0.000     0.000    usb_clk_60m
    Y4                   IBUF (Prop_ibuf_I_O)         1.439     1.439 r  usb_clk_60m_IBUF_inst/O
                         net (fo=1, routed)           1.689     3.127    usb_clk_60m_IBUF
    BUFGCTRL_X0Y0        BUFG (Prop_bufg_I_O)         0.081     3.208 r  synchronous.usb_clock_buffer/O
                         net (fo=1013, routed)        1.426     4.634    synchronous.rx_fifo/CLK
    SLICE_X63Y28         FDCE                                         r  synchronous.rx_fifo/rgray_w1_reg[1]/C
                         clock pessimism              0.000     4.634    
    SLICE_X63Y28         FDCE (Hold_fdce_C_D)         0.136     4.770    synchronous.rx_fifo/rgray_w1_reg[1]
  -------------------------------------------------------------------
                         data arrival                          -0.432    
                         clock arrival                          4.770    
  -------------------------------------------------------------------
                         relative delay                        -5.203    



Id: 5
set_bus_skew -from [get_cells -hier -filter {IS_SEQUENTIAL == 1 && (NAME =~ *pixel_fifo/wgray_reg* || NAME =~ *pixel_fifo/wbin_reg*)}] -to [get_cells -hier -filter {IS_SEQUENTIAL == 1 && NAME =~ *pixel_fifo/wgray_r1_reg*}] 13.250
Requirement: 13.250ns
Endpoints: 13

From Clock            To Clock              Endpoint Pin                    Reference Pin                   Corner  Actual(ns)  Slack(ns)
--------------------  --------------------  ------------------------------  ------------------------------  ------  ----------  ---------
clock_raw             core_raw              real_camera.capture/pixel_fifo/wgray_r1_reg[4]/D
                                                                            real_camera.capture/pixel_fifo/wgray_r1_reg[12]/D
                                                                                                            Slow         0.993     12.257


Slack (MET) :             12.257ns  (requirement - actual skew)
  Endpoint Source:        real_camera.capture/pixel_fifo/wgray_reg[4]/C
                            (falling edge-triggered cell FDCE clocked by clock_raw)
  Endpoint Destination:   real_camera.capture/pixel_fifo/wgray_r1_reg[4]/D
                            (rising edge-triggered cell FDCE clocked by core_raw)
  Reference Source:       real_camera.capture/pixel_fifo/wgray_reg[12]/C
                            (falling edge-triggered cell FDCE clocked by clock_raw)
  Reference Destination:  real_camera.capture/pixel_fifo/wgray_r1_reg[12]/D
                            (rising edge-triggered cell FDCE clocked by core_raw)
  Path Type:              Bus Skew (Max at Slow Process Corner)
  Requirement:            13.250ns
  Endpoint Relative Delay:    3.594ns
  Reference Relative Delay:   1.526ns
  Relative CRPR:              1.293ns
  Uncertainty:                0.217ns
  Actual Bus Skew:            0.993ns  (Endpoint Relative Delay - Reference Relative Delay - Relative CRPR + Uncertainty)

Endpoint path:
    Location             Delay type                Incr(ns)  Path(ns)    Netlist Resource(s)
  -------------------------------------------------------------------    -------------------
                         (clock clock_raw fall edge)
                                                      0.000     0.000 f  
    F14                                               0.000     0.000 f  cam_pclk (IN)
                         net (fo=0)                   0.000     0.000    cam_pclk
    F14                  IBUF (Prop_ibuf_I_O)         1.392     1.392 f  cam_pclk_IBUF_inst/O
                         net (fo=1, routed)           3.115     4.507    real_camera.phase_clock.sampling_clock/pclk
    MMCME2_ADV_X0Y0      MMCME2_ADV (Prop_mmcme2_adv_CLKIN1_CLKOUT0)
                                                     -5.924    -1.417 f  real_camera.phase_clock.sampling_clock/camera_mmcm/CLKOUT0
                         net (fo=1, routed)           1.425     0.007    real_camera.phase_clock.sampling_clock/clock_raw
    BUFGCTRL_X0Y3        BUFG (Prop_bufg_I_O)         0.081     0.088 f  real_camera.phase_clock.sampling_clock/sample_buffer/O
                         net (fo=496, routed)         1.344     1.433    real_camera.capture/pixel_fifo/sample_clk
    SLICE_X52Y77         FDCE                                         r  real_camera.capture/pixel_fifo/wgray_reg[4]/C  (IS_INVERTED)
  -------------------------------------------------------------------    -------------------
    SLICE_X52Y77         FDCE (Prop_fdce_C_Q)         0.437     1.870 r  real_camera.capture/pixel_fifo/wgray_reg[4]/Q
                         net (fo=1, routed)           0.628     2.498    real_camera.capture/pixel_fifo/wgray[4]
    SLICE_X48Y76         FDCE                                         r  real_camera.capture/pixel_fifo/wgray_r1_reg[4]/D
  -------------------------------------------------------------------    -------------------

                         (clock core_raw rise edge)
                                                      0.000     0.000 r  
    R4                                                0.000     0.000 r  sys_clk (IN)
                         net (fo=0)                   0.000     0.000    sys_clk
    R4                   IBUF (Prop_ibuf_I_O)         1.366     1.366 r  sys_clk_IBUF_inst/O
                         net (fo=1, routed)           1.004     2.369    multiplied_clock.clock_generator/sys_clk_IBUF
    MMCME2_ADV_X1Y0      MMCME2_ADV (Prop_mmcme2_adv_CLKIN1_CLKOUT0)
                                                     -6.057    -3.688 r  multiplied_clock.clock_generator/mmcm/CLKOUT0
                         net (fo=1, routed)           1.352    -2.335    multiplied_clock.clock_generator/core_raw
    BUFGCTRL_X0Y2        BUFG (Prop_bufg_I_O)         0.077    -2.258 r  multiplied_clock.clock_generator/core_buffer/O
                         net (fo=15902, routed)       1.235    -1.023    real_camera.capture/pixel_fifo/core_clk
    SLICE_X48Y76         FDCE                                         r  real_camera.capture/pixel_fifo/wgray_r1_reg[4]/C
                         clock pessimism              0.000    -1.023    
    SLICE_X48Y76         FDCE (Setup_fdce_C_D)       -0.073    -1.096    real_camera.capture/pixel_fifo/wgray_r1_reg[4]
  -------------------------------------------------------------------
                         data arrival                           2.498    
                         clock arrival                         -1.096    
  -------------------------------------------------------------------
                         relative delay                         3.594    

Reference path:
    Location             Delay type                Incr(ns)  Path(ns)    Netlist Resource(s)
  -------------------------------------------------------------------    -------------------
                         (clock clock_raw fall edge)
                                                      0.000     0.000 f  
    F14                                               0.000     0.000 f  cam_pclk (IN)
                         net (fo=0)                   0.000     0.000    cam_pclk
    F14                  IBUF (Prop_ibuf_I_O)         1.327     1.327 f  cam_pclk_IBUF_inst/O
                         net (fo=1, routed)           2.581     3.908    real_camera.phase_clock.sampling_clock/pclk
    MMCME2_ADV_X0Y0      MMCME2_ADV (Prop_mmcme2_adv_CLKIN1_CLKOUT0)
                                                     -6.061    -2.154 f  real_camera.phase_clock.sampling_clock/camera_mmcm/CLKOUT0
                         net (fo=1, routed)           1.357    -0.796    real_camera.phase_clock.sampling_clock/clock_raw
    BUFGCTRL_X0Y3        BUFG (Prop_bufg_I_O)         0.077    -0.719 f  real_camera.phase_clock.sampling_clock/sample_buffer/O
                         net (fo=496, routed)         1.239     0.520    real_camera.capture/pixel_fifo/sample_clk
    SLICE_X51Y79         FDCE                                         r  real_camera.capture/pixel_fifo/wgray_reg[12]/C  (IS_INVERTED)
  -------------------------------------------------------------------    -------------------
    SLICE_X51Y79         FDCE (Prop_fdce_C_Q)         0.308     0.828 r  real_camera.capture/pixel_fifo/wgray_reg[12]/Q
                         net (fo=1, routed)           0.313     1.141    real_camera.capture/pixel_fifo/wgray[12]
    SLICE_X50Y79         FDCE                                         r  real_camera.capture/pixel_fifo/wgray_r1_reg[12]/D
  -------------------------------------------------------------------    -------------------

                         (clock core_raw rise edge)
                                                      0.000     0.000 r  
    R4                                                0.000     0.000 r  sys_clk (IN)
                         net (fo=0)                   0.000     0.000    sys_clk
    R4                   IBUF (Prop_ibuf_I_O)         1.432     1.432 r  sys_clk_IBUF_inst/O
                         net (fo=1, routed)           1.065     2.497    multiplied_clock.clock_generator/sys_clk_IBUF
    MMCME2_ADV_X1Y0      MMCME2_ADV (Prop_mmcme2_adv_CLKIN1_CLKOUT0)
                                                     -5.921    -3.424 r  multiplied_clock.clock_generator/mmcm/CLKOUT0
                         net (fo=1, routed)           1.421    -2.004    multiplied_clock.clock_generator/core_raw
    BUFGCTRL_X0Y2        BUFG (Prop_bufg_I_O)         0.081    -1.923 r  multiplied_clock.clock_generator/core_buffer/O
                         net (fo=15902, routed)       1.347    -0.575    real_camera.capture/pixel_fifo/core_clk
    SLICE_X50Y79         FDCE                                         r  real_camera.capture/pixel_fifo/wgray_r1_reg[12]/C
                         clock pessimism              0.000    -0.575    
    SLICE_X50Y79         FDCE (Hold_fdce_C_D)         0.191    -0.384    real_camera.capture/pixel_fifo/wgray_r1_reg[12]
  -------------------------------------------------------------------
                         data arrival                           1.141    
                         clock arrival                         -0.384    
  -------------------------------------------------------------------
                         relative delay                         1.526    



Id: 6
set_bus_skew -from [get_cells -hier -filter {IS_SEQUENTIAL == 1 && (NAME =~ *pixel_fifo/rgray_reg* || NAME =~ *pixel_fifo/rbin_reg*)}] -to [get_cells -hier -filter {IS_SEQUENTIAL == 1 && NAME =~ *pixel_fifo/rgray_w1_reg*}] 10.000
Requirement: 10.000ns
Endpoints: 13

From Clock            To Clock              Endpoint Pin                    Reference Pin                   Corner  Actual(ns)  Slack(ns)
--------------------  --------------------  ------------------------------  ------------------------------  ------  ----------  ---------
core_raw              clock_raw             real_camera.capture/pixel_fifo/rgray_w1_reg[12]/D
                                                                            real_camera.capture/pixel_fifo/rgray_w1_reg[8]/D
                                                                                                            Slow         1.040      8.960


Slack (MET) :             8.960ns  (requirement - actual skew)
  Endpoint Source:        real_camera.capture/pixel_fifo/rgray_reg[12]/C
                            (rising edge-triggered cell FDCE clocked by core_raw)
  Endpoint Destination:   real_camera.capture/pixel_fifo/rgray_w1_reg[12]/D
                            (falling edge-triggered cell FDCE clocked by clock_raw)
  Reference Source:       real_camera.capture/pixel_fifo/rgray_reg[8]/C
                            (rising edge-triggered cell FDCE clocked by core_raw)
  Reference Destination:  real_camera.capture/pixel_fifo/rgray_w1_reg[8]/D
                            (falling edge-triggered cell FDCE clocked by clock_raw)
  Path Type:              Bus Skew (Max at Slow Process Corner)
  Requirement:            10.000ns
  Endpoint Relative Delay:   -0.036ns
  Reference Relative Delay:  -2.134ns
  Relative CRPR:              1.276ns
  Uncertainty:                0.217ns
  Actual Bus Skew:            1.040ns  (Endpoint Relative Delay - Reference Relative Delay - Relative CRPR + Uncertainty)

Endpoint path:
    Location             Delay type                Incr(ns)  Path(ns)    Netlist Resource(s)
  -------------------------------------------------------------------    -------------------
                         (clock core_raw rise edge)
                                                      0.000     0.000 r  
    R4                                                0.000     0.000 r  sys_clk (IN)
                         net (fo=0)                   0.000     0.000    sys_clk
    R4                   IBUF (Prop_ibuf_I_O)         1.432     1.432 r  sys_clk_IBUF_inst/O
                         net (fo=1, routed)           1.065     2.497    multiplied_clock.clock_generator/sys_clk_IBUF
    MMCME2_ADV_X1Y0      MMCME2_ADV (Prop_mmcme2_adv_CLKIN1_CLKOUT0)
                                                     -5.921    -3.424 r  multiplied_clock.clock_generator/mmcm/CLKOUT0
                         net (fo=1, routed)           1.421    -2.004    multiplied_clock.clock_generator/core_raw
    BUFGCTRL_X0Y2        BUFG (Prop_bufg_I_O)         0.081    -1.923 r  multiplied_clock.clock_generator/core_buffer/O
                         net (fo=15902, routed)       1.344    -0.578    real_camera.capture/pixel_fifo/core_clk
    SLICE_X45Y80         FDCE                                         r  real_camera.capture/pixel_fifo/rgray_reg[12]/C
  -------------------------------------------------------------------    -------------------
    SLICE_X45Y80         FDCE (Prop_fdce_C_Q)         0.379    -0.199 r  real_camera.capture/pixel_fifo/rgray_reg[12]/Q
                         net (fo=1, routed)           0.646     0.446    real_camera.capture/pixel_fifo/rgray[12]
    SLICE_X46Y78         FDCE                                         r  real_camera.capture/pixel_fifo/rgray_w1_reg[12]/D
  -------------------------------------------------------------------    -------------------

                         (clock clock_raw fall edge)
                                                      0.000     0.000 f  
    F14                                               0.000     0.000 f  cam_pclk (IN)
                         net (fo=0)                   0.000     0.000    cam_pclk
    F14                  IBUF (Prop_ibuf_I_O)         1.327     1.327 f  cam_pclk_IBUF_inst/O
                         net (fo=1, routed)           2.581     3.908    real_camera.phase_clock.sampling_clock/pclk
    MMCME2_ADV_X0Y0      MMCME2_ADV (Prop_mmcme2_adv_CLKIN1_CLKOUT0)
                                                     -6.061    -2.154 f  real_camera.phase_clock.sampling_clock/camera_mmcm/CLKOUT0
                         net (fo=1, routed)           1.357    -0.796    real_camera.phase_clock.sampling_clock/clock_raw
    BUFGCTRL_X0Y3        BUFG (Prop_bufg_I_O)         0.077    -0.719 f  real_camera.phase_clock.sampling_clock/sample_buffer/O
                         net (fo=496, routed)         1.234     0.515    real_camera.capture/pixel_fifo/sample_clk
    SLICE_X46Y78         FDCE                                         r  real_camera.capture/pixel_fifo/rgray_w1_reg[12]/C  (IS_INVERTED)
                         clock pessimism              0.000     0.515    
    SLICE_X46Y78         FDCE (Setup_fdce_C_D)       -0.033     0.482    real_camera.capture/pixel_fifo/rgray_w1_reg[12]
  -------------------------------------------------------------------
                         data arrival                           0.446    
                         clock arrival                          0.482    
  -------------------------------------------------------------------
                         relative delay                        -0.036    

Reference path:
    Location             Delay type                Incr(ns)  Path(ns)    Netlist Resource(s)
  -------------------------------------------------------------------    -------------------
                         (clock core_raw rise edge)
                                                      0.000     0.000 r  
    R4                                                0.000     0.000 r  sys_clk (IN)
                         net (fo=0)                   0.000     0.000    sys_clk
    R4                   IBUF (Prop_ibuf_I_O)         1.366     1.366 r  sys_clk_IBUF_inst/O
                         net (fo=1, routed)           1.004     2.369    multiplied_clock.clock_generator/sys_clk_IBUF
    MMCME2_ADV_X1Y0      MMCME2_ADV (Prop_mmcme2_adv_CLKIN1_CLKOUT0)
                                                     -6.057    -3.688 r  multiplied_clock.clock_generator/mmcm/CLKOUT0
                         net (fo=1, routed)           1.352    -2.335    multiplied_clock.clock_generator/core_raw
    BUFGCTRL_X0Y2        BUFG (Prop_bufg_I_O)         0.077    -2.258 r  multiplied_clock.clock_generator/core_buffer/O
                         net (fo=15902, routed)       1.239    -1.019    real_camera.capture/pixel_fifo/core_clk
    SLICE_X48Y79         FDCE                                         r  real_camera.capture/pixel_fifo/rgray_reg[8]/C
  -------------------------------------------------------------------    -------------------
    SLICE_X48Y79         FDCE (Prop_fdce_C_Q)         0.304    -0.715 r  real_camera.capture/pixel_fifo/rgray_reg[8]/Q
                         net (fo=1, routed)           0.207    -0.508    real_camera.capture/pixel_fifo/rgray[8]
    SLICE_X52Y79         FDCE                                         r  real_camera.capture/pixel_fifo/rgray_w1_reg[8]/D
  -------------------------------------------------------------------    -------------------

                         (clock clock_raw fall edge)
                                                      0.000     0.000 f  
    F14                                               0.000     0.000 f  cam_pclk (IN)
                         net (fo=0)                   0.000     0.000    cam_pclk
    F14                  IBUF (Prop_ibuf_I_O)         1.392     1.392 f  cam_pclk_IBUF_inst/O
                         net (fo=1, routed)           3.115     4.507    real_camera.phase_clock.sampling_clock/pclk
    MMCME2_ADV_X0Y0      MMCME2_ADV (Prop_mmcme2_adv_CLKIN1_CLKOUT0)
                                                     -5.924    -1.417 f  real_camera.phase_clock.sampling_clock/camera_mmcm/CLKOUT0
                         net (fo=1, routed)           1.425     0.007    real_camera.phase_clock.sampling_clock/clock_raw
    BUFGCTRL_X0Y3        BUFG (Prop_bufg_I_O)         0.081     0.088 f  real_camera.phase_clock.sampling_clock/sample_buffer/O
                         net (fo=496, routed)         1.347     1.436    real_camera.capture/pixel_fifo/sample_clk
    SLICE_X52Y79         FDCE                                         r  real_camera.capture/pixel_fifo/rgray_w1_reg[8]/C  (IS_INVERTED)
                         clock pessimism              0.000     1.436    
    SLICE_X52Y79         FDCE (Hold_fdce_C_D)         0.191     1.627    real_camera.capture/pixel_fifo/rgray_w1_reg[8]
  -------------------------------------------------------------------
                         data arrival                          -0.508    
                         clock arrival                          1.627    
  -------------------------------------------------------------------
                         relative delay                        -2.134    



Id: 7
set_bus_skew -from [get_cells -hier -filter {IS_SEQUENTIAL == 1 && (NAME =~ *capture/*_gray_reg* || NAME =~ *capture/*_bin_reg*)}] -to [get_cells -hier -filter {IS_SEQUENTIAL == 1 && NAME =~ *capture/*_c1_reg*}] 13.250
Requirement: 13.250ns
Endpoints: 192

From Clock            To Clock              Endpoint Pin                    Reference Pin                   Corner  Actual(ns)  Slack(ns)
--------------------  --------------------  ------------------------------  ------------------------------  ------  ----------  ---------
clock_raw             core_raw              real_camera.capture/received_c1_reg[28]/D
                                                                            real_camera.capture/overflow_c1_reg[13]/D
                                                                                                            Slow         1.319     11.931


Slack (MET) :             11.931ns  (requirement - actual skew)
  Endpoint Source:        real_camera.capture/received_gray_reg[28]/C
                            (falling edge-triggered cell FDCE clocked by clock_raw)
  Endpoint Destination:   real_camera.capture/received_c1_reg[28]/D
                            (rising edge-triggered cell FDCE clocked by core_raw)
  Reference Source:       real_camera.capture/overflow_gray_reg[13]/C
                            (falling edge-triggered cell FDCE clocked by clock_raw)
  Reference Destination:  real_camera.capture/overflow_c1_reg[13]/D
                            (rising edge-triggered cell FDCE clocked by core_raw)
  Path Type:              Bus Skew (Max at Slow Process Corner)
  Requirement:            13.250ns
  Endpoint Relative Delay:    3.699ns
  Reference Relative Delay:   1.453ns
  Relative CRPR:              1.143ns
  Uncertainty:                0.217ns
  Actual Bus Skew:            1.319ns  (Endpoint Relative Delay - Reference Relative Delay - Relative CRPR + Uncertainty)

Endpoint path:
    Location             Delay type                Incr(ns)  Path(ns)    Netlist Resource(s)
  -------------------------------------------------------------------    -------------------
                         (clock clock_raw fall edge)
                                                      0.000     0.000 f  
    F14                                               0.000     0.000 f  cam_pclk (IN)
                         net (fo=0)                   0.000     0.000    cam_pclk
    F14                  IBUF (Prop_ibuf_I_O)         1.392     1.392 f  cam_pclk_IBUF_inst/O
                         net (fo=1, routed)           3.115     4.507    real_camera.phase_clock.sampling_clock/pclk
    MMCME2_ADV_X0Y0      MMCME2_ADV (Prop_mmcme2_adv_CLKIN1_CLKOUT0)
                                                     -5.924    -1.417 f  real_camera.phase_clock.sampling_clock/camera_mmcm/CLKOUT0
                         net (fo=1, routed)           1.425     0.007    real_camera.phase_clock.sampling_clock/clock_raw
    BUFGCTRL_X0Y3        BUFG (Prop_bufg_I_O)         0.081     0.088 f  real_camera.phase_clock.sampling_clock/sample_buffer/O
                         net (fo=496, routed)         1.376     1.464    real_camera.capture/sample_clk
    SLICE_X57Y49         FDCE                                         r  real_camera.capture/received_gray_reg[28]/C  (IS_INVERTED)
  -------------------------------------------------------------------    -------------------
    SLICE_X57Y49         FDCE (Prop_fdce_C_Q)         0.353     1.817 r  real_camera.capture/received_gray_reg[28]/Q
                         net (fo=1, routed)           0.731     2.548    real_camera.capture/received_gray[28]
    SLICE_X58Y50         FDCE                                         r  real_camera.capture/received_c1_reg[28]/D
  -------------------------------------------------------------------    -------------------

                         (clock core_raw rise edge)
                                                      0.000     0.000 r  
    R4                                                0.000     0.000 r  sys_clk (IN)
                         net (fo=0)                   0.000     0.000    sys_clk
    R4                   IBUF (Prop_ibuf_I_O)         1.366     1.366 r  sys_clk_IBUF_inst/O
                         net (fo=1, routed)           1.004     2.369    multiplied_clock.clock_generator/sys_clk_IBUF
    MMCME2_ADV_X1Y0      MMCME2_ADV (Prop_mmcme2_adv_CLKIN1_CLKOUT0)
                                                     -6.057    -3.688 r  multiplied_clock.clock_generator/mmcm/CLKOUT0
                         net (fo=1, routed)           1.352    -2.335    multiplied_clock.clock_generator/core_raw
    BUFGCTRL_X0Y2        BUFG (Prop_bufg_I_O)         0.077    -2.258 r  multiplied_clock.clock_generator/core_buffer/O
                         net (fo=15902, routed)       1.316    -0.942    real_camera.capture/core_clk
    SLICE_X58Y50         FDCE                                         r  real_camera.capture/received_c1_reg[28]/C
                         clock pessimism              0.000    -0.942    
    SLICE_X58Y50         FDCE (Setup_fdce_C_D)       -0.208    -1.150    real_camera.capture/received_c1_reg[28]
  -------------------------------------------------------------------
                         data arrival                           2.548    
                         clock arrival                         -1.150    
  -------------------------------------------------------------------
                         relative delay                         3.699    

Reference path:
    Location             Delay type                Incr(ns)  Path(ns)    Netlist Resource(s)
  -------------------------------------------------------------------    -------------------
                         (clock clock_raw fall edge)
                                                      0.000     0.000 f  
    F14                                               0.000     0.000 f  cam_pclk (IN)
                         net (fo=0)                   0.000     0.000    cam_pclk
    F14                  IBUF (Prop_ibuf_I_O)         1.327     1.327 f  cam_pclk_IBUF_inst/O
                         net (fo=1, routed)           2.581     3.908    real_camera.phase_clock.sampling_clock/pclk
    MMCME2_ADV_X0Y0      MMCME2_ADV (Prop_mmcme2_adv_CLKIN1_CLKOUT0)
                                                     -6.061    -2.154 f  real_camera.phase_clock.sampling_clock/camera_mmcm/CLKOUT0
                         net (fo=1, routed)           1.357    -0.796    real_camera.phase_clock.sampling_clock/clock_raw
    BUFGCTRL_X0Y3        BUFG (Prop_bufg_I_O)         0.077    -0.719 f  real_camera.phase_clock.sampling_clock/sample_buffer/O
                         net (fo=496, routed)         1.246     0.527    real_camera.capture/sample_clk
    SLICE_X45Y50         FDCE                                         r  real_camera.capture/overflow_gray_reg[13]/C  (IS_INVERTED)
  -------------------------------------------------------------------    -------------------
    SLICE_X45Y50         FDCE (Prop_fdce_C_Q)         0.308     0.835 r  real_camera.capture/overflow_gray_reg[13]/Q
                         net (fo=1, routed)           0.223     1.058    real_camera.capture/overflow_gray[13]
    SLICE_X45Y48         FDCE                                         r  real_camera.capture/overflow_c1_reg[13]/D
  -------------------------------------------------------------------    -------------------

                         (clock core_raw rise edge)
                                                      0.000     0.000 r  
    R4                                                0.000     0.000 r  sys_clk (IN)
                         net (fo=0)                   0.000     0.000    sys_clk
    R4                   IBUF (Prop_ibuf_I_O)         1.432     1.432 r  sys_clk_IBUF_inst/O
                         net (fo=1, routed)           1.065     2.497    multiplied_clock.clock_generator/sys_clk_IBUF
    MMCME2_ADV_X1Y0      MMCME2_ADV (Prop_mmcme2_adv_CLKIN1_CLKOUT0)
                                                     -5.921    -3.424 r  multiplied_clock.clock_generator/mmcm/CLKOUT0
                         net (fo=1, routed)           1.421    -2.004    multiplied_clock.clock_generator/core_raw
    BUFGCTRL_X0Y2        BUFG (Prop_bufg_I_O)         0.081    -1.923 r  multiplied_clock.clock_generator/core_buffer/O
                         net (fo=15902, routed)       1.370    -0.553    real_camera.capture/core_clk
    SLICE_X45Y48         FDCE                                         r  real_camera.capture/overflow_c1_reg[13]/C
                         clock pessimism              0.000    -0.553    
    SLICE_X45Y48         FDCE (Hold_fdce_C_D)         0.158    -0.395    real_camera.capture/overflow_c1_reg[13]
  -------------------------------------------------------------------
                         data arrival                           1.058    
                         clock arrival                         -0.395    
  -------------------------------------------------------------------
                         relative delay                         1.453    



