Copyright 1986-2020 Xilinx, Inc. All Rights Reserved.
------------------------------------------------------------------------------------
| Tool Version : Vivado v.2020.1 (win64) Build 2902540 Wed May 27 19:54:49 MDT 2020
| Date         : Thu Sep 17 21:51:38 2026
| Host         : LAPTOP-JC5LPK9T running 64-bit major release  (build 9200)
| Command      : report_timing_summary -file timing_synthesis.rpt
| Design       : mjpeg_synth_top
| Device       : 7z020-clg400
| Speed File   : -2  PRODUCTION 1.12 2019-11-22
------------------------------------------------------------------------------------

Timing Summary Report

------------------------------------------------------------------------------------------------
| Timer Settings
| --------------
------------------------------------------------------------------------------------------------

  Enable Multi Corner Analysis               :  Yes
  Enable Pessimism Removal                   :  Yes
  Pessimism Removal Resolution               :  Nearest Common Node
  Enable Input Delay Default Clock           :  No
  Enable Preset / Clear Arcs                 :  No
  Disable Flight Delays                      :  No
  Ignore I/O Paths                           :  No
  Timing Early Launch at Borrowing Latches   :  No
  Borrow Time for Max Delay Exceptions       :  Yes
  Merge Timing Exceptions                    :  Yes

  Corner  Analyze    Analyze    
  Name    Max Paths  Min Paths  
  ------  ---------  ---------  
  Slow    Yes        Yes        
  Fast    Yes        Yes        



check_timing report

Table of Contents
-----------------
1. checking no_clock (0)
2. checking constant_clock (0)
3. checking pulse_width_clock (0)
4. checking unconstrained_internal_endpoints (0)
5. checking no_input_delay (82)
6. checking no_output_delay (46)
7. checking multiple_clock (0)
8. checking generated_clocks (0)
9. checking loops (0)
10. checking partial_input_delay (0)
11. checking partial_output_delay (0)
12. checking latch_loops (0)

1. checking no_clock (0)
------------------------
 There are 0 register/latch pins with no clock.


2. checking constant_clock (0)
------------------------------
 There are 0 register/latch pins with constant_clock.


3. checking pulse_width_clock (0)
---------------------------------
 There are 0 register/latch pins which need pulse_width check


4. checking unconstrained_internal_endpoints (0)
------------------------------------------------
 There are 0 pins that are not constrained for maximum delay.

 There are 0 pins that are not constrained for maximum delay due to constant clock.


5. checking no_input_delay (82)
-------------------------------
 There are 82 input ports with no input delay specified. (HIGH)

 There are 0 input ports with no input delay but user has a false path constraint.


6. checking no_output_delay (46)
--------------------------------
 There are 46 ports with no output delay specified. (HIGH)

 There are 0 ports with no output delay but user has a false path constraint

 There are 0 ports with no output delay but with a timing clock defined on it or propagating through it


7. checking multiple_clock (0)
------------------------------
 There are 0 register/latch pins with multiple clocks.


8. checking generated_clocks (0)
--------------------------------
 There are 0 generated clocks that are not connected to a clock source.


9. checking loops (0)
---------------------
 There are 0 combinational loops in the design.


10. checking partial_input_delay (0)
------------------------------------
 There are 0 input ports with partial input delay specified.


11. checking partial_output_delay (0)
-------------------------------------
 There are 0 ports with partial output delay specified.


12. checking latch_loops (0)
----------------------------
 There are 0 combinational latch loops in the design through latch input



------------------------------------------------------------------------------------------------
| Design Timing Summary
| ---------------------
------------------------------------------------------------------------------------------------

    WNS(ns)      TNS(ns)  TNS Failing Endpoints  TNS Total Endpoints      WHS(ns)      THS(ns)  THS Failing Endpoints  THS Total Endpoints     WPWS(ns)     TPWS(ns)  TPWS Failing Endpoints  TPWS Total Endpoints  
    -------      -------  ---------------------  -------------------      -------      -------  ---------------------  -------------------     --------     --------  ----------------------  --------------------  
     -1.352   -10011.835                   8020                75365        0.197        0.000                      0                75365        1.646        0.000                       0                 31495  


Timing constraints are not met.


------------------------------------------------------------------------------------------------
| Clock Summary
| -------------
------------------------------------------------------------------------------------------------

Clock     Waveform(ns)         Period(ns)      Frequency(MHz)
-----     ------------         ----------      --------------
core_clk  {0.000 2.500}        5.000           200.000         


------------------------------------------------------------------------------------------------
| Intra Clock Table
| -----------------
------------------------------------------------------------------------------------------------

Clock             WNS(ns)      TNS(ns)  TNS Failing Endpoints  TNS Total Endpoints      WHS(ns)      THS(ns)  THS Failing Endpoints  THS Total Endpoints     WPWS(ns)     TPWS(ns)  TPWS Failing Endpoints  TPWS Total Endpoints  
-----             -------      -------  ---------------------  -------------------      -------      -------  ---------------------  -------------------     --------     --------  ----------------------  --------------------  
core_clk           -1.352   -10011.835                   8020                69553        0.197        0.000                      0                69553        1.646        0.000                       0                 31495  


------------------------------------------------------------------------------------------------
| Inter Clock Table
| -----------------
------------------------------------------------------------------------------------------------

From Clock    To Clock          WNS(ns)      TNS(ns)  TNS Failing Endpoints  TNS Total Endpoints      WHS(ns)      THS(ns)  THS Failing Endpoints  THS Total Endpoints  
----------    --------          -------      -------  ---------------------  -------------------      -------      -------  ---------------------  -------------------  


------------------------------------------------------------------------------------------------
| Other Path Groups Table
| -----------------------
------------------------------------------------------------------------------------------------

Path Group         From Clock         To Clock               WNS(ns)      TNS(ns)  TNS Failing Endpoints  TNS Total Endpoints      WHS(ns)      THS(ns)  THS Failing Endpoints  THS Total Endpoints  
----------         ----------         --------               -------      -------  ---------------------  -------------------      -------      -------  ---------------------  -------------------  
**async_default**  core_clk           core_clk                 2.008        0.000                      0                 5812        1.158        0.000                      0                 5812  


------------------------------------------------------------------------------------------------
| Timing Details
| --------------
------------------------------------------------------------------------------------------------


---------------------------------------------------------------------------------------------------
From Clock:  core_clk
  To Clock:  core_clk

Setup :         8020  Failing Endpoints,  Worst Slack       -1.352ns,  Total Violation   -10011.835ns
Hold  :            0  Failing Endpoints,  Worst Slack        0.197ns,  Total Violation        0.000ns
PW    :            0  Failing Endpoints,  Worst Slack        1.646ns,  Total Violation        0.000ns
---------------------------------------------------------------------------------------------------


Max Delay Paths
--------------------------------------------------------------------------------------
Slack (VIOLATED) :        -1.352ns  (required time - arrival time)
  Source:                 encoder/channels[0].channel/core/front/mcu_reg[2]/C
                            (rising edge-triggered cell FDCE clocked by core_clk  {rise@0.000ns fall@2.500ns period=5.000ns})
  Destination:            encoder/channels[0].channel/core/front/banks[0].lanes[0].ram/mem_reg_0/ADDRBWRADDR[14]
                            (rising edge-triggered cell RAMB36E1 clocked by core_clk  {rise@0.000ns fall@2.500ns period=5.000ns})
  Path Group:             core_clk
  Path Type:              Setup (Max at Slow Process Corner)
  Requirement:            5.000ns  (core_clk rise@5.000ns - core_clk rise@0.000ns)
  Data Path Delay:        5.636ns  (logic 2.781ns (49.347%)  route 2.855ns (50.653%))
  Logic Levels:           6  (CARRY4=5 LUT6=1)
  Clock Path Skew:        -0.039ns (DCD - SCD + CPR)
    Destination Clock Delay (DCD):    0.748ns = ( 5.748 - 5.000 ) 
    Source Clock Delay      (SCD):    0.787ns
    Clock Pessimism Removal (CPR):    0.000ns
  Clock Uncertainty:      0.035ns  ((TSJ^2 + TIJ^2)^1/2 + DJ) / 2 + PE
    Total System Jitter     (TSJ):    0.071ns
    Total Input Jitter      (TIJ):    0.000ns
    Discrete Jitter          (DJ):    0.000ns
    Phase Error              (PE):    0.000ns

    Location             Delay type                Incr(ns)  Path(ns)    Netlist Resource(s)
  -------------------------------------------------------------------    -------------------
                         (clock core_clk rise edge)
                                                      0.000     0.000 r  
                                                      0.000     0.000 r  clk (IN)
                         net (fo=31494, unset)        0.787     0.787    encoder/channels[0].channel/core/front/clk
                         FDCE                                         r  encoder/channels[0].channel/core/front/mcu_reg[2]/C
  -------------------------------------------------------------------    -------------------
                         FDCE (Prop_fdce_C_Q)         0.433     1.220 r  encoder/channels[0].channel/core/front/mcu_reg[2]/Q
                         net (fo=7, unplaced)         0.853     2.073    encoder/channels[0].channel/core/front/mcu_reg[2]
                         CARRY4 (Prop_carry4_S[3]_CO[3])
                                                      0.546     2.619 r  encoder/channels[0].channel/core/front/mem_reg_0_i_22/CO[3]
                         net (fo=1, unplaced)         0.008     2.627    encoder/channels[0].channel/core/front/mem_reg_0_i_22_n_0
                         CARRY4 (Prop_carry4_CI_O[0])
                                                      0.189     2.816 r  encoder/channels[0].channel/core/front/mem_reg_0_i_21/O[0]
                         net (fo=1, unplaced)         0.818     3.634    encoder/channels[0].channel/core/front/banks[1].lanes[1].ram/cra_carry_i_3[0]
                         CARRY4 (Prop_carry4_S[3]_CO[3])
                                                      0.552     4.186 r  encoder/channels[0].channel/core/front/banks[1].lanes[1].ram/mem_reg_0_i_19/CO[3]
                         net (fo=1, unplaced)         0.000     4.186    encoder/channels[0].channel/core/front/banks[1].lanes[1].ram/mem_reg_0_i_19_n_0
                         CARRY4 (Prop_carry4_CI_O[3])
                                                      0.277     4.463 r  encoder/channels[0].channel/core/front/banks[1].lanes[1].ram/cra_carry_i_7/O[3]
                         net (fo=2, unplaced)         0.530     4.993    encoder/channels[0].channel/core/front/banks[1].lanes[1].ram/mcu_reg[9][6]
                         LUT6 (Prop_lut6_I3_O)        0.250     5.243 r  encoder/channels[0].channel/core/front/banks[1].lanes[1].ram/yra_carry__0_i_4/O
                         net (fo=1, unplaced)         0.000     5.243    encoder/channels[0].channel/core/front/banks[1].lanes[1].ram_n_2
                         CARRY4 (Prop_carry4_S[1]_O[3])
                                                      0.534     5.777 r  encoder/channels[0].channel/core/front/yra_carry__0/O[3]
                         net (fo=8, unplaced)         0.646     6.423    encoder/channels[0].channel/core/front/banks[0].lanes[0].ram/rd_addr[12]
                         RAMB36E1                                     r  encoder/channels[0].channel/core/front/banks[0].lanes[0].ram/mem_reg_0/ADDRBWRADDR[14]
  -------------------------------------------------------------------    -------------------

                         (clock core_clk rise edge)
                                                      5.000     5.000 r  
                                                      0.000     5.000 r  clk (IN)
                         net (fo=31494, unset)        0.748     5.748    encoder/channels[0].channel/core/front/banks[0].lanes[0].ram/clk
                         RAMB36E1                                     r  encoder/channels[0].channel/core/front/banks[0].lanes[0].ram/mem_reg_0/CLKBWRCLK
                         clock pessimism              0.000     5.748    
                         clock uncertainty           -0.035     5.712    
                         RAMB36E1 (Setup_ramb36e1_CLKBWRCLK_ADDRBWRADDR[14])
                                                     -0.642     5.070    encoder/channels[0].channel/core/front/banks[0].lanes[0].ram/mem_reg_0
  -------------------------------------------------------------------
                         required time                          5.070    
                         arrival time                          -6.423    
  -------------------------------------------------------------------
                         slack                                 -1.352    





Min Delay Paths
--------------------------------------------------------------------------------------
Slack (MET) :             0.197ns  (arrival time - required time)
  Source:                 encoder/channels[0].channel/core/packer/count_reg[2]/C
                            (rising edge-triggered cell FDCE clocked by core_clk  {rise@0.000ns fall@2.500ns period=5.000ns})
  Destination:            encoder/channels[0].channel/core/packer/count_reg[3]/D
                            (rising edge-triggered cell FDCE clocked by core_clk  {rise@0.000ns fall@2.500ns period=5.000ns})
  Path Group:             core_clk
  Path Type:              Hold (Min at Fast Process Corner)
  Requirement:            0.000ns  (core_clk rise@0.000ns - core_clk rise@0.000ns)
  Data Path Delay:        0.352ns  (logic 0.256ns (72.787%)  route 0.096ns (27.213%))
  Logic Levels:           1  (CARRY4=1)
  Clock Path Skew:        0.021ns (DCD - SCD - CPR)
    Destination Clock Delay (DCD):    0.411ns
    Source Clock Delay      (SCD):    0.390ns
    Clock Pessimism Removal (CPR):    -0.000ns

    Location             Delay type                Incr(ns)  Path(ns)    Netlist Resource(s)
  -------------------------------------------------------------------    -------------------
                         (clock core_clk rise edge)
                                                      0.000     0.000 r  
                                                      0.000     0.000 r  clk (IN)
                         net (fo=31494, unset)        0.390     0.390    encoder/channels[0].channel/core/packer/clk
                         FDCE                                         r  encoder/channels[0].channel/core/packer/count_reg[2]/C
  -------------------------------------------------------------------    -------------------
                         FDCE (Prop_fdce_C_Q)         0.164     0.554 r  encoder/channels[0].channel/core/packer/count_reg[2]/Q
                         net (fo=11, unplaced)        0.096     0.650    encoder/channels[0].channel/core/packer/Q[2]
                         CARRY4 (Prop_carry4_DI[2]_O[3])
                                                      0.092     0.742 r  encoder/channels[0].channel/core/packer/count_reg[3]_i_1/O[3]
                         net (fo=1, unplaced)         0.000     0.742    encoder/channels[0].channel/core/packer/next_count[3]
                         FDCE                                         r  encoder/channels[0].channel/core/packer/count_reg[3]/D
  -------------------------------------------------------------------    -------------------

                         (clock core_clk rise edge)
                                                      0.000     0.000 r  
                                                      0.000     0.000 r  clk (IN)
                         net (fo=31494, unset)        0.411     0.411    encoder/channels[0].channel/core/packer/clk
                         FDCE                                         r  encoder/channels[0].channel/core/packer/count_reg[3]/C
                         clock pessimism              0.000     0.411    
                         FDCE (Hold_fdce_C_D)         0.134     0.545    encoder/channels[0].channel/core/packer/count_reg[3]
  -------------------------------------------------------------------
                         required time                         -0.545    
                         arrival time                           0.742    
  -------------------------------------------------------------------
                         slack                                  0.197    





Pulse Width Checks
--------------------------------------------------------------------------------------
Clock Name:         core_clk
Waveform(ns):       { 0.000 2.500 }
Period(ns):         5.000
Sources:            { clk }

Check Type        Corner  Lib Pin      Reference Pin  Required(ns)  Actual(ns)  Slack(ns)  Location  Pin
Min Period        n/a     DSP48E1/CLK  n/a            3.272         5.000       1.728                encoder/channels[0].channel/core/quant/p_0_out__1/CLK
Low Pulse Width   Slow    SRL16E/CLK   n/a            0.854         2.500       1.646                encoder/channels[0].channel/core/dct/engine/t2_reg[0]_srl2_encoder_channels_c_0/CLK
High Pulse Width  Slow    SRL16E/CLK   n/a            0.854         2.500       1.646                encoder/channels[0].channel/core/dct/engine/t2_reg[0]_srl2_encoder_channels_c_0/CLK



---------------------------------------------------------------------------------------------------
Path Group:  **async_default**
From Clock:  core_clk
  To Clock:  core_clk

Setup :            0  Failing Endpoints,  Worst Slack        2.008ns,  Total Violation        0.000ns
Hold  :            0  Failing Endpoints,  Worst Slack        1.158ns,  Total Violation        0.000ns
---------------------------------------------------------------------------------------------------


Max Delay Paths
--------------------------------------------------------------------------------------
Slack (MET) :             2.008ns  (required time - arrival time)
  Source:                 encoder/channels[0].channel/recovery_reg[0]/C
                            (rising edge-triggered cell FDCE clocked by core_clk  {rise@0.000ns fall@2.500ns period=5.000ns})
  Destination:            encoder/channels[0].channel/core/format/FSM_sequential_state_reg[0]/PRE
                            (recovery check against rising-edge clock core_clk  {rise@0.000ns fall@2.500ns period=5.000ns})
  Path Group:             **async_default**
  Path Type:              Recovery (Max at Slow Process Corner)
  Requirement:            5.000ns  (core_clk rise@5.000ns - core_clk rise@0.000ns)
  Data Path Delay:        2.625ns  (logic 0.770ns (29.333%)  route 1.855ns (70.667%))
  Logic Levels:           2  (LUT1=1 LUT3=1)
  Clock Path Skew:        -0.039ns (DCD - SCD + CPR)
    Destination Clock Delay (DCD):    0.748ns = ( 5.748 - 5.000 ) 
    Source Clock Delay      (SCD):    0.787ns
    Clock Pessimism Removal (CPR):    0.000ns
  Clock Uncertainty:      0.035ns  ((TSJ^2 + TIJ^2)^1/2 + DJ) / 2 + PE
    Total System Jitter     (TSJ):    0.071ns
    Total Input Jitter      (TIJ):    0.000ns
    Discrete Jitter          (DJ):    0.000ns
    Phase Error              (PE):    0.000ns

    Location             Delay type                Incr(ns)  Path(ns)    Netlist Resource(s)
  -------------------------------------------------------------------    -------------------
                         (clock core_clk rise edge)
                                                      0.000     0.000 r  
                                                      0.000     0.000 r  clk (IN)
                         net (fo=31494, unset)        0.787     0.787    encoder/channels[0].channel/clk
                         FDCE                                         r  encoder/channels[0].channel/recovery_reg[0]/C
  -------------------------------------------------------------------    -------------------
                         FDCE (Prop_fdce_C_Q)         0.433     1.220 f  encoder/channels[0].channel/recovery_reg[0]/Q
                         net (fo=49, unplaced)        0.681     1.901    encoder/channels[0].channel/core/quant/recovery[0]
                         LUT3 (Prop_lut3_I0_O)        0.232     2.133 r  encoder/channels[0].channel/core/quant/config_error_i_7/O
                         net (fo=10, unplaced)        0.390     2.523    encoder/channels[0].channel/core/huff/core_rst_n
                         LUT1 (Prop_lut1_I0_O)        0.105     2.628 f  encoder/channels[0].channel/core/huff/config_error_i_2/O
                         net (fo=2906, unplaced)      0.784     3.412    encoder/channels[0].channel/core/format/index_reg[1]_rep_0
                         FDPE                                         f  encoder/channels[0].channel/core/format/FSM_sequential_state_reg[0]/PRE
  -------------------------------------------------------------------    -------------------

                         (clock core_clk rise edge)
                                                      5.000     5.000 r  
                                                      0.000     5.000 r  clk (IN)
                         net (fo=31494, unset)        0.748     5.748    encoder/channels[0].channel/core/format/clk
                         FDPE                                         r  encoder/channels[0].channel/core/format/FSM_sequential_state_reg[0]/C
                         clock pessimism              0.000     5.748    
                         clock uncertainty           -0.035     5.712    
                         FDPE (Recov_fdpe_C_PRE)     -0.292     5.420    encoder/channels[0].channel/core/format/FSM_sequential_state_reg[0]
  -------------------------------------------------------------------
                         required time                          5.420    
                         arrival time                          -3.412    
  -------------------------------------------------------------------
                         slack                                  2.008    





Min Delay Paths
--------------------------------------------------------------------------------------
Slack (MET) :             1.158ns  (arrival time - required time)
  Source:                 encoder/channels[0].channel/recovery_reg[1]/C
                            (rising edge-triggered cell FDCE clocked by core_clk  {rise@0.000ns fall@2.500ns period=5.000ns})
  Destination:            chosen_reg[0][20]_i_3/CLR
                            (removal check against rising-edge clock core_clk  {rise@0.000ns fall@2.500ns period=5.000ns})
  Path Group:             **async_default**
  Path Type:              Removal (Min at Fast Process Corner)
  Requirement:            0.000ns  (core_clk rise@0.000ns - core_clk rise@0.000ns)
  Data Path Delay:        1.111ns  (logic 0.307ns (27.624%)  route 0.804ns (72.376%))
  Logic Levels:           2  (LUT1=1 LUT3=1)
  Clock Path Skew:        0.021ns (DCD - SCD - CPR)
    Destination Clock Delay (DCD):    0.411ns
    Source Clock Delay      (SCD):    0.390ns
    Clock Pessimism Removal (CPR):    -0.000ns

    Location             Delay type                Incr(ns)  Path(ns)    Netlist Resource(s)
  -------------------------------------------------------------------    -------------------
                         (clock core_clk rise edge)
                                                      0.000     0.000 r  
                                                      0.000     0.000 r  clk (IN)
                         net (fo=31494, unset)        0.390     0.390    encoder/channels[0].channel/clk
                         FDCE                                         r  encoder/channels[0].channel/recovery_reg[1]/C
  -------------------------------------------------------------------    -------------------
                         FDCE (Prop_fdce_C_Q)         0.164     0.554 r  encoder/channels[0].channel/recovery_reg[1]/Q
                         net (fo=57, unplaced)        0.222     0.776    encoder/channels[0].channel/core/quant/recovery[1]
                         LUT3 (Prop_lut3_I1_O)        0.098     0.874 r  encoder/channels[0].channel/core/quant/config_error_i_7/O
                         net (fo=10, unplaced)        0.193     1.068    encoder/channels[0].channel/core/huff/core_rst_n
                         LUT1 (Prop_lut1_I0_O)        0.045     1.113 f  encoder/channels[0].channel/core/huff/config_error_i_2/O
                         net (fo=2906, unplaced)      0.389     1.502    encoder_n_0
                         FDCE                                         f  chosen_reg[0][20]_i_3/CLR
  -------------------------------------------------------------------    -------------------

                         (clock core_clk rise edge)
                                                      0.000     0.000 r  
                                                      0.000     0.000 r  clk (IN)
                         net (fo=31494, unset)        0.411     0.411    clk
                         FDCE                                         r  chosen_reg[0][20]_i_3/C
                         clock pessimism              0.000     0.411    
                         FDCE (Remov_fdce_C_CLR)     -0.067     0.344    chosen_reg[0][20]_i_3
  -------------------------------------------------------------------
                         required time                         -0.344    
                         arrival time                           1.502    
  -------------------------------------------------------------------
                         slack                                  1.158    





