Copyright 1986-2020 Xilinx, Inc. All Rights Reserved.
------------------------------------------------------------------------------------
| Tool Version : Vivado v.2020.1 (win64) Build 2902540 Wed May 27 19:54:49 MDT 2020
| Date         : Thu Sep 17 21:51:20 2026
| Host         : LAPTOP-JC5LPK9T running 64-bit major release  (build 9200)
| Command      : report_utilization -hierarchical -file utilization_hierarchy.rpt
| Design       : mjpeg_synth_top
| Device       : 7z020clg400-2
| Design State : Synthesized
------------------------------------------------------------------------------------

Utilization Design Information

Table of Contents
-----------------
1. Utilization by Hierarchy

1. Utilization by Hierarchy
---------------------------

+---------------------------------+---------------------------------------+------------+------------+---------+------+-------+--------+--------+------------+
|             Instance            |                 Module                | Total LUTs | Logic LUTs | LUTRAMs | SRLs |  FFs  | RAMB36 | RAMB18 | DSP Blocks |
+---------------------------------+---------------------------------------+------------+------------+---------+------+-------+--------+--------+------------+
| mjpeg_synth_top                 |                                 (top) |      20805 |      20779 |       0 |   26 | 31287 |     48 |      2 |         84 |
|   (mjpeg_synth_top)             |                                 (top) |         17 |         17 |       0 |    0 |   192 |      0 |      0 |          0 |
|   encoder                       |                         mjpeg_encoder |      20624 |      20598 |       0 |   26 | 30783 |     48 |      2 |         84 |
|     (encoder)                   |                         mjpeg_encoder |         14 |         14 |       0 |    0 |    18 |      0 |      0 |          0 |
|     channels[0].channel         |                         mjpeg_channel |       9354 |       9341 |       0 |   13 | 14702 |     24 |      1 |         42 |
|       (channels[0].channel)     |                         mjpeg_channel |         65 |         65 |       0 |    0 |   339 |      0 |      1 |          0 |
|       core                      |                       jpeg_encoder_12 |       9289 |       9276 |       0 |   13 | 14363 |     24 |      0 |         42 |
|         (core)                  |                       jpeg_encoder_12 |        218 |        218 |       0 |    0 |    36 |      0 |      0 |          0 |
|         dct                     |                             dct8x8_13 |       2000 |       1996 |       0 |    4 |  4543 |      0 |      0 |         38 |
|           (dct)                 |                             dct8x8_13 |        724 |        724 |       0 |    0 |  4531 |      0 |      0 |          0 |
|           engine                |                              dct1d_36 |       1276 |       1272 |       0 |    4 |    12 |      0 |      0 |         38 |
|         format                  |                     jpeg_formatter_14 |        372 |        372 |       0 |    0 |   282 |      0 |      0 |          0 |
|         formatter_input_buffer  | jpeg_stream_buffer__parameterized2_15 |        140 |        140 |       0 |    0 |   270 |      0 |      0 |          0 |
|         front                   |                   raster_to_mcu422_16 |        321 |        321 |       0 |    0 |   185 |     16 |      0 |          0 |
|           (front)               |                   raster_to_mcu422_16 |        226 |        226 |       0 |    0 |   185 |      0 |      0 |          0 |
|           banks[0].lanes[0].ram |                     line_group_ram_24 |          1 |          1 |       0 |    0 |     0 |      2 |      0 |          0 |
|           banks[0].lanes[1].ram |                     line_group_ram_25 |          2 |          2 |       0 |    0 |     0 |      2 |      0 |          0 |
|           banks[0].lanes[2].ram |     line_group_ram__parameterized0_26 |          1 |          1 |       0 |    0 |     0 |      1 |      0 |          0 |
|           banks[0].lanes[3].ram |     line_group_ram__parameterized0_27 |          1 |          1 |       0 |    0 |     0 |      1 |      0 |          0 |
|           banks[0].lanes[4].ram |     line_group_ram__parameterized0_28 |          1 |          1 |       0 |    0 |     0 |      1 |      0 |          0 |
|           banks[0].lanes[5].ram |     line_group_ram__parameterized0_29 |          1 |          1 |       0 |    0 |     0 |      1 |      0 |          0 |
|           banks[1].lanes[0].ram |                     line_group_ram_30 |          1 |          1 |       0 |    0 |     0 |      2 |      0 |          0 |
|           banks[1].lanes[1].ram |                     line_group_ram_31 |         36 |         36 |       0 |    0 |     0 |      2 |      0 |          0 |
|           banks[1].lanes[2].ram |     line_group_ram__parameterized0_32 |         10 |         10 |       0 |    0 |     0 |      1 |      0 |          0 |
|           banks[1].lanes[3].ram |     line_group_ram__parameterized0_33 |          9 |          9 |       0 |    0 |     0 |      1 |      0 |          0 |
|           banks[1].lanes[4].ram |     line_group_ram__parameterized0_34 |          9 |          9 |       0 |    0 |     0 |      1 |      0 |          0 |
|           banks[1].lanes[5].ram |     line_group_ram__parameterized0_35 |         23 |         23 |       0 |    0 |     0 |      1 |      0 |          0 |
|         huff                    |                    huffman_encoder_17 |       1252 |       1252 |       0 |    0 |   923 |      8 |      0 |          0 |
|         huff_input_buffer       | jpeg_stream_buffer__parameterized0_18 |        128 |        128 |       0 |    0 |   196 |      0 |      0 |          0 |
|         huff_output_buffer      | jpeg_stream_buffer__parameterized1_19 |        268 |        268 |       0 |    0 |   302 |      0 |      0 |          0 |
|         packer                  |                     entropy_packer_20 |       1314 |       1314 |       0 |    0 |   804 |      0 |      0 |          0 |
|         quant                   |                           quantize_21 |       1715 |       1706 |       0 |    9 |  4209 |      0 |      0 |          4 |
|         scan_order              |                      zigzag_buffer_22 |       1254 |       1254 |       0 |    0 |  2374 |      0 |      0 |          0 |
|         symbols_core            |                     symbol_encoder_23 |        308 |        308 |       0 |    0 |   239 |      0 |      0 |          0 |
|     channels[0].channel_output  |                    jpeg_stream_buffer |        222 |        222 |       0 |    0 |   336 |      0 |      0 |          0 |
|     channels[1].channel         |                       mjpeg_channel_0 |       9528 |       9515 |       0 |   13 | 14702 |     24 |      1 |         42 |
|       (channels[1].channel)     |                       mjpeg_channel_0 |        237 |        237 |       0 |    0 |   339 |      0 |      1 |          0 |
|       core                      |                          jpeg_encoder |       9291 |       9278 |       0 |   13 | 14363 |     24 |      0 |         42 |
|         (core)                  |                          jpeg_encoder |        218 |        218 |       0 |    0 |    36 |      0 |      0 |          0 |
|         dct                     |                                dct8x8 |       2001 |       1997 |       0 |    4 |  4543 |      0 |      0 |         38 |
|           (dct)                 |                                dct8x8 |        725 |        725 |       0 |    0 |  4531 |      0 |      0 |          0 |
|           engine                |                                 dct1d |       1276 |       1272 |       0 |    4 |    12 |      0 |      0 |         38 |
|         format                  |                        jpeg_formatter |        372 |        372 |       0 |    0 |   282 |      0 |      0 |          0 |
|         formatter_input_buffer  |    jpeg_stream_buffer__parameterized2 |        140 |        140 |       0 |    0 |   270 |      0 |      0 |          0 |
|         front                   |                      raster_to_mcu422 |        321 |        321 |       0 |    0 |   185 |     16 |      0 |          0 |
|           (front)               |                      raster_to_mcu422 |        226 |        226 |       0 |    0 |   185 |      0 |      0 |          0 |
|           banks[0].lanes[0].ram |                        line_group_ram |          1 |          1 |       0 |    0 |     0 |      2 |      0 |          0 |
|           banks[0].lanes[1].ram |                      line_group_ram_2 |          2 |          2 |       0 |    0 |     0 |      2 |      0 |          0 |
|           banks[0].lanes[2].ram |        line_group_ram__parameterized0 |          1 |          1 |       0 |    0 |     0 |      1 |      0 |          0 |
|           banks[0].lanes[3].ram |      line_group_ram__parameterized0_3 |          1 |          1 |       0 |    0 |     0 |      1 |      0 |          0 |
|           banks[0].lanes[4].ram |      line_group_ram__parameterized0_4 |          1 |          1 |       0 |    0 |     0 |      1 |      0 |          0 |
|           banks[0].lanes[5].ram |      line_group_ram__parameterized0_5 |          1 |          1 |       0 |    0 |     0 |      1 |      0 |          0 |
|           banks[1].lanes[0].ram |                      line_group_ram_6 |          1 |          1 |       0 |    0 |     0 |      2 |      0 |          0 |
|           banks[1].lanes[1].ram |                      line_group_ram_7 |         36 |         36 |       0 |    0 |     0 |      2 |      0 |          0 |
|           banks[1].lanes[2].ram |      line_group_ram__parameterized0_8 |         10 |         10 |       0 |    0 |     0 |      1 |      0 |          0 |
|           banks[1].lanes[3].ram |      line_group_ram__parameterized0_9 |          9 |          9 |       0 |    0 |     0 |      1 |      0 |          0 |
|           banks[1].lanes[4].ram |     line_group_ram__parameterized0_10 |          9 |          9 |       0 |    0 |     0 |      1 |      0 |          0 |
|           banks[1].lanes[5].ram |     line_group_ram__parameterized0_11 |         23 |         23 |       0 |    0 |     0 |      1 |      0 |          0 |
|         huff                    |                       huffman_encoder |       1252 |       1252 |       0 |    0 |   923 |      8 |      0 |          0 |
|         huff_input_buffer       |    jpeg_stream_buffer__parameterized0 |        128 |        128 |       0 |    0 |   196 |      0 |      0 |          0 |
|         huff_output_buffer      |    jpeg_stream_buffer__parameterized1 |        268 |        268 |       0 |    0 |   302 |      0 |      0 |          0 |
|         packer                  |                        entropy_packer |       1314 |       1314 |       0 |    0 |   804 |      0 |      0 |          0 |
|         quant                   |                              quantize |       1716 |       1707 |       0 |    9 |  4209 |      0 |      0 |          4 |
|         scan_order              |                         zigzag_buffer |       1254 |       1254 |       0 |    0 |  2374 |      0 |      0 |          0 |
|         symbols_core            |                        symbol_encoder |        308 |        308 |       0 |    0 |   239 |      0 |      0 |          0 |
|     channels[1].channel_output  |                  jpeg_stream_buffer_1 |       1071 |       1071 |       0 |    0 |   336 |      0 |      0 |          0 |
|     descriptor_arbiter          |         mjpeg_arbiter__parameterized0 |        261 |        261 |       0 |    0 |   346 |      0 |      0 |          0 |
|       (descriptor_arbiter)      |         mjpeg_arbiter__parameterized0 |          0 |          0 |       0 |    0 |     2 |      0 |      0 |          0 |
|       output_buffer             |    jpeg_stream_buffer__parameterized4 |        261 |        261 |       0 |    0 |   344 |      0 |      0 |          0 |
|     payload_arbiter             |                         mjpeg_arbiter |        174 |        174 |       0 |    0 |   343 |      0 |      0 |          0 |
|       (payload_arbiter)         |                         mjpeg_arbiter |          0 |          0 |       0 |    0 |     3 |      0 |      0 |          0 |
|       output_buffer             |    jpeg_stream_buffer__parameterized3 |        174 |        174 |       0 |    0 |   340 |      0 |      0 |          0 |
|   transport                     |                      mjpeg_packetizer |        164 |        164 |       0 |    0 |   312 |      0 |      0 |          0 |
+---------------------------------+---------------------------------------+------------+------------+---------+------+-------+--------+--------+------------+


