Copyright 1986-2020 Xilinx, Inc. All Rights Reserved.
----------------------------------------------------------------------------------------------------------------------------------------------------
| Tool Version : Vivado v.2020.1 (win64) Build 2902540 Wed May 27 19:54:49 MDT 2020
| Date         : Tue Sep 29 17:08:32 2026
| Host         : LAPTOP-JC5LPK9T running 64-bit major release  (build 9200)
| Command      : report_utilization -hierarchical -file F:/zju/dasanshangkecheng/HDL/mjpeg/reports/camera/full_20260929_170515/utilization_hier.rpt
| Design       : davinci_mjpeg_camera_top
| Device       : 7a35tfgg484-2
| Design State : Synthesized
----------------------------------------------------------------------------------------------------------------------------------------------------

Utilization Design Information

Table of Contents
-----------------
1. Utilization by Hierarchy

1. Utilization by Hierarchy
---------------------------

+-------------------------------------------+---------------------------------------+------------+------------+---------+------+-------+--------+--------+------------+
|                  Instance                 |                 Module                | Total LUTs | Logic LUTs | LUTRAMs | SRLs |  FFs  | RAMB36 | RAMB18 | DSP Blocks |
+-------------------------------------------+---------------------------------------+------------+------------+---------+------+-------+--------+--------+------------+
| davinci_mjpeg_camera_top                  |                                 (top) |      15913 |      15490 |     320 |  103 | 19684 |     30 |     12 |         46 |
|   (davinci_mjpeg_camera_top)              |                                 (top) |         44 |         44 |       0 |    0 |    24 |      0 |      0 |          0 |
|   blocks                                  |            board_test_block_transport |       1026 |       1023 |       0 |    3 |  1235 |      0 |      1 |          0 |
|   display                                 |                   davinci_fps_display |        102 |        102 |       0 |    0 |   122 |      0 |      0 |          0 |
|   engine                                  |               mjpeg_board_test_engine |       9526 |       9241 |     272 |   13 | 12218 |     19 |      2 |         42 |
|     (engine)                              |               mjpeg_board_test_engine |        387 |        387 |       0 |    0 |  1448 |      0 |      1 |          0 |
|     codec                                 |                       mjpeg_synth_top |       9024 |       8739 |     272 |   13 | 10449 |     19 |      1 |         42 |
|       (codec)                             |                       mjpeg_synth_top |          4 |          4 |       0 |    0 |   102 |      0 |      0 |          0 |
|       aggregate.collector                 |               mjpeg_payload_coalescer |        972 |        972 |       0 |    0 |   299 |      0 |      0 |          0 |
|       encoder                             |                         mjpeg_encoder |       7740 |       7455 |     272 |   13 |  9736 |     19 |      1 |         42 |
|         (encoder)                         |                         mjpeg_encoder |          7 |          7 |       0 |    0 |     9 |      0 |      0 |          0 |
|         channels[0].channel               |                         mjpeg_channel |       6658 |       6373 |     272 |   13 |  8655 |     19 |      1 |         42 |
|           (channels[0].channel)           |                         mjpeg_channel |         78 |         78 |       0 |    0 |   329 |      0 |      1 |          0 |
|           core                            |                          jpeg_encoder |       6580 |       6295 |     272 |   13 |  8326 |     19 |      0 |         42 |
|             (core)                        |                          jpeg_encoder |        165 |        165 |       0 |    0 |    25 |      0 |      0 |          0 |
|             dct                           |                                dct8x8 |       2004 |       2000 |       0 |    4 |  4524 |      0 |      0 |         38 |
|               (dct)                       |                                dct8x8 |        728 |        728 |       0 |    0 |  4512 |      0 |      0 |          0 |
|               engine                      |                                 dct1d |       1276 |       1272 |       0 |    4 |    12 |      0 |      0 |         38 |
|             format                        |                        jpeg_formatter |        372 |        372 |       0 |    0 |   287 |      0 |      0 |          0 |
|             formatter_input_buffer        |    jpeg_stream_buffer__parameterized2 |        187 |        187 |       0 |    0 |   254 |      0 |      0 |          0 |
|             front                         |                      raster_to_mcu422 |        358 |        358 |       0 |    0 |   167 |     16 |      0 |          0 |
|               (front)                     |                      raster_to_mcu422 |        236 |        236 |       0 |    0 |   167 |      0 |      0 |          0 |
|               banks[0].lanes[0].ram       |                        line_group_ram |          9 |          9 |       0 |    0 |     0 |      2 |      0 |          0 |
|               banks[0].lanes[1].ram       |                      line_group_ram_3 |         10 |         10 |       0 |    0 |     0 |      2 |      0 |          0 |
|               banks[0].lanes[2].ram       |        line_group_ram__parameterized0 |          1 |          1 |       0 |    0 |     0 |      1 |      0 |          0 |
|               banks[0].lanes[3].ram       |      line_group_ram__parameterized0_4 |          1 |          1 |       0 |    0 |     0 |      1 |      0 |          0 |
|               banks[0].lanes[4].ram       |      line_group_ram__parameterized0_5 |         11 |         11 |       0 |    0 |     0 |      1 |      0 |          0 |
|               banks[0].lanes[5].ram       |      line_group_ram__parameterized0_6 |          1 |          1 |       0 |    0 |     0 |      1 |      0 |          0 |
|               banks[1].lanes[0].ram       |                      line_group_ram_7 |         25 |         25 |       0 |    0 |     0 |      2 |      0 |          0 |
|               banks[1].lanes[1].ram       |                      line_group_ram_8 |         43 |         43 |       0 |    0 |     0 |      2 |      0 |          0 |
|               banks[1].lanes[2].ram       |      line_group_ram__parameterized0_9 |          1 |          1 |       0 |    0 |     0 |      1 |      0 |          0 |
|               banks[1].lanes[3].ram       |     line_group_ram__parameterized0_10 |          1 |          1 |       0 |    0 |     0 |      1 |      0 |          0 |
|               banks[1].lanes[4].ram       |     line_group_ram__parameterized0_11 |          1 |          1 |       0 |    0 |     0 |      1 |      0 |          0 |
|               banks[1].lanes[5].ram       |     line_group_ram__parameterized0_12 |         18 |         18 |       0 |    0 |     0 |      1 |      0 |          0 |
|             huff                          |                       huffman_encoder |       1015 |       1015 |       0 |    0 |   847 |      3 |      0 |          0 |
|             huff_input_buffer             |    jpeg_stream_buffer__parameterized0 |        122 |        122 |       0 |    0 |   196 |      0 |      0 |          0 |
|             huff_output_buffer            |    jpeg_stream_buffer__parameterized1 |        316 |        316 |       0 |    0 |   308 |      0 |      0 |          0 |
|             packer                        |                        entropy_packer |        952 |        952 |       0 |    0 |   795 |      0 |      0 |          0 |
|             quant                         |                              quantize |        585 |        392 |     184 |    9 |   582 |      0 |      0 |          4 |
|             scan_order                    |                         zigzag_buffer |        195 |        107 |      88 |    0 |   102 |      0 |      0 |          0 |
|             symbols_core                  |                        symbol_encoder |        310 |        310 |       0 |    0 |   239 |      0 |      0 |          0 |
|         channels[0].channel_output        |                    jpeg_stream_buffer |        259 |        259 |       0 |    0 |   337 |      0 |      0 |          0 |
|         descriptor_arbiter                |         mjpeg_arbiter__parameterized0 |        233 |        233 |       0 |    0 |   362 |      0 |      0 |          0 |
|           (descriptor_arbiter)            |         mjpeg_arbiter__parameterized0 |        159 |        159 |       0 |    0 |    18 |      0 |      0 |          0 |
|           output_buffer                   |    jpeg_stream_buffer__parameterized4 |         74 |         74 |       0 |    0 |   344 |      0 |      0 |          0 |
|         payload_arbiter                   |                         mjpeg_arbiter |        583 |        583 |       0 |    0 |   373 |      0 |      0 |          0 |
|           (payload_arbiter)               |                         mjpeg_arbiter |          0 |          0 |       0 |    0 |    28 |      0 |      0 |          0 |
|           output_buffer                   |    jpeg_stream_buffer__parameterized3 |        583 |        583 |       0 |    0 |   345 |      0 |      0 |          0 |
|       transport                           |                      mjpeg_packetizer |        308 |        308 |       0 |    0 |   312 |      0 |      0 |          0 |
|     meter                                 |                      frame_rate_meter |        115 |        115 |       0 |    0 |   321 |      0 |      0 |          0 |
|   multiplied_clock.clock_generator        |                 board_test_core_clock |          2 |          2 |       0 |    0 |     0 |      0 |      0 |          0 |
|   real_camera.capture                     |                    ov5640_dvp_capture |        460 |        460 |       0 |    0 |  1063 |      1 |      1 |          0 |
|     (real_camera.capture)                 |                    ov5640_dvp_capture |        367 |        367 |       0 |    0 |   945 |      0 |      0 |          0 |
|     pixel_fifo                            |                     camera_pixel_fifo |         93 |         93 |       0 |    0 |   118 |      1 |      1 |          0 |
|   real_camera.controls                    |                 camera_board_controls |        158 |        158 |       0 |    0 |   200 |      0 |      0 |          0 |
|   real_camera.initialization              |                           ov5640_init |        579 |        579 |       0 |    0 |   232 |      0 |      0 |          1 |
|     (real_camera.initialization)          |                           ov5640_init |        258 |        258 |       0 |    0 |   141 |      0 |      0 |          1 |
|     u_sccb                                |                    ov5640_sccb_master |        321 |        321 |       0 |    0 |    91 |      0 |      0 |          0 |
|   real_camera.phase_clock.sampling_clock  |                   ov5640_sample_clock |          1 |          1 |       0 |    0 |     0 |      0 |      0 |          0 |
|   real_camera.preprocessing.processor     |                     yuv422_preprocess |        385 |        348 |       0 |   37 |   559 |      2 |      0 |          0 |
|     (real_camera.preprocessing.processor) |                     yuv422_preprocess |        137 |        100 |       0 |   37 |   258 |      0 |      0 |          0 |
|     window                                |    spatial_window_3x3__parameterized0 |        248 |        248 |       0 |    0 |   301 |      2 |      0 |          0 |
|   real_camera.raw_processing.demosaic     |                  bayer_bggr_to_yuv422 |       3189 |       3139 |       0 |   50 |  2768 |      6 |      8 |          3 |
|     (real_camera.raw_processing.demosaic) |                  bayer_bggr_to_yuv422 |        570 |        570 |       0 |    0 |   282 |      0 |      2 |          0 |
|     denoising.filter                      |                   spatial_denoise_yuv |       2619 |       2569 |       0 |   50 |  2486 |      6 |      6 |          3 |
|       chroma_first                        |                spatial_chroma_yuv_3x3 |        621 |        613 |       0 |    8 |   781 |      2 |      2 |          0 |
|         (chroma_first)                    |                spatial_chroma_yuv_3x3 |        120 |        112 |       0 |    8 |   261 |      0 |      0 |          0 |
|         windows                           |                  spatial_window_3x3_2 |        501 |        501 |       0 |    0 |   520 |      2 |      2 |          0 |
|       chroma_second                       |              spatial_chroma_yuv_3x3_0 |        627 |        619 |       0 |    8 |   753 |      2 |      2 |          0 |
|         (chroma_second)                   |              spatial_chroma_yuv_3x3_0 |        124 |        116 |       0 |    8 |   232 |      0 |      0 |          0 |
|         windows                           |                  spatial_window_3x3_1 |        503 |        503 |       0 |    0 |   521 |      2 |      2 |          0 |
|       median_filter                       |                spatial_median_yuv_3x3 |       1371 |       1337 |       0 |   34 |   952 |      2 |      2 |          3 |
|         (median_filter)                   |                spatial_median_yuv_3x3 |        369 |        335 |       0 |   34 |   432 |      0 |      0 |          3 |
|         windows                           |                    spatial_window_3x3 |       1002 |       1002 |       0 |    0 |   520 |      2 |      2 |          0 |
|   synchronous.clock_guard                 |            board_test_usb_clock_guard |         30 |         30 |       0 |    0 |    34 |      0 |      0 |          0 |
|   synchronous.link                        |                 board_test_ft245_sync |        237 |        237 |       0 |    0 |   448 |      0 |      0 |          0 |
|   synchronous.rx_fifo                     | board_test_async_fifo__parameterized0 |        137 |         89 |      48 |    0 |    80 |      0 |      0 |          0 |
|   synchronous.stats_mailbox               |               board_test_cdc_snapshot |          4 |          4 |       0 |    0 |   587 |      0 |      0 |          0 |
|   synchronous.tx_fifo                     |                 board_test_async_fifo |         38 |         38 |       0 |    0 |   114 |      2 |      0 |          0 |
+-------------------------------------------+---------------------------------------+------------+------------+---------+------+-------+--------+--------+------------+


