Copyright 1986-2020 Xilinx, Inc. All Rights Reserved.
-----------------------------------------------------------------------------------------------------------------------------------------------------------
| Tool Version : Vivado v.2020.1 (win64) Build 2902540 Wed May 27 19:54:49 MDT 2020
| Date         : Tue Sep 29 17:11:40 2026
| Host         : LAPTOP-JC5LPK9T running 64-bit major release  (build 9200)
| Command      : report_utilization -hierarchical -file F:/zju/dasanshangkecheng/HDL/mjpeg/reports/camera/full_20260929_170515/utilization_hier_routed.rpt
| Design       : davinci_mjpeg_camera_top
| Device       : 7a35tfgg484-2
| Design State : Physopt postRoute
-----------------------------------------------------------------------------------------------------------------------------------------------------------

Utilization Design Information

Table of Contents
-----------------
1. Utilization by Hierarchy

1. Utilization by Hierarchy
---------------------------

+-------------------------------------------+---------------------------------------+------------+------------+---------+------+-------+--------+--------+------------+
|                  Instance                 |                 Module                | Total LUTs | Logic LUTs | LUTRAMs | SRLs |  FFs  | RAMB36 | RAMB18 | DSP Blocks |
+-------------------------------------------+---------------------------------------+------------+------------+---------+------+-------+--------+--------+------------+
| davinci_mjpeg_camera_top                  |                                 (top) |      15584 |      15181 |     320 |   83 | 19533 |     30 |     12 |         46 |
|   (davinci_mjpeg_camera_top)              |                                 (top) |         54 |         54 |       0 |    0 |    24 |      0 |      0 |          0 |
|   blocks                                  |            board_test_block_transport |       1009 |       1006 |       0 |    3 |  1235 |      0 |      1 |          0 |
|   display                                 |                   davinci_fps_display |        102 |        102 |       0 |    0 |   122 |      0 |      0 |          0 |
|   engine                                  |               mjpeg_board_test_engine |       9318 |       9033 |     272 |   13 | 12195 |     19 |      2 |         42 |
|     (engine)                              |               mjpeg_board_test_engine |        386 |        386 |       0 |    0 |  1448 |      0 |      1 |          0 |
|     codec                                 |                       mjpeg_synth_top |       8820 |       8535 |     272 |   13 | 10426 |     19 |      1 |         42 |
|       (codec)                             |                       mjpeg_synth_top |          4 |          4 |       0 |    0 |   104 |      0 |      0 |          0 |
|       aggregate.collector                 |               mjpeg_payload_coalescer |        960 |        960 |       0 |    0 |   299 |      0 |      0 |          0 |
|       encoder                             |                         mjpeg_encoder |       7570 |       7285 |     272 |   13 |  9711 |     19 |      1 |         42 |
|         (encoder)                         |                         mjpeg_encoder |          7 |          7 |       0 |    0 |     9 |      0 |      0 |          0 |
|         channels[0].channel               |                         mjpeg_channel |       6483 |       6198 |     272 |   13 |  8662 |     19 |      1 |         42 |
|           (channels[0].channel)           |                         mjpeg_channel |         79 |         79 |       0 |    0 |   333 |      0 |      1 |          0 |
|           core                            |                          jpeg_encoder |       6407 |       6122 |     272 |   13 |  8329 |     19 |      0 |         42 |
|             (core)                        |                          jpeg_encoder |        149 |        149 |       0 |    0 |    26 |      0 |      0 |          0 |
|             dct                           |                                dct8x8 |       1946 |       1942 |       0 |    4 |  4524 |      0 |      0 |         38 |
|               (dct)                       |                                dct8x8 |        691 |        691 |       0 |    0 |  4512 |      0 |      0 |          0 |
|               engine                      |                                 dct1d |       1256 |       1252 |       0 |    4 |    12 |      0 |      0 |         38 |
|             format                        |                        jpeg_formatter |        366 |        366 |       0 |    0 |   287 |      0 |      0 |          0 |
|             formatter_input_buffer        |    jpeg_stream_buffer__parameterized2 |        187 |        187 |       0 |    0 |   254 |      0 |      0 |          0 |
|             front                         |                      raster_to_mcu422 |        351 |        351 |       0 |    0 |   167 |     16 |      0 |          0 |
|               (front)                     |                      raster_to_mcu422 |        234 |        234 |       0 |    0 |   167 |      0 |      0 |          0 |
|               banks[0].lanes[0].ram       |                        line_group_ram |          9 |          9 |       0 |    0 |     0 |      2 |      0 |          0 |
|               banks[0].lanes[1].ram       |                      line_group_ram_3 |         10 |         10 |       0 |    0 |     0 |      2 |      0 |          0 |
|               banks[0].lanes[2].ram       |        line_group_ram__parameterized0 |          1 |          1 |       0 |    0 |     0 |      1 |      0 |          0 |
|               banks[0].lanes[3].ram       |      line_group_ram__parameterized0_4 |          1 |          1 |       0 |    0 |     0 |      1 |      0 |          0 |
|               banks[0].lanes[4].ram       |      line_group_ram__parameterized0_5 |         12 |         12 |       0 |    0 |     0 |      1 |      0 |          0 |
|               banks[0].lanes[5].ram       |      line_group_ram__parameterized0_6 |          1 |          1 |       0 |    0 |     0 |      1 |      0 |          0 |
|               banks[1].lanes[0].ram       |                      line_group_ram_7 |         25 |         25 |       0 |    0 |     0 |      2 |      0 |          0 |
|               banks[1].lanes[1].ram       |                      line_group_ram_8 |         41 |         41 |       0 |    0 |     0 |      2 |      0 |          0 |
|               banks[1].lanes[2].ram       |      line_group_ram__parameterized0_9 |          1 |          1 |       0 |    0 |     0 |      1 |      0 |          0 |
|               banks[1].lanes[3].ram       |     line_group_ram__parameterized0_10 |          1 |          1 |       0 |    0 |     0 |      1 |      0 |          0 |
|               banks[1].lanes[4].ram       |     line_group_ram__parameterized0_11 |          1 |          1 |       0 |    0 |     0 |      1 |      0 |          0 |
|               banks[1].lanes[5].ram       |     line_group_ram__parameterized0_12 |         18 |         18 |       0 |    0 |     0 |      1 |      0 |          0 |
|             huff                          |                       huffman_encoder |        993 |        993 |       0 |    0 |   849 |      3 |      0 |          0 |
|             huff_input_buffer             |    jpeg_stream_buffer__parameterized0 |        101 |        101 |       0 |    0 |   196 |      0 |      0 |          0 |
|             huff_output_buffer            |    jpeg_stream_buffer__parameterized1 |        315 |        315 |       0 |    0 |   308 |      0 |      0 |          0 |
|             packer                        |                        entropy_packer |        949 |        949 |       0 |    0 |   795 |      0 |      0 |          0 |
|             quant                         |                              quantize |        561 |        368 |     184 |    9 |   582 |      0 |      0 |          4 |
|             scan_order                    |                         zigzag_buffer |        190 |        102 |      88 |    0 |   102 |      0 |      0 |          0 |
|             symbols_core                  |                        symbol_encoder |        306 |        306 |       0 |    0 |   239 |      0 |      0 |          0 |
|         channels[0].channel_output        |                    jpeg_stream_buffer |        247 |        247 |       0 |    0 |   321 |      0 |      0 |          0 |
|         descriptor_arbiter                |         mjpeg_arbiter__parameterized0 |        231 |        231 |       0 |    0 |   362 |      0 |      0 |          0 |
|           (descriptor_arbiter)            |         mjpeg_arbiter__parameterized0 |        159 |        159 |       0 |    0 |    18 |      0 |      0 |          0 |
|           output_buffer                   |    jpeg_stream_buffer__parameterized4 |         73 |         73 |       0 |    0 |   344 |      0 |      0 |          0 |
|         payload_arbiter                   |                         mjpeg_arbiter |        602 |        602 |       0 |    0 |   357 |      0 |      0 |          0 |
|           (payload_arbiter)               |                         mjpeg_arbiter |          0 |          0 |       0 |    0 |    28 |      0 |      0 |          0 |
|           output_buffer                   |    jpeg_stream_buffer__parameterized3 |        602 |        602 |       0 |    0 |   329 |      0 |      0 |          0 |
|       transport                           |                      mjpeg_packetizer |        286 |        286 |       0 |    0 |   312 |      0 |      0 |          0 |
|     meter                                 |                      frame_rate_meter |        115 |        115 |       0 |    0 |   321 |      0 |      0 |          0 |
|   multiplied_clock.clock_generator        |                 board_test_core_clock |          1 |          1 |       0 |    0 |     0 |      0 |      0 |          0 |
|   real_camera.capture                     |                    ov5640_dvp_capture |        438 |        438 |       0 |    0 |   935 |      1 |      1 |          0 |
|     (real_camera.capture)                 |                    ov5640_dvp_capture |        347 |        347 |       0 |    0 |   817 |      0 |      0 |          0 |
|     pixel_fifo                            |                     camera_pixel_fifo |         92 |         92 |       0 |    0 |   118 |      1 |      1 |          0 |
|   real_camera.controls                    |                 camera_board_controls |        156 |        156 |       0 |    0 |   200 |      0 |      0 |          0 |
|   real_camera.initialization              |                           ov5640_init |        573 |        573 |       0 |    0 |   232 |      0 |      0 |          1 |
|     (real_camera.initialization)          |                           ov5640_init |        257 |        257 |       0 |    0 |   141 |      0 |      0 |          1 |
|     u_sccb                                |                    ov5640_sccb_master |        318 |        318 |       0 |    0 |    91 |      0 |      0 |          0 |
|   real_camera.phase_clock.sampling_clock  |                   ov5640_sample_clock |          1 |          1 |       0 |    0 |     0 |      0 |      0 |          0 |
|   real_camera.preprocessing.processor     |                     yuv422_preprocess |        374 |        337 |       0 |   37 |   559 |      2 |      0 |          0 |
|     (real_camera.preprocessing.processor) |                     yuv422_preprocess |        135 |         98 |       0 |   37 |   258 |      0 |      0 |          0 |
|     window                                |    spatial_window_3x3__parameterized0 |        239 |        239 |       0 |    0 |   301 |      2 |      0 |          0 |
|   real_camera.raw_processing.demosaic     |                  bayer_bggr_to_yuv422 |       3131 |       3101 |       0 |   30 |  2768 |      6 |      8 |          3 |
|     (real_camera.raw_processing.demosaic) |                  bayer_bggr_to_yuv422 |        563 |        563 |       0 |    0 |   282 |      0 |      2 |          0 |
|     denoising.filter                      |                   spatial_denoise_yuv |       2568 |       2538 |       0 |   30 |  2486 |      6 |      6 |          3 |
|       chroma_first                        |                spatial_chroma_yuv_3x3 |        609 |        605 |       0 |    4 |   781 |      2 |      2 |          0 |
|         (chroma_first)                    |                spatial_chroma_yuv_3x3 |        114 |        110 |       0 |    4 |   261 |      0 |      0 |          0 |
|         windows                           |                  spatial_window_3x3_2 |        495 |        495 |       0 |    0 |   520 |      2 |      2 |          0 |
|       chroma_second                       |              spatial_chroma_yuv_3x3_0 |        616 |        612 |       0 |    4 |   753 |      2 |      2 |          0 |
|         (chroma_second)                   |              spatial_chroma_yuv_3x3_0 |        118 |        114 |       0 |    4 |   232 |      0 |      0 |          0 |
|         windows                           |                  spatial_window_3x3_1 |        498 |        498 |       0 |    0 |   521 |      2 |      2 |          0 |
|       median_filter                       |                spatial_median_yuv_3x3 |       1344 |       1322 |       0 |   22 |   952 |      2 |      2 |          3 |
|         (median_filter)                   |                spatial_median_yuv_3x3 |        354 |        332 |       0 |   22 |   432 |      0 |      0 |          3 |
|         windows                           |                    spatial_window_3x3 |        990 |        990 |       0 |    0 |   520 |      2 |      2 |          0 |
|   synchronous.clock_guard                 |            board_test_usb_clock_guard |         30 |         30 |       0 |    0 |    34 |      0 |      0 |          0 |
|   synchronous.link                        |                 board_test_ft245_sync |        232 |        232 |       0 |    0 |   448 |      0 |      0 |          0 |
|   synchronous.rx_fifo                     | board_test_async_fifo__parameterized0 |        132 |         84 |      48 |    0 |    80 |      0 |      0 |          0 |
|   synchronous.stats_mailbox               |               board_test_cdc_snapshot |          4 |          4 |       0 |    0 |   587 |      0 |      0 |          0 |
|   synchronous.tx_fifo                     |                 board_test_async_fifo |         39 |         39 |       0 |    0 |   114 |      2 |      0 |          0 |
+-------------------------------------------+---------------------------------------+------------+------------+---------+------+-------+--------+--------+------------+
* Note: The sum of lower-level cells may be larger than their parent cells total, due to cross-hierarchy LUT combining


