Copyright 1986-2020 Xilinx, Inc. All Rights Reserved.
-------------------------------------------------------------------------------------------------------------------------
| Tool Version : Vivado v.2020.1 (win64) Build 2902540 Wed May 27 19:54:49 MDT 2020
| Date         : Tue Sep 29 15:45:47 2026
| Host         : LAPTOP-JC5LPK9T running 64-bit major release  (build 9200)
| Command      : report_bus_skew -file F:/zju/dasanshangkecheng/HDL/mjpeg/reports/ddr3/full_20260929_153849/bus_skew.rpt
| Design       : davinci_mjpeg_ddr3_top
| Device       : 7a35t-fgg484
| Speed File   : -2  PRODUCTION 1.23 2018-06-13
-------------------------------------------------------------------------------------------------------------------------

Bus Skew Report

Table of Contents
-----------------
1. Bus Skew Report Summary
2. Bus Skew Report Per Constraint

1. Bus Skew Report Summary
--------------------------

Id  Position  From                            To                              Corner  Requirement(ns)  Actual(ns)  Slack(ns)
--  --------  ------------------------------  ------------------------------  ------  ---------------  ----------  ---------
1   27        [get_cells -hier -filter {IS_SEQUENTIAL == 1 && (NAME =~ *tx_fifo/wgray_reg* || NAME =~ *tx_fifo/wbin_reg*)}]
                                              [get_cells -hier -filter {IS_SEQUENTIAL == 1 && NAME =~ *tx_fifo/wgray_r1_reg*}]
                                                                              Slow             10.000       0.958      9.042
2   29        [get_cells -hier -filter {IS_SEQUENTIAL == 1 && (NAME =~ *tx_fifo/rgray_reg* || NAME =~ *tx_fifo/rbin_reg*)}]
                                              [get_cells -hier -filter {IS_SEQUENTIAL == 1 && NAME =~ *tx_fifo/rgray_w1_reg*}]
                                                                              Slow             16.667       0.873     15.794
3   31        [get_cells -hier -filter {IS_SEQUENTIAL == 1 && (NAME =~ *rx_fifo/wgray_reg* || NAME =~ *rx_fifo/wbin_reg*)}]
                                              [get_cells -hier -filter {IS_SEQUENTIAL == 1 && NAME =~ *rx_fifo/wgray_r1_reg*}]
                                                                              Slow             16.667       0.792     15.875
4   33        [get_cells -hier -filter {IS_SEQUENTIAL == 1 && (NAME =~ *rx_fifo/rgray_reg* || NAME =~ *rx_fifo/rbin_reg*)}]
                                              [get_cells -hier -filter {IS_SEQUENTIAL == 1 && NAME =~ *rx_fifo/rgray_w1_reg*}]
                                                                              Slow             10.000       1.245      8.755
5   40        [get_cells -hier -filter {IS_SEQUENTIAL == 1 && (NAME =~ *pixel_fifo/wgray_reg* || NAME =~ *pixel_fifo/wbin_reg*)}]
                                              [get_cells -hier -filter {IS_SEQUENTIAL == 1 && NAME =~ *pixel_fifo/wgray_r1_reg*}]
                                                                              Slow             13.250       1.193     12.057
6   42        [get_cells -hier -filter {IS_SEQUENTIAL == 1 && (NAME =~ *pixel_fifo/rgray_reg* || NAME =~ *pixel_fifo/rbin_reg*)}]
                                              [get_cells -hier -filter {IS_SEQUENTIAL == 1 && NAME =~ *pixel_fifo/rgray_w1_reg*}]
                                                                              Slow             10.000       1.034      8.966
7   44        [get_cells -hier -filter {IS_SEQUENTIAL == 1 && (NAME =~ *capture/*_gray_reg* || NAME =~ *capture/*_bin_reg*)}]
                                              [get_cells -hier -filter {IS_SEQUENTIAL == 1 && NAME =~ *capture/*_c1_reg*}]
                                                                              Slow             13.250       1.376     11.874


2. Bus Skew Report Per Constraint
---------------------------------

Id: 1
set_bus_skew -from [get_cells -hier -filter {IS_SEQUENTIAL == 1 && (NAME =~ *tx_fifo/wgray_reg* || NAME =~ *tx_fifo/wbin_reg*)}] -to [get_cells -hier -filter {IS_SEQUENTIAL == 1 && NAME =~ *tx_fifo/wgray_r1_reg*}] 10.000
Requirement: 10.000ns
Endpoints: 14

From Clock            To Clock              Endpoint Pin                    Reference Pin                   Corner  Actual(ns)  Slack(ns)
--------------------  --------------------  ------------------------------  ------------------------------  ------  ----------  ---------
core_raw              usb_clk               synchronous.tx_fifo/wgray_r1_reg[1]/D
                                                                            synchronous.tx_fifo/wgray_r1_reg[6]/D
                                                                                                            Slow         0.958      9.042


Slack (MET) :             9.042ns  (requirement - actual skew)
  Endpoint Source:        synchronous.tx_fifo/wgray_reg[1]/C
                            (rising edge-triggered cell FDCE clocked by core_raw)
  Endpoint Destination:   synchronous.tx_fifo/wgray_r1_reg[1]/D
                            (rising edge-triggered cell FDCE clocked by usb_clk)
  Reference Source:       synchronous.tx_fifo/wgray_reg[6]/C
                            (rising edge-triggered cell FDCE clocked by core_raw)
  Reference Destination:  synchronous.tx_fifo/wgray_r1_reg[6]/D
                            (rising edge-triggered cell FDCE clocked by usb_clk)
  Path Type:              Bus Skew (Max at Slow Process Corner)
  Requirement:            10.000ns
  Endpoint Relative Delay:   -3.644ns
  Reference Relative Delay:  -5.114ns
  Relative CRPR:              0.642ns
  Uncertainty:                0.131ns
  Actual Bus Skew:            0.958ns  (Endpoint Relative Delay - Reference Relative Delay - Relative CRPR + Uncertainty)

Endpoint path:
    Location             Delay type                Incr(ns)  Path(ns)    Netlist Resource(s)
  -------------------------------------------------------------------    -------------------
                         (clock core_raw rise edge)
                                                      0.000     0.000 r  
    R4                                                0.000     0.000 r  sys_clk (IN)
                         net (fo=0)                   0.000     0.000    sys_clk
    R4                   IBUF (Prop_ibuf_I_O)         1.432     1.432 r  sys_clk_IBUF_inst/O
                         net (fo=1, routed)           1.065     2.497    multiplied_clock.clock_generator/sys_clk_IBUF
    MMCME2_ADV_X1Y0      MMCME2_ADV (Prop_mmcme2_adv_CLKIN1_CLKOUT0)
                                                     -5.921    -3.424 r  multiplied_clock.clock_generator/mmcm/CLKOUT0
                         net (fo=1, routed)           1.421    -2.004    multiplied_clock.clock_generator/core_raw
    BUFGCTRL_X0Y2        BUFG (Prop_bufg_I_O)         0.081    -1.923 r  multiplied_clock.clock_generator/core_buffer/O
                         net (fo=18451, routed)       1.424    -0.499    synchronous.tx_fifo/core_clk
    SLICE_X58Y21         FDCE                                         r  synchronous.tx_fifo/wgray_reg[1]/C
  -------------------------------------------------------------------    -------------------
    SLICE_X58Y21         FDCE (Prop_fdce_C_Q)         0.379    -0.120 r  synchronous.tx_fifo/wgray_reg[1]/Q
                         net (fo=1, routed)           0.773     0.653    synchronous.tx_fifo/wgray[1]
    SLICE_X58Y18         FDCE                                         r  synchronous.tx_fifo/wgray_r1_reg[1]/D
  -------------------------------------------------------------------    -------------------

                         (clock usb_clk rise edge)    0.000     0.000 r  
    Y4                                                0.000     0.000 r  usb_clk_60m (IN)
                         net (fo=0)                   0.000     0.000    usb_clk_60m
    Y4                   IBUF (Prop_ibuf_I_O)         1.372     1.372 r  usb_clk_60m_IBUF_inst/O
                         net (fo=1, routed)           1.599     2.972    usb_clk_60m_IBUF
    BUFGCTRL_X0Y0        BUFG (Prop_bufg_I_O)         0.077     3.049 r  synchronous.usb_clock_buffer/O
                         net (fo=1013, routed)        1.322     4.370    synchronous.tx_fifo/synchronous.usb_clk
    SLICE_X58Y18         FDCE                                         r  synchronous.tx_fifo/wgray_r1_reg[1]/C
                         clock pessimism              0.000     4.370    
    SLICE_X58Y18         FDCE (Setup_fdce_C_D)       -0.073     4.297    synchronous.tx_fifo/wgray_r1_reg[1]
  -------------------------------------------------------------------
                         data arrival                           0.653    
                         clock arrival                          4.297    
  -------------------------------------------------------------------
                         relative delay                        -3.644    

Reference path:
    Location             Delay type                Incr(ns)  Path(ns)    Netlist Resource(s)
  -------------------------------------------------------------------    -------------------
                         (clock core_raw rise edge)
                                                      0.000     0.000 r  
    R4                                                0.000     0.000 r  sys_clk (IN)
                         net (fo=0)                   0.000     0.000    sys_clk
    R4                   IBUF (Prop_ibuf_I_O)         1.366     1.366 r  sys_clk_IBUF_inst/O
                         net (fo=1, routed)           1.004     2.369    multiplied_clock.clock_generator/sys_clk_IBUF
    MMCME2_ADV_X1Y0      MMCME2_ADV (Prop_mmcme2_adv_CLKIN1_CLKOUT0)
                                                     -6.057    -3.688 r  multiplied_clock.clock_generator/mmcm/CLKOUT0
                         net (fo=1, routed)           1.352    -2.335    multiplied_clock.clock_generator/core_raw
    BUFGCTRL_X0Y2        BUFG (Prop_bufg_I_O)         0.077    -2.258 r  multiplied_clock.clock_generator/core_buffer/O
                         net (fo=18451, routed)       1.250    -1.009    synchronous.tx_fifo/core_clk
    SLICE_X57Y23         FDCE                                         r  synchronous.tx_fifo/wgray_reg[6]/C
  -------------------------------------------------------------------    -------------------
    SLICE_X57Y23         FDCE (Prop_fdce_C_Q)         0.279    -0.730 r  synchronous.tx_fifo/wgray_reg[6]/Q
                         net (fo=1, routed)           0.273    -0.457    synchronous.tx_fifo/wgray[6]
    SLICE_X59Y23         FDCE                                         r  synchronous.tx_fifo/wgray_r1_reg[6]/D
  -------------------------------------------------------------------    -------------------

                         (clock usb_clk rise edge)    0.000     0.000 r  
    Y4                                                0.000     0.000 r  usb_clk_60m (IN)
                         net (fo=0)                   0.000     0.000    usb_clk_60m
    Y4                   IBUF (Prop_ibuf_I_O)         1.439     1.439 r  usb_clk_60m_IBUF_inst/O
                         net (fo=1, routed)           1.689     3.127    usb_clk_60m_IBUF
    BUFGCTRL_X0Y0        BUFG (Prop_bufg_I_O)         0.081     3.208 r  synchronous.usb_clock_buffer/O
                         net (fo=1013, routed)        1.421     4.629    synchronous.tx_fifo/synchronous.usb_clk
    SLICE_X59Y23         FDCE                                         r  synchronous.tx_fifo/wgray_r1_reg[6]/C
                         clock pessimism              0.000     4.629    
    SLICE_X59Y23         FDCE (Hold_fdce_C_D)         0.028     4.657    synchronous.tx_fifo/wgray_r1_reg[6]
  -------------------------------------------------------------------
                         data arrival                          -0.457    
                         clock arrival                          4.657    
  -------------------------------------------------------------------
                         relative delay                        -5.114    



Id: 2
set_bus_skew -from [get_cells -hier -filter {IS_SEQUENTIAL == 1 && (NAME =~ *tx_fifo/rgray_reg* || NAME =~ *tx_fifo/rbin_reg*)}] -to [get_cells -hier -filter {IS_SEQUENTIAL == 1 && NAME =~ *tx_fifo/rgray_w1_reg*}] 16.667
Requirement: 16.667ns
Endpoints: 14

From Clock            To Clock              Endpoint Pin                    Reference Pin                   Corner  Actual(ns)  Slack(ns)
--------------------  --------------------  ------------------------------  ------------------------------  ------  ----------  ---------
usb_clk               core_raw              synchronous.tx_fifo/rgray_w1_reg[8]/D
                                                                            synchronous.tx_fifo/rgray_w1_reg[3]/D
                                                                                                            Slow         0.873     15.794


Slack (MET) :             15.794ns  (requirement - actual skew)
  Endpoint Source:        synchronous.tx_fifo/rgray_reg[8]/C
                            (rising edge-triggered cell FDCE clocked by usb_clk)
  Endpoint Destination:   synchronous.tx_fifo/rgray_w1_reg[8]/D
                            (rising edge-triggered cell FDCE clocked by core_raw)
  Reference Source:       synchronous.tx_fifo/rgray_reg[3]/C
                            (rising edge-triggered cell FDCE clocked by usb_clk)
  Reference Destination:  synchronous.tx_fifo/rgray_w1_reg[3]/D
                            (rising edge-triggered cell FDCE clocked by core_raw)
  Path Type:              Bus Skew (Max at Slow Process Corner)
  Requirement:            16.667ns
  Endpoint Relative Delay:    6.618ns
  Reference Relative Delay:   5.234ns
  Relative CRPR:              0.642ns
  Uncertainty:                0.131ns
  Actual Bus Skew:            0.873ns  (Endpoint Relative Delay - Reference Relative Delay - Relative CRPR + Uncertainty)

Endpoint path:
    Location             Delay type                Incr(ns)  Path(ns)    Netlist Resource(s)
  -------------------------------------------------------------------    -------------------
                         (clock usb_clk rise edge)    0.000     0.000 r  
    Y4                                                0.000     0.000 r  usb_clk_60m (IN)
                         net (fo=0)                   0.000     0.000    usb_clk_60m
    Y4                   IBUF (Prop_ibuf_I_O)         1.439     1.439 r  usb_clk_60m_IBUF_inst/O
                         net (fo=1, routed)           1.689     3.127    usb_clk_60m_IBUF
    BUFGCTRL_X0Y0        BUFG (Prop_bufg_I_O)         0.081     3.208 r  synchronous.usb_clock_buffer/O
                         net (fo=1013, routed)        1.421     4.629    synchronous.tx_fifo/synchronous.usb_clk
    SLICE_X59Y23         FDCE                                         r  synchronous.tx_fifo/rgray_reg[8]/C
  -------------------------------------------------------------------    -------------------
    SLICE_X59Y23         FDCE (Prop_fdce_C_Q)         0.348     4.977 r  synchronous.tx_fifo/rgray_reg[8]/Q
                         net (fo=1, routed)           0.426     5.403    synchronous.tx_fifo/rgray[8]
    SLICE_X57Y23         FDCE                                         r  synchronous.tx_fifo/rgray_w1_reg[8]/D
  -------------------------------------------------------------------    -------------------

                         (clock core_raw rise edge)
                                                      0.000     0.000 r  
    R4                                                0.000     0.000 r  sys_clk (IN)
                         net (fo=0)                   0.000     0.000    sys_clk
    R4                   IBUF (Prop_ibuf_I_O)         1.366     1.366 r  sys_clk_IBUF_inst/O
                         net (fo=1, routed)           1.004     2.369    multiplied_clock.clock_generator/sys_clk_IBUF
    MMCME2_ADV_X1Y0      MMCME2_ADV (Prop_mmcme2_adv_CLKIN1_CLKOUT0)
                                                     -6.057    -3.688 r  multiplied_clock.clock_generator/mmcm/CLKOUT0
                         net (fo=1, routed)           1.352    -2.335    multiplied_clock.clock_generator/core_raw
    BUFGCTRL_X0Y2        BUFG (Prop_bufg_I_O)         0.077    -2.258 r  multiplied_clock.clock_generator/core_buffer/O
                         net (fo=18451, routed)       1.250    -1.009    synchronous.tx_fifo/core_clk
    SLICE_X57Y23         FDCE                                         r  synchronous.tx_fifo/rgray_w1_reg[8]/C
                         clock pessimism              0.000    -1.009    
    SLICE_X57Y23         FDCE (Setup_fdce_C_D)       -0.207    -1.216    synchronous.tx_fifo/rgray_w1_reg[8]
  -------------------------------------------------------------------
                         data arrival                           5.403    
                         clock arrival                         -1.216    
  -------------------------------------------------------------------
                         relative delay                         6.618    

Reference path:
    Location             Delay type                Incr(ns)  Path(ns)    Netlist Resource(s)
  -------------------------------------------------------------------    -------------------
                         (clock usb_clk rise edge)    0.000     0.000 r  
    Y4                                                0.000     0.000 r  usb_clk_60m (IN)
                         net (fo=0)                   0.000     0.000    usb_clk_60m
    Y4                   IBUF (Prop_ibuf_I_O)         1.372     1.372 r  usb_clk_60m_IBUF_inst/O
                         net (fo=1, routed)           1.599     2.972    usb_clk_60m_IBUF
    BUFGCTRL_X0Y0        BUFG (Prop_bufg_I_O)         0.077     3.049 r  synchronous.usb_clock_buffer/O
                         net (fo=1013, routed)        1.318     4.366    synchronous.tx_fifo/synchronous.usb_clk
    SLICE_X58Y22         FDCE                                         r  synchronous.tx_fifo/rgray_reg[3]/C
  -------------------------------------------------------------------    -------------------
    SLICE_X58Y22         FDCE (Prop_fdce_C_Q)         0.304     4.670 r  synchronous.tx_fifo/rgray_reg[3]/Q
                         net (fo=1, routed)           0.201     4.871    synchronous.tx_fifo/rgray[3]
    SLICE_X58Y21         FDCE                                         r  synchronous.tx_fifo/rgray_w1_reg[3]/D
  -------------------------------------------------------------------    -------------------

                         (clock core_raw rise edge)
                                                      0.000     0.000 r  
    R4                                                0.000     0.000 r  sys_clk (IN)
                         net (fo=0)                   0.000     0.000    sys_clk
    R4                   IBUF (Prop_ibuf_I_O)         1.432     1.432 r  sys_clk_IBUF_inst/O
                         net (fo=1, routed)           1.065     2.497    multiplied_clock.clock_generator/sys_clk_IBUF
    MMCME2_ADV_X1Y0      MMCME2_ADV (Prop_mmcme2_adv_CLKIN1_CLKOUT0)
                                                     -5.921    -3.424 r  multiplied_clock.clock_generator/mmcm/CLKOUT0
                         net (fo=1, routed)           1.421    -2.004    multiplied_clock.clock_generator/core_raw
    BUFGCTRL_X0Y2        BUFG (Prop_bufg_I_O)         0.081    -1.923 r  multiplied_clock.clock_generator/core_buffer/O
                         net (fo=18451, routed)       1.424    -0.499    synchronous.tx_fifo/core_clk
    SLICE_X58Y21         FDCE                                         r  synchronous.tx_fifo/rgray_w1_reg[3]/C
                         clock pessimism              0.000    -0.499    
    SLICE_X58Y21         FDCE (Hold_fdce_C_D)         0.136    -0.363    synchronous.tx_fifo/rgray_w1_reg[3]
  -------------------------------------------------------------------
                         data arrival                           4.871    
                         clock arrival                         -0.363    
  -------------------------------------------------------------------
                         relative delay                         5.234    



Id: 3
set_bus_skew -from [get_cells -hier -filter {IS_SEQUENTIAL == 1 && (NAME =~ *rx_fifo/wgray_reg* || NAME =~ *rx_fifo/wbin_reg*)}] -to [get_cells -hier -filter {IS_SEQUENTIAL == 1 && NAME =~ *rx_fifo/wgray_r1_reg*}] 16.667
Requirement: 16.667ns
Endpoints: 9

From Clock            To Clock              Endpoint Pin                    Reference Pin                   Corner  Actual(ns)  Slack(ns)
--------------------  --------------------  ------------------------------  ------------------------------  ------  ----------  ---------
usb_clk               core_raw              synchronous.rx_fifo/wgray_r1_reg[4]/D
                                                                            synchronous.rx_fifo/wgray_r1_reg[7]/D
                                                                                                            Slow         0.792     15.875


Slack (MET) :             15.875ns  (requirement - actual skew)
  Endpoint Source:        synchronous.rx_fifo/wgray_reg[4]/C
                            (rising edge-triggered cell FDCE clocked by usb_clk)
  Endpoint Destination:   synchronous.rx_fifo/wgray_r1_reg[4]/D
                            (rising edge-triggered cell FDCE clocked by core_raw)
  Reference Source:       synchronous.rx_fifo/wgray_reg[7]/C
                            (rising edge-triggered cell FDCE clocked by usb_clk)
  Reference Destination:  synchronous.rx_fifo/wgray_r1_reg[7]/D
                            (rising edge-triggered cell FDCE clocked by core_raw)
  Path Type:              Bus Skew (Max at Slow Process Corner)
  Requirement:            16.667ns
  Endpoint Relative Delay:    6.519ns
  Reference Relative Delay:   5.215ns
  Relative CRPR:              0.643ns
  Uncertainty:                0.131ns
  Actual Bus Skew:            0.792ns  (Endpoint Relative Delay - Reference Relative Delay - Relative CRPR + Uncertainty)

Endpoint path:
    Location             Delay type                Incr(ns)  Path(ns)    Netlist Resource(s)
  -------------------------------------------------------------------    -------------------
                         (clock usb_clk rise edge)    0.000     0.000 r  
    Y4                                                0.000     0.000 r  usb_clk_60m (IN)
                         net (fo=0)                   0.000     0.000    usb_clk_60m
    Y4                   IBUF (Prop_ibuf_I_O)         1.439     1.439 r  usb_clk_60m_IBUF_inst/O
                         net (fo=1, routed)           1.689     3.127    usb_clk_60m_IBUF
    BUFGCTRL_X0Y0        BUFG (Prop_bufg_I_O)         0.081     3.208 r  synchronous.usb_clock_buffer/O
                         net (fo=1013, routed)        1.434     4.642    synchronous.rx_fifo/synchronous.usb_clk
    SLICE_X62Y35         FDCE                                         r  synchronous.rx_fifo/wgray_reg[4]/C
  -------------------------------------------------------------------    -------------------
    SLICE_X62Y35         FDCE (Prop_fdce_C_Q)         0.348     4.990 r  synchronous.rx_fifo/wgray_reg[4]/Q
                         net (fo=1, routed)           0.387     5.378    synchronous.rx_fifo/wgray[4]
    SLICE_X61Y35         FDCE                                         r  synchronous.rx_fifo/wgray_r1_reg[4]/D
  -------------------------------------------------------------------    -------------------

                         (clock core_raw rise edge)
                                                      0.000     0.000 r  
    R4                                                0.000     0.000 r  sys_clk (IN)
                         net (fo=0)                   0.000     0.000    sys_clk
    R4                   IBUF (Prop_ibuf_I_O)         1.366     1.366 r  sys_clk_IBUF_inst/O
                         net (fo=1, routed)           1.004     2.369    multiplied_clock.clock_generator/sys_clk_IBUF
    MMCME2_ADV_X1Y0      MMCME2_ADV (Prop_mmcme2_adv_CLKIN1_CLKOUT0)
                                                     -6.057    -3.688 r  multiplied_clock.clock_generator/mmcm/CLKOUT0
                         net (fo=1, routed)           1.352    -2.335    multiplied_clock.clock_generator/core_raw
    BUFGCTRL_X0Y2        BUFG (Prop_bufg_I_O)         0.077    -2.258 r  multiplied_clock.clock_generator/core_buffer/O
                         net (fo=18451, routed)       1.325    -0.934    synchronous.rx_fifo/core_clk
    SLICE_X61Y35         FDCE                                         r  synchronous.rx_fifo/wgray_r1_reg[4]/C
                         clock pessimism              0.000    -0.934    
    SLICE_X61Y35         FDCE (Setup_fdce_C_D)       -0.208    -1.142    synchronous.rx_fifo/wgray_r1_reg[4]
  -------------------------------------------------------------------
                         data arrival                           5.378    
                         clock arrival                         -1.142    
  -------------------------------------------------------------------
                         relative delay                         6.519    

Reference path:
    Location             Delay type                Incr(ns)  Path(ns)    Netlist Resource(s)
  -------------------------------------------------------------------    -------------------
                         (clock usb_clk rise edge)    0.000     0.000 r  
    Y4                                                0.000     0.000 r  usb_clk_60m (IN)
                         net (fo=0)                   0.000     0.000    usb_clk_60m
    Y4                   IBUF (Prop_ibuf_I_O)         1.372     1.372 r  usb_clk_60m_IBUF_inst/O
                         net (fo=1, routed)           1.599     2.972    usb_clk_60m_IBUF
    BUFGCTRL_X0Y0        BUFG (Prop_bufg_I_O)         0.077     3.049 r  synchronous.usb_clock_buffer/O
                         net (fo=1013, routed)        1.328     4.376    synchronous.rx_fifo/synchronous.usb_clk
    SLICE_X65Y38         FDCE                                         r  synchronous.rx_fifo/wgray_reg[7]/C
  -------------------------------------------------------------------    -------------------
    SLICE_X65Y38         FDCE (Prop_fdce_C_Q)         0.304     4.680 r  synchronous.rx_fifo/wgray_reg[7]/Q
                         net (fo=1, routed)           0.187     4.867    synchronous.rx_fifo/wgray[7]
    SLICE_X63Y38         FDCE                                         r  synchronous.rx_fifo/wgray_r1_reg[7]/D
  -------------------------------------------------------------------    -------------------

                         (clock core_raw rise edge)
                                                      0.000     0.000 r  
    R4                                                0.000     0.000 r  sys_clk (IN)
                         net (fo=0)                   0.000     0.000    sys_clk
    R4                   IBUF (Prop_ibuf_I_O)         1.432     1.432 r  sys_clk_IBUF_inst/O
                         net (fo=1, routed)           1.065     2.497    multiplied_clock.clock_generator/sys_clk_IBUF
    MMCME2_ADV_X1Y0      MMCME2_ADV (Prop_mmcme2_adv_CLKIN1_CLKOUT0)
                                                     -5.921    -3.424 r  multiplied_clock.clock_generator/mmcm/CLKOUT0
                         net (fo=1, routed)           1.421    -2.004    multiplied_clock.clock_generator/core_raw
    BUFGCTRL_X0Y2        BUFG (Prop_bufg_I_O)         0.081    -1.923 r  multiplied_clock.clock_generator/core_buffer/O
                         net (fo=18451, routed)       1.437    -0.486    synchronous.rx_fifo/core_clk
    SLICE_X63Y38         FDCE                                         r  synchronous.rx_fifo/wgray_r1_reg[7]/C
                         clock pessimism              0.000    -0.486    
    SLICE_X63Y38         FDCE (Hold_fdce_C_D)         0.138    -0.348    synchronous.rx_fifo/wgray_r1_reg[7]
  -------------------------------------------------------------------
                         data arrival                           4.867    
                         clock arrival                         -0.348    
  -------------------------------------------------------------------
                         relative delay                         5.215    



Id: 4
set_bus_skew -from [get_cells -hier -filter {IS_SEQUENTIAL == 1 && (NAME =~ *rx_fifo/rgray_reg* || NAME =~ *rx_fifo/rbin_reg*)}] -to [get_cells -hier -filter {IS_SEQUENTIAL == 1 && NAME =~ *rx_fifo/rgray_w1_reg*}] 10.000
Requirement: 10.000ns
Endpoints: 9

From Clock            To Clock              Endpoint Pin                    Reference Pin                   Corner  Actual(ns)  Slack(ns)
--------------------  --------------------  ------------------------------  ------------------------------  ------  ----------  ---------
core_raw              usb_clk               synchronous.rx_fifo/rgray_w1_reg[7]/D
                                                                            synchronous.rx_fifo/rgray_w1_reg[2]/D
                                                                                                            Slow         1.245      8.755


Slack (MET) :             8.755ns  (requirement - actual skew)
  Endpoint Source:        synchronous.rx_fifo/rgray_reg[7]/C
                            (rising edge-triggered cell FDCE clocked by core_raw)
  Endpoint Destination:   synchronous.rx_fifo/rgray_w1_reg[7]/D
                            (rising edge-triggered cell FDCE clocked by usb_clk)
  Reference Source:       synchronous.rx_fifo/rgray_reg[2]/C
                            (rising edge-triggered cell FDCE clocked by core_raw)
  Reference Destination:  synchronous.rx_fifo/rgray_w1_reg[2]/D
                            (rising edge-triggered cell FDCE clocked by usb_clk)
  Path Type:              Bus Skew (Max at Slow Process Corner)
  Requirement:            10.000ns
  Endpoint Relative Delay:   -3.446ns
  Reference Relative Delay:  -5.202ns
  Relative CRPR:              0.642ns
  Uncertainty:                0.131ns
  Actual Bus Skew:            1.245ns  (Endpoint Relative Delay - Reference Relative Delay - Relative CRPR + Uncertainty)

Endpoint path:
    Location             Delay type                Incr(ns)  Path(ns)    Netlist Resource(s)
  -------------------------------------------------------------------    -------------------
                         (clock core_raw rise edge)
                                                      0.000     0.000 r  
    R4                                                0.000     0.000 r  sys_clk (IN)
                         net (fo=0)                   0.000     0.000    sys_clk
    R4                   IBUF (Prop_ibuf_I_O)         1.432     1.432 r  sys_clk_IBUF_inst/O
                         net (fo=1, routed)           1.065     2.497    multiplied_clock.clock_generator/sys_clk_IBUF
    MMCME2_ADV_X1Y0      MMCME2_ADV (Prop_mmcme2_adv_CLKIN1_CLKOUT0)
                                                     -5.921    -3.424 r  multiplied_clock.clock_generator/mmcm/CLKOUT0
                         net (fo=1, routed)           1.421    -2.004    multiplied_clock.clock_generator/core_raw
    BUFGCTRL_X0Y2        BUFG (Prop_bufg_I_O)         0.081    -1.923 r  multiplied_clock.clock_generator/core_buffer/O
                         net (fo=18451, routed)       1.432    -0.491    synchronous.rx_fifo/core_clk
    SLICE_X59Y35         FDCE                                         r  synchronous.rx_fifo/rgray_reg[7]/C
  -------------------------------------------------------------------    -------------------
    SLICE_X59Y35         FDCE (Prop_fdce_C_Q)         0.379    -0.112 r  synchronous.rx_fifo/rgray_reg[7]/Q
                         net (fo=1, routed)           0.967     0.855    synchronous.rx_fifo/rgray[7]
    SLICE_X59Y36         FDCE                                         r  synchronous.rx_fifo/rgray_w1_reg[7]/D
  -------------------------------------------------------------------    -------------------

                         (clock usb_clk rise edge)    0.000     0.000 r  
    Y4                                                0.000     0.000 r  usb_clk_60m (IN)
                         net (fo=0)                   0.000     0.000    usb_clk_60m
    Y4                   IBUF (Prop_ibuf_I_O)         1.372     1.372 r  usb_clk_60m_IBUF_inst/O
                         net (fo=1, routed)           1.599     2.972    usb_clk_60m_IBUF
    BUFGCTRL_X0Y0        BUFG (Prop_bufg_I_O)         0.077     3.049 r  synchronous.usb_clock_buffer/O
                         net (fo=1013, routed)        1.326     4.374    synchronous.rx_fifo/synchronous.usb_clk
    SLICE_X59Y36         FDCE                                         r  synchronous.rx_fifo/rgray_w1_reg[7]/C
                         clock pessimism              0.000     4.374    
    SLICE_X59Y36         FDCE (Setup_fdce_C_D)       -0.073     4.301    synchronous.rx_fifo/rgray_w1_reg[7]
  -------------------------------------------------------------------
                         data arrival                           0.855    
                         clock arrival                          4.301    
  -------------------------------------------------------------------
                         relative delay                        -3.446    

Reference path:
    Location             Delay type                Incr(ns)  Path(ns)    Netlist Resource(s)
  -------------------------------------------------------------------    -------------------
                         (clock core_raw rise edge)
                                                      0.000     0.000 r  
    R4                                                0.000     0.000 r  sys_clk (IN)
                         net (fo=0)                   0.000     0.000    sys_clk
    R4                   IBUF (Prop_ibuf_I_O)         1.366     1.366 r  sys_clk_IBUF_inst/O
                         net (fo=1, routed)           1.004     2.369    multiplied_clock.clock_generator/sys_clk_IBUF
    MMCME2_ADV_X1Y0      MMCME2_ADV (Prop_mmcme2_adv_CLKIN1_CLKOUT0)
                                                     -6.057    -3.688 r  multiplied_clock.clock_generator/mmcm/CLKOUT0
                         net (fo=1, routed)           1.352    -2.335    multiplied_clock.clock_generator/core_raw
    BUFGCTRL_X0Y2        BUFG (Prop_bufg_I_O)         0.077    -2.258 r  multiplied_clock.clock_generator/core_buffer/O
                         net (fo=18451, routed)       1.327    -0.932    synchronous.rx_fifo/core_clk
    SLICE_X61Y37         FDCE                                         r  synchronous.rx_fifo/rgray_reg[2]/C
  -------------------------------------------------------------------    -------------------
    SLICE_X61Y37         FDCE (Prop_fdce_C_Q)         0.304    -0.628 r  synchronous.rx_fifo/rgray_reg[2]/Q
                         net (fo=1, routed)           0.207    -0.420    synchronous.rx_fifo/rgray[2]
    SLICE_X63Y37         FDCE                                         r  synchronous.rx_fifo/rgray_w1_reg[2]/D
  -------------------------------------------------------------------    -------------------

                         (clock usb_clk rise edge)    0.000     0.000 r  
    Y4                                                0.000     0.000 r  usb_clk_60m (IN)
                         net (fo=0)                   0.000     0.000    usb_clk_60m
    Y4                   IBUF (Prop_ibuf_I_O)         1.439     1.439 r  usb_clk_60m_IBUF_inst/O
                         net (fo=1, routed)           1.689     3.127    usb_clk_60m_IBUF
    BUFGCTRL_X0Y0        BUFG (Prop_bufg_I_O)         0.081     3.208 r  synchronous.usb_clock_buffer/O
                         net (fo=1013, routed)        1.437     4.645    synchronous.rx_fifo/synchronous.usb_clk
    SLICE_X63Y37         FDCE                                         r  synchronous.rx_fifo/rgray_w1_reg[2]/C
                         clock pessimism              0.000     4.645    
    SLICE_X63Y37         FDCE (Hold_fdce_C_D)         0.136     4.781    synchronous.rx_fifo/rgray_w1_reg[2]
  -------------------------------------------------------------------
                         data arrival                          -0.420    
                         clock arrival                          4.781    
  -------------------------------------------------------------------
                         relative delay                        -5.202    



Id: 5
set_bus_skew -from [get_cells -hier -filter {IS_SEQUENTIAL == 1 && (NAME =~ *pixel_fifo/wgray_reg* || NAME =~ *pixel_fifo/wbin_reg*)}] -to [get_cells -hier -filter {IS_SEQUENTIAL == 1 && NAME =~ *pixel_fifo/wgray_r1_reg*}] 13.250
Requirement: 13.250ns
Endpoints: 13

From Clock            To Clock              Endpoint Pin                    Reference Pin                   Corner  Actual(ns)  Slack(ns)
--------------------  --------------------  ------------------------------  ------------------------------  ------  ----------  ---------
clock_raw             core_raw              real_camera.capture/pixel_fifo/wgray_r1_reg[1]/D
                                                                            real_camera.capture/pixel_fifo/wgray_r1_reg[5]/D
                                                                                                            Slow         1.193     12.057


Slack (MET) :             12.057ns  (requirement - actual skew)
  Endpoint Source:        real_camera.capture/pixel_fifo/wgray_reg[1]/C
                            (falling edge-triggered cell FDCE clocked by clock_raw)
  Endpoint Destination:   real_camera.capture/pixel_fifo/wgray_r1_reg[1]/D
                            (rising edge-triggered cell FDCE clocked by core_raw)
  Reference Source:       real_camera.capture/pixel_fifo/wgray_reg[5]/C
                            (falling edge-triggered cell FDCE clocked by clock_raw)
  Reference Destination:  real_camera.capture/pixel_fifo/wgray_r1_reg[5]/D
                            (rising edge-triggered cell FDCE clocked by core_raw)
  Path Type:              Bus Skew (Max at Slow Process Corner)
  Requirement:            13.250ns
  Endpoint Relative Delay:    3.771ns
  Reference Relative Delay:   1.488ns
  Relative CRPR:              1.307ns
  Uncertainty:                0.217ns
  Actual Bus Skew:            1.193ns  (Endpoint Relative Delay - Reference Relative Delay - Relative CRPR + Uncertainty)

Endpoint path:
    Location             Delay type                Incr(ns)  Path(ns)    Netlist Resource(s)
  -------------------------------------------------------------------    -------------------
                         (clock clock_raw fall edge)
                                                      0.000     0.000 f  
    F14                                               0.000     0.000 f  cam_pclk (IN)
                         net (fo=0)                   0.000     0.000    cam_pclk
    F14                  IBUF (Prop_ibuf_I_O)         1.392     1.392 f  cam_pclk_IBUF_inst/O
                         net (fo=1, routed)           3.115     4.507    real_camera.phase_clock.sampling_clock/pclk
    MMCME2_ADV_X0Y0      MMCME2_ADV (Prop_mmcme2_adv_CLKIN1_CLKOUT0)
                                                     -5.924    -1.417 f  real_camera.phase_clock.sampling_clock/camera_mmcm/CLKOUT0
                         net (fo=1, routed)           1.425     0.007    real_camera.phase_clock.sampling_clock/clock_raw
    BUFGCTRL_X0Y3        BUFG (Prop_bufg_I_O)         0.081     0.088 f  real_camera.phase_clock.sampling_clock/sample_buffer/O
                         net (fo=496, routed)         1.570     1.658    real_camera.capture/pixel_fifo/sample_clk
    SLICE_X5Y126         FDCE                                         r  real_camera.capture/pixel_fifo/wgray_reg[1]/C  (IS_INVERTED)
  -------------------------------------------------------------------    -------------------
    SLICE_X5Y126         FDCE (Prop_fdce_C_Q)         0.353     2.011 r  real_camera.capture/pixel_fifo/wgray_reg[1]/Q
                         net (fo=1, routed)           0.680     2.692    real_camera.capture/pixel_fifo/wgray[1]
    SLICE_X11Y124        FDCE                                         r  real_camera.capture/pixel_fifo/wgray_r1_reg[1]/D
  -------------------------------------------------------------------    -------------------

                         (clock core_raw rise edge)
                                                      0.000     0.000 r  
    R4                                                0.000     0.000 r  sys_clk (IN)
                         net (fo=0)                   0.000     0.000    sys_clk
    R4                   IBUF (Prop_ibuf_I_O)         1.366     1.366 r  sys_clk_IBUF_inst/O
                         net (fo=1, routed)           1.004     2.369    multiplied_clock.clock_generator/sys_clk_IBUF
    MMCME2_ADV_X1Y0      MMCME2_ADV (Prop_mmcme2_adv_CLKIN1_CLKOUT0)
                                                     -6.057    -3.688 r  multiplied_clock.clock_generator/mmcm/CLKOUT0
                         net (fo=1, routed)           1.352    -2.335    multiplied_clock.clock_generator/core_raw
    BUFGCTRL_X0Y2        BUFG (Prop_bufg_I_O)         0.077    -2.258 r  multiplied_clock.clock_generator/core_buffer/O
                         net (fo=18451, routed)       1.389    -0.869    real_camera.capture/pixel_fifo/core_clk
    SLICE_X11Y124        FDCE                                         r  real_camera.capture/pixel_fifo/wgray_r1_reg[1]/C
                         clock pessimism              0.000    -0.869    
    SLICE_X11Y124        FDCE (Setup_fdce_C_D)       -0.210    -1.079    real_camera.capture/pixel_fifo/wgray_r1_reg[1]
  -------------------------------------------------------------------
                         data arrival                           2.692    
                         clock arrival                         -1.079    
  -------------------------------------------------------------------
                         relative delay                         3.771    

Reference path:
    Location             Delay type                Incr(ns)  Path(ns)    Netlist Resource(s)
  -------------------------------------------------------------------    -------------------
                         (clock clock_raw fall edge)
                                                      0.000     0.000 f  
    F14                                               0.000     0.000 f  cam_pclk (IN)
                         net (fo=0)                   0.000     0.000    cam_pclk
    F14                  IBUF (Prop_ibuf_I_O)         1.327     1.327 f  cam_pclk_IBUF_inst/O
                         net (fo=1, routed)           2.581     3.908    real_camera.phase_clock.sampling_clock/pclk
    MMCME2_ADV_X0Y0      MMCME2_ADV (Prop_mmcme2_adv_CLKIN1_CLKOUT0)
                                                     -6.061    -2.154 f  real_camera.phase_clock.sampling_clock/camera_mmcm/CLKOUT0
                         net (fo=1, routed)           1.357    -0.796    real_camera.phase_clock.sampling_clock/clock_raw
    BUFGCTRL_X0Y3        BUFG (Prop_bufg_I_O)         0.077    -0.719 f  real_camera.phase_clock.sampling_clock/sample_buffer/O
                         net (fo=496, routed)         1.459     0.740    real_camera.capture/pixel_fifo/sample_clk
    SLICE_X5Y127         FDCE                                         r  real_camera.capture/pixel_fifo/wgray_reg[5]/C  (IS_INVERTED)
  -------------------------------------------------------------------    -------------------
    SLICE_X5Y127         FDCE (Prop_fdce_C_Q)         0.283     1.023 r  real_camera.capture/pixel_fifo/wgray_reg[5]/Q
                         net (fo=1, routed)           0.198     1.220    real_camera.capture/pixel_fifo/wgray[5]
    SLICE_X6Y127         FDCE                                         r  real_camera.capture/pixel_fifo/wgray_r1_reg[5]/D
  -------------------------------------------------------------------    -------------------

                         (clock core_raw rise edge)
                                                      0.000     0.000 r  
    R4                                                0.000     0.000 r  sys_clk (IN)
                         net (fo=0)                   0.000     0.000    sys_clk
    R4                   IBUF (Prop_ibuf_I_O)         1.432     1.432 r  sys_clk_IBUF_inst/O
                         net (fo=1, routed)           1.065     2.497    multiplied_clock.clock_generator/sys_clk_IBUF
    MMCME2_ADV_X1Y0      MMCME2_ADV (Prop_mmcme2_adv_CLKIN1_CLKOUT0)
                                                     -5.921    -3.424 r  multiplied_clock.clock_generator/mmcm/CLKOUT0
                         net (fo=1, routed)           1.421    -2.004    multiplied_clock.clock_generator/core_raw
    BUFGCTRL_X0Y2        BUFG (Prop_bufg_I_O)         0.081    -1.923 r  multiplied_clock.clock_generator/core_buffer/O
                         net (fo=18451, routed)       1.572    -0.351    real_camera.capture/pixel_fifo/core_clk
    SLICE_X6Y127         FDCE                                         r  real_camera.capture/pixel_fifo/wgray_r1_reg[5]/C
                         clock pessimism              0.000    -0.351    
    SLICE_X6Y127         FDCE (Hold_fdce_C_D)         0.083    -0.268    real_camera.capture/pixel_fifo/wgray_r1_reg[5]
  -------------------------------------------------------------------
                         data arrival                           1.220    
                         clock arrival                         -0.268    
  -------------------------------------------------------------------
                         relative delay                         1.488    



Id: 6
set_bus_skew -from [get_cells -hier -filter {IS_SEQUENTIAL == 1 && (NAME =~ *pixel_fifo/rgray_reg* || NAME =~ *pixel_fifo/rbin_reg*)}] -to [get_cells -hier -filter {IS_SEQUENTIAL == 1 && NAME =~ *pixel_fifo/rgray_w1_reg*}] 10.000
Requirement: 10.000ns
Endpoints: 13

From Clock            To Clock              Endpoint Pin                    Reference Pin                   Corner  Actual(ns)  Slack(ns)
--------------------  --------------------  ------------------------------  ------------------------------  ------  ----------  ---------
core_raw              clock_raw             real_camera.capture/pixel_fifo/rgray_w1_reg[9]/D
                                                                            real_camera.capture/pixel_fifo/rgray_w1_reg[0]/D
                                                                                                            Slow         1.034      8.966


Slack (MET) :             8.966ns  (requirement - actual skew)
  Endpoint Source:        real_camera.capture/pixel_fifo/rgray_reg[9]/C
                            (rising edge-triggered cell FDCE clocked by core_raw)
  Endpoint Destination:   real_camera.capture/pixel_fifo/rgray_w1_reg[9]/D
                            (falling edge-triggered cell FDCE clocked by clock_raw)
  Reference Source:       real_camera.capture/pixel_fifo/rgray_reg[0]/C
                            (rising edge-triggered cell FDCE clocked by core_raw)
  Reference Destination:  real_camera.capture/pixel_fifo/rgray_w1_reg[0]/D
                            (falling edge-triggered cell FDCE clocked by clock_raw)
  Path Type:              Bus Skew (Max at Slow Process Corner)
  Requirement:            10.000ns
  Endpoint Relative Delay:    0.001ns
  Reference Relative Delay:  -2.125ns
  Relative CRPR:              1.309ns
  Uncertainty:                0.217ns
  Actual Bus Skew:            1.034ns  (Endpoint Relative Delay - Reference Relative Delay - Relative CRPR + Uncertainty)

Endpoint path:
    Location             Delay type                Incr(ns)  Path(ns)    Netlist Resource(s)
  -------------------------------------------------------------------    -------------------
                         (clock core_raw rise edge)
                                                      0.000     0.000 r  
    R4                                                0.000     0.000 r  sys_clk (IN)
                         net (fo=0)                   0.000     0.000    sys_clk
    R4                   IBUF (Prop_ibuf_I_O)         1.432     1.432 r  sys_clk_IBUF_inst/O
                         net (fo=1, routed)           1.065     2.497    multiplied_clock.clock_generator/sys_clk_IBUF
    MMCME2_ADV_X1Y0      MMCME2_ADV (Prop_mmcme2_adv_CLKIN1_CLKOUT0)
                                                     -5.921    -3.424 r  multiplied_clock.clock_generator/mmcm/CLKOUT0
                         net (fo=1, routed)           1.421    -2.004    multiplied_clock.clock_generator/core_raw
    BUFGCTRL_X0Y2        BUFG (Prop_bufg_I_O)         0.081    -1.923 r  multiplied_clock.clock_generator/core_buffer/O
                         net (fo=18451, routed)       1.504    -0.419    real_camera.capture/pixel_fifo/core_clk
    SLICE_X8Y126         FDCE                                         r  real_camera.capture/pixel_fifo/rgray_reg[9]/C
  -------------------------------------------------------------------    -------------------
    SLICE_X8Y126         FDCE (Prop_fdce_C_Q)         0.398    -0.021 r  real_camera.capture/pixel_fifo/rgray_reg[9]/Q
                         net (fo=1, routed)           0.608     0.587    real_camera.capture/pixel_fifo/rgray[9]
    SLICE_X6Y128         FDCE                                         r  real_camera.capture/pixel_fifo/rgray_w1_reg[9]/D
  -------------------------------------------------------------------    -------------------

                         (clock clock_raw fall edge)
                                                      0.000     0.000 f  
    F14                                               0.000     0.000 f  cam_pclk (IN)
                         net (fo=0)                   0.000     0.000    cam_pclk
    F14                  IBUF (Prop_ibuf_I_O)         1.327     1.327 f  cam_pclk_IBUF_inst/O
                         net (fo=1, routed)           2.581     3.908    real_camera.phase_clock.sampling_clock/pclk
    MMCME2_ADV_X0Y0      MMCME2_ADV (Prop_mmcme2_adv_CLKIN1_CLKOUT0)
                                                     -6.061    -2.154 f  real_camera.phase_clock.sampling_clock/camera_mmcm/CLKOUT0
                         net (fo=1, routed)           1.357    -0.796    real_camera.phase_clock.sampling_clock/clock_raw
    BUFGCTRL_X0Y3        BUFG (Prop_bufg_I_O)         0.077    -0.719 f  real_camera.phase_clock.sampling_clock/sample_buffer/O
                         net (fo=496, routed)         1.459     0.740    real_camera.capture/pixel_fifo/sample_clk
    SLICE_X6Y128         FDCE                                         r  real_camera.capture/pixel_fifo/rgray_w1_reg[9]/C  (IS_INVERTED)
                         clock pessimism              0.000     0.740    
    SLICE_X6Y128         FDCE (Setup_fdce_C_D)       -0.154     0.586    real_camera.capture/pixel_fifo/rgray_w1_reg[9]
  -------------------------------------------------------------------
                         data arrival                           0.587    
                         clock arrival                          0.586    
  -------------------------------------------------------------------
                         relative delay                         0.001    

Reference path:
    Location             Delay type                Incr(ns)  Path(ns)    Netlist Resource(s)
  -------------------------------------------------------------------    -------------------
                         (clock core_raw rise edge)
                                                      0.000     0.000 r  
    R4                                                0.000     0.000 r  sys_clk (IN)
                         net (fo=0)                   0.000     0.000    sys_clk
    R4                   IBUF (Prop_ibuf_I_O)         1.366     1.366 r  sys_clk_IBUF_inst/O
                         net (fo=1, routed)           1.004     2.369    multiplied_clock.clock_generator/sys_clk_IBUF
    MMCME2_ADV_X1Y0      MMCME2_ADV (Prop_mmcme2_adv_CLKIN1_CLKOUT0)
                                                     -6.057    -3.688 r  multiplied_clock.clock_generator/mmcm/CLKOUT0
                         net (fo=1, routed)           1.352    -2.335    multiplied_clock.clock_generator/core_raw
    BUFGCTRL_X0Y2        BUFG (Prop_bufg_I_O)         0.077    -2.258 r  multiplied_clock.clock_generator/core_buffer/O
                         net (fo=18451, routed)       1.391    -0.867    real_camera.capture/pixel_fifo/core_clk
    SLICE_X9Y127         FDCE                                         r  real_camera.capture/pixel_fifo/rgray_reg[0]/C
  -------------------------------------------------------------------    -------------------
    SLICE_X9Y127         FDCE (Prop_fdce_C_Q)         0.304    -0.563 r  real_camera.capture/pixel_fifo/rgray_reg[0]/Q
                         net (fo=1, routed)           0.224    -0.339    real_camera.capture/pixel_fifo/rgray[0]
    SLICE_X8Y127         FDCE                                         r  real_camera.capture/pixel_fifo/rgray_w1_reg[0]/D
  -------------------------------------------------------------------    -------------------

                         (clock clock_raw fall edge)
                                                      0.000     0.000 f  
    F14                                               0.000     0.000 f  cam_pclk (IN)
                         net (fo=0)                   0.000     0.000    cam_pclk
    F14                  IBUF (Prop_ibuf_I_O)         1.392     1.392 f  cam_pclk_IBUF_inst/O
                         net (fo=1, routed)           3.115     4.507    real_camera.phase_clock.sampling_clock/pclk
    MMCME2_ADV_X0Y0      MMCME2_ADV (Prop_mmcme2_adv_CLKIN1_CLKOUT0)
                                                     -5.924    -1.417 f  real_camera.phase_clock.sampling_clock/camera_mmcm/CLKOUT0
                         net (fo=1, routed)           1.425     0.007    real_camera.phase_clock.sampling_clock/clock_raw
    BUFGCTRL_X0Y3        BUFG (Prop_bufg_I_O)         0.081     0.088 f  real_camera.phase_clock.sampling_clock/sample_buffer/O
                         net (fo=496, routed)         1.506     1.594    real_camera.capture/pixel_fifo/sample_clk
    SLICE_X8Y127         FDCE                                         r  real_camera.capture/pixel_fifo/rgray_w1_reg[0]/C  (IS_INVERTED)
                         clock pessimism              0.000     1.594    
    SLICE_X8Y127         FDCE (Hold_fdce_C_D)         0.191     1.785    real_camera.capture/pixel_fifo/rgray_w1_reg[0]
  -------------------------------------------------------------------
                         data arrival                          -0.339    
                         clock arrival                          1.785    
  -------------------------------------------------------------------
                         relative delay                        -2.125    



Id: 7
set_bus_skew -from [get_cells -hier -filter {IS_SEQUENTIAL == 1 && (NAME =~ *capture/*_gray_reg* || NAME =~ *capture/*_bin_reg*)}] -to [get_cells -hier -filter {IS_SEQUENTIAL == 1 && NAME =~ *capture/*_c1_reg*}] 13.250
Requirement: 13.250ns
Endpoints: 192

From Clock            To Clock              Endpoint Pin                    Reference Pin                   Corner  Actual(ns)  Slack(ns)
--------------------  --------------------  ------------------------------  ------------------------------  ------  ----------  ---------
clock_raw             core_raw              real_camera.capture/ticks_c1_reg[0]/D
                                                                            real_camera.capture/frames_c1_reg[15]/D
                                                                                                            Slow         1.376     11.874


Slack (MET) :             11.874ns  (requirement - actual skew)
  Endpoint Source:        real_camera.capture/ticks_gray_reg[0]/C
                            (falling edge-triggered cell FDCE clocked by clock_raw)
  Endpoint Destination:   real_camera.capture/ticks_c1_reg[0]/D
                            (rising edge-triggered cell FDCE clocked by core_raw)
  Reference Source:       real_camera.capture/frames_gray_reg[15]/C
                            (falling edge-triggered cell FDCE clocked by clock_raw)
  Reference Destination:  real_camera.capture/frames_c1_reg[15]/D
                            (rising edge-triggered cell FDCE clocked by core_raw)
  Path Type:              Bus Skew (Max at Slow Process Corner)
  Requirement:            13.250ns
  Endpoint Relative Delay:    3.777ns
  Reference Relative Delay:   1.460ns
  Relative CRPR:              1.157ns
  Uncertainty:                0.217ns
  Actual Bus Skew:            1.376ns  (Endpoint Relative Delay - Reference Relative Delay - Relative CRPR + Uncertainty)

Endpoint path:
    Location             Delay type                Incr(ns)  Path(ns)    Netlist Resource(s)
  -------------------------------------------------------------------    -------------------
                         (clock clock_raw fall edge)
                                                      0.000     0.000 f  
    F14                                               0.000     0.000 f  cam_pclk (IN)
                         net (fo=0)                   0.000     0.000    cam_pclk
    F14                  IBUF (Prop_ibuf_I_O)         1.392     1.392 f  cam_pclk_IBUF_inst/O
                         net (fo=1, routed)           3.115     4.507    real_camera.phase_clock.sampling_clock/pclk
    MMCME2_ADV_X0Y0      MMCME2_ADV (Prop_mmcme2_adv_CLKIN1_CLKOUT0)
                                                     -5.924    -1.417 f  real_camera.phase_clock.sampling_clock/camera_mmcm/CLKOUT0
                         net (fo=1, routed)           1.425     0.007    real_camera.phase_clock.sampling_clock/clock_raw
    BUFGCTRL_X0Y3        BUFG (Prop_bufg_I_O)         0.081     0.088 f  real_camera.phase_clock.sampling_clock/sample_buffer/O
                         net (fo=496, routed)         1.409     1.498    real_camera.capture/sample_clk
    SLICE_X63Y76         FDCE                                         r  real_camera.capture/ticks_gray_reg[0]/C  (IS_INVERTED)
  -------------------------------------------------------------------    -------------------
    SLICE_X63Y76         FDCE (Prop_fdce_C_Q)         0.384     1.882 r  real_camera.capture/ticks_gray_reg[0]/Q
                         net (fo=1, routed)           0.865     2.747    real_camera.capture/ticks_gray[0]
    SLICE_X62Y75         FDCE                                         r  real_camera.capture/ticks_c1_reg[0]/D
  -------------------------------------------------------------------    -------------------

                         (clock core_raw rise edge)
                                                      0.000     0.000 r  
    R4                                                0.000     0.000 r  sys_clk (IN)
                         net (fo=0)                   0.000     0.000    sys_clk
    R4                   IBUF (Prop_ibuf_I_O)         1.366     1.366 r  sys_clk_IBUF_inst/O
                         net (fo=1, routed)           1.004     2.369    multiplied_clock.clock_generator/sys_clk_IBUF
    MMCME2_ADV_X1Y0      MMCME2_ADV (Prop_mmcme2_adv_CLKIN1_CLKOUT0)
                                                     -6.057    -3.688 r  multiplied_clock.clock_generator/mmcm/CLKOUT0
                         net (fo=1, routed)           1.352    -2.335    multiplied_clock.clock_generator/core_raw
    BUFGCTRL_X0Y2        BUFG (Prop_bufg_I_O)         0.077    -2.258 r  multiplied_clock.clock_generator/core_buffer/O
                         net (fo=18451, routed)       1.302    -0.956    real_camera.capture/core_clk
    SLICE_X62Y75         FDCE                                         r  real_camera.capture/ticks_c1_reg[0]/C
                         clock pessimism              0.000    -0.956    
    SLICE_X62Y75         FDCE (Setup_fdce_C_D)       -0.074    -1.030    real_camera.capture/ticks_c1_reg[0]
  -------------------------------------------------------------------
                         data arrival                           2.747    
                         clock arrival                         -1.030    
  -------------------------------------------------------------------
                         relative delay                         3.777    

Reference path:
    Location             Delay type                Incr(ns)  Path(ns)    Netlist Resource(s)
  -------------------------------------------------------------------    -------------------
                         (clock clock_raw fall edge)
                                                      0.000     0.000 f  
    F14                                               0.000     0.000 f  cam_pclk (IN)
                         net (fo=0)                   0.000     0.000    cam_pclk
    F14                  IBUF (Prop_ibuf_I_O)         1.327     1.327 f  cam_pclk_IBUF_inst/O
                         net (fo=1, routed)           2.581     3.908    real_camera.phase_clock.sampling_clock/pclk
    MMCME2_ADV_X0Y0      MMCME2_ADV (Prop_mmcme2_adv_CLKIN1_CLKOUT0)
                                                     -6.061    -2.154 f  real_camera.phase_clock.sampling_clock/camera_mmcm/CLKOUT0
                         net (fo=1, routed)           1.357    -0.796    real_camera.phase_clock.sampling_clock/clock_raw
    BUFGCTRL_X0Y3        BUFG (Prop_bufg_I_O)         0.077    -0.719 f  real_camera.phase_clock.sampling_clock/sample_buffer/O
                         net (fo=496, routed)         1.239     0.520    real_camera.capture/sample_clk
    SLICE_X30Y85         FDCE                                         r  real_camera.capture/frames_gray_reg[15]/C  (IS_INVERTED)
  -------------------------------------------------------------------    -------------------
    SLICE_X30Y85         FDCE (Prop_fdce_C_Q)         0.351     0.871 r  real_camera.capture/frames_gray_reg[15]/Q
                         net (fo=1, routed)           0.200     1.070    real_camera.capture/frames_gray[15]
    SLICE_X30Y84         FDCE                                         r  real_camera.capture/frames_c1_reg[15]/D
  -------------------------------------------------------------------    -------------------

                         (clock core_raw rise edge)
                                                      0.000     0.000 r  
    R4                                                0.000     0.000 r  sys_clk (IN)
                         net (fo=0)                   0.000     0.000    sys_clk
    R4                   IBUF (Prop_ibuf_I_O)         1.432     1.432 r  sys_clk_IBUF_inst/O
                         net (fo=1, routed)           1.065     2.497    multiplied_clock.clock_generator/sys_clk_IBUF
    MMCME2_ADV_X1Y0      MMCME2_ADV (Prop_mmcme2_adv_CLKIN1_CLKOUT0)
                                                     -5.921    -3.424 r  multiplied_clock.clock_generator/mmcm/CLKOUT0
                         net (fo=1, routed)           1.421    -2.004    multiplied_clock.clock_generator/core_raw
    BUFGCTRL_X0Y2        BUFG (Prop_bufg_I_O)         0.081    -1.923 r  multiplied_clock.clock_generator/core_buffer/O
                         net (fo=18451, routed)       1.346    -0.576    real_camera.capture/core_clk
    SLICE_X30Y84         FDCE                                         r  real_camera.capture/frames_c1_reg[15]/C
                         clock pessimism              0.000    -0.576    
    SLICE_X30Y84         FDCE (Hold_fdce_C_D)         0.187    -0.389    real_camera.capture/frames_c1_reg[15]
  -------------------------------------------------------------------
                         data arrival                           1.070    
                         clock arrival                         -0.389    
  -------------------------------------------------------------------
                         relative delay                         1.460    



